procs -----------memory---------- ---swap-- -----io---- -system-- -------cpu-------
 r  b   swpd   free   buff  cache   si   so    bi    bo   in   cs us sy id wa st gu
 1  0      0 465512   6108  83088 25581 24032 27207 24050 9847   48  1 37 46 17  0  0
 0  2 113844  63108   2732  55912   92 112456 47496 112456 7561 1084  6 35 22 38  0  0
 2  0 186708  66624   2732  55932   12 73592    32 73592 1696  593  1 13  1 86  0  0
 4  0 683832  55284   2732  54180   52 496996   276 496996 27349 1452  3 87  2  8  0  0
 2  0 1134564  79836   3020  72080 1364 451844 19900 452072 49756 1712  3 85  4  8  0  0
 0  1 1093644  58272   2192  39988 155584 100392 155832 100396 15627 12185  2 47 33 19  0  0
 1  1 1117784  80156   2196  40076 136724 158812 139784 158860 24454 10024  2 58 27 14  0  0
 2  0 1118068  79104   2188  39580 137640 136232 137640 136272 17732 9752  1 51 30 17  0  0
 1  0 1098096  61956   2188  39824 148396 123548 152540 123552 13189 10957  1 50 27 22  0  0
 2  0 1109172  78096   2188  38076 129088 136740 130476 136740 12272 9499  1 51 33 15  0  0
 1  0 1122816  82624   2340  42328 144388 153480 151008 153480 11450 10658  1 52 30 16  0  0
 1  0 1121072  68620   2272  54308 145828 139176 157682 139188 9676 11128  1 58 27 14  0  0
 1  0 1121388  65580   2256  51580 136368 127384 137012 127384 9579 10593  1 51 32 16  0  0
 2  0 1118368  55892   2256  50940 130496 126164 130496 126164 8973 9879  2 46 35 18  0  0
 3  0 1128332  68980   2256  50940 117196 122888 117196 122884 8076 8672  1 48 34 18  0  0
 1  0 1119476  70684   2092  39060 138280 125160 139384 125164 11033 9960  1 48 31 20  0  0
 2  0 1134760  70700   2092  53380 120932 130268 137644 130272 9507 9173  1 48 31 20  0  0
 2  1 1142628  65984   2100  52860 132732 131008 133596 131020 9749 10687  1 49 33 17  0  0
 0  1 1156900  76900   2248  54388 138500 144352 141156 144352 12263 10826  1 53 24 21  0  0
 4  0 1148452  68976   2180  53820 134740 119556 135724 119556 10791 10576  1 49 31 18  0  0
 1  0 1162896  73076   2260  60056 129188 137048 135800 137048 10132 10265  1 53 30 16  0  0
procs -----------memory---------- ---swap-- -----io---- -system-- -------cpu-------
 r  b   swpd   free   buff  cache   si   so    bi    bo   in   cs us sy id wa st gu
 0  1 1174708  82216   2260  60872 127844 132144 128676 132144 9736 10421  1 52 31 16  0  0
 1  0 1170096  68652   2260  60888 131628 117956 131628 117956 10347 10321  1 51 31 18  0  0
 1  0 1151500  74076   2104  38628 133520 107380 134728 107400 11855 10787  1 50 30 19  0  0
 1  0 1145460  69380   2104  38840 137580 129328 138588 129328 11374 10401  1 53 27 19  0  0
 1  0 1145428  66608   2104  39560 133756 125820 134672 125820 12122 10747  2 52 27 20  0  0
 0  2 1153880  68776   2104  39452 123224 123180 123224 123180 10584 10384  1 53 30 16  0  0
 1  0 1142252  63600   2088  33516 128264 105184 128488 105188 9778 10455  1 51 33 14  0  0
 2  1 1163748  65480   2088  54816 121020 139456 143120 139456 10944 9566  2 56 25 17  0  0
 3  0 1165964  55076   2096  54816 127092 118292 127092 118304 10681 10929  1 52 30 17  0  0
 1  0 1176864  68164   2096  54848 112228 115340 112260 115340 11984 10064  1 56 27 16  0  0
 0  1 1181540  68592   2096  54848 119388 112804 119388 112804 10081 10734  1 53 32 15  0  0
 1  0 1192500  72916   2096  54560 113936 114172 113936 114172 12068 10169  1 54 28 17  0  0
 1  0 1182168  63536   2528  54224 119540 104224 120032 104224 10854 10209  1 53 30 16  0  0
 2  0 1200044  66636   2528  57540 116540 125724 120212 125724 11214 10415  1 56 27 16  0  0
 3  0 1198316  67916   2536  57540 118984 105692 118984 105704 11740 10516  2 53 30 16  0  0
 1  0 1209548  69180   2488  63528 110228 110516 116336 110520 11974 10159  1 55 29 15  0  0
 3  0 1207040  62728   2340  63232 111444 95680 111444 95680 12388 10291  1 55 27 17  0  0
 1  0 1237136  65900   2200  79948 108268 130288 122296 130288 10993 9444  1 59 25 16  0  0
 1  0 1232568  60088   2184  79780 117584 100392 117584 100392 11898 10270  1 54 27 18  0  0
 1  0 1236852  66808   2184  79732 109320 97856 109320 97856 13369 10612  2 56 26 16  0  0
 1  0 1213508  65268   2188  50884 114476 71888 115708 71900 10091 11119  0 52 34 13  0  0
procs -----------memory---------- ---swap-- -----io---- -system-- -------cpu-------
 r  b   swpd   free   buff  cache   si   so    bi    bo   in   cs us sy id wa st gu
 3  0 1228972  72304   2188  50924 107204 105788 107972 105788 14294 10454  1 60 19 20  0  0
 4  0 1227632  56904   2176  64032 102716 90584 116240 90584 11653 9583  1 58 24 18  0  0
 1  0 1280176  66936   3708  95044 34696 78752 67232 78752 12800 10751  2 51 23 24  0  0
 2  1 1286960  71236   3976  95044 34464 34136 34732 34136 15589 12675  1 56 22 22  0  0
 1  0 1281352  61080   3976  95044 37532 24160 37532 24160 13709 13482  1 47 34 18  0  0
 1  0 1285480  66288   3984  95044 35240 32160 35240 32192 15934 13034  1 53 23 23  0  0
 0  0 1288580  65284   3984  97444 34424 30796 36824 30796 14842 12867  0 53 30 18  0  0
 2  0 1281572  59560   3984  97444 37344 22748 37344 22748 14037 13667  1 47 34 19  0  0
 1  0 1288328  68320   3984  96228 32152 32508 32152 32508 15973 11861  1 57 21 22  0  0
 1  0 1278544  62004   3984  95368 30380 14336 30380 14336 13184 11007  1 46 28 25  0  0
 0  0 1282304  72628   3984  93492 35296 32116 35296 32116 17047 13185  1 55 22 23  0  0
 3  1 1275428  67452   3992  92504 35916 21860 35916 21872 12397 13157  1 47 34 19  0  0
 2  0 1270436  64360   3916  92048 36084 24208 36760 24208 12712 13459  1 48 34 17  0  0
 3  0 1268604  69868   3752  90364 36948 28000 36948 28000 14282 13850  1 48 31 20  0  0
 1  0 1265040  70448   3724  89628 33112 23628 33112 23628 13293 12617  1 49 33 17  0  0
 0  1 1261820  70920   3724  88876 33036 23352 33036 23352 13212 12211  0 49 30 21  0  0
 1  1 1275572  85444   3724  95956 25476 34568 33540 34568 13456 9886  1 60 18 22  0  0
 3  0 1259532  58496   3732  98388 39436 16160 42216 16172 15328 14885  1 42 35 22  0  0
 1  0 1256804  65520   3732  97764 34068 25560 34068 25560 13744 13070  0 48 33 18  0  0
 1  0 1260432  73896   3732  97196 30196 28520 30196 28520 13615 11792  1 51 32 17  0  0
 1  0 1255516  71264   3732  96868 37224 26032 37224 26032 15741 14525  1 47 29 22  0  0
procs -----------memory---------- ---swap-- -----io---- -system-- -------cpu-------
 r  b   swpd   free   buff  cache   si   so    bi    bo   in   cs us sy id wa st gu
 1  0 1248212  64056   2236  91512 26828 14980 26832 15008 11031 10337  1 43 36 20  0  0
 1  1 1218220  67520   2228  48548 38132 1108 40360  1112 15427 14128  1 35 34 30  0  0
 1  0 1219044  78276   2236  47480 33332 28256 33352 28276 13117 12501  1 52 25 22  0  0
 1  1 1210764  70624   2236  46384 37704 22832 37704 22832 15580 14328  1 45 33 21  0  0
 1  1 1201464  60852   2236  45504 35740 19840 35740 19840 11448 13315  1 44 38 18  0  0
 1  0 1203648  66096   2236  44992 31128 28084 31844 28084 13962 12209  1 46 33 20  0  0
 1  0 1204672  69668   2236  43824 32196 27788 32196 27788 13596 12497  1 48 32 19  0  0
 1  0 1195640  58928   2236  43316 26744 13060 26744 13060 10887 10011  0 41 37 22  0  0
 3  0 1212712  61768   2244  57340 29296 41360 38129 41372 16274 11515  2 63 19 17  0  0
 1  1 1234976  71868   2244  81364 20744 39840 37075 39840 14613 8284  6 82  2  9  0  0
 2  0 1233432  65984   2244  80804 33880 26948 33880 26948 13778 12667  1 55 19 25  0  0
 1  0 1226204  65764   2244  80212 36504 23584 36504 23584 15363 14528  1 44 34 21  0  0
 1  0 1218892  53880   2244  79740 34744 22344 34744 22344 12963 13969  1 45 39 16  0  0
 1  0 1223852  63816   2140  74672 33156 33080 33176 33080 15342 13259  1 49 32 18  0  0
 1  0 1222728  67360   2148  72816 34096 27376 34116 27388 15076 13342  1 49 30 20  0  0
 1  0 1214960  59808   2148  71480 33300 20332 33300 20332 11684 13213  0 43 42 15  0  0
 1  0 1249432 112864   2160  60300 21956 53172 26496 53172 15396 9021  1 63 24 12  0  0
 1  0 1215968  72796   2160  60340 39152    0 39172     0 8825 15481  1 31 51 17  0  0
 1  0 1213588  75552   2156  57120 33808 26432 33808 26432 12688 13509  1 47 39 15  0  0
 4  0 1198792  57444   2156  58612 35192 15064 38244 15064 10690 13849  1 41 44 15  0  0
 1  0 1202980  74640   2164  55376 25220 25772 25220 25784 10444 10410  1 48 37 15  0  0
procs -----------memory---------- ---swap-- -----io---- -system-- -------cpu-------
 r  b   swpd   free   buff  cache   si   so    bi    bo   in   cs us sy id wa st gu
 1  0 1191224  62860   2152  55352 34100 17700 35716 17716 12678 14060  1 42 37 21  0  0
 1  0 1192224  69904   2152  52236 33588 29620 33588 29620 15069 13675  1 49 27 23  0  0
 3  0 1190376  66416   2152  55820 33344 26796 37347 26796 13850 13702  1 49 30 20  0  0
 1  0 1202252  62108   2152  76480 26440 34808 40954 34808 15858 11448  0 75 10 15  0  0
 1  0 1209416  65440   2132  78052 25988 29872 29492 29876 13150 10967  0 55 22 24  0  0
 1  0 1215808  74120   2140  75856 27816 30408 27840 30440 14145 11636  1 51 25 23  0  0
 1  0 1211336  71784   2140  73852 34556 25616 34560 25616 13485 14469  1 47 34 19  0  0
 3  0 1209508  72732   2136  72140 34920 28032 34920 28032 15078 14330  1 48 29 22  0  0
 1  0 1206928  71424   2136  69776 27908 21384 27908 21384 14857 11474  1 47 28 24  0  0
 1  0 1189708  64884   2136  53216 30648 8876 30676  8876 13797 12312  0 42 31 27  0  0
 1  0 1194488  71652   2156  55940 32120 32452 36064 32464 14169 13271  1 53 27 20  0  0
 1  0 1194948  72344   2156  54500 32060 28072 32060 28072 14396 13218  1 48 33 19  0  0
 1  0 1187684  68876   2156  53576 29420 18288 29420 18292 10478 12090  0 43 38 19  0  0
 0  1 1182704  64892   2156  52392 33400 23904 33404 23904 14862 13787  1 47 33 20  0  0
 4  0 1200316  81180   2156  59520 27740 41284 34142 41284 12098 11588  1 56 31 13  0  0
 2  0 1203756  60448   2160  84568 22024 22784 44746 22784 12503 9808  0 75  8 16  0  0
 1  0 1207000  66244   2168  84400 29268 28856 29268 28868 14417 12388  0 49 28 23  0  0
 2  0 1211364  68836   2160  80820 30684 31200 30684 31200 15451 12952  1 49 29 21  0  0
 0  1 1206580  67456   2160  77108 33784 24564 33784 24564 12918 14192  1 44 38 18  0  0
 1  0 1200088  59224   2160  75064 24144 14404 24144 14404 10804 9940  1 45 32 22  0  0
 1  1 1202228  68280   2160  71524 30392 28604 30400 28604 12353 12740  1 48 35 16  0  0
procs -----------memory---------- ---swap-- -----io---- -system-- -------cpu-------
 r  b   swpd   free   buff  cache   si   so    bi    bo   in   cs us sy id wa st gu
 1  1 1202956  71464   2164  70148 25596 23000 25620 23000 11140 10732  1 48 30 21  0  0
 1  1 1199180  67608   2168  69088 28168 20664 28168 20676 12082 11519  0 44 37 19  0  0
 2  0 1195708  57864   2168  67504 33712 25884 33712 25884 15435 14046  1 46 31 22  0  0
 1  0 1203676  88216   2128  55648 32020 36112 32020 36112 18077 13657  0 52 23 25  0  0
 1  0 1187856  72820   2128  54424 35260 14848 35260 14848 17259 14550  1 39 32 28  0  0
 1  0 1179884  66324   2128  52860 30296 18364 30296 18364 10450 12602  1 40 41 18  0  0
 1  0 1172724  58692   2136  51704 24832 14676 24832 14688 11079 10473  1 43 35 22  0  0
 1  0 1177384  68576   2136  49180 32604 33132 32604 33132 17216 13674  1 49 29 22  0  0
 1  0 1169756  62668   2136  47584 33192 21356 33192 21356 11871 13981  1 40 43 16  0  0
 0  1 1169404  65184   2136  45632 31672 27732 31672 27732 12342 13652  1 47 38 15  0  0
 1  0 1168872  72944   2132  33468 32148 27808 32148 27808 12620 13615  1 46 39 15  0  0
 1  0 1161276  60948   2132  37064 26668 15496 30296 15496 9177 10977  1 41 43 16  0  0
 1  0 1176928  69572   2140  38384 25880 38104 27204 38124 12115 10817  1 53 32 15  0  0
 0  0 1175896  61772   2148  53872 32864 27400 48208 27404 12436 13390  0 46 39 15  0  0
 1  0 1175160  62768   2148  53876 32940 28156 32944 28156 12826 13791  1 46 39 15  0  0
 1  0 1179680  68656   2148  53668 32096 32724 32096 32724 13954 13734  1 51 30 19  0  0
 1  0 1171572  57760   2148  53576 29668 17792 29668 17796 14307 12337  1 44 32 24  0  0
 1  0 1179280  62472   2144  52716 24712 29372 24716 29372 12107 10329  1 55 20 24  0  0
 1  0 1177696  65968   2152  52716 35540 29336 35540 29348 17239 14718  1 50 23 26  0  0
 0  1 1177256  59916   2156  55984 32600 28192 35884 28196 14086 13859  1 51 26 24  0  0
 1  0 1181640  69984   2156  55988 27980 29244 27984 29244 11211 12209  1 49 31 20  0  0
procs -----------memory---------- ---swap-- -----io---- -system-- -------cpu-------
 r  b   swpd   free   buff  cache   si   so    bi    bo   in   cs us sy id wa st gu
 1  1 1180432  68928   2156  55992 34276 28864 34300 28864 17292 14465  1 49 24 26  0  0
 1  0 1174404  63068   2156  56016 31256 21624 31256 21624 13491 13298  0 44 34 22  0  0
 0  1 1176356  62460   2156  56016 25260 24344 25260 24344 9933 10911  1 44 40 16  0  0
 0  1 1185192  74380   2160  54672 24680 30324 24680 30336 12830 10499  0 49 31 20  0  0
 3  0 1181368  68116   2156  53368 33320 25700 33320 25700 14060 14321  1 46 31 22  0  0
 1  0 1180180  72076   2156  52352 32868 27696 32868 27696 13494 13994  1 47 32 20  0  0
 0  1 1177272  69820   2156  51420 30232 23320 30232 23320 12474 12464  0 43 39 18  0  0
 0  1 1167780  58756   2156  50712 31776 18632 31776 18632 10636 13553  1 41 42 16  0  0
 2  0 1173948  69368   2156  49456 31824 33900 31824 33900 14535 13454  0 50 31 18  0  0
 1  0 1169272  64904   2164  48848 25548 18020 25548 18032 9483 10907  1 42 42 15  0  0
 0  1 1209728 117312   2160  41836 21772 59748 21772 59748 15681 9439  1 63 24 12  0  0
 0  1 1177084  80016   2160  41836 36992    0 36992     0 8813 15423  1 31 51 17  0  0
 0  1 1167036  68020   2160  41292 34224 19908 34224 19908 11491 14325  1 43 38 19  0  0
 1  0 1163188  65160   2160  40364 31308 23732 31320 23732 15841 13280  0 47 27 27  0  0
 1  0 1156784  58980   2160  39804 28484 18624 28484 18624 10655 11941  0 43 40 17  0  0
 0  1 1163860  68956   2168  38988 23136 27492 23136 27504 12268 9900  1 49 31 18  0  0
 1  0 1165144  70780   2168  38140 32772 30024 32772 30024 15132 13761  0 48 31 21  0  0
 3  0 1158240  67404   2168  32224 33816 23144 33816 23144 17094 14485  1 47 26 27  0  0
 1  0 1153988  59360   2168  34012 33276 24816 35100 24816 14810 13980  1 46 32 22  0  0
 1  0 1161260  68040   2168  33988 31308 34908 31308 34908 15662 13438  1 49 29 22  0  0
 0  1 1153912  60184   2160  33980 25684 15332 25684 15332 10906 10878  1 43 38 18  0  0
procs -----------memory---------- ---swap-- -----io---- -system-- -------cpu-------
 r  b   swpd   free   buff  cache   si   so    bi    bo   in   cs us sy id wa st gu
 1  0 1158344  65760   2168  33984 27036 28348 27060 28360 13124 11579  1 48 31 21  0  0
 3  0 1169516  64112   2172  51060 25788 33956 42876 33956 11152 11139  1 51 33 16  0  0
 0  1 1161352  60512   2172  52208 26220 21824 27408 21824 9776 11067  1 42 40 17  0  0
 2  1 1179732  97108   2168  36272 25588 40924 25588 40932 13151 10926  1 59 18 22  0  0
 1  0 1177140  92912   2168  36276 22672 17396 22676 17396 7537 9546  1 41 40 19  0  0
 1  0 1162496  72484   2168  36244 22188 4904 22188  4904 6608 9345  1 35 47 18  0  0
 1  0 1152184  63572   2176  36100 29552 15696 29552 15716 13124 12433  1 42 35 23  0  0
 1  0 1165876  63040   2332  52556 22288 33324 35956 33344 11497 9452  1 52 31 16  0  0
 1  0 1171960  68376   2332  52560 24860 28192 24860 28192 10957 10735  1 45 38 17  0  0
 1  0 1162344  59700   2332  52560 27108 14452 27108 14452 9189 11686  1 38 44 18  0  0
 1  0 1166152  62300   2332  52560 26964 27588 26964 27588 12853 11561  1 48 28 23  0  0
 4  0 1168424  60496   2456  60692 22660 22308 34112 22324 11022 9392  1 52 21 26  0  0
 3  0 1189552  72236   2456  73224 18716 37848 27378 37852 9424 8502  1 57 29 13  0  0
 2  0 1187272  71060   2460  73048 29068 23724 29072 23740 10815 12748  1 44 39 17  0  0
 2  0 1181192  62516   2460  73048 28668 19600 28672 19604 13437 12410  0 43 35 22  0  0
 1  0 1184280  69672   2460  73048 28624 28724 28628 28728 15449 12618  1 48 25 26  0  0
 1  0 1182368  68480   2460  73048 26680 22016 26684 22020 13646 11717  1 48 24 27  0  0
 1  0 1180080  64512   2460  73300 24360 19300 24612 19304 11153 10414  1 43 33 23  0  0
 3  0 1187808  73052   2340  72572 25300 30592 25304 30608 12126 11208  1 51 24 23  0  0
 1  0 1213384  97404   2340  72576 24280 47104 24284 47104 14493 10698  1 58 19 23  0  0
 0  1 1185164  65400   2340  72576 31924    0 31924     0 14534 13401  0 33 37 30  0  0
procs -----------memory---------- ---swap-- -----io---- -system-- -------cpu-------
 r  b   swpd   free   buff  cache   si   so    bi    bo   in   cs us sy id wa st gu
 0  1 1175660  59796   2268  71708 33264 20120 33288 20120 14135 14410  1 42 35 22  0  0
 1  0 1180768  65256   2268  69232 30672 32564 30672 32564 15489 13359  1 49 27 23  0  0
 1  0 1176856  65528   2276  67592 30416 23676 30416 23688 11553 13622  1 45 36 19  0  0
 3  0 1171980  63480   2276  66548 30356 22496 30356 22496 14083 13428  1 44 33 23  0  0
 0  1 1170084  61884   2276  65364 32756 27368 32756 27368 15084 14248  0 47 29 24  0  0
 3  0 1209164 112388   2272  57232 20544 57364 24100 57364 12925 9249  1 64 21 14  0  0
 1  0 1186128  88200   2412  57216 29988 4012 30128  4012 14217 13024  1 34 34 31  0  0
 1  0 1169644  68996   2412  56044 35144 14820 35144 14820 17473 15028  0 40 31 29  0  0
 1  0 1172360  74200   2420  53756 34088 33108 34088 33120 16868 14893  1 51 20 28  0  0
 3  0 1166576  72288   2420  52364 33220 23984 33220 23984 15709 14452  1 46 27 27  0  0
 1  0 1158064  63880   2420  51040 30572 18980 30572 18980 15794 13327  1 43 28 28  0  0
 0  0 1156356  62812   2420  50320 23380 19300 23380 19300 9842 10237  1 45 34 20  0  0
 1  0 1155772  66416   2136  39520 30636 26804 30636 26804 15179 13287  1 47 29 23  0  0
 0  1 1145404  58508   2136  39172 33104 19036 33104 19036 14050 14126  1 41 36 22  0  0
 1  0 1154512  70284   2144  38624 28944 34768 28944 34780 13079 12486  1 50 32 17  0  0
 0  1 1156980  72300   2144  38300 30948 29720 30948 29720 12263 13016  1 47 38 15  0  0
 1  1 1159532  72192   2300  40700 29980 29252 32796 29252 12403 12953  1 48 36 16  0  0
 1  0 1151916  64812   2300  40564 29760 18736 29760 18736 10005 12639  1 42 42 16  0  0
 0  1 1158456  73188   2300  40332 23608 27780 23608 27780 10820 10418  0 48 37 15  0  0
 2  0 1156960  71064   2296  39112 31268 26480 31268 26480 12238 13556  1 45 40 15  0  0
 1  0 1158984  70192   2208  38688 30636 29420 30636 29432 13328 13280  1 46 36 17  0  0
procs -----------memory---------- ---swap-- -----io---- -system-- -------cpu-------
 r  b   swpd   free   buff  cache   si   so    bi    bo   in   cs us sy id wa st gu
 1  1 1149400  62528   2148  38308 31416 18232 31440 18232 12551 13316  1 40 39 21  0  0
 0  1 1151872  65832   2144  37688 31828 30764 31828 30764 12868 13546  0 47 38 14  0  0
 1  0 1160008  69612   2144  37188 29100 34212 29100 34212 13032 12594  1 48 37 14  0  0
 2  0 1151124  56520   2144  37040 27844 15776 27844 15776 9679 11835  1 41 43 15  0  0
 0  1 1155284  69232   2144  36760 25732 26952 25732 26952 11534 11099  0 47 36 17  0  0
 3  0 1156280  74232   2148  34676 32152 29836 32152 29848 12730 13877  1 46 38 15  0  0
 1  0 1142732  58920   2148  34508 30796 13868 30796 13868 12060 13067  1 38 40 21  0  0
 2  0 1150020  57524   2152  34192 30232 34228 30236 34236 13385 13137  1 48 38 14  0  0
 1  0 1147200  62644   2152  33908 31108 24884 31112 24884 13757 13431  1 44 35 20  0  0
 0  1 1155388  76004   2152  33652 23512 28896 23512 28896 11940 10115  1 49 33 17  0  0
 1  1 1144456  60660   2152  33532 32636 18204 32636 18204 10774 14021  1 42 41 16  0  0
 1  0 1146936  66104   2160  33276 30420 29556 30420 29576 12318 13211  1 45 40 15  0  0
 2  0 1143148  63176   2160  32016 31940 24788 31940 24800 11905 13786  1 44 40 16  0  0
 0  1 1145452  61796   2160  31968 31996 30480 32000 30480 12973 13630  1 45 36 18  0  0
 1  0 1153568  73248   2160  31936 25124 30192 25124 30192 11169 10706  1 48 36 15  0  0
 2  0 1157140  69236   2172  33516 26000 26948 27636 26948 11119 11465  0 45 39 16  0  0
 1  0 1154840  67020   2172  33516 32500 26476 32500 26476 12204 13802  1 44 40 15  0  0
 2  0 1149204  66764   2180  33516 33760 24328 33760 24340 12881 14551  1 44 38 17  0  0
 1  1 1148952  55556   2180  33516 32020 27816 32020 27816 12369 13499  1 45 39 15  0  0
 1  1 1148024  57268   2180  33516 29868 25604 29868 25604 11346 12747  0 45 40 15  0  0
 1  0 1156852  72156   2176  33508 23444 29768 23444 29768 10630 10100  1 50 36 14  0  0
procs -----------memory---------- ---swap-- -----io---- -system-- -------cpu-------
 r  b   swpd   free   buff  cache   si   so    bi    bo   in   cs us sy id wa st gu
 1  0 1158804  74400   2176  33404 32048 30448 32072 30448 12744 13787  1 46 38 16  0  0
 0  0 1154792  62320   2176  33412 32376 25044 32376 25052 12277 14144  1 44 40 15  0  0
 1  0 1150440  59000   2172  33388 31244 23280 31248 23312 11425 13248  0 43 41 15  0  0
 1  0 1150116  62828   2728  33420 32984 28948 33576 28952 14652 14191  1 46 35 18  0  0
 3  0 1154900  69136   2728  36520 26160 28016 29260 28020 11189 11508  1 48 37 15  0  0
 1  1 1165824  80328   2556  35480 30272 38212 30276 38216 13769 13365  1 50 35 15  0  0
 1  0 1183988 100772   2556  35484 28392 43428 28396 43428 18607 12155  1 54 23 22  0  0
 1  0 1161760  77084   2564  35484 24636    0 24636    12 11797 10600  0 34 38 28  0  0
 2  0 1182868  66944   2576  59392 26248 44432 47328 44432 16468 11295  1 56 26 17  0  0
 4  0 1175240  62788   2576  65372 31668 20876 35486 20876 10995 13851  1 45 39 16  0  0
 3  0 1210676  70792   2576  99616 19580 52984 40718 52984 12937 9771  5 85  2  7  0  0
 1  0 1199952  58488   2576  99616 29012 15456 29012 15456 9879 11973  1 48 34 18  0  0
 1  0 1212600  75432   2464  95524 20256 30800 20256 30800 10208 9287  1 50 33 17  0  0
 1  0 1208612  70808   2440  93472 26440 19876 26440 19888 10826 11595  1 40 40 19  0  0
 1  0 1200816  61996   2416  92408 24996 14708 25436 14708 9045 11065  1 37 45 17  0  0
 1  0 1202528  71876   2376  89424 29056 27904 29056 27904 15029 12833  1 48 29 23  0  0
 1  0 1201632  74364   2352  87068 26040 22860 26040 22860 14338 11549  1 45 33 22  0  0
 1  0 1194908  69936   2328  84852 31508 21780 31508 21780 12021 13959  1 43 41 15  0  0
 1  0 1193928  73264   2296  81956 31012 27152 31012 27152 12666 13895  1 45 37 17  0  0
 1  0 1188516  65212   2280  80620 26136 18148 26136 18160 10135 11541  1 46 36 17  0  0
 1  0 1175748  67392   2124  66136 27092 11680 27092 11680 11315 11834  1 39 40 21  0  0
procs -----------memory---------- ---swap-- -----io---- -system-- -------cpu-------
 r  b   swpd   free   buff  cache   si   so    bi    bo   in   cs us sy id wa st gu
 1  0 1172320  63216   2116  65452 29800 23232 29824 23232 12007 12906  0 44 41 16  0  0
 1  0 1179400  70812   2116  65376 30012 34136 30012 34136 13650 13269  1 49 35 16  0  0
 3  0 1170936  54944   2116  65308 32272 20400 32272 20400 11439 14029  0 42 42 16  0  0
 1  0 1178248  70836   2116  65228 27796 32324 27796 32324 12796 12250  1 49 36 15  0  0
 1  0 1173028  65468   2124  65192 24348 16816 24348 16828 9071 10725  1 41 42 16  0  0
 1  0 1172644  62236   2124  65160 30232 27012 30232 27012 11779 13473  0 46 39 15  0  0
 1  0 1169396  64500   2124  61656 31816 25524 31816 25524 12213 13986  1 45 39 15  0  0
 0  1 1177132  76252   2128  58920 30436 35204 31816 35204 14033 13457  0 51 32 17  0  0
 0  1 1165680  65504   2128  56800 34280 19376 34280 19376 11572 14853  1 41 42 16  0  0
 0  1 1167188  71748   2128  53496 30776 28948 30776 28948 12367 13357  1 48 37 14  0  0
 1  0 1155984  58436   2136  52164 29160 15124 29160 15136 13639 12725  0 42 36 22  0  0
 1  0 1163708  70100   2136  49152 23120 28612 23120 28612 10617 10319  1 47 36 17  0  0
 2  0 1162380  73956   2136  46720 32068 27536 32068 27536 15861 14115  1 46 32 21  0  0
 0  0 1157308  71412   2132  40556 31780 23704 36576 23704 12464 14034  1 44 39 16  0  0
 1  0 1149020  58460   2132  40364 26132 14988 26132 14988 11609 11172  1 42 32 25  0  0
 2  0 1165896  80544   2132  40360 31428 44948 31888 44952 14671 13649  0 55 25 19  0  0
 0  1 1148036  58744   2140  40240 27304 6328 27308  6340 7881 11528  0 36 48 16  0  0
 5  0 1175000  57408   2140  71344 22688 46860 44360 46864 11859 9825  1 63 26 11  0  0
 1  1 1202796  61152   2140  97336 17864 43844 36199 43848 13974 8563  1 88  5  7  0  0
 2  0 1212728  74496   2176  97124 25104 32736 26750 32740 12574 11348  1 58 28 14  0  0
 2  0 1206876  69344   2176  96304 30836 22124 30840 22124 11599 13596  1 43 41 15  0  0
procs -----------memory---------- ---swap-- -----io---- -system-- -------cpu-------
 r  b   swpd   free   buff  cache   si   so    bi    bo   in   cs us sy id wa st gu
 1  0 1204108  65308   2184  94860 30908 25292 30932 25304 12656 13681  1 44 37 18  0  0
 1  0 1206932  74524   2184  92784 28376 28488 28376 28488 11965 12668  1 49 36 15  0  0
 1  0 1204880  74048   2180  91464 22940 18700 22940 18700 12332 10128  1 47 31 22  0  0
 0  1 1218548  71136   2184 109064 26880 37476 44764 37476 12760 11585  2 51 31 16  0  0
 0  1 1219148  72280   2184 109064 29156 26844 29156 26844 12197 12710  0 46 39 15  0  0
 0  1 1216120  69252   2184 109064 29180 23168 29180 23168 10963 12842  1 44 38 17  0  0
 1  0 1205064  72740   2188  91676 25684 12244 25684 12256 9962 11376  1 40 38 21  0  0
 1  0 1191836  58688   2188  89936 31432 15292 31432 15292 13263 13910  0 41 37 22  0  0
 3  0 1199308  73180   2188  84564 26100 31196 26100 31196 11421 11835  1 52 31 17  0  0
 0  1 1187012  62476   2188  81448 32772 17116 32772 17116 13438 14311  1 42 35 23  0  0
 1  0 1182088  61348   2188  77884 26524 18800 26524 18800 12999 11513  1 44 33 23  0  0
 1  0 1189812  73996   2176  74936 22060 27808 22060 27808 10191 10121  0 49 35 15  0  0
 1  0 1179960  64344   2184  73832 30992 18048 30996 18060 11499 13600  1 41 41 18  0  0
 1  0 1175308  55408   2184  73052 29716 22260 30036 22260 11318 13158  1 44 40 16  0  0
 0  0 1171448  66456   2168  58404 31008 24456 31008 24464 12083 13956  1 45 39 16  0  0
 3  0 1171672  70612   2168  56232 30316 27348 30320 27352 11730 13103  1 48 37 15  0  0
 1  0 1175984  79908   2168  52100 30964 31960 30968 31960 14820 13448  1 50 31 18  0  0
 1  0 1167820  69804   2168  51116 25548 14780 25548 14780 10226 11123  0 42 41 17  0  0
 0  1 1155924  59832   2176  50236 28604 13708 28604 13728 10099 12323  1 41 40 18  0  0
 1  0 1156216  58880   2176  48652 31396 28408 31396 28408 15663 13653  1 46 33 19  0  0
 1  0 1159460  66584   2176  47196 31364 31300 31364 31300 15854 13768  1 48 31 21  0  0
procs -----------memory---------- ---swap-- -----io---- -system-- -------cpu-------
 r  b   swpd   free   buff  cache   si   so    bi    bo   in   cs us sy id wa st gu
 1  0 1155992  70100   2276  36880 29416 23028 29600 23028 11026 13020  0 46 38 16  0  0
 1  0 1150020  61792   2276  39132 29300 20252 31788 20252 13291 12804  1 43 35 21  0  0
 2  0 1153600  66636   2276  38664 23884 24920 23884 24920 13724 10496  1 47 28 25  0  0
 1  0 1154288  67692   2268  38408 28776 26232 28776 26244 11500 12412  1 45 39 16  0  0
 3  0 1159268  73128   2248  38020 30976 32364 30976 32364 12551 13254  0 47 36 16  0  0
 1  0 1146560  59356   2232  37860 32148 15992 32148 15992 10570 13701  1 38 45 16  0  0
 1  0 1147700  61152   2208  37552 30836 28844 30836 28844 11738 13392  1 48 37 16  0  0
 1  0 1171240  88856   2128  35540 26836 47604 26836 47616 13925 11755  1 56 30 15  0  0
 2  0 1149244  60344   2128  35348 31408 5992 31412  5992 8741 13333  1 36 48 16  0  0
 0  1 1152700  63656   2136  35220 24604 25096 24604 25108 10266 10438  1 46 39 15  0  0
 1  0 1153084  67684   2136  34980 32852 29812 32852 29812 16540 14330  0 48 29 23  0  0
 1  0 1153728  69028   2136  34612 31736 28844 31744 28844 12221 13569  1 47 37 15  0  0
 1  0 1145936  60964   2136  34396 31132 19908 31132 19908 11183 13239  0 42 41 16  0  0
 1  0 1151672  66064   2136  34044 30768 33212 30768 33212 12940 13188  1 47 37 15  0  0
 1  0 1155396  71400   2136  32680 29992 30304 29992 30304 12239 12719  1 47 38 15  0  0
 1  0 1145892  59532   2144  32600 27784 15524 27784 15536 12083 12063  0 42 36 22  0  0
 0  0 1153640  66324   2412  32528 25236 30124 25504 30124 11763 10801  1 48 36 16  0  0
 1  0 1150904  67188   2412  32404 31820 25816 31820 25816 12136 13849  1 45 39 15  0  0
 0  1 1151128  67888   2412  32400 32140 28764 32140 28764 14298 13555  1 48 33 18  0  0
 2  0 1151364  69072   2412  32344 27084 24452 27084 24452 11007 11751  1 45 40 15  0  0
 1  0 1162924  74668   2412  32144 23652 32672 23652 32672 11372 10359  0 51 34 14  0  0
procs -----------memory---------- ---swap-- -----io---- -system-- -------cpu-------
 r  b   swpd   free   buff  cache   si   so    bi    bo   in   cs us sy id wa st gu
 1  0 1150100  58844   2420  33692 33740 17360 35368 17380 11204 14419  1 41 43 16  0  0
 0  0 1153776  60468   2212  33544 31416 31820 31416 31820 16456 13642  0 49 30 21  0  0
 1  1 1152860  68864   2216  33476 31480 27232 31484 27240 17173 13718  1 47 28 24  0  0
 1  0 1153116  68668   2216  33448 31456 28040 31460 28040 12852 13255  1 46 36 17  0  0
 1  1 1170244  67556   2232  55460 27352 41580 46336 41580 13280 12151  1 53 31 16  0  0
 1  1 1175220  67052   2236  55460 30164 32220 30168 32220 13217 13140  1 50 35 15  0  0
 0  1 1170512  66044   2244  55460 24640 17448 24640 17468 9358 10711  0 44 40 15  0  0
 0  1 1166928  59252   2244  53948 28812 22044 28812 22044 10880 12292  1 45 40 15  0  0
 3  0 1172740  70980   2184  53948 28340 31336 28340 31336 12304 12435  1 49 36 15  0  0
 1  0 1172188  68860   2184  53948 32156 28584 32156 28584 16830 14105  0 48 28 23  0  0
 2  1 1173540  68848   2188  57424 25072 23600 28548 23600 11880 10909  1 48 34 18  0  0
 1  0 1185244  82468   2188  57424 25520 34424 25520 34424 12374 11001  1 50 35 14  0  0
 1  0 1170856  67600   2196  57424 32088 14428 32088 14440 10384 14067  1 40 44 16  0  0
 3  0 1174864  72156   2196  57424 28972 29972 28972 29972 12362 12687  1 47 38 15  0  0
 3  0 1173564  66704   2196  57404 29908 25712 29908 25712 12096 13242  1 46 39 15  0  0
 1  0 1201948 101364   2196  57404 23692 49752 23692 49752 14477 10161  1 57 30 12  0  0
 1  0 1177556  60972   2196  69540 27128    0 35214     0 7157 11726  1 44 39 16  0  0
 1  0 1184080  69400   2140  70224 29940 33552 32532 33552 13644 13255  1 47 37 15  0  0
 1  0 1175764  61180   2144  69512 30856 19388 31524 19400 12089 13495  1 41 41 17  0  0
 1  0 1181000  66760   2144  67852 25792 28172 25792 28172 10970 11216  1 47 37 16  0  0
 1  0 1181524  71680   2140  66560 29648 27196 29648 27196 11891 13105  1 46 39 16  0  0
procs -----------memory---------- ---swap-- -----io---- -system-- -------cpu-------
 r  b   swpd   free   buff  cache   si   so    bi    bo   in   cs us sy id wa st gu
 1  0 1169392  55524   2140  65956 33808 18604 33832 18604 15044 14981  1 42 37 20  0  0
 1  0 1208232 112908   2108  53848 17912 55120 17912 55120 14519 8299  0 61 26 14  0  0
 1  0 1181252  79140   2108  56780 29620    0 32552     0 7622 12994  1 32 50 17  0  0
 1  0 1165340  64112   2116  55604 34956 15444 34956 15472 10818 15112  1 40 44 16  0  0
 1  0 1164048  65320   2116  53508 32756 28232 32760 28232 14325 14165  1 48 35 17  0  0
 1  0 1174736  69712   2116  51072 24196 32576 24196 32576 14445 10900  0 53 30 17  0  0
 1  0 1159100  64768   2116  50052 33084 14464 33084 14464 10661 14616  1 38 45 16  0  0
 1  0 1160592  69400   2108  48088 29964 28656 29964 28656 12582 13562  1 45 41 14  0  0
 1  0 1146916  59956   2104  35872 33028 15704 33028 15704 10762 14267  1 41 44 15  0  0
 1  0 1146372  61528   2120  37092 32032 28344 33748 28356 17413 14095  1 48 30 22  0  0
 1  0 1149644  60940   2120  36668 30960 30820 30960 30820 13277 13336  1 45 39 15  0  0
 1  0 1156932  70768   2120  36316 24580 29484 24580 29484 11214 10912  1 48 37 15  0  0
 3  0 1145400  63520   2120  36092 34828 19908 34828 19908 16015 15280  1 41 37 22  0  0
 1  0 1151548  71868   2120  35976 30708 34036 30824 34036 13705 13814  1 46 39 14  0  0
 1  0 1151668  70472   2120  35732 31100 28184 31100 28184 12507 13734  1 45 41 14  0  0
 3  0 1194304 117088   2120  33720 27328 67168 27328 67180 17941 11883  1 61 27 12  0  0
 1  0 1171432  92112   2120  33720 27636 2192 27636  2192 7474 12013  1 33 49 18  0  0
 1  0 1145340  63384   2120  33720 29060    0 29060     0 7300 12382  1 32 51 17  0  0
 3  1 1155400  68508   3000  41240 23424 31040 31996 31040 10643 9835  1 54 22 24  0  0
 5  0 1225868  49744   8316 131764 11792 81056 103532 81080 18171 6417  6 84  2  9  0  0
 1  3 1283124  87244   5000 161492 9024 65544 40248 65544 17159 5237 27 62  0 11  0  0
procs -----------memory---------- ---swap-- -----io---- -system-- -------cpu-------
 r  b   swpd   free   buff  cache   si   so    bi    bo   in   cs us sy id wa st gu
 3  0 1337080  86336   9564 177748 19176 71776 41856 71776 12712 10544 19 68  3 10  0  0
 1  0 1316496  70064  10528 181460 23072 1208 31096  1208 9465 11262 11 45 26 18  0  0
 0  0 1319872  71172  10560 181144 25456 27108 25932 27252 14457 12264  5 49 29 18  0  0
 4  0 1319900  65184  10576 183896 27388 25696 27392 26620 15895 12890  2 47 29 22  0  0
 5  0 1345988  64816  10464 210620 20092 45076 47912 45400 14788 10939 22 62  4 12  0  0
 2  0 1486292 135784   4932 292964 10620 150784 109052 150808 12620 5985 17 62  1 21  0  0
 2  0 1501164  78132   4940 326348 17696 32104 67528 32104 15236 8222 36 44  6 14  0  0
 1  1 1524092  84008   3896 340268 14408 37096 66352 96340 8369 7282 15 44  8 33  0  0
 1  1 1515220 138852   4196 264224 20452 11328 22816 65544 12980 10166 28 42  0 29  0  0
 2  0 1488148  88024   4288 275992 27304    0 39080  4248 11684 13599 41 33  0 26  0  0
 2  0 1450816 158616   4924 227332 36984    0 98464     0 12050 17757 22 49  1 28  0  0
 2  1 1448932  73184   4604 301568 21676 19484 73648 68640 11066 11178 34 46  1 19  0  0
 1  1 1451324 112916   7244 303228 16544 19276 33276 71104 11329 8934 21 54  3 22  0  0
 2  0 1428064  65100   7584 304340 23460    0 33600   172 9357 12165 42 33  2 24  0  0
 0  1 1403196  78692   7584 286948 24928    0 25012     0 7743 12673 15 28 34 23  0  0
 1  0 1378920 123844   7584 220304 24508    0 24508     0 7183 12159  1 25 51 23  0  0
 1  0 1354924  92596   7584 220304 24276    0 24276     0 7108 12023  1 26 51 23  0  0
 1  0 1329888  82516   7584 220304 25268    0 25268  6792 10407 12568  0 26 45 29  0  0
 0  1 1304092  63616   7584 220304 26024    0 26024     0 14035 12948  0 24 40 37  0  0
 0  1 1279472 113468   7136 154112 24940    0 24940   520 13544 12389  1 27 37 35  0  0
 0  1 1254300  88268   7136 154112 25380    0 25380     0 13730 12612  0 26 38 35  0  0
procs -----------memory---------- ---swap-- -----io---- -system-- -------cpu-------
 r  b   swpd   free   buff  cache   si   so    bi    bo   in   cs us sy id wa st gu
 1  0 1229264  63068   7136 154112 25284    0 25308     0 13663 12569  1 24 39 36  0  0
 0  1 1204228  71808   4228 117268 25272    0 25272     0 13650 12559  1 23 40 37  0  0
 1  0 1179604  71804   3920  97888 24900    0 24900     0 13471 12362  1 24 39 36  0  0
 0  1 1175052  84076   3564  83120 21788 16932 21788 16932 11986 11037  0 33 38 29  0  0
 1  0 1151368  58668   3572  83120 23980    0 23980    12 7047 11851  0 26 50 24  0  0
 3  0 1148592  84080   2392  59240 21820 18620 21820 18620 9662 11088  1 35 42 22  0  0
 0  1 1176852 108856   2392  59220 19908 48008 19908 48008 14675 10322  1 49 23 28  0  0
 1  0 1152612  83416   2536  59900 24580    0 25396   488 10266 12259  1 25 44 30  0  0
 0  1 1132032  64516   2536  59900 20808    0 20808     0 11418 10289  1 23 41 36  0  0
 1  0 1130232  66548   2500  58280 18768 16744 18768 16744 9736 9527  1 33 41 26  0  0
 0  1 1130492  64496   2500  56984 15920 16020 15920 16040 9043 8090  0 33 38 28  0  0
 1  0 1149788  72276   2484  72564 17544 36588 35428 36588 10402 9248  1 39 34 27  0  0
 0  1 1132156  66724   2312  60020 21412 3504 21412  3520 8656 10634  1 25 45 29  0  0
 2  1 1135460  73652   2300  56228 19188 22240 27951 22244 13258 9814  0 42 28 30  0  0
 4  0 1150936  62640   2300  83572 18008 33176 35141 33176 10980 9682  2 72  3 23  0  0
 1  0 1158420  69148   2300  82796 20444 27724 20444 27724 9956 9928  1 37 37 25  0  0
 1  0 1151808  64108   2308  82528 21488 14644 21488 14656 11332 10749  1 29 40 31  0  0
 2  0 1149000  60800   2296  82276 21420 18300 21420 18300 11153 10823  1 31 39 30  0  0
 0  1 1157168  67992   2296  82332 19980 27880 20636 27880 9177 10218  0 35 42 23  0  0
 0  1 1153608  64252   2296  82120 18020 14212 18020 14212 7315 9062  1 31 46 22  0  0
 1  0 1156504  69772   2296  82008 21300 23900 21300 23900 11103 10782  1 33 39 27  0  0
procs -----------memory---------- ---swap-- -----io---- -system-- -------cpu-------
 r  b   swpd   free   buff  cache   si   so    bi    bo   in   cs us sy id wa st gu
 1  1 1159200  72544   2296  81772 20760 23144 20784 23152 8946 10466  1 34 43 22  0  0
 1  0 1156184  69416   2300  81712 21448 18140 21448 18144 8362 10763  1 31 46 22  0  0
 0  1 1157624  68888   2300  84188 20704 21896 23224 21896 9350 10446  0 34 42 24  0  0
 0  1 1150180  60056   2300  84160 20320 12584 20320 12584 7543 10125  1 30 46 23  0  0
 1  0 1155452  68840   2184  78752 20256 25272 20256 25272 8964 10177  1 35 42 22  0  0
 1  0 1146744  65644   2184  76144 22548 13588 22548 13588 8262 11281  1 31 46 23  0  0
 1  0 1138892  59356   2192  73812 22132 14004 22132 14016 8135 11061  1 30 46 23  0  0
 0  1 1147772  70660   2320  70364 19884 28548 20016 28548 9069 10086  1 36 42 22  0  0
 2  0 1150336  76388   2320  68788 20152 22416 20152 22416 8542 10149  1 35 43 22  0  0
 0  1 1142512  70216   2320  67848 21408 13320 21408 13320 7573 10725  1 28 48 23  0  0
 1  0 1138064  63056   2320  66664 22156 17420 22156 17420 10543 11097  0 32 42 25  0  0
 0  1 1130132  65048   2320  56924 21680 13448 21680 13448 9960 10804  1 31 42 27  0  0
 0  0 1128236  70156   2288  52864 20820 18656 20820 18668 8168 10448  0 32 45 23  0  0
 1  1 1126104  70168   2272  51036 20656 18240 20656 18240 7935 10349  1 32 45 22  0  0
 0  1 1119604  59756   2260  49664 20884 14140 20884 14140 7788 10483  1 31 46 23  0  0
 1  0 1124384  71500   2372  47116 20088 24588 20220 24588 8715 10252  1 32 44 23  0  0
 1  0 1124136  70492   2424  48932 20020 19528 23824 19528 8165 10142  1 34 43 22  0  0
 0  1 1116812  64264   2416  47908 22688 15088 22688 15088 11252 11406  0 32 40 28  0  0
 0  1 1110916  58608   2424  47032 20728 14652 20728 14664 9305 10461  1 32 42 25  0  0
 1  0 1111592  60188   2424  45972 18284 18704 18284 18704 8273 9271  0 32 43 24  0  0
 3  0 1144520  70760   2428  69712 16308 49056 39356 49056 11723 8772  0 60 19 20  0  0
procs -----------memory---------- ---swap-- -----io---- -system-- -------cpu-------
 r  b   swpd   free   buff  cache   si   so    bi    bo   in   cs us sy id wa st gu
 1  0 1152200  62704   2428  85876 13932 21456 26558 21456 9294 7333  0 46 31 24  0  0
 1  0 1152356  64828   2400  83392 20056 19952 20060 19960 9479 10114  1 35 40 24  0  0
 1  1 1156992  71360   2380  81516 21012 25404 21088 25404 9300 10735  1 36 42 21  0  0
 0  1 1157196  69376   2380  80436 20652 20620 20652 20644 8682 10402  1 34 44 21  0  0
 1  0 1150956  64092   2376  79528 22124 15696 22124 15696 8410 11200  1 30 46 23  0  0
 4  0 1147976  64696   2360  78204 22144 18848 22144 18848 8656 11048  0 34 45 21  0  0
 0  1 1151808  71724   2340  76640 21968 25496 21968 25496 9447 11132  1 35 42 22  0  0
 1  1 1142856  58852   2328  78160 23512 14256 24938 14256 8525 11848  1 38 40 22  0  0
 0  1 1144252  58416   2308  82232 21532 22644 26078 22644 10681 10997  0 44 33 22  0  0
 0  1 1145752  69992   2300  68868 22760 24016 22760 24028 9678 11517  1 37 39 23  0  0
 1  0 1136604  60468   2288  68508 23928 14520 23928 14520 8769 11993  0 33 45 22  0  0
 1  1 1136352  65296   2276  66280 21960 21456 21960 21456 9029 11089  1 36 43 21  0  0
 0  1 1135888  67352   2264  64976 22460 21684 22460 21684 9195 11121  1 36 43 21  0  0
 1  0 1127728  59792   2252  63644 23420 15012 23420 15012 12192 11766  1 31 39 29  0  0
 1  0 1136460  71268   2252  60868 20776 29268 20776 29268 9966 10605  1 38 40 22  0  0
 1  0 1131808  64232   2260  60440 18568 13712 18568 13724 7293 9355  1 32 46 21  0  0
 1  0 1132384  68836   2260  60040 22536 22912 22536 22912 9941 11365  1 34 43 22  0  0
 1  0 1137608  72588   2260  59680 21792 26872 21792 26872 9433 11099  0 37 42 21  0  0
 0  1 1125988  62820   2260  59504 24008 12176 24008 12176 8484 12071  0 33 45 21  0  0
 0  1 1132164  72088   2252  56504 22216 28204 22216 28204 9743 11290  0 38 41 20  0  0
 1  0 1122696  59996   2260  55420 23632 13928 23632 13940 8456 11730  1 31 47 22  0  0
procs -----------memory---------- ---swap-- -----io---- -system-- -------cpu-------
 r  b   swpd   free   buff  cache   si   so    bi    bo   in   cs us sy id wa st gu
 2  0 1121188  62032   2260  54400 22000 20228 22024 20228 8527 11091  0 36 44 21  0  0
 0  1 1122500  66384   2260  52352 22188 23184 22188 23200 8897 11137  1 34 44 21  0  0
 3  0 1116452  59920   2260  51084 23452 17052 23456 17052 8790 11730  1 32 46 21  0  0
 0  1 1121840  67212   2260  49440 22028 27236 22028 27236 10823 11158  1 38 39 23  0  0
 2  0 1113664  59572   2260  49952 21496 13124 22828 13124 12823 10731  1 32 36 31  0  0
 1  0 1122108  69792   2272  48448 19720 28024 19720 28048 9639 10147  0 39 40 21  0  0
 0  1 1119940  65308   2272  47472 23388 20908 23388 20908 9117 11723  1 36 43 21  0  0
 1  0 1101400  59300   2268  37776 23736 4976 23736  4976 7463 11797  0 29 48 23  0  0
 1  0 1109384  68456   2268  37568 21876 29648 21876 29648 9724 11097  1 39 41 19  0  0
 1  0 1114500  74128   2268  37272 23312 28156 23312 28156 9987 11687  1 38 42 20  0  0
 1  0 1106832  65184   2268  37064 23908 16036 23908 16036 12831 12007  1 32 38 29  0  0
 2  0 1109372  69260   2276  36776 23324 25584 23324 25596 9882 11690  1 36 43 20  0  0
 0  1 1113224  73220   2276  36424 22216 25768 22216 25768 9378 11109  1 38 42 20  0  0
 1  0 1112368  72624   2276  36172 24448 23312 24448 23312 10297 12297  1 34 44 22  0  0
 1  0 1101468  61768   2276  35960 24252 13048 24252 13048 8511 11996  1 32 47 20  0  0
 3  0 1129264  90268   2164  34392 21540 49064 21540 49064 14366 10973  1 46 29 24  0  0
 1  0 1143480 102048   2164  34392 18220 32320 18220 32320 8857 9367  1 39 39 21  0  0
 1  0 1117364  70296   2296  34392 26404    0 26528    12 7653 13065  1 28 51 21  0  0
 1  0 1106640  60216   2296  34288 25876 14864 25876 14876 9069 12993  1 33 46 21  0  0
 1  0 1111040  73120   2296  34068 24720 28832 24724 28836 10252 12417  1 39 41 20  0  0
 1  0 1098168  60060   2296  33952 26152 12988 26156 12992 10701 13002  0 32 43 24  0  0
procs -----------memory---------- ---swap-- -----io---- -system-- -------cpu-------
 r  b   swpd   free   buff  cache   si   so    bi    bo   in   cs us sy id wa st gu
 1  0 1107880  70272   2296  33708 23056 32664 23088 32668 9912 11790  1 38 42 20  0  0
 3  0 1108440  71444   2296  33564 24472 24760 24472 24764 9565 12354  1 36 44 19  0  0
 1  0 1096592  59412   2304  33500 26548 14396 26552 14412 12152 13171  1 32 42 25  0  0
 1  0 1097636  59820   2436  32576 19420 20200 19560 20204 7705 9645  1 36 44 19  0  0
 1  0 1106572  70648   2436  32520 22128 30804 22132 30808 9674 11184  1 39 42 18  0  0
 2  1 1097956  61780   2436  32436 26432 17508 26436 17512 12176 13267  1 35 41 24  0  0
 1  0 1099988  62732   2436  32368 25488 27256 25492 27256 10358 12744  1 37 44 19  0  0
 1  0 1105452  61600   2448  39868 25528 30808 33052 30820 14988 12585  1 41 33 26  0  0
 1  0 1113476  70080   2448  39968 25028 32816 25232 32816 14943 12584  1 39 33 28  0  0
 1  0 1112168  64560   2440  39928 24688 23140 24688 23140 9753 12457  1 36 45 18  0  0
 5  0 1104604  59164   2364  39944 22096 14300 22096 14300 8185 11040  1 32 47 20  0  0
 1  0 1113460  70460   2312  39476 23700 32344 23700 32344 10318 11967  0 40 41 19  0  0
 4  0 1150592  63112   5604  79300 21524 58216 58524 58216 12591 10663  2 61 22 16  0  0
 1  0 1155156  59628   5404  86772 17580 22084 26344 22112 11238 9063  1 40 31 28  0  0
 1  0 1149764  69984   5404  71948 23204 17628 23204 17628 10996 11668  1 37 40 23  0  0
 1  0 1137080  58496   5404  70276 26872 13916 26872 13916 12362 13477  1 33 41 26  0  0
 2  0 1146060  69348   5376  69880 25216 33856 25216 33856 11854 12697  1 41 39 20  0  0
 1  0 1156508  68076   5376  79568 25288 35744 34976 35744 13974 12702  1 43 35 22  0  0
 2  0 1153396  70724   3792  77952 25804 22488 25804 22516 12786 13080  1 38 38 23  0  0
 1  0 1148424  66304   3328  77512 26556 21340 26556 21340 10082 13362  1 37 44 18  0  0
 0  1 1151516  70712   2700  77176 25552 28512 25552 28512 10608 12950  0 38 44 18  0  0
procs -----------memory---------- ---swap-- -----io---- -system-- -------cpu-------
 r  b   swpd   free   buff  cache   si   so    bi    bo   in   cs us sy id wa st gu
 1  0 1148052  65960   2660  76772 25828 22032 25852 22032 11569 12902  1 37 40 22  0  0
 1  0 1150164  69768   2660  76508 24268 26200 24268 26200 11776 12170  1 39 39 21  0  0
 1  0 1145116  65060   2660  76208 19400 14272 19400 14272 12036 9886  1 36 35 28  0  0
 0  1 1147904  67348   2668  76016 26600 29160 26600 29172 14901 13394  1 40 33 26  0  0
 1  0 1148452  69252   2668  76016 26204 26556 26204 26556 10193 13263  1 39 42 19  0  0
 1  0 1189836 107232   2472  78844 20248 61516 29506 61844 13952 10611  0 60 23 17  0  0
 1  1 1160252  70180   2472  78844 29744    0 29748     0 9851 14847  1 30 48 21  0  0
 1  0 1146068  58188   2604  76976 28188 13724 28324 13724 9660 14122  1 35 46 18  0  0
 1  0 1144788  65040   2568  73412 25352 23904 25352 23904 12129 12796  1 40 38 22  0  0
 1  1 1147004  75184   2540  70120 25516 27520 25516 27564 12060 12966  1 40 40 20  0  0
 0  1 1133972  59636   2508  68588 27352 14132 27352 14132 9250 13728  1 34 46 19  0  0
 1  0 1135904  66780   2476  65228 24516 26272 24516 26272 11825 12464  1 40 40 20  0  0
 1  0 1134876  69740   2476  63356 22244 21124 22244 21124 9589 11365  1 37 43 19  0  0
 0  2 1165932 117812   2224  46644 22632 53504 22632 53540 12664 11406  1 50 34 16  0  0
 1  0 1157236 108000   2224  46648 20800 11996 20804 11996 7665 10487  1 36 45 19  0  0
 0  1 1131316  80784   2232  46648 26124    0 26124    12 7583 12990  0 30 51 19  0  0
 2  0 1122272  68332   2236  51656 27032 17824 32396 17824 11959 13579  1 39 40 21  0  0
 1  0 1120776  67924   2236  50900 27904 26204 27904 26204 13843 14053  1 41 37 22  0  0
 0  1 1112128  59356   2236  50408 28156 19348 28156 19348 10155 14188  0 37 45 18  0  0
 3  0 1118384  67608   2236  49572 21640 27776 21640 27776 13159 11053  1 39 34 26  0  0
 1  0 1112504  59104   2236  49112 27804 21716 27804 21716 10460 13945  0 39 43 17  0  0
procs -----------memory---------- ---swap-- -----io---- -system-- -------cpu-------
 r  b   swpd   free   buff  cache   si   so    bi    bo   in   cs us sy id wa st gu
 2  1 1112276  65860   2228  44860 27504 27112 27528 27124 11004 13911  1 40 42 18  0  0
 1  0 1132900  66944   2312  63800 20548 40736 41040 40736 10605 10275  1 48 33 18  0  0
 3  0 1124744  59336   2248  63372 25264 16900 25264 16900 13251 12713  1 38 35 26  0  0
 0  1 1130896  65928   2248  62128 26752 32688 26752 32688 11458 13523  1 42 41 17  0  0
 1  0 1127428  63380   2248  61492 27692 23948 27692 23948 10687 13971  1 39 44 17  0  0
 1  0 1133276  69248   2248  60800 26420 32132 26420 32132 12093 13422  1 40 41 18  0  0
 1  0 1123096  59300   2256  60452 28356 17976 28356 17988 10133 14155  1 37 46 17  0  0
 1  0 1116256  72900   2248  40576 28364 21300 28364 21300 13449 14331  1 39 36 25  0  0
 1  0 1108040  66052   2248  40408 27796 19380 27796 19380 10123 13930  0 38 44 17  0  0
 2  0 1114612  71884   2248  39992 24452 30800 24452 30800 10956 12455  1 43 38 19  0  0
 2  0 1114520  66096   2248  39528 26940 26820 26940 26820 14291 13615  1 41 34 24  0  0
 1  1 1158020  67612   5500  85308 22484 65856 64564 65856 13870 11407  1 63 18 17  0  0
 1  0 1155208  58908   4272  85028 25480 22400 25480 22440 9755 12808  1 39 41 19  0  0
 1  0 1145616  72320   4228  68944 27668 17988 27668 17988 9930 13972  1 37 46 17  0  0
 4  0 1140404  71888   4224  64556 28268 22856 28268 22856 10541 14186  0 42 40 17  0  0
 1  0 1134704  69240   3060  63252 25044 19036 25044 19036 9486 12505  1 38 43 18  0  0
 1  0 1130180  63476   3032  62448 27152 22396 27152 22396 11005 13529  1 40 43 16  0  0
 1  0 1133788  69520   2796  61752 25068 28436 25068 28436 10360 12597  1 41 41 17  0  0
 1  0 1125692  62436   2580  61472 22652 14408 22652 14420 8008 11375  1 36 47 17  0  0
 2  0 1122496  59304   2496  61096 27504 24060 27504 24060 10626 13727  1 40 43 17  0  0
 1  0 1126564  64036   2496  60632 26752 30700 26752 30700 11174 13504  1 42 41 16  0  0
procs -----------memory---------- ---swap-- -----io---- -system-- -------cpu-------
 r  b   swpd   free   buff  cache   si   so    bi    bo   in   cs us sy id wa st gu
 1  0 1130748  66004   2496  61420 27120 31156 28140 31156 11720 13705  0 44 37 18  0  0
 1  0 1127596  61828   2400  58492 27220 23860 27220 23860 10206 13715  0 41 42 16  0  0
 1  0 1129636  72340   2300  55648 26620 28500 26620 28500 10795 13408  1 42 42 16  0  0
 1  0 1118244  61288   2308  54644 26936 15420 26940 15440 9290 13529  1 36 47 17  0  0
 1  0 1124504  70588   2304  52736 26556 32592 26560 32620 11136 13315  1 44 39 17  0  0
 1  0 1127548  70072   2312  55548 27436 30152 31404 30152 12669 13599  1 41 40 19  0  0
 1  0 1118380  58340   2312  54760 24020 14640 24020 14640 8507 12025  1 36 46 17  0  0
 1  0 1123304  64988   2312  53236 22692 27460 22692 27460 13716 11424  0 43 32 24  0  0
 0  1 1125016  71048   2292  43116 26660 28196 26660 28196 10862 13316  1 42 42 16  0  0
 1  0 1108576  63076   2644  42764 29560 12996 29964 13020 9861 14721  1 35 47 17  0  0
 1  0 1112172  64704   2644  44052 26840 30204 28888 30204 10919 13514  1 43 40 17  0  0
 1  0 1113760  65940   2616  43172 28244 29612 28248 29880 16134 14290  0 43 31 26  0  0
 1  0 1114528  70428   2560  42432 28384 28900 28384 28900 13755 14299  1 40 38 22  0  0
 1  0 1116312  70996   2512  41856 26564 28208 26564 28208 11223 13430  1 41 41 17  0  0
 1  0 1112208  68976   2476  41528 26200 21900 26200 21900 13362 13151  0 41 37 22  0  0
 1  0 1107676  63376   2444  41252 27784 23072 27784 23092 12590 13950  1 40 40 20  0  0
 2  0 1159556 118996   2344  39288 21420 73156 21420 73156 15347 10945  1 58 26 15  0  0
 1  0 1141152  99352   2344  39288 22800 4272 22800  4272 7224 11432  1 32 49 18  0  0
 1  0 1111348  71084   2344  39288 29976    0 29976     0 8547 14973  1 32 50 18  0  0
 1  0 1119388  78320   2332  38908 26104 33872 26104 33872 11221 13101  0 46 39 15  0  0
 1  1 1114364  72584   2332  38488 28924 23616 28924 23616 10682 14476  1 39 44 16  0  0
procs -----------memory---------- ---swap-- -----io---- -system-- -------cpu-------
 r  b   swpd   free   buff  cache   si   so    bi    bo   in   cs us sy id wa st gu
 1  0 1119732  71512   2336  37640 26644 31772 26668 31788 11080 13341  1 43 40 16  0  0
 3  0 1109348  59316   2336  37268 29340 18724 29340 18724 10491 14723  1 39 44 16  0  0
 2  2 1143248  88768   2328  52440 24600 58268 37159 58292 14331 12065  1 66 22 11  0  0
 1  0 1143496  62832   2328  74664 28028 27612 41529 27612 12599 13918  2 74 10 15  0  0
 0  1 1147500  70752   2252  72824 23544 27328 23544 27328 10036 11829  0 44 41 15  0  0
 1  0 1132724  57912   2252  71876 29108 14104 29108 14104 9904 14586  1 37 45 17  0  0
 1  0 1141692  70420   2252  69464 27232 35928 27232 35940 12588 13617  1 45 36 19  0  0
 1  0 1140060  68456   2248  67684 29604 27664 29604 27664 16895 14929  1 43 27 29  0  0
 1  0 1134052  64184   2248  66472 23600 17464 23600 17464 13554 11842  1 41 32 26  0  0
 1  0 1121856  64052   2240  55692 26400 13908 26400 13908 14859 13191  0 41 31 29  0  0
 0  1 1120268  60312   2224  54848 30068 28300 30068 28300 17378 15245  1 43 28 29  0  0
 1  0 1123808  66148   2220  54804 30144 33428 30144 33428 17008 15225  1 45 25 29  0  0
 1  0 1127624  69916   2228  54796 29508 33032 29508 33044 16134 14953  1 46 27 27  0  0
 1  0 1129696  72416   2228  54736 29248 31016 29248 31016 16798 14686  1 44 26 29  0  0
 1  0 1132916  67788   2244  62488 28576 31380 36364 31384 16525 14267  0 45 27 28  0  0
 1  0 1136976  72284   2244  62488 27084 30972 27088 30976 14633 13755  1 43 31 25  0  0
 1  0 1134736  69276   2240  62396 28144 25628 28148 25632 14119 14164  1 42 33 24  0  0
 2  0 1136500  70292   2240  62148 27028 28532 27032 28532 12012 13602  0 44 35 21  0  0
 1  0 1132732  67132   2248  61988 20840 16932 20840 16944 10910 10437  1 40 35 25  0  0
 1  0 1140528  68784   2464  65584 26116 33704 30324 33704 14760 13164  0 45 29 26  0  0
 3  0 1136800  69252   2464  65112 29800 25768 29800 25768 15844 15023  1 43 30 26  0  0
procs -----------memory---------- ---swap-- -----io---- -system-- -------cpu-------
 r  b   swpd   free   buff  cache   si   so    bi    bo   in   cs us sy id wa st gu
 0  1 1129496  59016   2464  63664 28784 21244 28808 21244 10324 14448  1 40 43 17  0  0
 1  0 1132860  67140   2464  60764 28328 31484 28328 31484 11389 14235  1 42 42 16  0  0
 5  0 1177944  69112   3468 105772 22948 67904 76442 67984 14644 10807  1 75 18  7  0  0
 2  1 1227328  74956   4856 147500 12316 61568 51456 61568 12745 7386  1 89  2  8  0  0
 0  1 1247736  74152   5292 153040 20696 41004 26031 41004 11007 10962  1 68 17 15  0  0
 0  1 1220736  61404   5292 152820 31304 4096 31304  4096 9578 15646  1 34 48 18  0  0
 1  0 1225652  67352   5292 150812 27780 32352 27780 32352 12043 13920  1 43 42 15  0  0
 1  0 1209432  63968   5292 137840 29456 13048 29456 13048 11700 14845  0 36 44 20  0  0
 1  0 1203220  60520   5184 135132 29876 23420 29884 23848 16035 14911  1 42 32 25  0  0
 1  0 1198184  61564   4668 132252 28864 23536 28868 23536 13700 14437  1 40 38 21  0  0
 1  0 1205472  70780   4264 130504 23484 30660 23484 30660 13489 11756  1 48 25 26  0  0
 1  0 1205464  71876   4124 129564 22224 21984 22224 21984 12687 11107  1 46 27 26  0  0
 0  1 1202672  66084   4104 128552 28664 25708 28664 25708 11608 14346  1 41 43 16  0  0
 1  0 1185076  67212   2320 117164 30240 12420 34112 12468 10392 15196  1 37 45 16  0  0
 0  1 1172588  65824   2308 101560 29700 16976 29700 16976 10686 14799  0 39 44 16  0  0
 1  1 1171384  70136   2276  99456 28664 27292 28664 27292 11502 14436  1 42 41 16  0  0
 1  0 1171640  75452   2260  94916 28844 28800 28844 28800 11913 14476  1 43 41 16  0  0
 1  0 1159124  61836   2256  93040 28084 15356 28084 15356 10024 14061  1 38 45 17  0  0
 0  1 1158340  65584   2260  90864 24640 23708 25164 23732 10597 12458  0 43 40 17  0  0
 0  1 1161544  68104   2256  88864 27156 30112 27156 30112 11481 13551  0 44 41 15  0  0
 1  0 1160968  70636   2256  86844 29236 28436 29236 28436 12095 14750  1 43 42 16  0  0
procs -----------memory---------- ---swap-- -----io---- -system-- -------cpu-------
 r  b   swpd   free   buff  cache   si   so    bi    bo   in   cs us sy id wa st gu
 2  0 1149304  58560   2252  85556 29568 17644 29592 17644 10577 14744  1 39 44 16  0  0
 0  1 1138484  58812   2240  74368 26984 15940 26984 15940 9864 13506  1 38 45 16  0  0
 0  1 1176420 108016   2324  64084 19936 57796 20432 58004 12716 10327  0 58 28 14  0  0
 1  0 1144940  78336   2332  64088 31780    0 31784    12 8938 15733  1 32 50 18  0  0
 1  0 1135296  70896   2308  61656 29292 19400 29292 19400 10782 14499  1 41 43 16  0  0
 2  0 1126468  63988   2284  57968 29424 20404 29424 20404 13166 14736  1 40 39 20  0  0
 2  0 1128496  59908   2416  55180 29164 30960 29372 30960 12190 14628  1 42 41 16  0  0
 1  0 1132232  70348   2392  58128 21272 24784 26288 24784 13427 10788  0 46 31 23  0  0
 1  0 1131176  71840   2376  55676 28116 26864 28116 26876 11034 14135  1 41 42 17  0  0
 0  1 1121568  64800   2364  54616 23492 13656 23492 13656 8341 11862  1 36 47 17  0  0
 1  0 1109696  66288   2320  42304 21876 9788 21876  9788 9097 10536  1 36 42 20  0  0
 0  1 1106872  62216   2316  41828 25356 22240 25356 22240 10675 12184  1 40 41 18  0  0
 2  0 1112380  57620   2300  41056 27116 32308 27116 32308 11489 13507  1 42 41 16  0  0
 0  1 1114972  72008   2272  40532 26892 29316 26892 29316 11006 13499  0 41 42 16  0  0
 2  0 1110016  66184   2396  40380 28708 23516 28848 23528 10897 14454  1 38 45 17  0  0
 1  0 1110660  68352   2380  40288 23444 23876 23444 23876 9504 11700  1 39 44 16  0  0
 1  0 1132104  71912   2340  56784 20812 42088 37508 42088 11702 10452  1 46 36 17  0  0
 1  0 1122252  74448   2312  42044 22760 12488 23948 12488 9079 11303  1 33 44 23  0  0
 0  1 1115256  64096   2300  48776 21320 14124 28116 14124 9932 10645  1 33 41 26  0  0
 1  0 1117376  67140   2284  48428 18488 20468 18488 20468 9829 9395  0 34 41 26  0  0
 1  0 1122268  71896   2268  47868 24860 29504 24860 29516 11932 12473  1 38 39 23  0  0
procs -----------memory---------- ---swap-- -----io---- -system-- -------cpu-------
 r  b   swpd   free   buff  cache   si   so    bi    bo   in   cs us sy id wa st gu
 1  0 1111496  60624   2256  47564 24724 13708 24748 13708 8623 12361  1 33 46 21  0  0
 2  0 1118184  69188   2232  46876 24060 30652 24060 30652 10513 12283  1 39 40 20  0  0
 0  1 1111508  59880   2232  46544 23524 16640 23524 16640 8866 11822  1 34 45 20  0  0
 0  1 1117192  66416   2232  46108 23316 28768 23316 28768 10104 11777  0 38 43 19  0  0
 1  0 1120640  70616   2232  45588 24256 27460 24256 27460 10142 12203  1 38 43 20  0  0
 0  1 1112100  62252   2240  45448 22680 13980 22680 13992 8465 11440  1 32 46 21  0  0
 2  0 1104220  60084   2244  40248 21748 13608 21760 13608 8019 10880  1 34 46 20  0  0
 1  0 1117232  74036   2236  40140 22892 35700 22892 35700 13611 11565  1 40 33 25  0  0
 1  0 1107848  64712   2236  40116 24952 15320 24952 15320 9028 12573  1 33 46 21  0  0
 1  0 1113976  69980   2236  40016 23548 29460 23548 29460 10136 11934  1 39 41 20  0  0
 1  0 1103636  61304   2236  39972 25576 15060 25576 15060 9168 12899  1 33 46 21  0  0
 1  0 1103904  58952   2244  39936 23196 23312 23196 23324 10176 11702  1 35 43 21  0  0
 1  0 1113908  72308   2244  39892 21864 31644 21864 31652 9918 11019  1 40 41 19  0  0
 0  1 1104620  60968   2244  39896 24768 15240 24772 15240 9522 12390  1 32 46 21  0  0
 1  0 1160824 118924   2196  39788 18356 74304 18356 74308 13274 9469  1 58 23 19  0  0
 1  0 1142424  98260   2196  39792 18536    0 18540     0 5738 9233  1 26 51 23  0  0
 0  1 1121476  73324   2324  42616 21188    0 24140     0 6491 10574  0 28 49 22  0  0
 1  0 1112876  65380   2340  42404 24332 15436 24340 15460 8806 12179  1 32 46 21  0  0
 0  1 1103976  59344   2288  41972 23940 14836 23940 14836 8754 12009  1 32 46 21  0  0
 0  1 1107840  63000   2212  41264 20476 24136 20476 24136 8554 10383  1 35 44 21  0  0
 0  0 1115504  72672   2208  40484 20456 27940 20456 27940 9690 10388  1 35 42 22  0  0
procs -----------memory---------- ---swap-- -----io---- -system-- -------cpu-------
 r  b   swpd   free   buff  cache   si   so    bi    bo   in   cs us sy id wa st gu
 0  0 1104164  58464   2208  40192 26068 14524 26092 14524 12447 13101  1 33 40 27  0  0
 0  1 1126744  69156   2208  51468 20308 42708 28330 42708 12087 10533  0 55 27 18  0  0
 0  1 1112848  61864   2164  48032 24824 10768 24824 10780 8446 12363  1 33 46 21  0  0
 2  0 1109952  58624   2164  46956 23404 20280 23404 20280 9042 11768  1 35 44 20  0  0
 0  1 1116036  64800   2164  45756 21968 27868 21968 27868 9716 11139  0 40 41 19  0  0
 2  0 1111312  64280   2164  45048 24840 19876 24840 19876 9376 12445  1 35 44 20  0  0
 0  1 1111528  59180   2164  43616 23712 23692 23712 23692 9446 11933  0 38 42 19  0  0
 0  1 1115044  69864   2164  42928 24836 28164 24836 28164 13823 12577  1 38 33 28  0  0
 0  1 1110044  60540   2172  42360 24004 18716 24004 18728 9106 12027  0 36 43 21  0  0
 1  0 1114652  66572   2172  41128 22596 26960 22596 26960 9672 11390  1 39 42 19  0  0
 1  0 1108640  60176   2172  40480 19952 13732 19952 13732 10024 9981  1 35 39 24  0  0
 1  0 1114760  74044   2144  37472 24656 30520 24656 30520 11749 12319  1 40 38 21  0  0
 1  0 1104828  65420   2144  37176 25668 15516 25668 15516 9127 12846  1 34 46 20  0  0
 0  1 1115468  77012   2144  36328 23980 34372 23980 34372 10670 11974  1 42 40 18  0  0
 1  0 1103852  59624   2152  36100 26356 14372 26356 14384 9179 13040  0 34 46 20  0  0
 1  0 1108816  67964   2428  37388 24228 28932 26204 28932 10245 12083  1 40 41 18  0  0
 2  0 1104752  63784   2428  37020 24968 20708 24968 20708 9486 12542  1 37 44 20  0  0
 1  0 1104296  63036   2428  36792 25860 25148 25860 25148 10090 12887  0 38 42 19  0  0
 0  1 1107372  68276   2428  36476 24464 27344 24464 27344 10168 12407  1 39 41 19  0  0
 0  1 1155200 115740   2428  33596 17784 65472 17784 65472 12410 9074  1 55 28 17  0  0
 0  1 1127804  88020   2436  33596 27560    0 27560    12 7969 13661  1 28 51 21  0  0
procs -----------memory---------- ---swap-- -----io---- -system-- -------cpu-------
 r  b   swpd   free   buff  cache   si   so    bi    bo   in   cs us sy id wa st gu
 2  1 1107924  64832   2436  33596 27132 7000 27156  7000 8627 13393  0 32 48 20  0  0
 1  0 1111380  64736   2436  40544 23792 27064 30700 27080 10078 11764  1 40 41 19  0  0
 2  0 1113576  69244   2436  41224 23904 25792 24584 25792 9759 11993  1 38 42 19  0  0
 3  0 1106244  57868   2700  41512 24484 16884 25044 16884 11415 12230  1 35 40 24  0  0
 1  0 1129592  65372   2588  61404 21108 44352 38112 44372 12772 10700  1 47 32 20  0  0
 3  0 1138292  74232   2588  61380 23268 31836 23268 31836 10532 11928  1 41 39 19  0  0
 1  0 1170552 107208   2588  61380 16400 48524 16400 48524 12681 8681  1 50 19 30  0  0
 1  0 1147420  80496   2588  61380 23268    0 23268     0 12748 11627  1 29 38 32  0  0
 1  0 1140460  73556   2588  63616 26776 19596 29288 19596 15232 13429  1 36 34 30  0  0
 1  0 1140104  69968   2588  63004 24012 23472 24012 23472 9736 12118  1 38 43 19  0  0
 0  1 1137932  73304   2596  62472 21284 19004 21284 19016 8554 10815  1 35 45 20  0  0
 1  0 1126372  58492   2596  62228 25904 14132 25904 14132 9035 12987  1 34 46 20  0  0
 2  1 1124008  59704   2584  61600 25072 22504 25072 22504 9894 12572  1 38 42 19  0  0
 1  0 1133756  69760   2532  61232 24136 33700 24136 33700 11032 12302  1 40 39 21  0  0
 1  0 1137776  76528   2312  59380 23324 27200 23324 27212 9864 11763  1 38 42 19  0  0
 0  1 1142884  70068   3628  73072 25976 33472 37240 33508 11209 12405  1 47 35 17  0  0
 1  0 1138936  69776   3628  69488 23492 19432 23496 19432 9132 11866  1 37 44 19  0  0
 3  0 1128016  58424   3628  69140 26196 15084 26196 15084 12932 13210  1 35 39 26  0  0
 0  1 1138048  65592   3628  68592 24068 33992 24068 33992 10761 12207  1 41 40 19  0  0
 0  1 1129048  61588   3628  68396 22640 13516 22640 13516 8291 11458  0 34 46 20  0  0
 0  1 1129096  60076   3628  68044 21784 21732 21784 21732 8971 11128  1 38 43 19  0  0
procs -----------memory---------- ---swap-- -----io---- -system-- -------cpu-------
 r  b   swpd   free   buff  cache   si   so    bi    bo   in   cs us sy id wa st gu
 3  0 1149776  84184   3540  66112 24372 44824 24396 44848 11944 12176  1 47 37 17  0  0
 1  0 1124888  59996   3536  64076 27992 2940 27992  2940 8429 13897  1 28 51 21  0  0
 2  0 1129764  69176   3536  61228 24704 29476 24704 29476 10473 12528  1 40 41 18  0  0
 1  0 1133928  68672   3536  58572 24756 28740 24756 28740 10492 12517  1 40 41 18  0  0
 1  0 1120988  64316   3412  57172 26856 13712 26856 13712 9322 13381  1 34 47 19  0  0
 1  1 1123504  70424   3412  53888 25648 27948 25648 27948 10726 12895  1 39 41 19  0  0
 0  1 1116356  64164   3420  52272 26116 18840 26116 18852 12973 13208  1 36 37 26  0  0
 1  0 1118708  65076   3420  51004 25316 27460 25928 27460 10472 12712  1 40 42 18  0  0
 1  0 1111044  61596   3420  49896 26556 18664 26556 18664 9844 13342  1 36 45 18  0  0
 3  0 1147968 104760   2196  46148 20468 57244 20468 57460 15175 10716  1 54 20 25  0  0
 1  0 1147292 103500   2344  46152 20604 19844 20756 19844 8204 10399  1 36 42 22  0  0
 1  0 1119492  74772   2344  46152 27920    0 27920     0 8081 13924  1 29 51 20  0  0
 1  0 1116428  72800   2348  46060 18156 14856 18156 14868 7171 9076  1 32 46 20  0  0
 1  0 1104888  59924   2348  47864 26280 14552 28844 14552 9314 13222  1 36 45 19  0  0
 1  0 1111264  66620   2348  46752 21584 27816 21584 27816 9458 10898  1 38 42 20  0  0
 1  0 1113648  68116   2348  45720 25180 27416 25180 27416 10323 12683  0 39 42 18  0  0
 1  0 1121720  79848   2348  44480 22116 30020 22116 30020 9767 11130  1 39 42 19  0  0
 3  0 1118428  82828   2120  38724 25124 21668 25124 21668 9465 12663  1 37 43 19  0  0
 1  0 1145268 108496   2276  38740 19584 46364 19732 46376 10725 10049  1 47 32 20  0  0
 2  0 1117320  63084   2276  50872 28136    0 36222     0 8312 14173  1 39 40 20  0  0
 1  1 1144932  70960   2204  75424 19324 46768 36275 46768 12084 10128  2 78  3 17  0  0
procs -----------memory---------- ---swap-- -----io---- -system-- -------cpu-------
 r  b   swpd   free   buff  cache   si   so    bi    bo   in   cs us sy id wa st gu
 1  0 1134676  62444   2188  74328 25268 14588 25292 14588 8966 11778  1 41 35 24  0  0
 1  0 1142972  74084   2176  71812 23276 31404 23276 31404 10744 11731  0 41 39 19  0  0
 1  0 1129420  60400   2176  71344 27936 14176 28528 14176 12834 14044  0 35 40 26  0  0
 1  0 1132868  62672   2184  69384 26080 29344 26080 29356 10948 13120  1 40 41 18  0  0
 1  0 1129708  64880   2192  62032 26676 23348 30220 23348 12021 13511  1 38 40 21  0  0
 0  1 1132212  72532   2172  61868 26016 28316 26016 28316 15088 13204  0 41 29 30  0  0
 4  0 1132252  73252   2148  61640 26208 26028 26208 26028 12593 13273  1 39 36 24  0  0
 1  0 1129820  70104   2128  61276 27352 24740 27352 24740 14424 13717  1 38 36 25  0  0
 0  1 1122456  58952   2128  61128 22216 14676 22216 14676 7922 11189  1 37 44 19  0  0
 1  0 1127704  68844   2136  60928 22128 27164 22128 27176 13511 11226  1 41 31 28  0  0
 1  0 1126444  68032   2136  60632 27828 26448 27828 26448 14770 14012  1 40 32 27  0  0
 0  1 1121792  61884   2136  60448 27552 22656 27552 22656 12412 13910  0 38 38 23  0  0
 0  1 1128988  72244   2132  57888 25584 32596 25584 32596 11217 12998  1 40 42 17  0  0
 0  1 1120452  66728   2132  55828 27444 18780 27444 18780 9788 13946  0 37 45 18  0  0
 0  1 1121820  70712   2128  52784 27536 28772 27536 28772 14400 14009  1 39 36 24  0  0
 1  0 1107132  58184   2136  51580 28084 13228 28084 13240 12984 14054  1 34 40 25  0  0
 1  0 1115756  70356   2136  48128 23024 31520 23024 31520 9854 11711  1 40 41 18  0  0
 3  0 1104872  61068   2136  46096 27912 16860 27912 16860 13766 14021  1 36 38 25  0  0
 0  1 1111060  70356   2136  43212 26100 32060 26100 32060 10873 13184  1 40 42 18  0  0
 2  0 1101892  67968   2148  33940 21760 12292 21772 12300 9734 10872  1 38 40 22  0  0
 1  0 1113376  64092   2152  51780 21700 32864 40480 32864 10529 10575  1 46 36 18  0  0
procs -----------memory---------- ---swap-- -----io---- -system-- -------cpu-------
 r  b   swpd   free   buff  cache   si   so    bi    bo   in   cs us sy id wa st gu
 1  0 1117464  68584   2572  51380 27300 31264 27796 31304 14492 13890  1 42 32 25  0  0
 2  0 1123672  68896   2572  54188 26980 32968 29836 32968 12209 13600  1 42 38 19  0  0
 0  1 1117676  62308   2572  54032 27364 21228 27364 21228 10548 13816  1 37 45 17  0  0
 1  0 1120936  67852   2572  53928 26788 29864 26788 29864 11321 13554  1 41 42 17  0  0
 1  0 1126572  72892   2572  53840 26452 31924 26452 31924 11321 13166  1 41 41 17  0  0
 3  1 1134184  73784   2492  62336 23064 30536 38963 30536 14357 12189  0 64 20 16  0  0
 1  0 1148496  66668   2428  81656 22572 36824 37226 36836 14455 11740  1 68 14 17  0  0
 2  0 1150972  72724   2396  80316 26496 28752 26496 28752 11006 13297  0 41 42 17  0  0
 3  0 1139744  62568   2364  78808 27468 15956 27468 15956 9714 13793  1 37 45 18  0  0
 1  0 1141516  65668   2332  77104 25112 26780 25112 26780 10128 12683  1 39 43 17  0  0
 0  1 1144956  63156   2300  75484 24108 27416 24108 27416 10133 12204  1 41 42 18  0  0
 1  1 1141968  69640   2288  74820 21752 18492 21752 18492 11442 10811  1 39 38 22  0  0
 0  1 1142644  68976   2256  73064 27536 28060 27536 28072 14771 13839  1 40 36 23  0  0
 1  0 1125724  64064   2116  64704 29664 12556 29664 12556 9940 14936  0 37 45 17  0  0
 1  0 1129832  72128   2116  59248 27360 31208 27360 31208 11714 13646  0 42 42 16  0  0
 1  0 1115448  60204   2116  57820 28988 14476 28988 14476 10166 14549  1 35 47 18  0  0
 0  1 1117256  64528   2392  55004 26828 28496 27104 28496 14598 13635  1 42 34 24  0  0
 1  0 1118668  68888   2392  52276 27508 28716 27508 28716 11143 13789  1 40 42 17  0  0
 0  1 1110704  62840   2400  50252 27060 18900 27060 18912 9916 13621  1 38 45 17  0  0
 0  1 1109488  61696   2400  49540 28088 26720 28088 26720 13370 14153  1 41 36 22  0  0
 0  1 1111272  63256   2400  49220 25516 27140 25516 27140 10235 12917  0 41 41 17  0  0
procs -----------memory---------- ---swap-- -----io---- -system-- -------cpu-------
 r  b   swpd   free   buff  cache   si   so    bi    bo   in   cs us sy id wa st gu
 0  1 1120096  75112   2180  47340 25124 33784 25148 33784 12218 12703  1 45 36 19  0  0
 0  1 1113224  65212   2180  47344 26848 19808 26848 19808 9847 13501  1 37 46 17  0  0
 2  0 1112696  63488   2180  47292 21728 21068 21728 21068 8788 10986  1 39 45 16  0  0
 0  1 1107120  62132   2188  47288 28424 22672 28424 22684 10683 14328  1 39 44 17  0  0
 1  0 1111232  58192   2176  54844 27776 31716 35316 31724 11616 13607  1 44 40 16  0  0
 1  1 1123092  69636   2136  54848 26812 38512 26816 38512 12262 13524  1 43 40 16  0  0
 1  0 1125420  69176   2136  56152 27624 29740 28928 29740 11136 13928  1 40 43 17  0  0
 0  1 1137436  84484   2124  54520 26836 38576 26836 38576 11828 13261  1 44 40 16  0  0
 0  1 1110496  58780   2124  54520 27144    0 27144     0 7805 13500  1 30 51 18  0  0
 1  0 1114344  64672   2132  53092 25752 29484 25752 29508 10249 13013  1 41 41 17  0  0
 0  1 1123900  70756   2420  54372 26992 36348 30316 36348 12614 13633  1 43 40 17  0  0
 1  0 1113196  62168   2420  53520 29296 18412 29296 18412 14734 14626  1 37 37 26  0  0
 1  1 1140112  86424   2420  57032 23180 50020 28283 50020 13582 11986  1 55 30 14  0  0
 1  1 1145480  64180   2420  84312 23628 28840 43660 28840 11211 12425  0 78  7 15  0  0
 1  0 1179856 111800   2100  70632 23308 57584 23308 57584 12523 11813  1 50 34 16  0  0
 1  0 1153012  80552   2260  70632 26980    0 27132    12 9363 13400  1 33 46 21  0  0
 2  0 1143524  76168   2248  69788 24364 14748 24364 14748 14349 12170  1 40 32 28  0  0
 1  0 1137632  68184   2228  67952 28644 22664 28644 22664 11330 14439  1 39 42 19  0  0
 0  1 1137516  69200   2204  66260 26772 26552 26772 26552 10642 13463  0 40 44 16  0  0
 0  1 1122000  59036   2192  65552 28928 13300 28928 13300 9766 14525  1 37 46 17  0  0
 1  0 1124996  64000   2184  64348 28288 31168 28288 31168 14688 14370  1 43 34 22  0  0
procs -----------memory---------- ---swap-- -----io---- -system-- -------cpu-------
 r  b   swpd   free   buff  cache   si   so    bi    bo   in   cs us sy id wa st gu
 0  1 1128532  67604   2192  62696 27612 31036 27636 31048 14946 13988  0 41 35 24  0  0
 0  1 1139636  86660   2176  53652 26532 37544 26532 37560 11586 13477  1 44 39 16  0  0
 2  0 1111232  57656   2252  53656 30620 2064 30700  2064 8922 15298  1 33 50 18  0  0
 0  1 1109380  61908   2228  51008 28900 26900 28900 26904 15036 14497  1 41 35 23  0  0
 2  0 1115348  69120   2216  49832 20344 26216 20348 26220 13038 10349  1 44 31 25  0  0
 0  1 1105096  58596   2216  48340 26856 16520 26860 16520 9450 13457  0 38 44 17  0  0
 1  0 1111056  65040   2224  46432 26888 32744 26888 32756 12338 13680  1 43 38 18  0  0
 1  0 1109308  67196   2212  44980 27900 26012 27900 26012 11717 14017  1 42 40 18  0  0
 1  0 1098404  66872   2212  34772 27508 16476 27508 16476 11491 13806  1 38 41 21  0  0
 2  0 1090692  59124   2212  34756 28500 20640 28500 20640 12642 14306  1 37 41 21  0  0
 0  1 1102216  71252   2212  34368 25868 37292 25868 37292 12183 13101  1 43 38 18  0  0
 0  1 1093444  62796   2212  34172 29168 20264 29168 20264 11254 14737  1 40 42 18  0  0
 1  0 1102536  72944   2220  33856 24308 33332 24308 33344 10473 12327  1 42 41 16  0  0
 1  0 1100900  70728   2220  33636 29276 27544 29276 27544 12423 14825  1 42 37 21  0  0
 1  0 1090060  59608   2220  33528 25776 14836 25776 14836 9062 13063  1 38 44 18  0  0
 1  0 1101204  71508   2220  33292 21516 32576 21516 32576 10378 10954  1 44 36 19  0  0
 1  0 1107692  78684   2212  32396 28240 34596 28240 34596 17328 14269  1 44 28 28  0  0
 1  0 1093856  65396   2212  32384 30420 16448 30420 16448 14431 15353  1 37 37 25  0  0
 2  0 1095156  60536   2952  34908 27200 28404 30480 28416 12388 13841  1 41 39 20  0  0
 1  0 1103052  68748   2956  36248 25356 33228 26744 33228 10901 12890  1 43 41 16  0  0
 1  0 1103492  65540   2956  36208 28248 28572 28248 28572 16006 14322  1 41 33 25  0  0
procs -----------memory---------- ---swap-- -----io---- -system-- -------cpu-------
 r  b   swpd   free   buff  cache   si   so    bi    bo   in   cs us sy id wa st gu
 1  0 1102720  69668   2956  36188 27464 26576 27488 26576 10675 13897  1 41 42 16  0  0
 3  0 1096380  54020   2960  45064 29696 23312 30472 23312 14880 15035  1 40 35 25  0  0
 0  1 1134668  69956   2780  68388 18820 57000 47476 57000 12763 9437  1 58 21 20  0  0
 3  0 1126700  58808   2708  68336 25744 17524 25744 17536 11759 13035  1 39 39 22  0  0
 1  0 1135460  71884   2580  67948 25612 34408 25612 34408 11284 13042  1 44 40 15  0  0
 1  0 1134920  71800   2480  67700 28452 27788 28452 27796 15182 14411  0 42 34 24  0  0
 1  0 1128420  65124   2400  68208 28528 21908 29208 21912 13283 14307  1 40 38 21  0  0
 1  0 1127608  60204   2324  67932 27856 26960 27860 26960 12889 14028  1 42 36 21  0  0
 1  0 1131068  67512   2252  67696 27664 31032 27664 31032 10837 14076  1 42 40 17  0  0
 1  0 1178208 116152   2256  66808 21040 68120 21040 68144 14260 10771  1 56 27 17  0  0
 0  0 1156152  93724   2256  66808 22136    0 22136     0 12189 11103  1 32 38 29  0  0
 1  0 1123896  60964   2256  66808 32408    0 32408     0 17311 16159  0 33 35 32  0  0
 1  0 1124952  62768   2256  64448 27748 28660 27748 28660 11488 13983  1 41 41 18  0  0
 1  0 1128888  67560   2256  61808 28064 31848 28064 31848 11444 14115  1 42 42 16  0  0
 1  0 1127588  71900   2256  59664 28720 27308 28720 27308 11711 14516  1 42 40 18  0  0
 1  0 1126808  73544   2264  57516 27800 26916 27800 26928 10773 14133  0 42 42 16  0  0
 1  0 1112912  59148   2264  56248 29328 15368 29328 15368 10133 14736  1 36 47 16  0  0
 1  0 1153240 119976   2196  37544 23116 63336 23128 63352 13105 11785  1 53 33 14  0  0
 1  0 1131200  97548   2200  37548 22144    0 22152     0 12142 10967  1 34 38 27  0  0
 1  0 1097896  64284   2200  37548 33464    0 33464     0 17814 16717  1 32 35 33  0  0
 1  0 1104828  71540   2200  37024 27256 34044 27256 34044 12580 13733  1 44 38 17  0  0
procs -----------memory---------- ---swap-- -----io---- -system-- -------cpu-------
 r  b   swpd   free   buff  cache   si   so    bi    bo   in   cs us sy id wa st gu
 1  0 1104568  69436   2208  38564 28720 28304 30688 28316 11274 14463  0 43 41 15  0  0
 1  0 1105312  69132   2208  38156 29788 30436 29788 30436 14604 15095  1 44 31 24  0  0
 1  0 1103136  60340   2208  37808 28632 26388 28632 26388 11159 14406  0 43 41 15  0  0
 1  0 1103868  62172   2208  35948 28328 28888 28424 28888 11337 14124  1 42 41 16  0  0
 1  0 1111500  72560   2208  35528 26880 34460 26880 34460 11730 13572  1 44 40 16  0  0
 1  0 1101352  70436   2208  35376 29776 19508 29776 19508 12866 14980  1 39 38 21  0  0
 2  0 1096064  62008   2216  35120 25460 19968 25460 19980 9496 12714  1 39 45 16  0  0
 3  0 1105352  64156   2220  39124 22112 31288 26248 31288 10133 11228  1 44 39 16  0  0
 2  0 1096736  57916   2220  38952 29900 21200 29900 21200 10544 15041  1 38 45 16  0  0
 1  0 1099264  64444   2220  38780 28288 30688 28288 30688 11492 14102  1 43 41 16  0  0
 4  0 1139600  98516   2124  44312 23812 64000 27536 64000 14389 12181  0 57 30 12  0  0
 1  0 1130372  59872   2128  71800 28728 19052 54458 19052 10758 14252  1 45 39 15  0  0
 1  0 1141148  73216   2268  71008 20804 31524 20944 31536 11045 10791  1 46 37 17  0  0
 3  0 1129364  63160   2268  69716 30796 18828 30796 18828 14076 15499  1 39 38 23  0  0
 1  0 1137844  71816   2268  68068 28188 36580 28188 36580 12763 14274  1 43 39 18  0  0
 1  0 1132512  67432   2268  67532 29608 24192 29608 24192 13276 15039  1 40 40 20  0  0
 1  0 1125500  60800   2268  66884 29676 22532 29676 22532 10796 14995  0 40 44 17  0  0
 1  0 1111992  65188   2252  48616 30392 16772 30392 16772 10580 15400  1 37 46 16  0  0
 1  0 1106620  61668   2244  48276 29184 23628 29184 23640 11004 14645  1 37 45 17  0  0
 1  0 1123960  71196   2244  47584 27652 44812 27652 44812 12787 13955  1 47 38 15  0  0
 1  0 1115788  63180   2244  47360 22968 14660 22968 14660 8454 11548  1 38 46 16  0  0
procs -----------memory---------- ---swap-- -----io---- -system-- -------cpu-------
 r  b   swpd   free   buff  cache   si   so    bi    bo   in   cs us sy id wa st gu
 1  0 1122876  78436   2244  46876 25848 32708 25872 32708 11004 13122  1 41 42 16  0  0
 1  0 1111768  65848   2244  46688 30296 18984 30296 18988 10845 15231  1 38 45 16  0  0
 1  0 1112508  69260   2244  46408 26812 27412 26816 27416 12670 13483  1 40 40 20  0  0
 1  0 1108844  65760   2252  46192 25832 22028 25836 22044 9777 12944  1 38 45 17  0  0
 1  0 1101812  61720   2252  42696 29964 22772 29968 22772 11020 14944  1 41 43 16  0  0
 1  0 1109984  68524   2252  41708 26028 34112 26028 34112 12275 12953  0 44 40 16  0  0
 1  0 1111496  73352   2252  40928 28584 29916 28584 29916 11330 14378  1 41 42 17  0  0
 2  0 1107448  67580   2252  40296 28020 23748 28020 23748 10760 14171  0 39 45 16  0  0
 2  0 1109116  68852   2260  39488 28288 29888 28288 29900 11345 14379  1 42 42 15  0  0
 3  0 1097744  60048   2260  39008 30036 18552 30036 18552 10689 15087  1 38 45 16  0  0
 1  0 1101896  66264   2260  38380 24428 28460 24428 28460 10261 12336  0 42 42 16  0  0
 1  0 1100464  69316   2240  32664 28364 26784 28364 26784 11137 14359  1 40 42 16  0  0
 1  0 1092084  62500   2240  32640 28608 20036 28608 20036 10401 14324  0 38 45 16  0  0
 1  0 1099368  70060   2240  32516 28868 35828 28868 35828 12997 14519  1 43 39 18  0  0
 1  0 1103308  70044   2248  36844 27396 31384 31768 31396 11485 13847  0 44 41 16  0  0
 1  0 1108032  71072   2960  39664 27640 32200 31200 32208 12390 13993  1 44 39 16  0  0
 1  0 1108572  70284   2960  40496 27564 27940 28396 27944 11037 14003  0 42 42 16  0  0
 1  0 1107620  68584   2960  40496 27644 26564 27648 26568 11751 13904  1 40 42 17  0  0
 1  0 1121128  67508   2968  56840 26780 40164 39304 40168 12132 13374  1 47 38 15  0  0
 1  0 1126984  71532   2848  56792 23152 28828 23156 28828 10153 11720  0 44 40 15  0  0
 1  0 1117892  62380   2796  56712 24356 15096 24356 15132 8579 12249  0 37 46 17  0  0
procs -----------memory---------- ---swap-- -----io---- -system-- -------cpu-------
 r  b   swpd   free   buff  cache   si   so    bi    bo   in   cs us sy id wa st gu
 1  0 1125628  69732   2664  56696 28992 36564 29016 36564 12250 14682  1 43 40 15  0  0
 1  0 1123872  70764   2568  56556 29136 27304 29136 27304 11141 14754  1 40 43 16  0  0
 1  0 1122576  68536   2488  56492 28528 27100 28528 27100 11091 14413  1 40 43 17  0  0
 1  0 1115348  60440   2452  56440 28932 21528 28932 21528 10592 14449  1 39 44 16  0  0
 1  0 1127404  75196   2436  55596 23644 35524 23644 35524 10309 11924  1 42 40 17  0  0
 1  0 1126120  72684   2440  55684 21432 20076 22060 20088 8534 10886  0 37 44 18  0  0
 3  0 1121408  62852   2436  55060 25104 20248 25104 20248 9437 12557  1 39 44 17  0  0
 1  0 1118060  60732   2436  54780 25508 22048 25508 22048 9749 12888  1 38 44 17  0  0
 0  1 1129272  75656   2436  54008 21472 32620 21472 32620 9682 10968  1 41 41 17  0  0
 1  0 1121360  68032   2436  53600 26520 18440 26520 18440 9669 13262  0 37 45 17  0  0
 1  0 1125696  72632   2436  53056 28220 32396 28220 32396 11453 14139  1 43 41 16  0  0
 1  0 1125416  73508   2444  52692 25928 25456 25928 25468 10103 12946  1 38 43 18  0  0
 3  0 1115276  68500   2436  49132 28812 18476 28812 18476 10135 14439  1 37 45 17  0  0
 1  0 1109472  61176   2436  48344 27328 21380 27328 21380 10137 13728  1 39 44 17  0  0
 1  0 1115516  68840   2436  46588 27684 33628 27684 33628 11446 14039  0 44 40 15  0  0
 1  0 1115472  69576   2436  45124 29152 28944 29152 28944 11465 14677  0 41 43 16  0  0
 1  0 1108112  61764   2436  44484 22016 14548 22016 14548 8200 11158  1 38 45 16  0  0
 1  0 1106860  61764   2444  43284 28444 27120 28444 27132 11502 14405  1 41 44 16  0  0
 1  0 1110692  69812   2444  43828 28196 32000 30080 32000 16171 14294  1 44 30 25  0  0
 3  0 1140960 104580   2324  39376 25936 55968 25936 56076 13712 12876  0 52 33 14  0  0
 1  0 1137372 101304   2592  39384 22784 19104 23056 19104 8877 11241  1 39 44 16  0  0
procs -----------memory---------- ---swap-- -----io---- -system-- -------cpu-------
 r  b   swpd   free   buff  cache   si   so    bi    bo   in   cs us sy id wa st gu
 1  0 1105036  65880   2592  41900 32444    0 35036     0 9247 16203  1 33 50 17  0  0
 1  0 1104552  65176   2704  41468 29620 29032 29732 29032 13202 15001  1 42 39 18  0  0
 1  0 1109352  69688   2712  40884 28620 33244 28620 33256 11735 14438  1 43 41 16  0  0
 1  0 1108268  65188   2712  41620 28712 27476 29812 27476 11387 14446  1 41 43 16  0  0
 1  0 1097948  58416   2716  42192 28652 18268 29476 18268 11037 14467  1 38 44 17  0  0
 1  0 1097044  58260   2716  41844 28536 27460 28536 27460 11236 14334  0 40 43 16  0  0
 1  0 1111224  75064   2396  38548 27832 41860 28292 41868 13250 14089  1 44 39 17  0  0
 1  0 1099204  62444   2308  38416 27248 15172 27252 15172 12871 13790  1 38 40 22  0  0
 3  0 1145176  62432   2308  83312 18888 64748 50964 64772 14736 9555  0 84  6 10  0  0
 1  0 1170380  68832   2748 101716 23300 48072 34251 48072 12396 10135  1 83  7  9  0  0
 1  0 1177060  70752   2748 101516 27820 34356 27820 34356 11616 14087  1 44 39 16  0  0
 1  0 1215592 121152   2164  96476 23324 61728 23324 61728 13876 11836  1 54 32 14  0  0
 1  0 1183504  89960   2164  96476 32244    0 32244     0 9098 16059  1 33 50 17  0  0
 3  0 1157268  60904   2164  96168 31504 5120 31504  5120 9440 15696  1 33 49 17  0  0
 1  0 1163156  69268   2172  94104 26120 31912 26120 31924 11216 13118  1 44 39 15  0  0
 0  1 1157056  67344   2172  92592 27244 21012 27244 21012 12798 13779  1 40 38 22  0  0
 1  0 1147276  59188   2172  91768 22936 13028 22936 13028 13415 11483  1 39 34 26  0  0
 1  1 1156068  68352   2172  89924 23092 31800 23092 31800 10807 11699  1 44 39 16  0  0
 0  1 1151100  63596   2172  88688 26512 21376 26512 21376 9985 13541  0 41 43 16  0  0
 1  1 1155216  71316   2172  87320 21620 25644 21620 25644 9482 11107  1 42 41 17  0  0
 1  0 1184928 123136   2160  64496 25908 55468 25908 55500 13228 13075  1 51 34 15  0  0
procs -----------memory---------- ---swap-- -----io---- -system-- -------cpu-------
 r  b   swpd   free   buff  cache   si   so    bi    bo   in   cs us sy id wa st gu
 1  0 1154392  91932   2160  64704 30704    0 30968     0 8738 15244  1 31 51 17  0  0
 0  1 1122860  61200   2160  64760 31772    0 31772     0 8953 15726  1 31 51 18  0  0
 2  0 1123488  64896   2148  60972 27128 27600 27128 27600 11549 13629  1 41 40 18  0  0
 1  0 1129000  74284   2148  57852 26284 31712 26864 31712 11262 13351  1 45 40 15  0  0
 1  0 1112624  60028   2148  56448 29756 13256 29756 13256 9946 14885  1 36 47 17  0  0
 1  1 1110628  59740   2156  53244 27508 25380 27508 25392 10837 13767  1 42 42 16  0  0
 1  0 1110032  72116   2156  41224 26284 25572 26284 25572 10645 13208  1 43 41 16  0  0
 2  0 1099236  58932   2156  40664 29236 18220 29236 18220 11185 14578  1 39 42 19  0  0
 1  0 1103504  62968   2156  40008 23324 27492 23324 27492 9845 11854  1 40 42 18  0  0
 2  0 1097396  60020   2156  39608 22000 15800 22000 15800 8409 11083  1 38 45 17  0  0
 1  0 1097792  62312   2156  38796 27304 27440 27304 27440 10849 13654  1 42 42 17  0  0
 0  1 1101408  64864   2164  38216 24700 28200 24700 28212 10307 12582  1 40 42 18  0  0
 1  0 1105468  69588   2932  38668 24764 28700 26520 28700 10282 12575  1 40 40 19  0  0
 0  1 1101172  62844   2932  39116 28072 23568 28900 23568 11080 14088  1 40 43 17  0  0
 1  0 1111272  73980   2880  35336 26336 36256 26336 36260 12035 13349  1 45 39 15  0  0
 3  0 1103660  70832   2788  35200 28564 20860 28568 20860 10933 14482  1 40 41 19  0  0
 1  0 1102108  69368   2672  34992 28464 26800 28464 26812 14846 14409  1 42 32 26  0  0
 0  0 1102360  69432   2556  34832 29028 29100 29028 29100 11370 14629  1 42 39 19  0  0
 1  0 1097700  64580   2504  34832 19328 14544 19328 14544 7207 9810  1 35 43 21  0  0
 1  0 1098184  66608   2436  34704 17916 18260 17916 18260 7141 9081  0 36 44 19  0  0
 0  1 1099448  66868   2356  34516 22656 23860 22656 23860 9054 11496  1 38 44 18  0  0
procs -----------memory---------- ---swap-- -----io---- -system-- -------cpu-------
 r  b   swpd   free   buff  cache   si   so    bi    bo   in   cs us sy id wa st gu
 2  0 1102176  63236   2256  34316 27332 29948 27356 29948 10909 13815  1 41 43 16  0  0
 0  1 1098920  59332   2176  34216 26612 23180 26612 23192 10126 13390  1 39 44 17  0  0
 2  0 1100992  70268   2176  34216 25704 27668 25704 27668 15413 13063  1 41 31 27  0  0
 0  1 1112388  61048   2180  52204 25144 36156 43136 36156 10876 12547  1 43 40 16  0  0
 0  1 1108652  58808   2180  52204 28328 24420 28328 24420 11315 14279  0 42 41 17  0  0
 3  0 1118788  69988   2180  52172 26072 36064 26072 36064 11341 13214  1 44 39 16  0  0
 0  1 1119764  71308   2180  52140 24932 25804 24932 25804 10043 12619  1 41 42 16  0  0
 1  0 1118416  69500   2188  52140 23928 22448 23928 22460 9352 12050  1 38 43 18  0  0
 3  0 1151800 119548   2184  35468 20292 53532 20292 53532 12521 10599  1 54 24 22  0  0
 1  0 1127024  91852   2184  35468 27904 2932 27904  2932 15040 13884  1 34 36 30  0  0
 0  1 1097832  64888   2184  36348 29380    0 30284     0 15762 14615  1 32 36 31  0  0
 1  1 1095884  62140   2276  36204 27012 24876 27104 24876 11880 13631  1 38 40 21  0  0
 2  0 1101864  65772   2280  36464 18916 24736 19240 24736 8235 9718  1 32 45 23  0  0
 1  1 1099448  64752   2288  36420 17396 14852 17396 14864 6713 8858  1 29 46 25  0  0
 0  1 1101424  67156   2288  36340 17860 19736 17860 19736 7520 9126  0 28 47 26  0  0
 1  0 1105176  64760   2292  43588 15908 19600 23204 19600 7337 8142  1 31 43 27  0  0
 0  1 1105596  62844   2292  43532 18840 19148 18840 19148 9276 9620  0 29 42 29  0  0
 0  0 1118904  78832   2292  43500 15316 28528 15316 28528 7802 8050  1 33 22 45  0  0
