procs -----------memory---------- ---swap-- -----io---- -system-- -------cpu-------
 r  b   swpd   free   buff  cache   si   so    bi    bo   in   cs us sy id wa st gu
 1  0      0 387808   5064 165536    0    0  1954    81  308    1  1  3 95  0  0  0
 0  2 137824  78100   3132 113296  152 137156 49588 137260 11821 1218  7 50 25 19  0  0
 2  1 423076  71912   3124 112428   20 285180   328 285264 28700  835  2 47  2 49  0  0
 1  0 965520  56900   3040 112808  180 540252  6640 540252 49894 1436  4 85  5  7  0  0
 1  0 1170376  63580   3032 121504 35560 241892 53848 241892 21719 3598  2 55 23 20  0  0
 2  0 1181016  66108   2872 120548 86520 95188 86540 95188 10866 6231  1 32 36 32  0  0
 0  1 1142296  62632   2568  90368 58248 14880 58252 15104 6214 4671  1 21 42 36  0  0
 0  1 1135628  74008   2308  70908 65000 57212 65000 57524 7919 4997  1 31 39 30  0  0
 2  0 1122972  66820   2308  66232 60708 47776 64256 47780 6408 4350  1 22 43 34  0  0
 1  0 1120256  62068   2308  57016 86224 80592 86476 80596 12472 6444  1 29 37 33  0  0
 1  0 1129140  73040   2312  58116 90356 93980 96996 93980 9829 7086  1 29 38 32  0  0
 0  1 1129836  70260   2304  57124 94360 88620 100460 88620 9411 7251  1 27 38 35  0  0
 2  0 1136352  75980   2296  43684 91536 91768 91640 91780 8135 7469  1 28 39 32  0  0
 1  0 1112236  62840   2420  41076 94112 69504 94292 69504 7367 7030  1 27 42 31  0  0
 1  0 1111272  63092   2356  40176 75200 74408 75456 74408 7664 5850  1 28 41 30  0  0
 0  1 1119956  73580   2356  39436 50720 58756 50720 58760 5093 3879  1 26 40 32  0  0
 1  1 1118368  67164   2588  44892 59460 57348 66808 57348 5017 4740  1 26 41 32  0  0
 1  0 1108768  60044   2420  44436 80268 69248 80268 69248 5757 6120  0 26 42 33  0  0
 0  1 1158620 112956   2236  40780 74112 124792 76620 124812 6719 5760  1 33 34 32  0  0
 1  0 1119760  66920   2236  47392 67804 28004 74932 28004 4326 5095  1 23 46 31  0  0
 0  1 1117356  67072   2236  46944 29012 26672 29012 26672 2590 2114  1 26 47 26  0  0
procs -----------memory---------- ---swap-- -----io---- -system-- -------cpu-------
 r  b   swpd   free   buff  cache   si   so    bi    bo   in   cs us sy id wa st gu
 0  1 1127904  66848   2336  50304 24520 34512 28592 34512 2756 2097  1 29 41 30  0  0
 1  0 1135348  72452   2476  58164 43052 49020 52160 49020 3932 3701  1 30 40 29  0  0
 0  1 1130732  69868   2476  57140 57140 51640 57140 51640 5098 4433  1 26 40 33  0  0
 1  1 1135500  68072   2484  56196 47972 51964 47972 51988 4829 3649  1 31 37 32  0  0
 0  1 1138036  73944   2408  56184 61548 60992 61548 60992 4258 4694  0 25 42 33  0  0
 2  0 1129960  59100   2408  56184 59640 49160 59640 49160 4266 4532  1 23 45 32  0  0
 0  1 1131712  63552   2396  55268 54852 53896 54852 53896 4053 4156  1 27 44 29  0  0
 0  1 1145464  76876   2264  56692 59252 67636 76972 67732 6586 5163  1 31 35 33  0  0
 1  0 1135156  64648   2412  52776 73672 57092 73876 57092 6243 6125  1 29 41 29  0  0
 0  1 1141756  71864   2420  48856 78348 78976 78348 78988 6358 6128  1 34 38 27  0  0
 1  0 1142216  68456   2332  46584 69648 64892 69952 64892 6353 5671  1 31 37 31  0  0
 0  1 1134044  62100   2288  44844 72884 61336 72980 61336 6777 5850  1 32 37 30  0  0
 1  0 1132708  61064   2288  43036 72288 68240 72288 68240 6724 5929  1 33 36 30  0  0
 0  1 1149672  64300   2288  41760 64192 76624 64192 76624 5354 5186  1 31 38 30  0  0
 3  0 1146224  69628   2092  46376 62564 55884 70874 55888 5876 5380  1 39 32 28  0  0
 2  0 1156844  80876   2100  43824 64208 69396 66476 69412 6377 5379  1 34 36 30  0  0
 1  0 1150640  73864   2100  41740 59008 48492 59012 48492 5022 5086  1 28 44 28  0  0
 1  0 1144844  67448   2092  40956 84220 76016 86632 76020 7223 6488  1 33 36 31  0  0
 1  0 1144132  58460   2092  40688 72200 69236 72204 69240 5707 5803  1 31 40 28  0  0
 0  1 1143572  61088   2092  40688 65380 64128 65384 64132 6666 5759  1 31 38 30  0  0
 0  1 1146952  72244   2100  40688 64452 67360 64456 67376 5910 5290  1 34 39 27  0  0
procs -----------memory---------- ---swap-- -----io---- -system-- -------cpu-------
 r  b   swpd   free   buff  cache   si   so    bi    bo   in   cs us sy id wa st gu
 1  0 1141756  66740   2096  40232 74536 66412 74796 66416 7092 6253  0 35 37 28  0  0
 0  1 1141956  72528   2096  35288 71276 66388 71276 66388 6433 5970  1 32 38 30  0  0
 1  0 1143000  63492   2096  34704 66188 63072 66188 63072 6223 5808  1 32 38 29  0  0
 1  0 1142052  69352   2244  34112 68772 63388 68920 63388 5995 5717  1 30 40 30  0  0
 3  0 1146004  55640   2940  38768 69760 69432 75448 69444 6296 5863  1 32 36 31  0  0
 0  1 1154664  71152   2940  38500 64380 68340 64380 68340 6502 5374  1 34 36 30  0  0
 0  1 1151384  60732   2940  40656 58324 54188 60960 54188 6010 4886  1 31 38 30  0  0
 2  0 1158124  64496   2940  40220 76944 76372 76944 76372 7404 6696  1 36 36 28  0  0
 0  2 1171304  69888   2724  40188 81256 86104 81260 86112 7774 7258  1 39 34 27  0  0
 1  1 1180232  60672   2220  56196 79464 79916 96160 79920 7856 7132  1 36 27 36  0  0
 1  0 1176028  62944   2228  54452 72704 61608 72708 61628 6811 6643  1 30 34 34  0  0
 0  1 1179184  59656   2228  54036 79200 75176 80084 75176 8431 7192  1 36 35 29  0  0
 1  1 1195280  67864   2228  53420 78388 84512 78864 84512 7816 7104  1 38 36 26  0  0
 1  0 1196696  69112   2228  52720 77632 74008 77632 74008 8451 6996  1 38 35 27  0  0
 0  1 1188224  63296   2228  53424 72564 61008 73988 61008 8197 6937  0 36 37 27  0  0
 1  0 1183948  75848   2152  37340 81236 71000 81236 71024 8106 7253  1 40 36 23  0  0
 2  0 1219596 107908   2128  38840 74748 103656 78212 103656 9659 6955  1 48 28 23  0  0
 1  0 1186672  69256   2128  41420 82884 40472 85872 40472 9072 7752  1 33 30 37  0  0
 1  0 1190184  71392   2128  40536 79892 76248 79892 76248 8193 7199  1 38 37 25  0  0
 0  1 1188068  67360   2268  39872 88284 80492 88424 80492 8336 7597  1 44 35 21  0  0
 0  1 1187304  64908   2276  40172 80068 75456 80988 75468 7782 7047  1 41 34 24  0  0
procs -----------memory---------- ---swap-- -----io---- -system-- -------cpu-------
 r  b   swpd   free   buff  cache   si   so    bi    bo   in   cs us sy id wa st gu
 3  0 1186780  69728   2276  40756 78800 75464 79668 75464 8529 7136  1 42 35 23  0  0
 1  0 1208976  92140   2256  39628 75324 90484 75324 90484 9566 7270  1 46 31 22  0  0
 0  1 1186444  67644   2128  38300 87992 54912 87992 54916 7979 8283  1 37 40 23  0  0
 0  1 1200784  64664   2140  50204 75844 81132 89260 81132 8775 6978  1 42 31 25  0  0
 1  0 1209212  70216   2140  49084 77508 75796 77508 75796 8754 7364  0 42 34 24  0  0
 3  0 1213328  60496   2148  49644 79072 72444 80760 72456 9429 7387  1 38 34 27  0  0
 1  0 1219112  70196   2148  48736 67412 63268 67412 63268 8583 6765  1 39 35 26  0  0
 1  0 1256436  87724   3592  67068 46964 79352 64092 79352 6352 5159  1 35  7 57  0  0
 3  1 1237500  62212   3592  67068 74448 44964 74448 44964 8169 7288  1 33 40 27  0  0
 1  0 1233868  64324   2264  66548 65804 53712 65804 53892 8435 6835  1 37 37 26  0  0
 3  0 1236560  69924   2412  60996 71168 61244 71320 61244 8935 7403  1 41 32 26  0  0
 2  0 1282500  67512   2800  99116 40192 77848 86096 77872 8945 6684  2 43 31 25  0  0
 3  0 1285868  70648   2800  96872 30780 28208 30780 28208 13594 11483  1 44 30 25  0  0
 1  0 1285876  65232   2804  98916 29752 23892 32936 23892 10937 11123  1 44 35 20  0  0
 3  0 1284740  64896   2804  97920 26892 20800 26892 20800 12034 10265  1 43 32 25  0  0
 0  1 1292020  72992   2804  95996 27524 29584 27524 29584 14383 10503  1 46 28 26  0  0
 1  0 1288344  66840   2804  94992 26228 17516 26228 17516 9248 9923  1 37 43 20  0  0
 1  0 1280700  58160   2812  94264 29536 16072 29536 16096 9619 10831  1 38 41 21  0  0
 0  1 1293720  72652   2812  92872 24720 32724 24720 32724 12409 9261  0 48 32 20  0  0
 0  1 1284560  60300   2812  92196 30700 15520 30700 15520 12630 11456  1 36 36 26  0  0
 1  0 1295276  74172   2812  90984 23000 29076 23000 29076 11103 8723  0 47 32 20  0  0
procs -----------memory---------- ---swap-- -----io---- -system-- -------cpu-------
 r  b   swpd   free   buff  cache   si   so    bi    bo   in   cs us sy id wa st gu
 1  0 1287164  66864   2808  90412 28200 14424 28224 14424 9183 10329  1 36 43 20  0  0
 1  0 1288716  77840   2808  89720 29504 25548 29504 25580 11394 11223  0 45 35 19  0  0
 1  0 1273636  65104   2728  78416 29868 9084 35200  9116 8621 11033  0 34 45 21  0  0
 0  1 1267232  67420   2712  77716 29660 17724 29664 17724 11088 11234  1 37 40 22  0  0
 2  0 1258544  67668   2540  70740 30188 15584 30188 15584 13797 11131  1 38 33 29  0  0
 2  0 1251928  65380   2680  70596 30616 18248 30756 18248 10170 11499  1 36 42 21  0  0
 3  0 1253896  74280   2680  70512 28632 25284 28632 25284 14970 10878  1 42 32 25  0  0
 1  0 1255560  76712   2692  70424 22232 19916 22236 19928 12988 8568  1 43 31 26  0  0
 1  0 1252704  72488   2692  70308 28284 20220 28284 20220 10341 10747  0 40 40 20  0  0
 1  0 1243052  59396   2692  70224 30624 15088 30624 15088 9565 11424  1 36 43 22  0  0
 1  0 1248844  67748   2692  70080 29412 29560 29412 29560 12242 11070  1 44 37 18  0  0
 3  0 1258316  72084   2692  82096 20944 26372 28971 26372 10060 8016  0 54 29 16  0  0
 2  3 1278156  70912   2692 111692 19504 36160 38033 36160 11471 8314  0 81  4 14  0  0
 1  0 1275924  67752   2700 111612 31436 23972 31436 23984 11154 11625  1 44 34 20  0  0
 3  0 1271180  67848   2700 111632 29532 19932 29532 19932 13307 11653  1 38 37 25  0  0
 0  1 1271480  68652   2700 111620 21916 18608 21916 18608 11767 8712  0 42 30 28  0  0
 2  1 1267832  69896   2700 111608 29832 21504 29832 21504 14905 12057  1 40 29 31  0  0
 2  1 1270720  69112   2700 111584 27960 26408 27960 26408 13614 11284  1 46 24 30  0  0
 1  0 1271908  71428   2700 111572 27928 24572 27928 24572 14069 11202  0 44 27 29  0  0
 1  0 1260876  60416   2708 111548 29472 13612 29472 13624 11035 11683  1 35 39 26  0  0
 2  0 1239560  61656   2360  85460 25484   12 25484    12 6101 9814  1 27 50 22  0  0
procs -----------memory---------- ---swap-- -----io---- -system-- -------cpu-------
 r  b   swpd   free   buff  cache   si   so    bi    bo   in   cs us sy id wa st gu
 0  1 1231072  63720   2252  73588 29504 16032 30124 16036 13250 11470  1 37 33 30  0  0
 3  0 1216204  59248   2376  59492 31916 11640 35360 11644 14327 12401  1 34 33 33  0  0
 1  0 1223956  74912   2360  55804 28412 31468 28416 31472 15310 11414  1 45 25 29  0  0
 1  0 1213056  63224   2344  54100 29392 13840 29396 13840 9057 11580  1 32 45 22  0  0
 2  0 1209356  65476   2336  51220 27996 20108 28004 20120 13234 11396  0 39 32 30  0  0
 1  0 1230944  82140   2224  64080 22852 40924 34678 40924 13091 9394  1 57 26 17  0  0
 1  0 1209904  58452   2224  64080 24816    0 24816     0 6001 9749  1 26 51 23  0  0
 1  0 1214780  62852   2200  64640 25848 26916 26408 26916 11114 10519  1 42 37 20  0  0
 2  0 1214732  60408   2184  64640 25084 21084 25084 21084 9900 10090  1 39 41 20  0  0
 3  0 1214628  68656   2160  64640 28076 23804 28076 23804 14027 11414  1 41 34 25  0  0
 1  0 1208728  63200   2168  64640 27828 17908 27828 17920 9688 11238  1 38 42 20  0  0
 1  0 1214100  71516   2168  65388 25464 27212 26212 27212 11545 10526  1 43 38 19  0  0
 1  0 1208980  61904   2168  68048 26648 17572 29308 17572 10338 10684  1 37 41 22  0  0
 0  1 1207148  62780   2168  68724 21792 17056 22468 17056 8120 9074  0 39 40 21  0  0
 1  0 1202184  58136   2168  68952 27548 18672 27776 18672 9793 11296  1 36 42 21  0  0
 1  0 1218228  72184   2164  68388 24688 37508 24688 37512 13144 10459  0 48 35 18  0  0
 1  0 1209948  60764   2172  68044 27736 15496 27740 15508 10000 11261  1 35 43 22  0  0
 1  0 1217920  69608   2172  67568 25668 29952 25668 29952 12972 10729  1 45 29 26  0  0
 1  0 1207080  66464   2172  54476 22920 8596 22920  8596 8569 9183  1 36 40 24  0  0
 1  0 1237352 117276   2144  43856 18932 46308 18932 46308 15308 8033  1 55 24 20  0  0
 1  0 1211424  89556   2244  43856 30360    0 30460     0 7209 12051  1 27 50 23  0  0
procs -----------memory---------- ---swap-- -----io---- -system-- -------cpu-------
 r  b   swpd   free   buff  cache   si   so    bi    bo   in   cs us sy id wa st gu
 0  1 1186448  60380   2256  44604 29068    0 29868    12 6989 11600  1 28 50 22  0  0
 2  0 1193960  67788   2256  43032 24424 28336 24424 28336 11081 9888  1 43 38 18  0  0
 0  1 1184924  59724   2256  42296 28072 14712 28072 14712 9269 11121  1 35 44 20  0  0
 0  1 1191672  72800   2256  41000 26172 29340 26172 29340 11640 10832  0 43 38 19  0  0
 1  0 1242608  85576   4344  90636 18148 66400 64496 66400 16424 8175  2 68 16 14  0  0
 0  1 1227936  78696   4344  80140 22012 4576 22012  4576 6616 9216  1 30 48 22  0  0
 0  1 1211364  68888   4300  71992 29216 8724 29216  8796 8835 12020  0 31 47 22  0  0
 1  1 1209772  68572   4300  69976 27292 22016 27292 22016 10526 11417  1 39 40 20  0  0
 1  0 1204052  61720   4300  69976 26872 17704 26872 17704 12120 11298  1 37 38 25  0  0
 2  0 1210184  64620   4180  68268 25824 28760 25824 28760 13327 11056  1 43 35 21  0  0
 0  0 1213644  71160   4160  70120 24460 24684 26760 24684 10224 10334  1 42 38 20  0  0
 0  1 1209848  68604   4152  69568 26740 19540 26740 19540 12700 11199  1 38 38 24  0  0
 0  0 1205456  63740   4116  69184 26472 18684 26472 18696 10020 11086  1 38 42 20  0  0
 2  1 1205944  62548   4116  68768 20732 18472 20732 18472 8482 8715  1 38 42 19  0  0
 0  1 1208788  63112   4116  68432 22968 22776 22968 22776 10003 9586  0 42 40 19  0  0
 1  0 1201248  61644   3112  67560 27984 16916 27984 16916 13067 11719  1 36 36 27  0  0
 0  1 1206928  72420   2768  65264 26664 28828 26664 28828 14434 11246  1 44 27 28  0  0
 0  1 1196936  61836   2672  63800 27376 13860 27376 13860 9259 11370  1 35 44 21  0  0
 1  1 1202184  73928   2500  61692 25544 27352 25544 27364 13912 10767  1 43 31 26  0  0
 0  1 1193540  63144   2428  60280 26596 14460 26596 14460 9039 11092  1 34 44 21  0  0
 1  0 1189652  63460   2352  59424 20408 13892 20408 13892 10171 8610  1 38 37 24  0  0
procs -----------memory---------- ---swap-- -----io---- -system-- -------cpu-------
 r  b   swpd   free   buff  cache   si   so    bi    bo   in   cs us sy id wa st gu
 0  1 1194600  72152   2312  57880 26096 27804 26120 27804 12652 10978  0 42 36 22  0  0
 0  1 1185080  63172   2312  57084 27108 14432 27108 14432 9389 11639  1 35 43 21  0  0
 1  0 1189852  71488   2312  55608 25268 27088 25268 27088 11076 10921  0 43 39 19  0  0
 1  0 1178372  58704   2320  54816 27624 13032 27624 13044 9196 11737  1 35 45 21  0  0
 3  0 1199044  92020   2292  43260 23172 40852 23180 41196 11389 10201  0 51 27 21  0  0
 0  1 1212736 103452   2292  43264 20708 31948 20712 31948 11122 9029  1 48 22 29  0  0
 1  0 1191208  76740   2292  43264 24504    0 24504     0 11353 10095  0 26 40 34  0  0
 1  0 1182052  71096   2292  42880 27620 15096 27620 15096 14397 11657  1 36 32 31  0  0
 1  0 1173596  59076   2292  42604 27336 15356 27336 15356 11577 11389  1 36 39 25  0  0
 0  1 1177788  66740   2304  42600 25652 26696 26476 26724 10933 10806  1 43 38 18  0  0
 2  0 1172460  61620   2304  42428 26856 18416 27124 18416 13293 11514  1 37 36 26  0  0
 0  1 1171604  57220   2304  41884 26548 22272 26548 22272 10479 11016  1 41 39 19  0  0
 1  0 1178956  68108   2304  36252 25580 29640 25580 29640 12610 10728  1 43 35 21  0  0
 1  0 1171548  65308   2304  36136 25548 14916 25548 14916 10695 10635  1 36 40 23  0  0
 1  0 1167456  61680   2304  36032 22380 15380 22380 15380 9826 9414  1 38 36 26  0  0
 0  0 1173556  70560   2312  35940 26112 28872 26112 28884 14322 11031  1 44 29 26  0  0
 0  1 1169740  66864   2312  35892 25244 18252 25244 18252 9356 10583  0 38 42 19  0  0
 1  0 1167824  66864   2312  35868 18736 14444 18736 14444 7264 7971  1 33 44 22  0  0
 2  0 1173048  71920   2312  35848 25948 27996 25948 27996 11195 11104  0 44 38 18  0  0
 0  1 1169212  62732   2320  39608 26160 18992 30004 18992 10305 10980  1 39 40 21  0  0
 2  0 1182048  69112   2312  39176 24224 34208 24224 34228 12001 10369  1 47 35 18  0  0
procs -----------memory---------- ---swap-- -----io---- -system-- -------cpu-------
 r  b   swpd   free   buff  cache   si   so    bi    bo   in   cs us sy id wa st gu
 1  1 1180008  74504   2320  38568 22332 17448 22360 17460 8585 9291  1 38 43 19  0  0
 2  0 1174732  67928   2312  38360 23868 15732 24024 15732 9305 10128  1 37 40 23  0  0
 4  0 1201404  73684   2364  64496 23296 46624 45630 46624 15766 9747  1 65 15 19  0  0
 0  1 1198396  69476   2364  64420 26672 20544 26808 20544 10422 11463  1 39 41 19  0  0
 2  0 1190516  59320   2364  64244 27592 16516 27592 16516 9851 11565  0 38 43 19  0  0
 1  0 1199156  73572   2372  64084 23684 29656 23684 29668 14226 10422  1 46 28 25  0  0
 1  0 1195504  69772   2372  64020 19888 13884 19888 13884 7062 8557  1 35 44 21  0  0
 0  1 1185936  57856   2372  63988 26964 14256 26964 14256 8685 11524  0 38 41 21  0  0
 0  1 1190748  63208   2184  62528 25512 27612 25744 27612 11177 11183  1 42 38 19  0  0
 0  1 1197144  73916   2184  60684 25748 29048 25748 29048 11494 10987  1 43 38 18  0  0
 1  0 1187716  63860   2184  59788 27912 14992 27912 14992 9431 11731  1 35 44 20  0  0
 2  0 1193356  72916   2192  58032 24164 26916 24164 26928 11048 10258  1 45 37 18  0  0
 1  0 1182604  64012   2192  57496 28380 14540 28380 14540 11528 12242  1 36 37 26  0  0
 0  1 1187900  66764   2192  56632 25288 27608 25288 27608 10989 10977  1 43 35 21  0  0
 1  0 1182464  62024   2192  56704 21844 14004 22520 14004 8090 9516  0 36 44 20  0  0
 0  0 1189488  74316   2192  55276 24908 29064 24908 29064 11240 10822  0 43 38 18  0  0
 3  0 1209740 103732   2136  48108 24464 41876 24480 41876 12718 10672  1 51 32 17  0  0
 1  1 1203284  88236   2144  48348 26572 17224 26800 17236 11603 11517  1 37 40 22  0  0
 1  0 1181776  67068   2144  48348 24224    0 24224     0 8544 10252  0 28 46 26  0  0
 1  0 1172344  60276   2144  47832 26604 14340 26604 14340 13471 11559  1 34 34 31  0  0
 1  0 1177200  69648   2144  46824 26084 28008 26084 28008 11238 11324  1 44 33 23  0  0
procs -----------memory---------- ---swap-- -----io---- -system-- -------cpu-------
 r  b   swpd   free   buff  cache   si   so    bi    bo   in   cs us sy id wa st gu
 1  0 1167376  60128   2144  46312 27464 14436 27488 14436 9502 11736  1 36 44 20  0  0
 4  0 1170168  58980   2144  49664 25312 25400 29516 25400 10778 11005  1 42 39 19  0  0
 0  1 1172708  64128   2152  48636 26032 25624 26032 25636 12901 11340  1 41 34 25  0  0
 1  0 1171760  64324   2156  41324 25116 21324 25120 21332 10062 10794  1 40 41 19  0  0
 1  0 1175032  72724   2156  41052 20048 20940 20052 20940 10502 8570  1 43 34 23  0  0
 1  1 1166224  62596   2156  40808 27224 15596 27224 15596 9623 11894  1 36 44 20  0  0
 1  0 1173528  73024   2156  40200 25700 30072 25700 30072 11678 10980  0 45 37 18  0  0
 1  0 1168764  66704   2308  42004 26760 19196 28988 19196 12197 11585  1 38 38 23  0  0
 1  0 1173996  73896   2316  41592 26512 29024 26512 29044 14886 11735  1 44 30 26  0  0
 0  1 1164216  62696   2316  41436 26328 13776 26328 13776 11632 11386  1 36 37 26  0  0
 0  1 1175348  76452   2316  41136 24440 32544 24440 32544 11617 10412  1 46 35 19  0  0
 3  0 1170736  77592   2312  43828 19844 19520 37500 19520 9424 8554  1 43 37 19  0  0
 3  0 1155196  59296   2312  43788 28200 9484 28200  9484 13664 11967  1 33 34 32  0  0
 3  0 1170624  75176   2204  43184 25892 38272 25892 38272 12480 11141  1 46 36 17  0  0
 3  0 1171088  76200   2212  43368 26136 23700 26432 23712 10417 11455  1 39 41 19  0  0
 1  0 1160752  58760   2212  43316 29140 15560 29140 15560 14516 12519  0 38 31 31  0  0
 0  1 1166172  72564   2212  43204 26120 29016 26120 29016 12877 11550  1 42 37 20  0  0
 1  0 1157256  58736   2212  43144 26548 14852 26548 14852 9321 11441  1 36 45 19  0  0
 2  0 1160216  65980   2212  43016 20620 21248 20620 21248 8895 8993  1 41 40 18  0  0
 1  0 1156504  58232   2212  42976 27084 20756 27084 20756 10363 11932  1 39 42 19  0  0
 1  0 1162400  71388   2212  38784 27036 29880 27036 29908 12003 11672  0 44 38 18  0  0
procs -----------memory---------- ---swap-- -----io---- -system-- -------cpu-------
 r  b   swpd   free   buff  cache   si   so    bi    bo   in   cs us sy id wa st gu
 1  0 1157580  66848   2212  38360 28732 20820 28764 20824 13951 12386  1 40 35 25  0  0
 3  0 1162304  70972   2212  38104 23860 26204 23860 26208 10399 10603  0 40 41 19  0  0
 1  0 1155384  65068   2212  37696 27680 17956 27684 17964 10092 11996  1 38 43 19  0  0
 3  0 1156064  67416   2212  37316 26836 24584 26840 24588 10729 11796  1 39 41 19  0  0
 1  0 1155924  60472   2212  36816 21912 19456 21916 19460 8988 9565  1 39 42 19  0  0
 0  1 1153108  61728   2220  36464 24040 18596 24044 18628 9364 10367  1 39 42 19  0  0
 1  0 1157496  69660   2220  36732 24516 26364 25192 26368 10646 10810  1 43 39 18  0  0
 1  0 1148004  60712   2180  34032 28252 15944 28256 15944 9807 12396  0 37 44 20  0  0
 1  0 1157024  69984   2180  33964 26444 32500 26444 32500 12356 11524  1 44 38 18  0  0
 1  0 1149880  61472   2176  33880 24088 14356 24088 14356 8712 10312  0 35 44 20  0  0
 1  0 1157796  72184   2184  33816 24068 29432 24068 29444 11019 10631  1 43 38 18  0  0
 1  0 1152568  67712   2188  33816 27344 19356 27348 19356 9991 11983  1 39 42 19  0  0
 1  0 1147448  61504   2188  33756 22704 15072 22704 15072 10662 9762  1 38 38 24  0  0
 2  0 1151196  66532   2188  33696 23260 24472 23260 24472 10553 10240  1 42 38 19  0  0
 3  0 1153260  70560   2188  33592 27420 26600 27420 26600 14560 12004  0 42 30 28  0  0
 1  0 1155820  67164   2184  33480 27924 27236 27924 27240 11296 11958  1 42 38 19  0  0
 1  0 1150536  60616   2200  36776 27764 19644 31172 19660 13682 12137  0 40 35 25  0  0
 0  1 1157908  70260   2200  36360 25560 30300 25564 30300 11549 11227  1 44 38 18  0  0
 1  0 1148488  58568   2188  36124 27520 15204 27520 15204 9571 11979  1 36 44 19  0  0
 1  0 1159024  72120   2188  36100 21888 29792 21888 29792 13695 9502  1 42 30 28  0  0
 0  1 1172300  67864   2188  55460 19620 30976 35960 30976 9902 8865  0 44 37 19  0  0
procs -----------memory---------- ---swap-- -----io---- -system-- -------cpu-------
 r  b   swpd   free   buff  cache   si   so    bi    bo   in   cs us sy id wa st gu
 1  1 1204216  69168   2196  87864 16276 46584 35041 46596 16375 8054  0 83  2 14  0  0
 1  0 1213108  76492   2116  90828 29164 35044 35587 35044 14002 12229  3 68 11 18  0  0
 2  0 1204392  67644   2116  88772 24984 14000 24984 14000 9144 11245  0 35 44 20  0  0
 1  0 1193748  59972   2116  86660 27524 14176 27524 14180 12931 12081  0 35 38 27  0  0
 0  1 1199672  65448   2116  84864 25148 28700 25152 28700 11375 11402  1 42 38 19  0  0
 1  0 1192800  62356   2116  84744 23340 14312 24084 14312 8601 10455  1 36 44 19  0  0
 2  1 1200040  71880   2124  82984 19256 24444 19256 24456 12063 8519  1 45 31 24  0  0
 1  0 1194232  66704   2124  82080 26280 18016 26280 18016 10111 11691  0 38 43 19  0  0
 2  0 1188100  61708   2124  81100 25180 16900 25180 16900 9552 11310  1 40 41 19  0  0
 0  1 1187144  60264   2124  79924 27140 23696 27140 23696 10879 12214  1 40 41 19  0  0
 0  1 1234280 125968   2124  69932 19288 64516 19288 64516 15998 8906  1 60 25 14  0  0
 1  0 1212320 101272   2124  69932 24308    0 24308     0 6400 10559  1 30 50 20  0  0
 1  0 1183272  69016   2132  69932 32260    0 32260    12 8091 13925  1 28 51 21  0  0
 2  0 1178996  66616   2128  68128 27728 20800 27728 20800 10704 12277  1 39 42 18  0  0
 1  0 1180896  71244   2128  65240 27132 26664 27132 26664 12337 12133  1 43 38 19  0  0
 0  1 1176700  65220   2136  63216 28172 21384 28180 21384 13728 12554  1 39 38 23  0  0
 2  0 1171812  63412   2136  62424 27280 19992 28448 19992 10541 12165  1 38 43 19  0  0
 1  0 1165520  64856   2124  53368 27100 18444 28508 18448 12869 12157  1 38 38 23  0  0
 1  0 1171176  73460   2132  50532 25908 29304 26140 29316 11917 11702  1 44 38 17  0  0
 1  0 1165048  67900   2132  49784 23112 14496 23112 14496 9878 10091  1 39 39 22  0  0
 1  0 1158580  59376   2140  49048 24536 15556 24544 15556 13769 10738  1 38 34 28  0  0
procs -----------memory---------- ---swap-- -----io---- -system-- -------cpu-------
 r  b   swpd   free   buff  cache   si   so    bi    bo   in   cs us sy id wa st gu
 1  0 1163588  63324   2140  50540 26824 29404 29828 29404 14960 12032  0 43 32 24  0  0
 0  1 1167908  73220   2140  49144 27088 29080 27088 29080 15098 12286  1 44 31 24  0  0
 0  1 1155652  59088   2148  48492 28560 13624 28560 13636 9583 12533  1 34 46 19  0  0
 3  0 1164388  70724   2148  47676 21048 27624 21048 27624 10126 9493  1 42 40 18  0  0
 1  0 1167636  56812   2304  62132 25408 26464 41960 26500 11529 11308  1 45 37 18  0  0
 1  0 1170464  67908   2304  55404 24188 24692 24648 24692 10183 10767  1 42 39 19  0  0
 1  0 1171204  67832   2304  55332 21708 20264 21708 20264 8924 9606  1 41 41 18  0  0
 1  0 1172096  69772   2304  55176 26360 24536 26360 24536 10713 11598  0 42 40 18  0  0
 3  0 1201236  67944   2304  88036 20080 47172 42680 47172 15305 9089  1 71 16 12  0  0
 4  0 1215768  64204   2732 111896 19284 34192 32130 34384 12368 9747  0 84  2 14  0  0
 0  1 1210444  58412   3164 112148 20144 13564 20719 13564 10852 8859  1 39 36 24  0  0
 1  0 1210952  58752   3164 112016 24032 22580 24032 22580 11784 10965  0 42 37 21  0  0
 1  0 1212508  60740   3112 105484 26524 28164 26524 28164 13361 11923  1 45 35 20  0  0
 1  0 1207024  67344   2392 101716 26884 18900 26884 18900 10509 11942  1 40 40 19  0  0
 3  0 1204872  69860   2392  98508 27544 22900 27544 22900 10969 12342  1 41 40 18  0  0
 1  0 1200092  66300   2400  96020 26380 19236 26380 19248 10108 11808  1 39 42 19  0  0
 1  0 1190944  59240   2400  94364 25488 14220 25488 14220 9129 11515  1 36 44 20  0  0
 1  0 1199276  70292   2396  91256 20488 27156 20488 27156 10195 9464  1 44 38 18  0  0
 1  0 1191924  58492   2396  89548 27272 17532 27272 17532 9911 12203  0 37 44 19  0  0
 1  0 1189204  60100   2396  87692 27412 22188 27412 22188 10842 12247  1 41 40 18  0  0
 2  0 1183412  57772   2396  86760 26696 18432 26696 18432 10065 11764  1 37 43 19  0  0
procs -----------memory---------- ---swap-- -----io---- -system-- -------cpu-------
 r  b   swpd   free   buff  cache   si   so    bi    bo   in   cs us sy id wa st gu
 2  0 1172916  60856   2228  72392 28736 15576 29996 15640 10268 12727  0 39 43 19  0  0
 0  1 1168668  58364   2228  70000 27376 20724 27376 20728 12412 12337  1 40 38 21  0  0
 0  1 1178472  75116   2228  65732 21812 29744 21816 29744 10586 10060  1 47 36 17  0  0
 1  0 1172208  68240   2236  64408 23184 15056 23192 15056 8664 10563  1 38 42 19  0  0
 3  0 1166272  59168   2236  61716 28500 20084 28500 20084 10786 12804  1 41 41 17  0  0
 1  0 1168072  65732   2244  58860 27084 26556 27084 26576 11591 12166  1 43 39 17  0  0
 2  0 1158568  56572   2244  57176 27444 15684 27444 15684 9732 12310  1 39 43 18  0  0
 3  0 1142796  62404   2116  37576 29016 10748 29016 10760 9408 12844  1 36 45 19  0  0
 1  0 1178084  82240   2256  37596 22020 55268 22164 55268 14564 9973  1 56 29 15  0  0
 3  0 1156448  78176   2256  37392 24700  836 24700   836 6635 10811  1 30 50 20  0  0
 1  0 1152680  74148   2252  36948 26024 19800 26024 19800 9855 11576  0 39 42 19  0  0
 1  0 1141012  61744   2260  36476 29088 14780 29088 14792 9899 12772  1 36 45 19  0  0
 1  0 1148432  71580   2280  35612 24364 29564 24384 29564 11140 10962  1 43 39 18  0  0
 1  0 1153164  74800   2280  38884 26260 28704 30256 28704 11357 11822  1 43 40 17  0  0
 1  0 1142756  62840   2280  38544 27364 14436 27364 14436 9222 12073  1 37 44 19  0  0
 2  0 1136252  59120   2280  37332 22052 13628 22052 13628 7906 9923  0 38 42 19  0  0
 0  1 1147292  71144   2276  37104 25268 34268 25268 34268 13089 11580  1 45 36 19  0  0
 1  0 1136360  59300   2228  37008 28540 15332 28540 15344 12569 12784  1 38 38 23  0  0
 1  0 1147700  71476   2148  37008 26120 35052 26120 35052 15659 11699  0 47 30 23  0  0
 1  0 1136284  58788   2148  37008 29424 15400 29424 15400 14655 13115  1 37 36 27  0  0
 1  0 1145420  69392   2148  37004 20424 27904 20424 27904 10093 9490  1 46 37 17  0  0
procs -----------memory---------- ---swap-- -----io---- -system-- -------cpu-------
 r  b   swpd   free   buff  cache   si   so    bi    bo   in   cs us sy id wa st gu
 3  0 1149432  70608   2152  41240 24564 26352 28824 26352 10659 10971  1 43 39 18  0  0
 2  0 1180624  75688   2120  67444 17204 46872 35390 46872 9619 8580  0 72 18 10  0  0
 1  0 1183044  64968   2128  79880 25156 25356 34513 25368 13493 11403  0 59 24 17  0  0
 3  0 1186908  71948   2132  78144 26536 27960 26540 27968 11645 11936  0 44 38 17  0  0
 1  0 1177008  60732   2132  76464 29536 17140 29540 17140 13264 13220  1 38 38 24  0  0
 3  0 1176720  64080   2132  74780 21980 19748 21980 19748 9750 9980  1 41 38 20  0  0
 1  0 1176780  67524   2132  73280 23744 21768 23744 21768 10028 10673  1 40 41 18  0  0
 1  0 1170900  59708   2132  72292 22464 14788 22464 14788 11201 10194  0 34 38 28  0  0
 3  0 1178424  70364   2140  70936 22356 27988 22356 28008 11728 10290  1 42 36 22  0  0
 1  0 1170528  62084   2140  69372 24024 14372 24024 14372 9103 10877  1 35 44 22  0  0
 2  0 1168460  60700   2140  68008 22988 18952 22988 18952 9458 10467  1 36 42 21  0  0
 1  0 1162628  66916   2128  56848 24152 16300 24152 16312 12421 10935  0 35 36 29  0  0
 1  0 1161776  66536   2136  56160 22464 19512 22476 19516 8580 10022  1 36 43 21  0  0
 1  0 1156676  61220   2136  56124 22116 15228 22120 15228 10192 10063  1 36 36 27  0  0
 0  1 1166084  72120   2144  55960 22552 29952 22552 29964 14437 10334  0 40 30 29  0  0
 2  0 1163900  52780   2156  73992 21564 17568 36652 17568 11699 9885  1 36 36 27  0  0
 1  0 1176672  66864   2156  73880 16864 28272 16864 28272 11459 7832  1 41 31 28  0  0
 3  0 1173848  62752   2156  74496 23508 18740 24184 18740 11019 10745  1 35 38 26  0  0
 1  0 1179708  65284   2156  78300 21992 26096 25884 26096 9759 10071  0 39 41 21  0  0
 1  0 1191832  77484   2144  76812 19360 30004 19588 30004 11858 9092  1 42 34 24  0  0
 1  1 1185748  74484   2152  75548 23200 15240 23200 15252 11992 10633  1 34 36 29  0  0
procs -----------memory---------- ---swap-- -----io---- -system-- -------cpu-------
 r  b   swpd   free   buff  cache   si   so    bi    bo   in   cs us sy id wa st gu
 1  0 1180388  66316   2152  74260 22476 15160 22500 15160 9325 10139  1 34 42 24  0  0
 1  0 1171764  58016   2152  75888 24720 13776 27468 13776 13349 11039  1 32 35 32  0  0
 1  0 1171216  58312   2152  74204 22180 19756 22180 19756 13511 10153  1 36 34 29  0  0
 3  0 1178352  69448   2152  73168 19032 24440 19032 24440 9658 8756  0 39 39 22  0  0
 0  1 1179240  71648   2152  71944 20072 19300 20072 19300 8655 9217  1 35 43 22  0  0
 0  1 1176888  66572   2160  71060 23216 18692 23216 18704 9212 10315  1 35 43 22  0  0
 1  0 1190164  66684   2164  87328 21372 32396 39028 32396 13512 9858  1 43 30 27  0  0
 1  0 1175448  72016   2160  65012 25212 8368 25212  8368 10056 11367  1 30 42 28  0  0
 1  0 1172956  67676   2160  64108 23936 19404 23936 19404 10565 10879  0 38 38 24  0  0
 0  1 1166864  63688   2160  63568 23868 15700 23868 15700 11167 10750  1 33 39 27  0  0
 1  0 1164800  60928   2160  63000 19208 15500 19208 15500 10660 8808  1 37 34 28  0  0
 0  1 1174352  73404   2168  61956 23216 30584 23216 30596 14394 10516  0 42 29 29  0  0
 0  1 1171304  69632   2168  61416 20032 15192 20032 15192 7443 9073  1 34 42 24  0  0
 1  0 1164172  63036   2168  60888 23892 14476 23892 14476 10955 10666  1 33 39 27  0  0
 0  1 1160628  58388   2168  60176 23800 18088 23800 18088 10653 10580  1 36 38 25  0  0
 1  0 1174984  76344   2168  59160 16068 29068 16068 29068 11145 7658  1 43 29 27  0  0
 0  1 1168116  69300   2168  58768 22948 14148 22948 14148 11730 10349  1 34 36 30  0  0
 1  0 1191228 103892   2140  48760 18588 40060 18588 40072 11303 8708  0 51 29 20  0  0
 1  0 1168764  77500   2140  48972 24472    0 24728     0 12053 10868  1 25 39 35  0  0
 1  0 1162224  72772   2140  48060 24648 15976 24648 15976 13414 11118  1 33 36 31  0  0
 0  0 1156632  62036   2140  47184 23476 15668 23476 15668 8799 10480  0 34 44 22  0  0
procs -----------memory---------- ---swap-- -----io---- -system-- -------cpu-------
 r  b   swpd   free   buff  cache   si   so    bi    bo   in   cs us sy id wa st gu
 1  1 1157452  65096   2148  47180 23484 22032 25124 22032 9662 10562  0 38 39 22  0  0
 0  1 1159328  70172   2148  46368 23580 23188 23580 23192 9875 10594  1 36 41 22  0  0
 1  0 1151588  62360   2156  45592 23804 14048 23808 14060 8718 10600  0 34 44 22  0  0
 0  1 1158904  71688   2156  44912 23264 28320 24080 28320 12297 10463  1 43 31 26  0  0
 0  1 1151812  59860   2156  44112 24592 15024 24592 15024 8828 10839  1 33 44 23  0  0
 1  0 1148920  69956   2140  35544 22236 17388 22236 17388 10416 10102  1 36 36 27  0  0
 1  0 1148604  69380   2140  35508 18384 16320 18384 16328 7782 8307  0 35 44 21  0  0
 0  1 1142960  63080   2148  35492 23188 15336 23188 15356 8653 10160  0 35 42 22  0  0
 0  1 1141980  60096   2140  35352 23980 20756 23980 20756 9813 10646  1 36 42 21  0  0
 1  0 1150884  72016   2140  35364 23264 29968 23296 29968 14337 10525  1 40 31 28  0  0
 1  0 1142840  60196   2148  38156 25600 15320 28412 15320 14031 11472  0 33 35 32  0  0
 1  0 1152748  71900   2148  38140 21792 29708 21792 29708 10776 9958  1 41 37 21  0  0
 0  1 1145584  63600   2156  38120 23200 13828 23200 13840 8269 10269  1 32 45 23  0  0
 3  0 1154432  73880   2156  38108 21500 28280 21500 28280 9833 9807  1 41 37 22  0  0
 1  0 1148776  67404   2156  38088 20160 12548 20160 12548 10965 8965  1 35 35 30  0  0
 1  0 1193988 114808   2136  38056 17704 60940 17704 60940 13642 8096  0 56 25 19  0  0
 1  0 1169228  84568   2136  38056 27220    0 27220     0 13095 11959  1 26 39 35  0  0
 1  0 1144692  60376   2136  38056 27440    0 27440     0 12889 11743  0 24 40 36  0  0
 1  0 1153544  71308   2144  37848 23240 30016 23240 30028 11791 10549  1 42 35 23  0  0
 1  0 1145852  62492   2144  37644 25084 14984 25084 14984 11272 11128  0 35 39 27  0  0
 3  0 1172504  70312   2144  59604 18720 43732 34417 43732 13264 8654  0 66 18 15  0  0
procs -----------memory---------- ---swap-- -----io---- -system-- -------cpu-------
 r  b   swpd   free   buff  cache   si   so    bi    bo   in   cs us sy id wa st gu
 0  2 1186140  68768   2144  77188 20164 31992 29691 31992 12941 8918  5 76  6 14  0  0
 2  0 1184788  69040   2140  74124 23840 20348 23840 20360 9845 10446  1 39 39 21  0  0
 0  1 1182344  64088   2140  71440 24552 20056 24556 20060 10005 11080  1 38 41 21  0  0
 1  0 1173692  61992   2148  69172 25900 14852 25904 14864 9294 11520  0 35 44 21  0  0
 2  0 1177020  67232   2148  67472 24104 25200 24104 25200 10892 10945  1 40 40 20  0  0
 0  1 1174644  66564   2148  66096 23860 19048 23860 19048 9506 10357  1 37 43 20  0  0
 0  1 1171420  62272   2148  65240 19512 14652 19512 14652 7870 8893  1 35 44 21  0  0
 0  1 1178732  72112   2148  63628 24012 28996 24012 28996 11588 10747  1 42 38 19  0  0
 2  0 1170780  66108   2148  62808 24856 14656 24856 14656 9058 11099  1 36 44 20  0  0
 2  1 1169832  66984   2156  61764 25172 21864 25172 21876 10287 11229  1 38 42 19  0  0
 0  1 1167896  59692   2156  60984 24984 20792 24984 20792 10040 11158  1 39 41 20  0  0
 0  1 1170272  74584   2156  51108 24972 24748 24972 24748 10619 11060  0 42 38 19  0  0
 0  1 1164440  62160   2160  54032 23196 15180 27420 15180 9340 10316  1 37 39 24  0  0
 3  0 1165656  70016   2160  51496 25476 24080 25476 24080 9663 11302  1 38 41 20  0  0
 1  0 1163608  67524   2160  50180 24780 20348 24780 20348 14170 11026  1 38 32 29  0  0
 1  0 1154196  60044   2168  48760 25968 14112 25968 14124 13817 11431  1 35 34 30  0  0
 0  1 1161132  71012   2168  46120 23356 27936 23356 27936 14008 10364  1 44 29 27  0  0
 1  0 1151016  60024   2168  45180 27456 14680 27456 14680 14272 12172  1 36 32 31  0  0
 0  1 1155516  66992   2168  43456 22236 24660 22236 24660 12278 10006  1 45 29 25  0  0
 1  0 1164288  78268   2236  41536 23312 29844 28580 29844 10449 10525  1 42 40 17  0  0
 1  0 1160080  73160   2224  41196 22992 16412 22992 16412 9389 10163  1 35 42 22  0  0
procs -----------memory---------- ---swap-- -----io---- -system-- -------cpu-------
 r  b   swpd   free   buff  cache   si   so    bi    bo   in   cs us sy id wa st gu
 1  0 1159320  71392   2232  40916 23816 20584 23840 20596 13289 10417  1 38 33 28  0  0
 0  1 1154792  67400   2232  40740 22244 15480 22244 15480 11145 9773  1 36 36 27  0  0
 3  0 1153856  66552   2232  40368 27336 23436 27336 23436 13572 11993  0 40 33 27  0  0
 0  1 1157416  69180   2232  42792 19160 20940 21788 20940 10931 8504  1 41 33 25  0  0
 1  1 1155156  63276   2232  42580 24456 19736 24456 19744 9370 10781  1 39 41 20  0  0
 1  0 1155904  67656   2232  42340 25132 23692 25136 23696 10248 11299  0 39 41 19  0  0
 1  0 1154184  63828   2240  44520 26948 22640 29248 22660 12198 11909  1 41 36 22  0  0
 2  0 1155196  61996   2240  44492 25804 24064 25804 24064 10579 11243  1 40 41 19  0  0
 1  0 1159340  66564   2240  43868 24432 26136 24432 26136 10490 10740  0 42 39 19  0  0
 1  0 1156848  64052   2240  43320 25936 20916 25936 20916 10202 11424  1 39 39 22  0  0
 2  0 1156552  62340   2240  42696 21528 19060 21528 19060 8848 9516  1 38 42 19  0  0
 1  0 1156604  64344   2248  42088 27136 24588 27136 24616 15377 12034  1 40 29 30  0  0
 1  0 1160736  73364   2248  41356 26536 28148 26540 28148 12176 11793  1 43 34 23  0  0
 1  0 1150440  60516   2248  41024 27364 14448 27364 14448 9479 11974  1 34 45 20  0  0
 0  1 1156088  56792   2244  40884 25192 28284 25192 28284 11210 11132  0 43 39 18  0  0
 1  0 1159436  67540   2244  40416 23500 24520 23500 24524 10207 10459  1 41 37 22  0  0
 1  0 1156632  65584   2244  40104 20932 15980 20936 15984 10000 9263  1 37 39 23  0  0
 0  1 1147944  58344   2252  39808 27324 15608 27328 15620 12592 11841  1 34 38 28  0  0
 1  0 1159948  72336   2248  39840 24920 34124 25708 34124 15243 10893  1 47 27 25  0  0
 1  0 1155336  67736   2248  39308 27044 19520 27044 19520 11618 11747  1 39 38 22  0  0
 1  0 1155088  66100   2248  38684 26196 23452 26196 23452 13441 11553  0 42 34 25  0  0
procs -----------memory---------- ---swap-- -----io---- -system-- -------cpu-------
 r  b   swpd   free   buff  cache   si   so    bi    bo   in   cs us sy id wa st gu
 4  0 1153588  67396   2256  38208 26208 21936 26232 21948 9801 11500  1 39 41 19  0  0
 1  0 1150172  62228   2256  37624 27492 21268 27492 21268 10394 12076  1 39 41 19  0  0
 3  0 1153004  70716   2200  33876 21556 22248 21556 22248 9160 9567  1 41 40 19  0  0
 1  0 1187396 105440   2200  33884 17860 50728 17860 50728 15245 8351  1 57 22 20  0  0
 1  0 1159452  75704   2200  33884 30788    0 30788     0 14607 13454  0 28 38 34  0  0
 1  0 1149136  65652   2200  33852 28736 15564 28736 15564 15785 12623  1 35 33 31  0  0
 3  0 1146716  64352   2208  33820 27344 21924 27344 21936 15091 11919  1 40 30 29  0  0
 1  0 1150356  58264   2208  37396 26068 27336 29708 27336 13245 11640  0 42 36 21  0  0
 1  0 1149532  62552   2208  37328 23080 19700 23080 19700 10941 10021  1 39 38 23  0  0
 2  0 1154908  69844   2208  37300 22044 25068 22044 25068 9587 9705  1 42 40 18  0  0
 2  1 1158104  50788   2220  58100 25684 26200 43480 26200 10369 11254  1 42 39 18  0  0
 1  1 1198324  66624   2220  84528 17168 55812 33821 55812 18022 7982  1 79  6 14  0  0
 1  0 1223676  79076   2228  99316 15824 39952 24624 39964 12383 7775  0 63 24 13  0  0
 0  0 1207720  64140   2228  99316 22640 4608 22640  4608 11296 9847  1 32 38 30  0  0
 3  0 1209052  68536   2228  99316 26360 25296 26360 25296 15984 11874  1 42 29 28  0  0
 1  0 1206232  65608   2228  99316 25408 20484 25408 20484 10697 11675  1 38 41 21  0  0
 1  0 1204412  66456   2228  99316 24944 21256 24944 21256 12022 11397  1 39 38 22  0  0
 3  0 1198996  59748   2168  97772 25952 18248 25952 18248 14087 11688  1 38 33 28  0  0
 3  0 1209532  74260   2176  94032 22636 30876 22636 30888 11886 10337  1 45 34 20  0  0
 1  0 1204284  68224   2176  92612 26484 18672 26804 18676 10124 11720  1 38 43 19  0  0
 1  0 1196036  61024   2176  90908 24176 14040 24180 14044 8673 10979  1 33 46 21  0  0
procs -----------memory---------- ---swap-- -----io---- -system-- -------cpu-------
 r  b   swpd   free   buff  cache   si   so    bi    bo   in   cs us sy id wa st gu
 3  0 1194084  65468   2176  88012 25512 21440 25540 21440 14256 11690  1 39 32 28  0  0
 1  0 1198048  71232   2176  86608 20348 22440 20348 22440 9081 9270  0 40 40 20  0  0
 1  2 1191180  65616   2176  84928 24124 15052 24124 15052 10455 10801  1 34 41 24  0  0
 3  0 1193480  71084   2176  82880 25056 25200 25056 25212 10521 11347  1 43 37 20  0  0
 1  0 1183668  58328   2176  81404 27192 14896 27192 14896 9443 12066  1 35 44 20  0  0
 1  0 1190804  69604   2172  79100 23816 28764 23816 28764 11190 10895  1 43 38 18  0  0
 1  0 1174284  65292   2168  68632 26824 8076 26824  8076 8408 12017  1 32 47 20  0  0
 1  0 1167940  63052   2132  62900 25732 17316 25732 17316 9607 11649  1 36 42 21  0  0
 1  0 1170092  68540   2108  60352 25216 25228 25216 25228 11018 11376  1 42 40 18  0  0
 1  0 1164856  62192   2108  60044 22780 15444 23996 15456 8878 10214  1 37 41 21  0  0
 0  1 1162124  58820   2096  58456 19984 15476 19984 15476 11149 9011  1 38 36 26  0  0
 1  0 1169196  72492   2096  55168 24692 29612 24692 29612 12158 11070  1 42 37 20  0  0
 1  0 1154672  58168   2096  55148 15960    0 15960     0 7206 7080  0 28 42 30  0  0
 1  0 1161240  59676   2096  52680 24464 28860 24464 28860 11212 11001  1 43 37 19  0  0
 3  0 1186516 112752   2092  34348 22716 45980 22716 45980 13664 10396  1 52 31 16  0  0
 1  0 1187600 112232   2100  36724 23784 22976 26160 22988 10247 10750  1 39 41 19  0  0
 1  0 1161136  76712   2512  38668 28932    0 31284     0 7634 12775  1 28 50 21  0  0
 1  0 1151360  67476   2520  38600 27644 15572 27652 15572 9843 12320  1 37 43 20  0  0
 3  0 1148352  66896   2520  38440 25720 20376 25720 20376 9881 11484  1 38 41 20  0  0
 1  0 1153156  73288   2520  38352 22632 25364 22632 25364 9842 10227  0 42 40 18  0  0
 1  0 1149456  63444   2520  38536 20224 14612 20552 14612 8044 9149  1 38 42 20  0  0
procs -----------memory---------- ---swap-- -----io---- -system-- -------cpu-------
 r  b   swpd   free   buff  cache   si   so    bi    bo   in   cs us sy id wa st gu
 1  0 1154868  70776   2528  38544 25604 28756 25856 28768 11599 11488  0 44 38 18  0  0
 1  0 1143348  59412   2528  38544 27180 13312 27180 13312 9365 12067  1 34 45 20  0  0
 0  1 1147512  67384   2528  38400 25608 27860 25608 27860 11435 11887  1 42 39 19  0  0
 1  0 1148888  67444   2376  38320 26072 25204 26072 25204 12633 11688  0 42 36 22  0  0
 0  1 1169500  71064   2124  58464 22188 40700 42472 40700 13790 10204  1 49 27 24  0  0
 1  0 1163112  63540   2124  58412 24012 15600 24012 15600 13638 10779  1 39 32 29  0  0
 1  0 1168484  70152   2132  58332 26752 29832 26752 29844 12338 12154  1 44 33 22  0  0
 1  0 1162632  65224   2132  58280 27488 19020 27488 19020 14511 12149  0 40 30 30  0  0
 1  1 1166496  69632   2132  58176 23516 25328 23516 25328 13768 10684  1 44 28 26  0  0
 0  1 1164956  66444   2136  58172 20712 17292 20716 17300 11355 9257  0 42 30 28  0  0
 0  1 1186072 107504   2112  40812 25716 44556 25724 44560 15962 11858  1 51 22 27  0  0
 1  0 1157204  74744   2112  40816 31856    0 31860     0 15047 13900  1 29 37 33  0  0
 1  0 1147476  62052   2260  41640 28796 16316 29892 16336 14751 12740  0 39 31 30  0  0
 2  0 1146964  63960   2260  41280 29280 25900 29280 25900 14964 12979  1 45 28 26  0  0
 1  0 1152424  70332   2260  40956 25944 28988 25944 28988 14665 11624  1 46 26 28  0  0
 1  0 1147116  63320   2260  40744 27968 20088 27968 20088 12773 12466  0 40 36 24  0  0
 1  0 1143256  58604   2260  40508 26124 19972 26124 19972 13004 11657  1 39 35 26  0  0
 1  0 1143392  61140   2260  40320 21408 19628 21408 19628 11608 9677  0 40 32 27  0  0
 1  0 1148584  67444   2268  40088 26424 29404 26424 29416 13954 12014  1 44 28 27  0  0
 2  1 1186724 112340   2244  35296 21960 58164 21960 58164 14640 10135  1 56 27 16  0  0
 1  0 1164768  88172   2244  35296 27840 3508 27840  3508 7968 12333  1 32 48 20  0  0
procs -----------memory---------- ---swap-- -----io---- -system-- -------cpu-------
 r  b   swpd   free   buff  cache   si   so    bi    bo   in   cs us sy id wa st gu
 0  1 1140976  59732   2244  36316 26224    0 27244     0 6859 11344  0 30 51 20  0  0
 0  1 1148564  66548   2224  36152 25976 30996 25976 30996 11776 11476  1 44 38 17  0  0
 1  0 1142940  59632   2212  36052 29456 20668 29456 20668 12861 12730  1 39 38 23  0  0
 1  0 1187620  69788   4148  75752 22264 64700 68776 64728 16350 9810  2 74  8 17  0  0
 3  0 1224708 118668   4072  67532 18392 53824 19188 53824 14628 8645  1 62 17 20  0  0
 1  0 1202520  94128   4072  67536 30184 5176 30184  5176 14753 13253  1 32 36 31  0  0
 1  0 1171860  59856   4072  67536 33436    0 33436     0 15976 14825  1 30 37 32  0  0
 1  0 1175748  68644   2464  66764 27760 29208 27760 29208 12390 12514  1 45 37 18  0  0
 0  1 1183512  63420   2436  74708 28504 33104 36612 33104 14339 12291  1 48 31 21  0  0
 0  1 1195164  70644   2444  86556 22768 32484 30830 32512 15389 10578  1 58 22 20  0  0
 0  1 1194112  70200   2444  86408 21412 18556 21412 18556 9158 9752  1 41 41 18  0  0
 1  0 1186868  59400   2412  86384 26900 17540 26900 17540 10235 12196  1 38 44 18  0  0
 2  0 1195092  73888   2324  84392 26724 32516 26724 32516 15805 11936  1 48 29 23  0  0
 1  0 1193268  70452   2312  82200 27300 23180 27300 23180 11460 12403  1 42 37 20  0  0
 1  0 1198224  79856   2312  77920 26732 29328 26732 29328 12131 12037  1 45 38 17  0  0
 1  0 1187580  69728   2320  76396 28156 15256 28156 15268 10032 12827  1 37 44 19  0  0
 0  1 1174248  58200   2320  74628 30212 14044 30212 14044 10039 13268  1 37 44 19  0  0
 2  0 1180340  68872   2316  72276 19908 24060 19908 24056 9226 9038  1 44 38 18  0  0
 0  1 1177936  67140   2316  70856 22092 17752 22092 17756 10309 9926  1 40 36 23  0  0
 1  0 1168364  58632   2316  69612 25508 13820 25508 13820 9014 11418  0 36 44 19  0  0
 2  1 1193124 107040   2120  47108 18700 41880 18704 42132 11378 8888  1 51 31 17  0  0
procs -----------memory---------- ---swap-- -----io---- -system-- -------cpu-------
 r  b   swpd   free   buff  cache   si   so    bi    bo   in   cs us sy id wa st gu
 0  1 1200004 110604   2128  47140 16068 21600 16096 21632 9990 7154  0 43 32 25  0  0
 0  1 1175700  84144   2128  47156 26464    0 26464     0 7040 11789  1 26 51 23  0  0
 1  0 1154352  59952   2264  47156 23484    0 23620     0 6300 10298  1 26 51 23  0  0
 2  1 1150828  62248   2268  46604 18600 13224 18604 13224 7236 8298  1 34 43 22  0  0
 1  0 1155368  67228   2268  45716 23676 26236 23676 26236 10381 10888  0 39 40 20  0  0
 2  0 1154344  66096   2268  44656 23924 20416 23924 20416 9619 10548  1 35 42 22  0  0
 1  0 1161268  77288   2276  43604 17000 22232 17000 22244 9543 7819  1 40 35 24  0  0
 0  1 1145136  59420   2276  43588 17660    0 17660     0 8287 7762  0 26 41 33  0  0
 1  0 1144524  58880   2276  43004 16764 14624 16764 14624 7098 7582  1 35 43 22  0  0
 1  0 1154540  73160   2276  41844 21084 29176 21084 29176 11039 9629  0 43 36 20  0  0
 0  1 1143900  57720   2272  41348 22384 9588 22384  9588 7220 9954  1 33 43 23  0  0
 1  0 1193152 115020   2264  36312 14628 62472 14628 62472 15048 7044  1 63 16 21  0  0
 2  0 1177108  99156   2272  37632 17500    0 18820    12 5032 7782  1 24 51 25  0  0
 0  1 1153032  64884   2272  39504 26620    0 28484     0 10991 11621  1 27 42 31  0  0
 0  1 1146744  62680   2272  39176 23716 15212 23716 15212 8753 10489  1 35 44 22  0  0
 1  0 1147752  64696   2272  38916 15608 15248 15608 15248 7031 7192  0 34 43 23  0  0
 1  1 1146560  61388   2260  38788 17788 14900 17788 14900 8858 7935  1 34 39 26  0  0
 1  1 1147188  63944   2252  38488 24836 23140 24836 23140 10245 10942  1 39 41 20  0  0
 1  0 1145268  63660   2260  38312 24872 20596 24872 20608 10016 11133  0 37 42 21  0  0
 1  0 1147944  65568   2260  38184 24156 24600 24156 24600 10432 10839  0 40 40 20  0  0
 2  0 1150840  70452   2260  36376 24640 25168 24640 25168 12904 10984  1 39 35 25  0  0
procs -----------memory---------- ---swap-- -----io---- -system-- -------cpu-------
 r  b   swpd   free   buff  cache   si   so    bi    bo   in   cs us sy id wa st gu
 1  0 1151648  71292   2260  36368 23928 22268 24280 22268 12969 10595  1 39 32 28  0  0
 1  0 1149092  68004   2260  36160 20152 15696 20152 15696 11002 9013  1 36 34 30  0  0
 0  1 1143232  62800   2260  36192 23748 15600 23976 15600 8312 10550  1 34 44 21  0  0
 1  0 1151332  72092   2268  35744 24240 29868 24240 29880 10193 10789  1 42 37 21  0  0
 1  0 1145920  64084   2268  35464 26308 18456 26308 18456 12857 11710  1 37 36 27  0  0
 2  1 1150652  72148   2268  35152 26316 28180 26316 28180 15437 11560  0 40 30 30  0  0
 3  0 1141380  60052   2268  37764 26752 15116 29484 15116 12446 11852  1 35 38 27  0  0
 3  0 1147004  66112   2268  37504 22900 26180 22900 26180 9869 10196  1 41 37 21  0  0
 1  0 1152352  70832   2256  36024 19664 23196 19664 23216 9421 8781  1 43 37 19  0  0
 1  0 1149688  66416   2264  36028 26396 21168 26400 21188 12010 11686  1 39 38 22  0  0
 1  0 1146964  65160   2264  36132 25848 20576 26032 20576 13871 11301  1 37 34 28  0  0
 3  0 1152768  71732   2264  36032 26124 29228 26124 29228 13416 11543  1 43 34 23  0  0
 1  0 1144372  59776   2272  37316 27832 16656 29124 16656 9854 12120  1 37 43 20  0  0
 2  0 1152472  70012   2272  37212 25268 30724 25268 30724 11165 11128  1 43 38 18  0  0
 1  0 1149216  66740   2280  37212 23148 17736 23148 17764 8988 10333  1 39 41 19  0  0
 1  0 1142920  58780   2280  37208 23216 14728 23216 14732 8571 10303  0 38 44 19  0  0
 3  0 1152464  69720   2280  36932 25712 32696 25716 32700 15136 11524  1 44 31 24  0  0
 1  0 1178048  95272   2280  36936 23904 47008 23908 47008 13655 10559  1 49 34 16  0  0
 1  0 1150424  67552   2280  36936 30308    0 30308     0 7772 13290  1 28 51 21  0  0
 1  0 1158920  72676   2280  41076 24156 30296 28372 30300 11263 10860  1 45 36 18  0  0
 1  0 1148848  62000   2288  41080 28272 15428 28276 15440 12838 12444  1 36 38 25  0  0
procs -----------memory---------- ---swap-- -----io---- -system-- -------cpu-------
 r  b   swpd   free   buff  cache   si   so    bi    bo   in   cs us sy id wa st gu
 1  0 1159460  72088   2732  42484 21184 29508 23084 29508 10186 9333  1 47 36 17  0  0
 1  0 1157244  65936   2728  43904 22720 18392 24088 18392 11806 10037  1 40 35 25  0  0
 0  1 1155532  65116   2728  43904 27940 23392 27940 23392 11931 12284  1 41 38 21  0  0
 3  0 1173900  85660   2576  43852 24756 40540 24756 40540 13163 10953  1 50 32 18  0  0
 1  0 1186916  98660   2576  43864 21244 32144 21244 32144 10290 9256  1 43 38 18  0  0
 0  1 1160120  67960   2584  43864 29824    0 29824    12 7538 12819  0 28 51 21  0  0
 3  0 1166616  71464   2548  49816 26356 30004 30790 30004 12162 11538  1 49 35 16  0  0
 1  1 1196976  73824   2496  81884 17768 46320 38964 46320 12300 8557  0 84  5 10  0  0
 3  0 1189428  66164   2472  81052 32604 21884 32682 21884 12342 13943  1 50 27 24  0  0
 1  0 1189468  65068   2452  80376 26328 24152 26328 24152 12160 12032  1 43 37 19  0  0
 1  0 1184220  58604   2432  79976 28500 20684 28500 20684 13228 12751  1 42 36 22  0  0
 2  0 1218820  84660   2200  63736 16420 49360 16428 49380 14166 7544  1 63 20 16  0  0
 3  0 1197428  91632   2244  63568 28136 3780 28184  3780 7876 12167  1 33 48 19  0  0
 1  0 1170184  59652   2244  63552 31596 1516 31596  1516 8255 13823  1 31 50 19  0  0
 1  0 1174268  67848   2244  61884 27436 28832 27436 28832 11669 12147  1 43 39 18  0  0
 1  0 1168352  61564   2244  60848 27936 19252 27936 19252 12820 12291  1 40 37 23  0  0
 1  0 1173548  70524   2244  59648 25508 28132 25508 28132 11350 11313  1 42 39 18  0  0
 3  0 1165496  62068   2252  59008 28320 17520 28320 17532 9994 12437  1 39 42 18  0  0
 1  0 1162904  63116   2252  58276 27752 22472 27752 22472 10732 12213  1 41 41 17  0  0
 1  0 1154928  58632   2224  50280 25816 15672 25816 15676 12388 11607  1 40 36 23  0  0
 1  0 1165116  76120   2204  47284 26660 34096 26664 34096 12795 11849  1 48 33 18  0  0
procs -----------memory---------- ---swap-- -----io---- -system-- -------cpu-------
 r  b   swpd   free   buff  cache   si   so    bi    bo   in   cs us sy id wa st gu
 0  1 1157104  68308   2208  46536 29624 19204 30732 19204 11924 13333  1 41 39 19  0  0
 1  0 1150556  63160   2208  45412 23636 14872 23636 14872 13438 10455  0 39 33 28  0  0
 1  0 1155428  69724   2216  43108 26468 28824 26468 28836 11972 11751  1 45 36 18  0  0
 5  0 1159212  49752   3948  63996 29304 30452 49400 30452 12192 12384  1 50 34 15  0  0
 1  1 1200312  75328   6504  81036 20616 59684 43236 59684 15962 9845  2 64 21 14  0  0
 1  0 1195440  65572   7416  80112 22104 15176 23468 15176 8826 10376  2 40 14 44  0  0
 1  0 1185396  58516   3276  78788 27200 14836 27200 14836 9466 12364  1 36 45 18  0  0
 3  0 1180552  73660   3056  64120 29104 21628 29112 21848 12998 12939  1 40 39 20  0  0
 1  0 1186352  82236   3000  63124 27988 31132 27992 31184 12435 12585  1 45 39 16  0  0
 3  0 1173988  67324   2968  65572 29980 15004 32536 15004 10202 13405  1 39 43 18  0  0
 1  0 1176824  70468   2920  65984 26208 26708 27200 26708 11556 11634  1 45 38 16  0  0
 1  0 1169436  59980   2648  65748 28416 18716 28416 18716 13341 12796  1 40 38 22  0  0
 1  0 1170624  64296   2568  65776 28580 27116 28580 27116 12117 12659  1 44 39 16  0  0
 3  0 1183352  72320   2276  71492 22532 33284 32492 33296 11677 10009  1 53 31 15  0  0
 4  0 1256612  93120   4940 132656 11756 84736 68615 84820 17059 6842  2 93  2  4  0  0
 2  0 1267044  73972   5076 158696 17788 26852 31065 26852 13643 8617  0 85  1 13  0  0
 0  1 1265356  72084   5380 160564 24364 20988 25320 20988 10411 11288  1 48 35 16  0  0
 1  0 1255600  63372   3988 158640 28504 16552 28504 16960 11708 13021  1 40 40 19  0  0
 1  0 1261280  74400   3344 154820 25624 29548 25628 29548 12748 12005  1 48 36 16  0  0
 1  0 1254392  70368   3252 152412 28432 19404 28432 19432 11533 13124  1 42 37 20  0  0
 1  0 1263680  68180   3180 165956 22204 29824 39448 29824 12079 10308  1 48 36 15  0  0
procs -----------memory---------- ---swap-- -----io---- -system-- -------cpu-------
 r  b   swpd   free   buff  cache   si   so    bi    bo   in   cs us sy id wa st gu
 1  0 1257008  61956   3180 164320 22136 13696 22160 13696 9635 10108  1 41 41 18  0  0
 3  0 1262824  74492   3180 160656 26596 30404 26596 30404 13075 12207  0 48 36 16  0  0
 1  0 1264156  71172   3180 157548 27004 26608 27004 26608 12680 12613  0 46 38 16  0  0
 1  0 1255956  83416   3168 146132 27072 17168 31284 17168 11943 12763  1 42 39 19  0  0
 1  0 1241440  82672   3176 133460 30024 13484 30024 13504 10616 13886  1 39 44 17  0  0
 1  0 1216840  58976   3164 131028 30856 4292 30856  4292 9102 14253  0 33 48 18  0  0
 3  0 1213500  86488   3052  98044 27460 22452 27460 22452 11816 12824  1 44 39 16  0  0
 1  0 1220028  94184   3052  98000 26936 31752 26936 31752 13071 12419  1 47 37 16  0  0
 1  0 1193648  65456   3052  98000 28480    0 28480     0 7535 12815  1 28 51 21  0  0
 1  0 1191392  62968   3052  97568 19716 16040 20252 16060 8388 9139  0 38 41 20  0  0
 0  1 1186356  58764   2624  97036 21676 15088 21676 15088 8777 10026  1 38 43 18  0  0
 1  0 1198256  73788   2624  95888 23444 33556 23444 33556 12358 10818  1 47 36 17  0  0
 1  0 1191796  66784   2600  94952 26668 18352 26668 18352 10549 12224  0 38 43 18  0  0
 1  0 1186012  73584   2144  82920 26968 19008 26968 19008 10716 12289  1 39 42 18  0  0
 1  0 1175508  61516   2144  81576 27384 14828 27384 14828 9975 12448  1 36 44 19  0  0
 1  0 1171360  60976   2152  79812 21360 15584 21360 15596 8670 9859  1 39 42 18  0  0
 3  0 1181316  73528   2152  77396 21932 30320 21932 30320 12301 10371  1 46 37 17  0  0
 1  0 1175260  69704   2152  74104 27900 19884 27900 19884 14623 12949  1 37 35 28  0  0
 1  0 1164508  62364   2580  72860 27500 14904 28748 14904 9981 12814  1 36 44 19  0  0
 3  0 1167476  66716   2580  71568 26300 27096 27988 27096 11414 12008  1 42 39 18  0  0
 3  0 1172716  71492   2580  67992 25904 29052 25904 29052 11669 11643  1 43 38 18  0  0
procs -----------memory---------- ---swap-- -----io---- -system-- -------cpu-------
 r  b   swpd   free   buff  cache   si   so    bi    bo   in   cs us sy id wa st gu
 1  0 1168168  69492   2588  65780 25724 19080 25748 19092 10252 11652  1 39 41 19  0  0
 1  0 1155528  56732   2588  64172 22560 8248 22560  8248 7620 10258  0 34 46 20  0  0
 1  0 1198116 119212   2700  46928 21608 62656 22732 62884 16127 10237  0 61 23 15  0  0
 1  0 1171064  91492   2700  46932 29540    0 29544     0 7657 13029  1 28 51 20  0  0
 0  1 1143584  58512   2700  46932 30144    0 30144     0 10323 13249  1 28 45 26  0  0
 1  0 1148888  70432   2660  46144 25972 29376 25972 29376 12892 11938  1 43 37 19  0  0
 1  0 1149104  69712   2636  45632 26736 24764 26736 24764 11242 12110  1 41 40 18  0  0
 1  0 1140476  60984   2620  45440 25104 14172 25104 14172 8891 11062  1 35 45 19  0  0
 1  0 1150104  69916   2596  45760 20000 27960 20536 28008 10199 9296  1 46 37 17  0  0
 1  0 1190708 118192   2168  40672 21932 60676 21948 60676 15715 10074  1 60 24 16  0  0
 1  0 1162960  88456   2168  40672 30456    0 30456     0 7803 13373  1 28 51 21  0  0
 2  0 1144740  68592   2168  40468 27996 7468 27996  7468 8365 12565  1 31 48 20  0  0
 3  0 1145992  70752   2168  40128 27740 26568 27740 26568 14331 12527  1 44 29 27  0  0
 0  1 1146572  68024   2172  39868 28516 26580 28520 26580 14347 12869  0 44 28 28  0  0
 1  0 1141820  66524   2180  39736 21652 15032 21652 15044 9473 9686  1 40 37 23  0  0
 2  0 1144384  69552   2180  39500 24156 24688 24156 24688 14175 11009  0 45 28 27  0  0
 0  1 1137320  62476   2180  39312 28152 18888 28152 18888 13067 12834  1 38 36 26  0  0
 0  1 1136264  62452   2180  39120 26760 23728 26760 23728 10470 12395  0 41 41 19  0  0
 1  0 1176644 104028   2152  35808 22896 61128 22896 61176 15873 10673  1 59 19 22  0  0
 1  0 1151468  79836   2152  35812 27296    0 27300     0 13290 12178  1 30 38 32  0  0
 1  0 1145040  73356   2160  35564 24240 15644 24240 15668 12850 10858  1 39 32 29  0  0
procs -----------memory---------- ---swap-- -----io---- -system-- -------cpu-------
 r  b   swpd   free   buff  cache   si   so    bi    bo   in   cs us sy id wa st gu
 3  0 1141132  65088   2164  39524 27876 21708 32180 21708 15734 12605  0 39 30 31  0  0
 0  1 1144032  68464   2164  39308 26620 27392 26620 27392 12428 12103  1 42 36 22  0  0
 0  1 1144700  69372   2164  39104 25036 23588 25036 23604 10274 11313  1 39 41 19  0  0
 1  0 1133784  58108   2164  38976 27348 14016 27352 14020 13099 12231  1 36 34 29  0  0
 3  0 1147044  73940   2148  36624 24692 35740 24696 35744 12341 11371  0 48 34 18  0  0
 0  1 1173956 102896   2156  36672 19516 44632 19520 44644 11963 8932  1 51 32 16  0  0
 2  1 1151948  63876   2156  49292 24200    0 32123     0 7252 10689  1 34 45 20  0  0
 3  0 1180984  71016   2208  77280 18636 46108 39928 46108 15520 8993  0 81  6 12  0  0
 1  0 1181160  72392   2208  76000 26968 25020 26968 25020 14535 12286  1 41 34 24  0  0
 0  1 1170572  58856   2208  75204 27528 15024 27528 15024 9959 12716  0 37 44 19  0  0
 0  1 1174160  67188   2208  73476 26976 28156 26976 28156 15177 12067  1 44 30 25  0  0
 0  0 1170076  63756   2216  72500 23936 17948 23936 17960 9408 10776  1 39 42 19  0  0
 1  0 1167900  72736   2216  62108 26508 22216 26508 22216 10716 12018  1 42 40 17  0  0
 1  0 1156572  58676   2212  61800 27784 14404 27784 14404 11527 12685  0 38 38 24  0  0
 1  0 1168452  72760   2212  60796 25564 35348 25564 35348 12829 11547  1 47 36 16  0  0
 0  1 1158440  59728   2212  60356 27696 15340 27696 15340 9843 12451  1 36 44 19  0  0
 1  0 1167516  73932   2212  59624 22460 29644 22460 29644 10871 10099  1 45 37 17  0  0
 0  1 1163060  68428   2220  59304 20964 14880 20964 14892 11035 9436  1 38 34 27  0  0
 0  1 1162060  66520   2220  58796 26356 23216 26356 23216 13352 12035  1 40 35 25  0  0
 0  1 1159844  65104   2220  58244 28124 23664 28124 23664 14444 12899  1 42 30 28  0  0
 1  0 1159684  67684   2220  57668 27652 25188 27652 25188 13025 12518  0 45 31 24  0  0
procs -----------memory---------- ---swap-- -----io---- -system-- -------cpu-------
 r  b   swpd   free   buff  cache   si   so    bi    bo   in   cs us sy id wa st gu
 1  0 1192172 113212   2128  48140 23468 53964 23496 53968 15427 11005  1 58 16 25  0  0
 1  0 1170528  87004   2140  48168 23512    0 23524     0 11656 10473  1 30 38 32  0  0
 1  0 1143172  59284   2148  48168 29976    0 29976    12 14348 13248  1 29 37 33  0  0
 2  0 1149612  67384   2144  46776 25272 29608 25272 29608 10854 11617  1 44 36 19  0  0
 1  0 1149160  64108   2144  49108 27844 24876 31328 24876 15576 12426  1 44 27 28  0  0
 0  1 1154640  72732   2144  47948 26256 29644 26484 29644 12932 12010  1 44 36 20  0  0
 0  1 1142876  58548   2144  47984 28132 14108 28372 14108 9726 12595  1 34 46 19  0  0
 0  1 1146300  61644   2144  47852 26660 27772 26660 27772 11437 11968  1 45 38 17  0  0
 0  1 1189092 108628   2144  47552 19924 61144 19924 61156 14224 9272  1 62 23 15  0  0
 0  1 1166972  84380   2144  47552 23780    0 23780     0 6470 10697  1 31 51 18  0  0
 1  0 1155908  73748   2144  46872 28740 15360 28744 15368 9980 12879  0 38 43 18  0  0
 0  1 1150040  66488   2144  46068 27884 19532 27888 19532 10413 12244  1 40 42 17  0  0
 1  1 1151236  70004   2144  45220 27680 26408 27680 26408 11447 12439  1 44 39 18  0  0
 0  1 1153548  74112   2144  43744 26928 26968 26928 26968 11421 12179  1 43 39 17  0  0
 3  1 1150184  72448   2152  42700 28596 22688 28596 22712 11625 12778  0 43 35 23  0  0
 3  0 1148684  73364   2452  38904 28484 24760 32036 24760 14871 13096  1 45 26 28  0  0
 1  0 1180452 104104   2460  40652 19856 49808 21604 49808 13596 9016  1 58 20 22  0  0
 1  0 1157992  80920   2460  40652 24364    0 24364     0 12040 10845  1 30 39 31  0  0
 0  1 1145316  65424   2408  40432 30544 15184 30544 15184 14516 13589  0 37 34 29  0  0
 0  1 1144700  64592   2332  39996 27840 24768 27840 24768 12780 12511  1 42 32 26  0  0
 1  0 1147872  72312   2248  39544 28788 29228 28788 29240 14206 12851  0 45 29 25  0  0
procs -----------memory---------- ---swap-- -----io---- -system-- -------cpu-------
 r  b   swpd   free   buff  cache   si   so    bi    bo   in   cs us sy id wa st gu
 1  0 1145812  69980   2184  39164 27908 23480 27932 23480 16184 12579  1 41 31 28  0  0
 1  0 1140496  63328   2160  39024 21392 14368 21392 14368 11694 9776  1 42 32 25  0  0
 1  0 1140580  64196   2160  38660 28048 25844 28048 25844 15896 12742  1 43 28 28  0  0
 0  1 1145432  69260   2156  36844 28968 31188 28968 31204 14970 13048  1 46 28 25  0  0
 1  0 1144824  69864   2156  36724 29572 26416 29576 26416 16058 13298  1 45 27 28  0  0
 3  0 1138156  62224   2164  36372 30228 20836 30228 20848 14568 13476  1 40 32 27  0  0
 1  1 1146372  72684   2164  36072 26212 32052 26212 32052 12284 11825  1 46 35 18  0  0
 3  0 1138952  64816   2164  35816 27264 17628 27264 17628 10721 12174  1 38 42 20  0  0
 0  1 1147080  71828   2164  35420 27508 33216 27508 33216 12274 12371  1 46 38 16  0  0
 0  0 1154800  78728   2164  39560 21872 27700 26200 27700 10405 9877  1 47 37 16  0  0
 0  1 1149012  70592   2160  39156 25404 17480 25404 17480 9513 11355  1 40 42 17  0  0
 1  0 1153924  75520   2168  38512 27932 30172 27932 30184 12138 12312  1 45 38 17  0  0
 1  0 1140896  61996   2168  38128 30476 14588 30476 14588 10040 13295  1 39 44 18  0  0
 1  0 1145900  66796   2168  38388 27776 30172 28796 30172 11966 12332  1 46 38 16  0  0
 0  1 1152176  75884   2168  37676 25724 29668 25724 29668 11410 11457  1 46 38 16  0  0
 1  0 1145488  68224   2168  37316 23608 14912 23608 14912 8639 10556  1 38 44 17  0  0
 2  0 1149424  74764   2168  36704 28036 29268 28036 29268 11757 12231  0 46 38 16  0  0
 1  0 1134912  58600   2176  36392 30856 13764 30856 13776 10172 13710  0 38 45 17  0  0
 1  0 1189180 106516   2164  46292 21952 73956 34732 73960 17316 9984  0 69 18 13  0  0
 1  0 1158416  71292   2164  46312 33820    0 33824     0 8509 14776  1 30 51 19  0  0
 1  0 1153508  66960   2164  46312 22912 15952 22912 15956 8691 10040  1 40 44 15  0  0
procs -----------memory---------- ---swap-- -----io---- -system-- -------cpu-------
 r  b   swpd   free   buff  cache   si   so    bi    bo   in   cs us sy id wa st gu
 0  1 1158544  72348   2164  46744 26980 29436 27484 29440 11846 11844  0 45 38 16  0  0
 0  1 1149680  62712   2164  46700 30876 19200 30876 19200 11040 13444  0 41 42 16  0  0
 0  1 1156832  62748   2172  46464 28748 33200 28748 33212 12871 12839  1 47 37 15  0  0
 2  0 1158616  72844   2172  47704 29024 28192 30340 28192 12242 12851  1 46 37 16  0  0
 2  1 1181800  88332   2152  55476 23124 44140 28908 44144 13721 10663  1 56 28 15  0  0
 3  0 1188204  61820   2112  87964 23312 27608 43056 27608 13499 10527  0 81  7 12  0  0
 1  0 1206692  64968   2116 103592 22812 39392 40696 39392 12825 9589  1 60 25 15  0  0
 3  0 1198048  60684   2116 102348 27976 16768 27976 16768 9335 12508  1 38 42 19  0  0
 3  0 1202476  67248   2124 100480 23356 25936 23356 25948 13879 10745  0 47 28 25  0  0
 3  0 1202204  68348   2124 100284 22016 19980 22336 19980 13190 9986  1 43 32 25  0  0
 0  1 1197436  64804   2124  98852 29684 22680 29684 22680 14939 13548  1 41 34 24  0  0
 1  0 1178020  59300   2120  83020 31552 9440 31556  9448 9443 14098  1 34 47 18  0  0
 2  0 1178200  71292   2116  69828 29032 26752 29032 26752 17349 13186  0 43 30 27  0  0
 1  0 1176616  72404   2116  66612 27644 23556 27644 23556 11143 12480  1 42 41 17  0  0
 1  0 1170708  66072   2124  64148 27552 19220 27552 19244 11000 12301  1 40 40 19  0  0
 2  0 1164816  65156   2124  61496 29900 21308 29900 21308 11159 13308  1 40 42 17  0  0
 0  1 1162368  66100   2124  58548 26680 22012 26680 22012 10707 12035  0 42 41 16  0  0
 1  0 1153916  58408   2124  56736 25452 14576 25452 14576 12451 11286  1 40 37 23  0  0
 0  1 1160424  68688   2124  53004 28744 32508 28744 32508 13002 12924  1 45 38 16  0  0
 0  1 1156836  60460   2124  50460 29220 23152 29220 23152 11448 13024  1 42 41 16  0  0
 0  1 1141596  60220   2124  35344 30676 12860 30676 12892 10139 13703  1 36 46 18  0  0
procs -----------memory---------- ---swap-- -----io---- -system-- -------cpu-------
 r  b   swpd   free   buff  cache   si   so    bi    bo   in   cs us sy id wa st gu
 0  1 1144868  65044   2124  34884 29656 29920 30676 29920 12462 13016  0 45 38 16  0  0
 0  1 1148832  72104   2124  34708 29068 30456 29068 30456 13316 12993  1 46 38 16  0  0
 1  0 1143296  66260   2124  34640 23348 15856 23348 15856 8999 10554  1 40 43 16  0  0
 2  0 1141972  66124   2136  34572 27032 23280 27048 23280 10656 12000  1 42 41 16  0  0
 1  0 1140908  63524   2124  34504 30080 26280 30080 26280 11986 13377  1 43 40 16  0  0
 0  1 1141268  64432   2132  34532 28616 26160 28616 26172 11334 12560  1 43 41 16  0  0
 0  1 1150844  74408   2132  33892 28364 35360 29040 35364 13188 12482  1 47 37 15  0  0
 1  0 1141820  64748   2132  34092 27260 15588 27492 15588 9416 12027  0 41 43 17  0  0
 1  1 1143200  66084   2132  33996 24204 23276 24204 23276 10162 10815  1 42 42 16  0  0
 2  0 1149172  62768   2132  33844 29580 32612 29580 32612 13015 13040  1 45 39 15  0  0
 1  0 1144380  66832   2132  33852 30776 23116 30776 23116 11545 13684  0 42 41 16  0  0
 0  1 1146488  67720   2140  36664 29436 28976 32416 28988 12168 13107  1 46 39 15  0  0
 2  0 1154624  72520   2444  42920 27540 33332 34160 33332 16360 12595  0 49 29 22  0  0
 0  1 1158608  72344   2360  44416 22668 24628 24392 24632 13161 10174  1 47 32 20  0  0
 1  0 1151116  61568   2340  44248 30660 20536 30664 20536 13934 13679  1 41 38 21  0  0
 2  0 1150596  65144   2308  43900 31080 27664 31080 27664 17131 13785  1 46 29 24  0  0
 1  0 1153620  59320   2292  43732 28580 28704 28580 28704 12113 12560  1 44 40 16  0  0
 2  0 1188104  68428   2256  80552 19840 52748 40857 52760 12987 10028  1 88  4  8  0  0
 1  0 1182336  62500   2240  81728 25508 17656 27252 17656 12308 11536  1 46 29 25  0  0
 1  0 1188228  69664   2216  81516 24096 27848 24096 27848 13603 10917  0 48 29 23  0  0
 1  0 1226684 112308   2216  80360 23784 60236 23784 60236 18200 11152  1 59 19 21  0  0
procs -----------memory---------- ---swap-- -----io---- -system-- -------cpu-------
 r  b   swpd   free   buff  cache   si   so    bi    bo   in   cs us sy id wa st gu
 1  0 1206900  89152   2216  80384 21520    0 21544     0 10646 9374  1 33 39 27  0  0
 2  0 1178376  60156   2216  80408 33208 1676 33208  1676 15825 14522  0 32 36 31  0  0
 1  0 1177832  64020   2184  75888 30364 27396 30368 27408 14798 13815  1 46 30 23  0  0
 1  0 1177176  65652   2184  71128 32148 28396 32148 28396 17172 14219  1 48 27 25  0  0
 1  0 1172528  66356   2184  66976 31124 23900 31124 23900 13989 14153  1 43 36 20  0  0
 1  0 1173352  74964   2184  62344 29380 27668 29380 27668 15093 13196  1 45 34 21  0  0
 1  0 1158772  60588   2184  60520 31184 13928 31184 13928 10287 13826  1 38 46 16  0  0
 1  0 1161528  73992   2104  47872 22160 22872 22160 22876 9552 10034  1 46 39 16  0  0
 1  0 1155424  68184   2112  46860 29488 20692 29496 20712 10991 13140  1 42 42 16  0  0
 2  0 1158932  74548   2112  45464 29628 30556 29632 30556 12490 13275  1 45 39 15  0  0
 1  0 1159292  72640   2112  44292 29908 27416 29908 27420 12271 13159  1 45 39 15  0  0
 1  0 1150112  63596   2112  43548 31692 19680 31696 19680 11591 14188  0 41 42 17  0  0
 3  0 1143456  59084   2372  42880 24160 15440 24432 15440 9123 10753  1 40 44 15  0  0
 1  0 1146228  63400   2312  41484 26944 27104 26944 27128 11421 11960  1 46 38 15  0  0
 1  0 1155120  79604   2092  33664 29412 35480 29412 35480 13503 13180  1 48 37 15  0  0
 0  0 1152676  72504   2092  38356 31376 25900 36228 25900 12520 13857  1 44 40 16  0  0
 1  0 1143828  62408   2092  38260 31972 20264 31972 20264 13307 14164  0 41 40 19  0  0
 3  0 1152736  72964   2092  38104 27328 33680 27328 33680 13309 12198  1 49 36 15  0  0
 3  0 1151912  70836   2092  37880 30248 26564 30248 26564 12093 13440  1 43 40 16  0  0
 0  1 1161016  84004   2100  37708 29368 35824 29368 35836 13467 13000  1 49 36 15  0  0
 2  0 1148900  71432   2100  37708 27600 13096 27600 13096 14781 12264  1 40 31 28  0  0
procs -----------memory---------- ---swap-- -----io---- -system-- -------cpu-------
 r  b   swpd   free   buff  cache   si   so    bi    bo   in   cs us sy id wa st gu
 4  0 1152372  69996   2236  40740 23944 25092 27396 25092 10923 10572  1 45 38 16  0  0
 1  0 1148288  64992   2380  40548 32036 24812 33008 24828 12145 14063  1 44 41 15  0  0
 1  0 1152076  69224   2380  39696 30248 31144 30252 31144 11712 13480  1 47 35 17  0  0
 1  0 1143984  58412   2380  39248 31152 20044 31152 20044 10342 13812  1 42 41 17  0  0
 1  0 1152664  71736   2388  39436 28152 33964 29160 33976 13603 12532  1 46 36 18  0  0
 1  0 1152616  69628   2388  39132 21276 19368 21276 19368 11775 9133  0 45 32 23  0  0
 1  0 1149940  68816   2388  38916 22532 17836 22532 17836 12013 9868  1 41 32 26  0  0
 1  0 1147432  64660   2388  38732 24288 19704 24288 19704 11735 10376  1 43 34 22  0  0
 0  1 1158656  78524   2384  36328 28332 37120 28332 37120 14980 12750  1 50 28 21  0  0
 1  0 1147624  68836   2384  36176 29172 15420 29172 15420 13719 12931  1 40 36 24  0  0
 1  0 1141220  60808   2316  35980 24548 15716 24548 15728 8762 10796  1 40 44 16  0  0
 1  0 1144448  65396   2112  35936 29888 30400 29888 30400 17160 13379  1 47 28 25  0  0
 1  0 1155252  78248   2112  35872 30260 37992 30260 37992 16924 13256  1 52 27 21  0  0
 1  0 1139988  59060   2112  35844 33668 15012 33668 15012 14602 14629  1 39 37 23  0  0
 1  0 1151700  74752   2112  35816 28560 37488 28560 37488 13149 12711  0 50 36 15  0  0
 1  0 1141704  62380   2112  35740 24896 12832 24896 12836 8754 11174  1 39 44 17  0  0
 1  0 1148212  64296   2120  40376 25408 29372 30296 29384 11388 11059  1 47 38 15  0  0
 3  0 1153172  67812   2120  40320 23604 26392 23604 26392 10220 10668  1 43 39 17  0  0
 1  0 1143476  60168   2120  40072 32332 19584 32332 19584 11174 14169  1 40 43 16  0  0
 2  0 1160668  71980   2120  39724 28392 42804 28392 42804 14995 12481  1 54 31 15  0  0
 1  0 1151052  67948   2120  39556 27672 15600 27672 15600 9578 12291  1 39 44 16  0  0
procs -----------memory---------- ---swap-- -----io---- -system-- -------cpu-------
 r  b   swpd   free   buff  cache   si   so    bi    bo   in   cs us sy id wa st gu
 2  0 1144836  59956   2128  39428 25120 16532 25144 16544 9217 11197  1 42 42 16  0  0
 1  0 1141300  58560   2128  39208 32788 26020 32788 26020 15632 14366  1 46 33 21  0  0
 1  0 1146600  64556   2128  37464 30476 32844 30476 32844 12947 13442  1 48 37 14  0  0
 1  0 1155468  66916   2132  45824 29484 35816 37768 35816 13258 13064  1 49 36 14  0  0
 1  0 1157012  65868   2132  45824 30728 29428 30728 29428 15554 13745  1 47 30 23  0  0
 0  0 1149912  60292   2140  45824 23280 14184 23288 14184 12567 10295  1 43 32 24  0  0
 1  1 1155020  67032   2148  45824 26112 28824 26112 28836 14475 11791  1 51 24 24  0  0
 1  0 1154460  64216   2148  45824 31364 28036 31364 28036 16935 14100  1 46 27 27  0  0
 2  0 1158180  69924   2148  47012 30464 31212 31652 31212 12611 13503  1 48 35 17  0  0
 0  1 1169816  75080   2968  52200 29732 38460 36556 38500 16442 13279  1 53 23 23  0  0
 1  0 1160236  65404   2932  51936 27324 15312 27328 15312 12156 12146  1 38 40 22  0  0
 1  0 1163928  69420   2888  51492 28584 29748 28584 29748 11880 12820  1 46 38 15  0  0
 1  0 1164516  71464   2888  51104 31232 28820 31232 28820 14310 13857  1 44 36 19  0  0
 1  0 1167792  73064   2888  53428 22912 24028 25540 24028 9692 10149  1 46 39 14  0  0
 1  0 1169732  67552   2888  60880 28636 27520 36388 27520 11271 12422  1 48 35 17  0  0
 1  0 1172644  57864   2896  72628 28412 28864 36498 28876 11599 13000  0 54 32 13  0  0
 1  0 1180400  70400   2836  68524 29544 34820 29544 34840 13296 13270  1 49 36 14  0  0
 3  0 1180828  71584   2804  66320 30360 28036 30364 28036 12369 13433  1 47 39 15  0  0
 1  0 1171224  62104   2756  64764 29004 16712 29004 16712 10236 12814  1 40 43 16  0  0
 2  0 1167044  61012   2728  63520 24856 18332 24856 18332 9529 11010  1 42 42 15  0  0
 1  0 1164384  58884   2680  62004 31400 25572 31416 25572 12213 13542  1 44 40 16  0  0
procs -----------memory---------- ---swap-- -----io---- -system-- -------cpu-------
 r  b   swpd   free   buff  cache   si   so    bi    bo   in   cs us sy id wa st gu
 1  0 1165256  63668   2640  60828 30084 28148 30108 28160 12447 13306  1 46 39 15  0  0
 3  0 1176552  68904   2580  58284 28444 37136 28444 37136 13501 12579  1 52 34 14  0  0
 1  0 1207412 124152   2100  44736 26612 55032 26612 55032 16189 11767  1 60 27 13  0  0
 1  0 1182648  97440   2100  44736 27140    0 27140     0 7050 11839  1 32 50 17  0  0
 1  0 1153316  61908   2380  44736 32016    0 32296     0 8185 14085  1 31 51 17  0  0
 1  0 1176948  73964   2384  59516 27364 48220 44060 48220 15165 11756  1 58 30 13  0  0
 1  0 1163020  61948   2392  60228 32116 15328 33304 15340 10616 14267  1 40 43 16  0  0
 1  0 1167624  64252   2392  59128 29836 31928 29836 31928 12940 13306  1 49 36 15  0  0
 1  0 1171156  71460   2392  58536 25308 26528 25308 26528 11450 11149  1 47 37 15  0  0
 2  0 1187708 111228   2392  36892 22824 37248 22824 37252 14928 10309  1 52 24 23  0  0
 1  0 1170088  90152   2392  36900 31496 10740 31500 10740 9309 13752  0 37 47 16  0  0
 3  0 1153468  73196   2392  36716 33692 13808 33692 13808 10673 14857  1 39 45 16  0  0
 0  1 1157852  74812   2404  41288 30748 32120 35676 32140 16284 13675  1 48 30 21  0  0
 0  1 1153344  70544   2404  41028 30648 23356 30652 23356 11397 13535  1 43 42 15  0  0
 2  1 1150920  67980   2404  40836 29600 24660 29600 24660 11459 13319  1 43 41 15  0  0
 1  0 1147276  62700   2404  40592 30604 24232 30604 24232 11729 13698  1 44 41 15  0  0
 2  0 1151628  72044   2128  37152 26748 28708 26748 28712 11451 11929  0 46 39 14  0  0
 1  0 1150524  68664   2128  36956 22360 19296 22364 19300 10456 10155  1 41 39 19  0  0
 1  0 1154180  67676   2272  40860 29092 30108 33592 30120 15017 12844  1 47 33 20  0  0
 3  0 1155528  73200   2196  40396 30512 29016 30516 29016 12372 13632  1 46 39 15  0  0
 3  0 1146436  60628   2196  40048 30068 18444 30068 18444 10534 13334  0 43 41 16  0  0
procs -----------memory---------- ---swap-- -----io---- -system-- -------cpu-------
 r  b   swpd   free   buff  cache   si   so    bi    bo   in   cs us sy id wa st gu
 1  0 1146048  63664   2196  39732 30544 27312 30568 27312 12537 13514  1 45 39 15  0  0
 1  0 1150764  69276   2196  39344 26816 29016 26816 29016 11535 12012  1 47 38 15  0  0
 1  0 1151748  70064   2204  38976 30172 28256 30172 28268 12164 13203  1 46 39 15  0  0
 1  0 1144620  62572   2152  36724 30244 20136 30244 20136 11519 13268  1 42 41 16  0  0
 3  0 1152160  71852   2144  36732 22772 28000 22772 28000 10320 10059  0 47 37 15  0  0
 1  0 1142036  59228   2144  36716 31208 18220 31208 18220 10607 13771  1 41 43 16  0  0
 1  0 1144772  63664   2140  36644 30632 30340 30632 30340 15365 13383  1 46 34 20  0  0
 1  0 1152640  74444   2140  36644 28908 34192 28908 34192 12938 13018  1 47 37 16  0  0
 1  0 1142292  62680   2148  36644 32796 19280 32796 19292 10972 14282  0 41 43 16  0  0
 0  1 1149144  69076   2148  36640 24208 28724 24208 28732 13775 10718  1 48 32 20  0  0
 1  0 1152836  72596   2148  36640 25360 26560 25364 26564 10342 11307  1 44 39 16  0  0
 1  0 1156856  75652   2148  36436 30048 31176 30052 31180 12637 13389  1 47 38 15  0  0
 0  1 1140940  58556   2148  36236 33688 14240 33692 14240 10408 14491  1 37 45 16  0  0
 0  1 1142860  60764   2148  35824 30692 29592 30692 29592 11945 13582  1 46 38 16  0  0
 1  0 1147148  63628   2156  35452 28424 29648 28424 29672 15123 12177  0 48 32 20  0  0
 0  1 1155656  76784   2156  35036 22692 28956 22692 28956 11677 9988  1 50 32 18  0  0
 0  1 1157060  72184   2156  34764 30608 28772 30608 28788 12482 13290  0 45 39 15  0  0
 1  1 1142932  59888   2156  34604 34092 16704 34096 16708 13342 14973  1 40 41 19  0  0
 0  1 1145704  65668   2152  33248 30836 30536 30840 30536 15699 13673  1 47 31 22  0  0
 1  0 1148640  69212   2152  33248 30984 31080 30984 31084 12518 13811  1 46 37 16  0  0
 0  1 1140432  58936   2160  33244 30800 19368 30800 19388 10471 13284  1 40 42 17  0  0
procs -----------memory---------- ---swap-- -----io---- -system-- -------cpu-------
 r  b   swpd   free   buff  cache   si   so    bi    bo   in   cs us sy id wa st gu
 0  1 1146816  62172   2160  33564 26196 29752 26624 29756 11384 11546  1 47 37 15  0  0
 3  0 1139284  57384   2160  33488 25352 15280 25352 15284 12218 10954  1 43 34 22  0  0
 1  0 1157124  79176   2164  33528 28436 43380 28444 43384 14509 12552  1 52 33 15  0  0
 0  1 1142600  61304   2164  33528 32772 15132 32776 15136 14339 14402  1 41 36 23  0  0
 1  1 1151376  69044   2164  33084 30132 35576 30136 35580 12989 13082  0 48 36 15  0  0
 1  0 1153352  72836   2172  32972 30760 29584 30764 29596 13429 13414  1 44 38 17  0  0
 0  1 1145884  60596   2720  36376 25276 15392 29244 15392 9179 11164  1 40 43 16  0  0
 3  0 1149844  58848   2720  36124 28436 29700 28436 29700 12054 12666  1 46 38 15  0  0
 0  1 1150032  66944   2640  35912 30452 27744 30452 27744 12353 13455  1 44 40 16  0  0
 1  0 1151832  70200   2636  35836 29908 28648 29908 28648 11728 13071  1 46 37 16  0  0
 1  0 1149676  65820   2644  36512 31452 26236 32128 26248 14061 13740  1 45 36 18  0  0
 1  0 1191220 112988   2644  35204 21548 61184 21776 61184 16141 9675  1 64 22 14  0  0
 5  0 1184108  72644   2524  68724 23316 14032 44468 14036 8504 10912  1 74 12 14  0  0
 2  0 1193024  64772   2364  72332 33556 39108 37424 39108 15378 13864  0 63 23 14  0  0
 1  0 1174764  59056   2372  71796 28084 7088 28092  7088 8357 12175  1 37 48 16  0  0
 3  0 1181520  65844   2268  72312 27312 31472 30140 31472 12222 12057  1 49 36 14  0  0
 2  0 1174304  56276   2224  71748 29480 19508 29908 19520 10881 13089  1 42 42 15  0  0
 0  1 1173940  59768   2180  70444 30796 27764 30796 27764 12751 13830  0 45 39 15  0  0
 1  0 1186240  85080   2164  58060 26132 36144 26132 36148 12664 11721  1 51 35 14  0  0
 0  1 1174864  77012   2168  56204 29068 15168 29076 15168 10155 12917  1 40 44 16  0  0
 1  0 1162828  62624   2168  54268 33764 18432 33764 18432 12066 14668  1 43 38 19  0  0
procs -----------memory---------- ---swap-- -----io---- -system-- -------cpu-------
 r  b   swpd   free   buff  cache   si   so    bi    bo   in   cs us sy id wa st gu
 1  0 1168672  74336   2176  51744 25292 28640 25316 28652 11248 11217  1 46 37 16  0  0
 3  0 1153100  58120   2176  50404 34284 15208 34284 15208 13628 14921  1 41 37 22  0  0
 1  0 1166348  73756   2180  51296 26232 37064 30604 37064 15410 11824  1 51 26 22  0  0
 0  1 1158744  58844   2180  50128 24092 14200 24092 14200 11385 10651  1 41 37 21  0  0
 0  1 1156620  65480   2180  48624 31440 26164 31440 26164 14795 13889  1 45 34 21  0  0
 0  1 1193728 105040   2116  47232 24416 59312 24416 59312 14912 11309  1 56 28 15  0  0
 1  0 1161280  69760   2124  47232 35732    0 35732    12 8855 15636  1 32 51 17  0  0
 0  0 1162832  74460   2124  45364 30880 29456 30880 29456 12420 13678  1 45 40 15  0  0
 1  0 1153744  66892   2124  43844 31300 19236 31300 19236 13663 13801  1 40 38 21  0  0
 1  0 1162840  68412   2132  50916 25988 32676 35016 32676 13931 11530  1 48 32 19  0  0
 0  1 1153324  60896   2128  50064 26700 14504 26700 14504 9088 11644  1 38 45 16  0  0
 0  1 1161392  73296   2108  45440 29736 35064 29736 35064 14080 13217  1 47 36 16  0  0
 2  0 1164732  76568   2116  45340 31096 31320 31096 31332 15028 13641  1 46 34 19  0  0
 1  0 1152000  61488   2116  44872 30908 15424 30908 15424 10283 13666  1 41 44 16  0  0
 0  1 1161344  74760   2116  44348 28328 35068 28328 35068 17111 12674  0 48 29 23  0  0
 1  0 1160424  67992   2260  48548 22740 19604 27376 19604 11857 10018  1 45 34 20  0  0
 0  1 1153768  59992   2180  48252 28864 19636 28868 19636 13331 12711  1 42 36 22  0  0
 0  1 1154012  63572   2180  48308 30928 28136 31388 28136 12100 13557  1 46 38 15  0  0
 0  1 1155320  64908   2188  47948 30088 28460 30088 28472 12102 13338  1 44 39 16  0  0
 5  0 1153856  57060   2184  52572 30200 25660 33968 25660 14991 13281  1 45 32 22  0  0
 3  1 1208348  64860   2184  99500 13544 66396 47418 66396 10422 6690  0 96  2  3  0  0
procs -----------memory---------- ---swap-- -----io---- -system-- -------cpu-------
 r  b   swpd   free   buff  cache   si   so    bi    bo   in   cs us sy id wa st gu
 0  1 1214412  62160   2624 110848 22344 26572 27439 26572 10958 10335  1 65 21 13  0  0
 0  1 1208764  59484   2624 110916 30448 22204 30448 22204 11691 13652  1 43 40 16  0  0
 1  0 1216372  69500   2624 110916 21756 27348 21756 27348 14107 9751  0 49 29 22  0  0
 3  0 1215776  68036   2632 110916 27016 24132 27016 24144 10863 12349  1 45 39 16  0  0
 1  0 1215088  66096   2264 108960 29916 26692 29916 26692 13374 13303  1 47 35 17  0  0
 3  0 1206860  61388   2264 107276 32404 21584 32404 21584 17334 14730  0 46 26 28  0  0
 1  0 1211032  69080   2264 104196 28632 30472 28632 30472 16671 12944  1 51 26 22  0  0
 1  0 1200876  59344   2268 102804 27112 14460 27120 14468 9483 12122  1 39 44 16  0  0
 1  0 1207104  69140   2268 100260 23176 27456 23176 27456 11126 10595  0 48 37 14  0  0
 3  0 1206808  72984   2276  98360 30096 27196 30096 27220 12577 13596  1 47 38 15  0  0
 1  0 1194728  62092   2276  96656 32428 17588 32428 17588 14300 14504  1 40 36 23  0  0
 1  0 1194572  64204   2276  94448 28080 25560 28080 25572 14889 12626  0 48 30 22  0  0
 1  0 1186560  67180   2188  80812 31696 20748 31696 20748 16744 14116  1 43 28 28  0  0
 1  0 1188048  75040   2184  75716 29980 28868 29980 28868 17233 13430  1 48 26 25  0  0
 0  1 1177720  59344   2184  73828 27012 14328 27012 14328 11061 12010  1 40 39 21  0  0
 2  0 1174648  64060   2204  71320 25592 20028 25604 20040 11540 11337  1 45 37 18  0  0
 1  0 1179972  70100   2204  66940 29396 32152 29396 32152 13730 13145  1 48 34 17  0  0
 0  1 1169944  65688   2204  64700 32220 19388 32220 19388 12943 14368  1 42 39 19  0  0
 1  0 1168136  65928   2204  61272 30888 26216 30888 26216 14182 13777  1 47 33 20  0  0
 1  0 1152724  67876   2096  40412 33176 14336 33176 14336 15961 14347  1 40 34 26  0  0
 3  0 1149996  67688   2096  39700 29876 24612 29876 24612 11748 13504  1 43 42 15  0  0
procs -----------memory---------- ---swap-- -----io---- -system-- -------cpu-------
 r  b   swpd   free   buff  cache   si   so    bi    bo   in   cs us sy id wa st gu
 0  1 1152960  70732   2104  39804 25480 26192 26516 26204 10888 11439  1 44 40 15  0  0
 3  0 1150968  69840   2104  39148 31384 26228 31384 26228 13438 13712  1 45 35 19  0  0
 1  0 1147732  65868   2104  38240 29032 23092 29032 23092 12702 12733  1 42 40 18  0  0
 3  0 1149776  67128   2920  39756 22944 22732 25932 22732 11231 10193  1 48 34 17  0  0
 1  0 1166608  67384   2924  56460 25180 39596 43064 39596 12758 11104  1 52 33 14  0  0
 1  0 1153024  68144   2916  41860 29084 12780 33380 12780 9852 12749  1 38 45 16  0  0
 1  0 1159820  73892   2848  41800 25876 30504 25876 30524 11598 11573  1 47 37 16  0  0
 1  0 1151960  66364   2800  41628 30664 19660 30672 19660 11384 13270  1 42 40 18  0  0
 1  0 1156444  70568   2740  41500 23304 25560 23304 25560 11685 10010  1 48 32 19  0  0
 1  0 1156472  71624   2692  41500 22236 20156 22236 20156 12300 9848  1 45 30 24  0  0
 1  0 1158856  71560   2628  41500 28600 28344 28600 28344 11994 12528  0 46 39 15  0  0
 1  0 1147792  60536   2600  42180 29012 14964 29688 14964 9674 12598  1 38 44 17  0  0
 1  0 1154864  68376   2552  42180 23720 28424 23720 28436 11358 10504  1 47 35 18  0  0
 0  1 1154748  70404   2128  39448 28516 25716 28516 25716 15616 12640  1 47 28 24  0  0
 1  0 1150560  66724   2124  39160 27268 20484 27268 20484 10251 11973  1 42 42 16  0  0
 1  0 1155332  72176   2124  38440 28312 30440 28312 30440 15136 12532  1 48 30 22  0  0
 1  0 1149040  65436   2124  38000 29128 19764 29128 19764 12255 12654  0 44 36 20  0  0
 1  0 1141296  58128   2124  37664 25164 15000 25164 15000 10725 11092  1 41 39 20  0  0
