procs -----------memory---------- ---swap-- -----io---- -system-- -------cpu-------
 r  b   swpd   free   buff  cache   si   so    bi    bo   in   cs us sy id wa st gu
 1  0      0 1169204   6648  71128 31862 17671 33528 17681 8223   46  1 26 56 17  0  0
 1  0      0 457452   8908 112860    0    0 46916     0 1454  639  7 37 51  6  0  0
 0  2  99144  69136   4652  61064   48 98968  5808 98968 5705  500  2 33 13 52  0  0
 1  0 477848  86568   4924  79156  900 378432 19232 378432 3995 1447  3 87  4  6  0  0
 1  0 538148  75492   4924  79156 76604 60280 76604 60280 8888 8105  1 39 37 24  0  0
 1  0 692936  75992   4924  79156 153884 154768 153884 154768 21019 10806  1 51 24 24  0  0
 2  0 846088  83020   4932  79156 146852 153084 146852 153124 13207 9441  1 44 28 27  0  0
 0  1 914296  83076   4932  79156 65860 68212 65860 68212 7425 4342  1 27 36 37  0  0
 0  1 950996  81820   2264  54324 63512 36008 63812 36008 5457 4156  1 24 41 35  0  0
 1  0 1021008  73968   2260  51488 81612 70004 82188 70004 6063 6250  1 26 42 31  0  0
 0  1 1048572  72532   2400  48920 55200 52240 55856 52240 5600 4296  1 27 42 31  0  0
 0  1 1057216  72200   2400  47252 49628 54684 49628 54684 4096 3307  1 22 43 34  0  0
 1  0 1053664  69408   2408  54344 109612 107756 120008 107768 6484 7302  1 41 38 20  0  0
 1  0 1064840  65972   2408  65428 125492 134536 134254 134536 10878 9135  1 56 30 13  0  0
 1  0 1048572  85112   2412  64864 150876 31016 151108 31260 10537 10575  2 40 40 19  0  0
 1  0 1048572  79480   2412  64384 141388 2856 141392  2860 10397 9542  1 38 37 24  0  0
 1  0 1048572  71428   2248  72328 145468 105024 161936 105028 8857 10813  2 44 36 18  0  0
 1  0 1048572  70272   2120  72400 60616 47752 64144 47752 6678 6455  1 28 41 31  0  0
 1  0 1048572  69308   2120  71168 66352 1676 66352  1704 4774 6735  0 22 49 29  0  0
 0  1 1048572  76704   2544  69384 74180 31884 74604 31884 5792 5918  2 24 43 31  0  0
 1  0 1048572  79952   2548  67176 79708 65648 79712 65648 6791 6303  0 23 42 35  0  0
procs -----------memory---------- ---swap-- -----io---- -system-- -------cpu-------
 r  b   swpd   free   buff  cache   si   so    bi    bo   in   cs us sy id wa st gu
 2  0 1049592  85760   2548  65720 67936 66240 67960 66240 4933 5129  1 27 42 30  0  0
 0  1 1048572  79336   2548  64312 71544 63208 71544 63208 5308 5020  1 24 41 34  0  0
 0  1 1048572  72296   2548  63136 78812 63124 79456 63124 4968 5982  1 26 44 29  0  0
 1  0 1048572  70340   2548  61824 110212 47804 110212 47816 6169 8104  1 34 43 22  0  0
 0  1 1048572  68948   2548  60864 134064 58796 134064 58796 8393 10066  1 41 40 19  0  0
 0  1 1049384  84020   2112  33104 134056 79372 134956 79392 11876 9916  2 47 37 16  0  0
 1  0 1048572  80788   2376  37264 130524 63016 135036 63016 8644 10084  1 41 39 18  0  0
 2  0 1053456  71864   2332  53892 113560 57588 130248 57588 5999 8187  1 39 43 16  0  0
 0  1 1048572  72780   2296  53940 105356 35024 105356 35024 7541 10274  1 36 44 19  0  0
 0  1 1048572  78480   2292  53924 103724 66980 103724 66992 6624 7977  2 39 40 20  0  0
 1  0 1048572  85048   2292  53924 96848 55020 96848 55020 7367 7256  2 40 36 22  0  0
 1  0 1049372  78432   2292  53924 117016 55188 117016 55188 9297 8197  2 41 33 25  0  0
 1  0 1048572 104004   2244  53684 108536 68620 108536 68624 6491 8648  1 43 40 16  0  0
 1  0 1048572  63520   2216  53628 99284 57712 99284 57712 8539 7669  1 42 34 23  0  0
 0  1 1048572  71372   2148  52536 131500 89064 131524 89064 11565 9986  1 42 37 21  0  0
 0  1 1048572  68184   2156  51876 135720 61268 135720 61280 7684 10077  1 41 41 17  0  0
 0  1 1048572  66568   2156  51364 104464 68172 104464 68172 6892 8294  1 38 40 21  0  0
 0  1 1048572 100344   2156  50876 102400 57016 102400 57016 7768 7660  1 37 38 24  0  0
 1  0 1055908  95800   3816  78792 100956 47188 130956 47188 6986 8422  2 36 42 21  0  0
 1  0 1048572  80132   3820  81032 26644 4796 29056  4796 13082 11588  1 33 35 32  0  0
 1  0 1048572  68588   3820  81064 23128 5932 23128  5932 6640 10222  1 29 49 21  0  0
procs -----------memory---------- ---swap-- -----io---- -system-- -------cpu-------
 r  b   swpd   free   buff  cache   si   so    bi    bo   in   cs us sy id wa st gu
 0  1 1048572  73112   3828  80996 21252 9672 21252  9684 8130 9350  1 32 43 25  0  0
 0  1 1048572  72560   3828  80820 19928 10140 19928 10140 6841 8633  1 30 45 24  0  0
 0  1 1048572  74708   3828  80604 28744 11076 28744 11076 10453 12246  1 29 44 27  0  0
 1  0 1048572  71936   3824  80456 24068 14836 24068 14836 7739 10145  1 32 45 23  0  0
 0  1 1048572  94492   3824  80332 22860 35672 22860 35672 8510 9648  1 39 38 23  0  0
 0  1 1048572  67276   3824  80332 26676    0 26676     0 6480 10753  1 26 51 23  0  0
 0  1 1048572  67780   3832  80292 24300 22992 24300 23004 7986 10049  1 33 44 22  0  0
 1  1 1048572  72812   3832  80256 19616 17964 19616 17964 6754 7960  1 32 44 24  0  0
 0  1 1048572  67784   3832  80244 15272 3984 15272  3984 5479 6052  1 28 44 27  0  0
 0  1 1048572  75092   3832  80208 21036 12748 21036 12748 6359 8476  1 27 44 29  0  0
 1  0 1048572  73640   2204  66856 22784 8680 22784  8680 8295 8963  1 27 42 30  0  0
 0  1 1048572  72884   2192  47956 23028    0 23028     0 5571 8732  1 25 49 26  0  0
 1  1 1048572  80656   2164  39772 20916 16660 28440 16680 6175 7916  1 32 43 25  0  0
 1  0 1048572 105400   2312  39812 20800 25536 20972 25536 6489 7885  1 32 10 57  0  0
 1  0 1048572  78184   2992  39952 25592    0 26412     0 5857 9262  1 24 49 26  0  0
 1  0 1048572  82312   2948  39880 25068 16648 25072 16652 6768 9125  1 28 45 25  0  0
 0  0 1048572  63632   2936  39784 26164 6940 26168  6940 10255 9303  1 27 39 33  0  0
 0  1 1048572  69356   2884  39532 24104 14020 24104 14020 10369 8690  1 30 36 34  0  0
 0  1 1048572  73352   2840  39280 20512 14704 20512 14724 7474 7391  1 28 41 30  0  0
 1  0 1048572  78864   2776  38976 22668 15544 22668 15544 9527 7971  1 30 38 31  0  0
 3  0 1048580  73176   2728  38940 18688 6008 18872  6008 5213 6522  1 25 46 28  0  0
procs -----------memory---------- ---swap-- -----io---- -system-- -------cpu-------
 r  b   swpd   free   buff  cache   si   so    bi    bo   in   cs us sy id wa st gu
 1  0 1048572  74436   2680  38740 25212 14744 25212 14744 6846 9004  0 29 44 26  0  0
 1  0 1048572  68128   2632  38540 23488 10220 23488 10220 7470 8068  1 29 40 29  0  0
 1  1 1048572  81388   2580  38240 26212 10536 26212 10536 7527 8883  1 26 45 28  0  0
 0  1 1048572  84704   2556  38056 24060 16400 24060 16412 10626 8560  1 30 35 34  0  0
 0  1 1048572  64504   2556  38296 20648    0 20960     0 4643 6917  1 23 51 26  0  0
 0  1 1048572  80372   2572  56764 18136 36188 31736 36208 7090 6568  1 43 26 31  0  0
 1  0 1048572  66764   2572  56764 16404    0 16404     0 3981 5683  1 18 51 30  0  0
 1  0 1048572  70248   2672  59052 16772 12928 19156 12928 5001 5979  1 27 45 27  0  0
 1  0 1048572  62796   2672  59052 28012 12960 28012 12960 7051 9415  1 27 46 27  0  0
 0  1 1048572  71596   2672  59052 15412 10948 15412 10948 5003 5363  1 27 46 26  0  0
 4  0 1048576  65728   2672  63044 9692 2764 11151  2764 4437 3381  1 29 40 30  0  0
 3  0 1048572  76768   2680  79064 6748 15056 18231 15068 4330 2788  0 47  0 52  0  0
 2  2 1048572  75860   2504  97432 17720 32632 30150 32632 7177 6499  1 73  1 25  0  0
 0  1 1048572  68184   2488  96728 20636 10192 20652 10192 8145 6833  1 26 40 34  0  0
 1  0 1048572  72472   2460  95680 12784 13396 12784 13396 5404 4386  1 30 39 30  0  0
 1  0 1048572  72544   2436  95264 18580 10692 19256 10692 5344 6436  1 26 46 27  0  0
 1  0 1048572  68084   3856  96156 20324 12672 23572 12696 6067 7087  1 32 41 27  0  0
 0  1 1048572  72980   3832  95168 13780 12364 13780 12364 6088 4840  1 26 41 32  0  0
 1  0 1048572  75104   3812  94164 17852 11952 17852 11952 7671 5861  1 31 35 33  0  0
 1  0 1048572  68448   3808  93868 14700 3720 14700  3720 4168 4828  1 24 47 28  0  0
 1  1 1048572  68332   3676  84180 20220 5996 22848  6132 5238 6680  1 21 37 42  0  0
procs -----------memory---------- ---swap-- -----io---- -system-- -------cpu-------
 r  b   swpd   free   buff  cache   si   so    bi    bo   in   cs us sy id wa st gu
 1  1 1048572  93952   3532  81080 18800 18752 18832 18772 7261 6446  1 29 32 38  0  0
 0  1 1048572  74296   3536  81116 22460    0 22460     4 8602 7313  1 19 42 38  0  0
 3  0 1048584  65816   3516  80748 23244 7456 23244  7472 7438 7572  1 22 43 34  0  0
 1  0 1048572  70612   3456  79144 19176 10112 19180 10112 6892 6401  0 28 39 34  0  0
 1  0 1048572  91312   3428  77756 12492 10644 12492 10644 5963 4296  1 29 36 35  0  0
 1  0 1048572  70648   3428  77756 18504    0 18504     0 7230 5936  1 20 42 37  0  0
 1  0 1048572  84796   3428  76808 15540 10536 15540 10536 6754 5220  0 28 39 33  0  0
 2  0 1048576  86900   3436  76428 23008 9528 23008  9548 5647 7615  1 24 46 28  0  0
 1  0 1048572  66488   3436  75336 22684  708 22684   708 8792 7421  1 21 41 38  0  0
 0  1 1048572  77016   3436  73916 17964 9964 17964  9964 5912 5973  1 24 45 30  0  0
 0  1 1048572  77944   3436  73144 18180 6576 18180  6576 5183 6093  0 22 47 30  0  0
 0  1 1048572  84244   3436  71968 20624 8160 20624  8160 5785 7260  1 24 46 29  0  0
 1  0 1048572  74052   3436  71348 20440 2688 20440  2688 5003 6915  1 20 48 31  0  0
 1  0 1048572  69264   3444  70972 13452 2672 13452  2684 5330 4550  1 22 44 34  0  0
 1  0 1048572  67316   3444  69896 23256 5580 23256  5580 9096 7689  1 22 41 36  0  0
 0  1 1048572  77280   3448  65632 18968 21224 21328 21224 9857 6588  1 36 30 33  0  0
 1  1 1048460  80256   3452  88588 14816 25348 37518 25348 7557 4985  1 48 28 23  0  0
 0  1 1048572  66488   3452 107052 13624 15188 28458 15188 6009 5182  1 68  8 24  0  0
 2  1 1048916  65736   3452 112372 21396 20200 23669 20200 6523 7293  1 29 44 26  0  0
 0  1 1048572  67936   3768 131192 18936 33068 37022 33080 7368 6701  1 61 19 18  0  0
 1  1 1048572  73208   3768 129376 20840 20880 20840 20880 6782 7125  1 31 42 26  0  0
procs -----------memory---------- ---swap-- -----io---- -system-- -------cpu-------
 r  b   swpd   free   buff  cache   si   so    bi    bo   in   cs us sy id wa st gu
 2  1 1048696  82928   3768 128500 22176 18244 22196 18244 9523 7619  0 34 32 34  0  0
 3  0 1048572  77404   3768 127932 19564 8332 19564  8332 7790 6284  1 28 37 35  0  0
 1  0 1048572  79292   3768 127456 19888 13432 20300 13432 5895 6406  1 29 43 28  0  0
 0  1 1048572  75716   3768 126544 22284 11312 22284 11312 8337 7425  1 29 35 35  0  0
 0  1 1048572  68828   3776 125688 25672 12436 25672 12448 6569 8217  0 28 45 26  0  0
 1  0 1048572 140728   2444  95712 21308 31384 21308 31384 9539 7082  1 40 31 28  0  0
 1  0 1048572 114016   2596  95712 25452    0 25604     0 9525 8173  1 22 42 36  0  0
 1  0 1048572  95116   2864  95696 19236    0 19504     0 7264 5872  1 23 41 35  0  0
 1  0 1048572  74452   2864  95712 20828    0 20828     0 7743 6337  1 24 41 35  0  0
 0  1 1048572  83776   2864  94980 18192 10472 18192 10472 6995 5888  1 26 43 30  0  0
 1  1 1048572  74400   2872  94096 21960 5092 21960  5120 5267 6946  1 22 48 29  0  0
 2  1 1048572  68052   5312 100816 11748 5768 20856  5768 6011 4191  1 47  4 49  0  0
 0  1 1048572  68888   5604 108244 19824 10536 26924 10536 5460 6713  1 30 41 28  0  0
 0  1 1048572  68216   5608 107508 18440 7464 18444  7640 5039 6071  1 25 46 29  0  0
 1  0 1048572  76240   5608 106508 20596 10684 20596 10688 5663 6709  1 26 45 29  0  0
 0  1 1048572  81532   5608 105048 22100 10044 22104 10044 5999 7221  1 27 46 27  0  0
 0  1 1048572  63712   5616 105100 18784    0 18784    40 4134 5948  1 21 50 29  0  0
 1  1 1048416  63912   5756 110636 20212 9920 27996  9920 7682 6737  1 39 22 37  0  0
 2  0 1048572  65284   5928 117680 16588 20628 26468 20628 8679 5967  2 39 29 31  0  0
 0  1 1048572  66192   5368 102540 15400  112 15400   112 3594 4863  1 19 50 31  0  0
 0  1 1048572  67868   4668  92680 20700 11100 20700 11100 6062 6562  1 25 45 29  0  0
procs -----------memory---------- ---swap-- -----io---- -system-- -------cpu-------
 r  b   swpd   free   buff  cache   si   so    bi    bo   in   cs us sy id wa st gu
 1  1 1048572  67372   4220  91568 23184 16548 23208 16548 6518 7345  1 30 44 26  0  0
 1  0 1048572  65540   3972  89164 22564 14848 22576 14876 6523 7170  1 29 43 27  0  0
 0  1 1048572  70676   3632  87292 20304 14912 20304 14912 8267 6372  1 28 39 33  0  0
 0  1 1048572  79284   3144  85612 17096 16764 17096 16764 7174 5510  1 30 36 34  0  0
 0  1 1048572  78980   2972  83892 20580 13340 20704 13340 7037 6442  1 27 39 33  0  0
 0  1 1048572  75016   2656  82132 25892 14444 25892 14444 6310 7897  1 23 46 30  0  0
 0  2 1048572  73756   2532  81500 13364 6980 13364  6980 3884 4153  1 23 47 30  0  0
 1  0 1048572  64324   2540  80576 15804 3488 15804  3500 4354 4778  1 20 47 33  0  0
 0  1 1048572  96872   2276  76736 17404 27808 17404 27808 6868 5562  1 37  6 56  0  0
 0  1 1048572  82004   2276  76736 13852    0 13852     0 4527 4240  1 19 47 33  0  0
 1  0 1048572  68900   2276  76736 13272    0 13272     0 4810 3874  1 21 43 36  0  0
 1  0 1048572  80500   2272  75252 11236 11048 11236 11048 4809 3450  1 30 40 29  0  0
 0  0 1048572  76744   2272  74084 18228 8240 18228  8240 7050 5560  1 26 40 34  0  0
 0  1 1048572  71504   2280  72844 23328 14440 23328 14452 5988 7049  0 30 43 26  0  0
 1  0 1048572  62952   2280  72228 12784 1224 12784  1224 4515 3768  1 24 43 32  0  0
 1  0 1048572 112184   2188  60652 21056 39836 21056 39836 10003 6634  1 41 27 31  0  0
 1  0 1048572  91520   2192  60648 22876    0 22880     0 8080 6732  1 21 41 37  0  0
 0  1 1048572  70604   2344  61328 21388    0 22216     0 5760 6133  1 21 47 31  0  0
 1  0 1048572  82500   2344  60236 15344 9568 15344  9568 6124 4611  1 28 40 32  0  0
 0  1 1048572  85300   2352  58972 24480 9824 24480  9836 8734 7267  1 26 40 34  0  0
 0  1 1048572  84812   2348  57948 24960 10388 24960 10388 6025 7322  1 24 47 28  0  0
procs -----------memory---------- ---swap-- -----io---- -system-- -------cpu-------
 r  b   swpd   free   buff  cache   si   so    bi    bo   in   cs us sy id wa st gu
 0  0 1048572  87928   2348  57128 22076 9224 22108  9224 7955 6689  1 26 38 36  0  0
 0  1 1048572  63232   2348  59544 26900 3780 29616  3780 5874 8051  1 21 48 30  0  0
 0  1 1048572  65732   2348  58588 25676 9312 25676  9312 6145 7752  1 23 47 29  0  0
 1  0 1048572  77004   2348  57832 12696 10216 12696 10224 4275 4001  1 24 43 32  0  0
 1  0 1048572  80700   2356  57040 17908 14236 17908 14256 5398 5491  1 27 37 35  0  0
 0  1 1048572  63060   2356  57040 16824    0 16824     0 6306 5006  1 19 43 37  0  0
 1  0 1048572  82352   2356  47284 20348 24680 20356 24944 6756 6228  1 35 38 26  0  0
 1  0 1048572  65440   2356  47004 22976 4632 22980  4632 6121 6584  1 23 46 30  0  0
 1  0 1048572  77416   2352  46200 8392 12860  8392 12864 3645 2616  1 43 28 28  0  0
 0  2 1048572  70816   2340  45744 21668 5096 21676  5096 4928 6259  1 24 38 37  0  0
 0  1 1048572  84552   2336  44860 21064 17692 21064 17728 6609 6257  1 29 36 34  0  0
 1  0 1048572  63384   2336  45824 19272    0 20236     0 4033 5713  1 19 51 30  0  0
 0  1 1048572  75052   2324  45348 11552 11644 11552 11672 5306 3535  1 30 30 39  0  0
 1  0 1048572  75064   2584  46708 7400 3064  9176  3064 3305 2323  2 32 36 31  0  0
 1  0 1048572  65488   2584  46708 6108    0  6108     0 2580 1801  4 25 45 27  0  0
 1  0 1048572  78892   2572  46292 13204 11616 13204 11616 6122 4127  2 30 37 32  0  0
 0  1 1048572  66292   2580  46292 13548    0 13548    12 5271 4040  5 20 44 31  0  0
 3  0 1048580  75236   2560  57392 8272 15332 16298 15332 5129 2763  3 62 16 19  0  0
 1  0 1048572  64728   2560  57324 15408 1612 15408  1612 3624 4413  4 21 49 26  0  0
 1  0 1048572  65736   2548  56980 23780 9808 23780  9808 6004 7276  5 24 45 27  0  0
 1  0 1048572  74368   2536  56572 14840 11620 14840 11620 5407 4595  3 30 39 28  0  0
procs -----------memory---------- ---swap-- -----io---- -system-- -------cpu-------
 r  b   swpd   free   buff  cache   si   so    bi    bo   in   cs us sy id wa st gu
 2  0 1048572  76572   2524  56348 15752 13832 15776 13832 6767 5014  2 33 35 30  0  0
 1  0 1048572  63216   2532  56288 12768    0 12768    12 3523 3762  3 18 49 30  0  0
 0  1 1048572  65580   2388  49980 16452 10704 16452 10708 5093 4965  2 31 40 27  0  0
 1  0 1048572  69080   2392  48936 19680 14300 19688 14308 5393 5769  2 29 43 27  0  0
 1  0 1048572  67696   2392  47588 22940 12168 22944 12172 5782 6859  2 28 44 26  0  0
 0  1 1048572  68800   2392  46504 17052 12996 17056 13000 5297 5246  2 27 43 28  0  0
 0  1 1048572  72712   2400  45504 20216 12256 20220 12276 7954 6019  2 27 37 34  0  0
 1  0 1048572  71304   2384  44480 27348 8744 27348  8744 7839 7965  1 27 43 29  0  0
 1  0 1048572  71580   2904  43692 21344 10108 22112 10108 5478 6319  2 30 43 26  0  0
 1  0 1048572  69720   2784  45960 24600 9460 27692  9460 6269 7523  2 29 42 27  0  0
 1  0 1048572  72112   2776  45508 26912 11760 26912 11760 7242 8136  1 28 43 28  0  0
 0  1 1048572  86788   2648  62004 24548 24136 42368 24148 7593 7090  2 36 39 23  0  0
 1  0 1048572  84988   2596  61236 25412 19436 25412 19436 7262 7660  1 33 41 26  0  0
 1  0 1048572  62812   2596  61296 20440    0 20440     0 4203 5989  2 21 50 28  0  0
 0  1 1048572  78072   2272  60112 22412 22604 35720 22604 7142 6753  1 39 36 25  0  0
 1  0 1048572  73680   2272  60032 26028 14448 26028 14448 8912 7934  2 28 39 31  0  0
 0  1 1048572  75660   2400  60620 18796 12092 19764 12092 6076 5625  2 35 37 27  0  0
 1  0 1048572  76228   2408  60484 24880 10836 24880 10856 8377 7408  1 27 40 32  0  0
 1  0 1048572  77152   2408  60344 23280 10988 23280 10988 6758 7181  1 30 41 28  0  0
 1  0 1048572  69572   2408  60168 22516 10412 22516 10412 8186 6979  1 26 41 32  0  0
 1  0 1048572  70484   2408  59988 21676 9312 21676  9312 8291 6720  1 27 40 32  0  0
procs -----------memory---------- ---swap-- -----io---- -system-- -------cpu-------
 r  b   swpd   free   buff  cache   si   so    bi    bo   in   cs us sy id wa st gu
 2  0 1048580  77092   2408  59716 30308 13640 30332 13640 11411 9206  1 28 36 36  0  0
 2  0 1048572  68484   2416  60252 22376 6704 22908  6724 8522 6813  1 23 40 36  0  0
 1  0 1048572  64524   2416  60128 20616 7892 20616  7892 5072 6292  1 22 47 29  0  0
 0  1 1048572  64012   2416  60172 22556 16996 22764 16996 9165 7136  2 27 39 32  0  0
 1  0 1048572  73220   2412  55656 20320 19572 20320 19676 7432 6195  1 29 38 33  0  0
 1  0 1048572  75992   2412  54464 17928 12616 17932 12616 5609 5397  1 35 36 29  0  0
 0  1 1048572  73712   2412  53556 23408 12644 23408 12644 9082 7033  1 25 39 35  0  0
 1  0 1048572  70968   2420  52652 28348 12736 28348 12748 7728 8362  2 27 44 27  0  0
 1  0 1048572  73024   2420  51800 22196 11144 22196 11144 7268 6585  1 28 40 30  0  0
 1  0 1048572  73324   2420  50840 22580 11328 22580 11328 7105 6605  2 29 38 32  0  0
 1  0 1048572  62712   2420  50372 27304 6668 27304  6668 9854 8269  1 25 38 36  0  0
 1  0 1048572  66312   2420  49476 21656 10172 21656 10172 5671 6711  2 30 40 29  0  0
 2  0 1048576  74568   2420  48468 27212 16108 27212 16108 9835 8272  1 31 36 32  0  0
 1  0 1048572  67296   2428  47972 21856 5640 21856  5652 8418 6661  1 24 40 35  0  0
 1  0 1048572  65624   2424  47092 22396 12652 22396 12652 9004 6910  1 29 36 34  0  0
 0  1 1048572  66168   2424  46808 19224 14352 19224 14352 7562 5723  1 33 32 33  0  0
 0  1 1048572  68512   2292  36324 14256 4740 14256  4740 5555 4111  1 31 37 31  0  0
 0  1 1048572  69904   2240  36128 18696 12472 18696 12472 7809 5610  1 26 40 33  0  0
 0  1 1048572  65700   2160  36564 22012 12316 22688 12316 8812 6537  1 28 38 33  0  0
 4  0 1048572  81320   4444  42788 13652 21812 22776 21824 6541 4683  3 64  2 31  0  0
 4  0 1048572  72196   4444  88012 17412 25260 48415 25260 7281 7056  3 81  3 13  0  0
procs -----------memory---------- ---swap-- -----io---- -system-- -------cpu-------
 r  b   swpd   free   buff  cache   si   so    bi    bo   in   cs us sy id wa st gu
 0  1 1048572  73780   4444  90020 25232 19720 26242 19720 8148 6867  3 47 23 26  0  0
 1  0 1048572  74944   4444  90016 20392 3132 20392  3132 5828 6283  1 26 45 29  0  0
 2  0 1048592  81308   4444  92608 14764 9332 17392  9332 5771 4756  1 29 40 31  0  0
 1  0 1048572  84708   4444  92424 24176 12828 24176 12828 6239 7696  1 29 42 27  0  0
 0  1 1048572  81360   4452  92296 24860 15228 24860 15240 9729 7661  1 33 34 33  0  0
 1  0 1048572  73744   4452  92300 22252 13380 22252 13380 8679 6856  2 33 34 32  0  0
 1  0 1048572  66912   3876  89040 23916 9264 23916  9264 8203 7405  1 30 38 31  0  0
 1  0 1048572  72660   3196  85848 22744 13088 22748 13096 6454 6943  1 28 45 26  0  0
 1  0 1048572  80420   2544  83728 14420 13984 14424 13984 4918 4441  1 37 41 21  0  0
 1  0 1048572  82720   2188  81476 24688 12296 24688 12296 6361 7602  1 27 46 27  0  0
 0  1 1048572  73080   2332  81456 23940 12572 26532 12592 6280 7353  1 29 44 26  0  0
 0  1 1048572  82396   2332  79600 24000 11912 24228 11912 6090 7334  1 29 40 30  0  0
 1  0 1048572  85596   2332  77868 23424 10700 23424 10712 6561 7204  0 30 44 26  0  0
 0  1 1048572  68964   2332  77872 15752    0 15756     0 5890 4563  1 23 41 35  0  0
 2  0 1048572  63108   2332  76296 25636 7260 25636  7260 9422 7816  1 25 40 34  0  0
 1  0 1048572  74436   2332  74884 24076 15984 24076 15984 8142 7520  1 30 38 31  0  0
 1  0 1048572  75468   2340  73720 24148 11456 24148 11468 7530 7405  1 28 42 29  0  0
 1  1 1048572  69916   2340  73300 23724 12432 23724 12432 8209 7352  1 30 36 34  0  0
 1  0 1048572  73908   2340  72968 23520 17400 23520 17400 8563 7275  1 31 39 30  0  0
 1  0 1048572  78188   2304  65320 24856 14440 24856 14440 6579 7651  1 31 43 25  0  0
 1  0 1048572  63128   2304  63620 29076 8660 29076  8664 9917 8496  1 26 40 34  0  0
procs -----------memory---------- ---swap-- -----io---- -system-- -------cpu-------
 r  b   swpd   free   buff  cache   si   so    bi    bo   in   cs us sy id wa st gu
 2  0 1048572  62668   2168  60500 23936 14080 23964 14088 6160 7151  1 30 42 27  0  0
 1  0 1048568  65036   2168  58232 22628 12748 22652 12752 5829 6792  1 28 43 28  0  0
 1  0 1048572  65008   2168  56220 24208 12692 24208 12696 6229 7283  1 29 43 27  0  0
 1  0 1048572  64252   2168  54768 23252 13844 23256 13844 8037 6970  1 34 35 30  0  0
 2  0 1048576  65244   2168  52440 24768 14272 24768 14272 6150 7287  1 29 43 28  0  0
 0  1 1048572  65664   2984  51196 25632 10876 26508 10876 7920 7603  1 29 41 29  0  0
 1  0 1048572  70428   2992  49372 25568 15148 25568 15160 6667 7499  1 30 44 25  0  0
 1  0 1048572  71940   2992  48196 23048 11628 23048 11628 5963 6946  1 28 45 26  0  0
 0  1 1048572  80032   2992  47032 14032 16296 14032 16296 5397 4286  1 32 39 28  0  0
 1  1 1048572  61140   2992  45352 26200 10816 26200 10816 7822 7686  1 26 41 32  0  0
 2  1 1048572  71284   2872  39564 27592 16916 27592 16920 10354 8109  1 31 33 35  0  0
 0  1 1048572  71128   2792  38868 25176 16528 25180 16532 9229 7343  1 32 32 35  0  0
 1  0 1048572  64768   2920  38604 26076 7952 26220  7964 8346 7525  1 25 42 32  0  0
 0  1 1048572  72492   2844  55396 23320 23744 40976 23744 7615 6436  1 36 33 29  0  0
 1  1 1048572  76704   2804  54912 24528 11112 24528 11112 5894 7281  1 28 45 27  0  0
 1  1 1048572  78764   2744  54484 22428 10172 22428 10172 6494 6828  1 27 42 30  0  0
 2  0 1048576  73796   2704  54320 17956 4280 17956  4284 7029 5470  1 25 40 34  0  0
 1  0 1048572  67892   2628  54064 17764 6208 17768  6228 6879 5274  1 25 36 37  0  0
 1  0 1048572  70760   2564  53792 22244 11192 22244 11196 8434 6734  1 28 36 35  0  0
 1  0 1048572  66820   2540  53720 24268 7736 24272  7736 9117 7315  1 24 39 36  0  0
 1  0 1048572  68128   2508  53536 20116 18144 20116 18144 8501 6089  1 31 35 33  0  0
procs -----------memory---------- ---swap-- -----io---- -system-- -------cpu-------
 r  b   swpd   free   buff  cache   si   so    bi    bo   in   cs us sy id wa st gu
 5  0 1048580  70116   2116  47824 26832 12412 33000 12416 10283 8156  1 34 34 32  0  0
 1  0 1048572  74544   2104  76216 16040 32344 34553 32344 9708 5613  0 75  5 19  0  0
 1  0 1048572  67000   2112  75916 16720 3864 16720  3876 5964 4960  1 29 40 31  0  0
 1  0 1048572  65580   2344  74680 27604 16344 27876 16344 9598 8320  1 29 36 34  0  0
 0  1 1048572  70328   2308  73812 24364 12260 24364 12260 6898 7295  1 29 40 30  0  0
 1  0 1048572  71812   2280  72848 20272 11184 20272 11184 6392 6174  1 27 42 30  0  0
 0  1 1048572  71812   2256  72088 22860 10340 22864 10348 6917 6729  1 28 43 29  0  0
 0  1 1048572  78120   2228  71224 16924 10880 16928 10880 4797 5199  1 25 46 29  0  0
 2  1 1048572  81632   2208  70464 19804 8604 19804  8624 4880 5973  0 25 47 27  0  0
 1  0 1048572  77384   2192  69892 25624 10536 25624 10536 7719 7639  1 28 41 30  0  0
 0  1 1048572  78340   2164  69144 23148 15200 23148 15200 6224 6943  1 31 42 27  0  0
 3  0 1048572  73068   2136  69704 20296 15944 21396 15944 6495 6316  1 31 40 28  0  0
 1  0 1048572  79532   2096  60804 18844 8216 18844  8228 4895 5673  1 26 44 29  0  0
 0  1 1048572  77680   2096  60564 21712 12452 21716 12452 5763 6639  1 29 44 26  0  0
 0  1 1048572  67600   2104  60312 28728 12872 28728 12884 6698 8432  1 26 45 28  0  0
 2  1 1048572  67668   2104  61600 22616 12036 24096 12036 5818 6750  1 28 45 26  0  0
 0  1 1048572  68424   2104  61348 24392 12060 24392 12060 6046 7049  1 27 46 26  0  0
 0  1 1048572  65812   2104  61148 22404 11436 22404 11436 5657 6706  1 28 45 26  0  0
 0  1 1048572  72720   2104  60940 19184 13092 19184 13092 5989 5887  0 30 44 26  0  0
 0  1 1048572  67428   2104  60772 29216 10008 29216 10008 6739 8654  1 26 45 28  0  0
 1  0 1048572  72216   2112  60760 21412 10476 21632 10488 5644 6548  1 27 45 27  0  0
procs -----------memory---------- ---swap-- -----io---- -system-- -------cpu-------
 r  b   swpd   free   buff  cache   si   so    bi    bo   in   cs us sy id wa st gu
 0  1 1048572  71124   2112  60592 22396 10096 22416 10096 5754 6811  1 28 45 27  0  0
 2  0 1048572  72152   2112  60512 22116 12584 22116 12584 5773 6779  1 28 44 27  0  0
 1  0 1048572  65356   2112  60512 19584 16492 19584 16492 6957 5958  1 31 38 30  0  0
 3  0 1048580  95764   2088  51988 19260 21036 19260 21040 6768 6038  1 38 31 30  0  0
 1  0 1048572 107104   2232  54944 15896 18620 18996 18620 5912 4958  1 38 36 26  0  0
 1  1 1048572  93748   2536  55040 14212    0 14576    12 5248 4115  1 24 42 34  0  0
 1  0 1048572  76360   2536  55012 12288    0 12288     0 4407 3641  1 22 45 32  0  0
 3  0 1048580  68224   2540  57180 11584  432 14252   432 4663 3561  1 23 40 36  0  0
 1  0 1048572  74096   2540  56660 7156 8952  7156  8952 3503 2230  0 37 38 26  0  0
 1  0 1048572  67544   2540  56660 6272    0  6272     0 2381 1787  3 20 49 29  0  0
 2  0 1048572  62672   2544  63744 2724 2684  9648  2684 2627  920 13 63 11 13  0  0
 1  0 1048572  79108   2552  62320 3600 8972  3600  8988 3523 1323 16 60  9 15  0  0
 0  1 1048572  73060   2552  62324 5204    0  5208     0 2338 1651 18 18 47 17  0  0
 1  0 1048572  67264   2552  62512 5496    0  5724     0 2098 1646 15 20 48 16  0  0
 1  1 1048576  73656   2552  62048 6428 5920  6428  5924 3262 2060 13 41 25 21  0  0
 0  1 1048572  78444   2552  61308 5840 5604  5844  5604 2939 1826 14 36 27 23  0  0
 1  0 1048572  74916   2560  61308 5148    0  5148    12 2109 1582 18 18 49 16  0  0
 0  1 1048572  69876   2560  61308 5220    0  5220     0 2689 1566 18 16 48 18  0  0
 1  0 1048572  64080   2560  61308 5492    0  5492     0 2343 1608 19 14 49 17  0  0
 2  0 1048576  68564   2572  76668 4212 11424 16016 11424 3817 1479 12 63 15 10  0  0
 1  0 1048572  84496   2572  76624 7892 11196  7892 11196 4296 2464 11 42 22 25  0  0
procs -----------memory---------- ---swap-- -----io---- -system-- -------cpu-------
 r  b   swpd   free   buff  cache   si   so    bi    bo   in   cs us sy id wa st gu
 2  0 1048572  79960   2580  76616 4792    0  4816    12 2622 1533 12 27 41 20  0  0
 1  0 1048572  70384   2580  76648 8076    0  8076     0 3071 2459 12 20 47 21  0  0
 2  0 1048572  65824   2728  76708 9500 1888  9708  1888 3120 2919 12 25 42 21  0  0
 1  0 1048572  79192   2728  76708 7424 8600  7424  8600 3955 2483  9 41 30 20  0  0
 1  0 1048572  63316   2728  76708 16560    0 16560     0 6342 5090 10 19 45 26  0  0
 1  0 1048572  73996   2728  76708 12724 11176 12724 11176 5056 4059  6 37 35 22  0  0
 2  0 1048576  75968   2736  76708 12772 6076 12772  6088 5708 3933  7 30 37 26  0  0
 0  1 1048572  72692   2736  76708 9048 6992  9048  6992 4594 2859  6 34 34 26  0  0
 1  0 1048572  76432   2736  76884 18652 17924 18824 17924 8239 5870  6 40 26 27  0  0
 1  0 1048572  82624   2700  75384 17912 12848 17912 12856 5483 5519  6 35 36 23  0  0
 0  1 1048572  73068   2700  75424 8784    0  8788     0 3674 2699  9 21 44 25  0  0
 2  0 1048576  79036   2688  74436 9932 9984  9932  9984 3589 3057 13 32 34 21  0  0
 1  0 1048572  70804   2656  73312 14508 3144 14508  3164 5707 4328 11 22 41 25  0  0
 1  0 1048572  80284   2600  72008 13336 11956 13336 11956 5987 4126  9 34 33 23  0  0
 1  0 1048572  63400   2600  72008 15740    0 15740     0 5080 4736 11 17 48 23  0  0
 1  0 1048572  75888   2544  70764 13832 11560 13832 11560 5091 4269  9 33 38 20  0  0
 1  0 1048568  63300   2544  70768 12716    0 12716     0 5257 3987 11 20 44 25  0  0
 1  0 1048572  73240   2412  69612 13352 12232 13352 12232 6141 4159 11 37 29 23  0  0
 1  0 1048572  74004   2304  78188 13884 10832 23356 10844 5911 4289 10 48 20 22  0  0
 1  0 1048572  80536   2280  82580 14076 12116 17382 12116 5441 4462  8 43 32 18  0  0
 0  1 1048572  66172   2280  82580 12852    0 12852     0 3577 3870  8 24 45 23  0  0
procs -----------memory---------- ---swap-- -----io---- -system-- -------cpu-------
 r  b   swpd   free   buff  cache   si   so    bi    bo   in   cs us sy id wa st gu
 1  0 1048572  83176   2256  81708 10832 9400 10852  9400 4594 3578  9 32 37 22  0  0
 1  0 1048572  67552   2256  81684 13788    0 13788     0 5575 4310  8 22 44 26  0  0
 1  0 1048572  78956   2232  80832 14688 11120 14688 11120 6207 4581  6 34 37 24  0  0
 2  0 1048576  77416   2224  80316 17092 6964 17092  6976 5863 5259  7 27 40 26  0  0
 0  1 1048572  83940   2204  79532 18896 13224 18896 13224 8178 5966  5 33 34 28  0  0
 1  0 1048572  63276   2204  79532 20364    0 20364     0 4332 6239  7 21 51 22  0  0
 1  0 1048572  70080   2192  78620 15048 17144 15048 17144 5800 4697  6 43 31 20  0  0
 1  1 1048572  90452   2316  70268 14576 17396 14716 17408 6236 4623  6 46 26 23  0  0
 1  0 1048572 107588   2260  68104 13272 20716 13276 20716 5963 4254  4 45 30 22  0  0
 1  0 1048572  91460   2268  68104 14488    0 14488    12 5361 4475  5 22 44 29  0  0
 0  1 1048572  79868   2268  68104 12520    0 12520     0 4748 3765  4 24 43 29  0  0
 0  1 1048572  74596   2264  67568 15488 4140 15488  4140 5435 4684  3 27 43 27  0  0
 2  0 1048572  79132   2252  66140 15772 13452 15772 13452 5503 4951  6 40 34 20  0  0
 0  1 1048572  67984   2252  65480 12384  312 12384   312 3111 3734  7 21 50 21  0  0
 0  1 1048572  83372   2240  63180 14796 10020 14796 10020 5018 4518  7 36 36 21  0  0
 1  0 1048572  67496   2248  63180 15540    0 15540    12 5199 4744  5 25 48 23  0  0
 0  1 1048572  80796   2220  61160 12124 11316 12124 11316 5551 3826  5 39 32 23  0  0
 1  0 1048572  63912   2220  61160 15740    0 15740     0 3818 4734  7 20 50 23  0  0
 0  1 1048572  71096   2208  59328 16928 11236 16928 11236 5720 5359  8 41 31 21  0  0
 1  0 1048572  77656   2196  57556 16040 8308 16040  8308 5347 5066  6 33 38 24  0  0
 2  0 1048576  81720   2184  56244 17540 10152 17540 10152 5510 5392  5 37 36 21  0  0
procs -----------memory---------- ---swap-- -----io---- -system-- -------cpu-------
 r  b   swpd   free   buff  cache   si   so    bi    bo   in   cs us sy id wa st gu
 2  0 1048584  75700   2180  54712 18828 7096 18852  7108 5261 5890  6 31 41 22  0  0
 1  0 1048572  74676   2180  54872 14448 4616 14888  4616 5178 4456  4 31 41 23  0  0
 2  0 1048576  79708   2168  53880 19880 13588 19880 13588 6428 6315  5 42 31 22  0  0
 1  0 1048572  65296   2156  70900 16728 15612 34720 15612 5942 5029  3 48 30 20  0  0
 3  0 1048576 114780   2184  43772 13256 22636 13432 22640 7099 4346  2 57 12 29  0  0
 1  0 1048572 113520   2184  43776 19788 12096 19792 12096 5592 6070  2 30 43 25  0  0
 1  0 1048572  96384   2360  43776 17396    0 17564    12 5559 5156  2 23 46 30  0  0
 1  0 1048572  78744   2360  43776 17560    0 17560     0 3785 5183  2 21 51 26  0  0
 1  0 1048572  78372   2352  43672 20824 10580 20824 10580 5480 6311  3 31 43 24  0  0
 1  0 1048572  85728   2352  43604 18188 11700 18188 11700 7959 5690  2 32 36 31  0  0
 1  0 1048572  61536   2352  43604 21452    0 21452     0 5561 6352  2 21 47 29  0  0
 1  0 1048572  69796   2352  43372 20076 10828 20076 10828 5839 6059  2 30 40 28  0  0
 0  2 1048572  66772   2360  43036 20624 8332 20624  8344 5340 6272  2 28 14 56  0  0
 0  3 1048576  51304   2360  43036 14228    8 14228     8 3006 4286  1 16  0 83  0  0
 1  0 1048572  83824   2360  43036 5424 15544  5424 15544 3359 1904  1 21  7 72  0  0
 1  0 1048572  83812   2360  43364 21944 9936 22272  9936 7866 6696  2 30 39 29  0  0
 2  0 1048576  62224   2360  43364 21824  200 21824   200 4932 6560  2 20 50 28  0  0
 1  0 1048572  65308   2360  43364 21128 10676 21128 10676 5600 6381  2 30 43 26  0  0
 1  0 1048572  63796   2368  43364 20012 16328 20012 16340 6204 6098  1 37 39 24  0  0
 1  1 1048580  76244   2280  39760 20572 24620 20572 24628 6750 6168  1 38 37 25  0  0
 1  0 1048572  88284   2672  39932 17348 15856 18472 15860 5405 5288  1 32 40 27  0  0
procs -----------memory---------- ---swap-- -----io---- -system-- -------cpu-------
 r  b   swpd   free   buff  cache   si   so    bi    bo   in   cs us sy id wa st gu
 1  0 1048572  70644   2672  39936 17696    0 17724     0 3834 5287  2 21 50 27  0  0
 0  1 1048572  77948   2644  39580 15180 10920 15180 10924 5704 4568  1 33 36 29  0  0
 1  0 1048572  72928   2576  39396 25484 6004 25488  6004 8483 7472  1 23 43 33  0  0
 0  1 1048572  79220   2532  39112 21304 14204 21304 14224 7248 6511  1 28 41 30  0  0
 0  1 1048572  64352   2532  39112 18220    0 18220     0 4171 5520  1 22 49 27  0  0
 1  1 1048556  75120   2864  63072 13420 21332 33400 21332 6344 3971  1 58 10 31  0  0
 1  0 1048572  74708   4120  73328 19032 11956 41064 11956 5418 6190  3 45 30 22  0  0
 1  0 1048572  72884   4100  72212 21176 13888 21176 13888 6610 6783  1 29 41 30  0  0
 3  0 1048580  84252   4100  67552 13728 15112 13728 15112 4896 4428  1 29 42 29  0  0
 1  1 1048572  65092   4108  65140 23536 3592 23536  3640 8764 7284  1 24 40 34  0  0
 1  0 1048572  73772   2808  61012 18564 11832 18564 11832 7771 5730  1 29 36 34  0  0
 0  1 1048572  78660   2728  60252 14652 12372 14652 12372 6454 4630  1 35 26 38  0  0
 0  1 1048568  82684   2784  60232 17616 13204 18332 13204 5823 5402  1 28 42 30  0  0
 1  0 1048568  70588   2784  60232 10060    0 10060     0 3313 3072  1 24 46 28  0  0
 0  1 1048572  74260   2732  59996 18808 13160 18808 13160 7728 5896  2 28 37 33  0  0
 1  0 1048572  82156   2688  59556 20224 9196 20224  9208 7124 6171  1 25 43 31  0  0
 4  0 1048576  73544   2640  65128 15092 5716 18955  5716 4443 4555  1 25 46 27  0  0
 1  0 1048572  83512   2548  98396 15260 24544 36281 24544 9285 5604  1 77  1 20  0  0
 0  1 1048572  83524   2508  98076 21712 9648 21712  9648 6463 6397  2 34 28 37  0  0
 2  1 1048572  68824   2508  98076 19980 1072 19980  1072 4385 6246  2 22 50 27  0  0
 0  1 1048572  71608   2468  97840 17484 9708 17484  9708 5050 5732  2 27 45 26  0  0
procs -----------memory---------- ---swap-- -----io---- -system-- -------cpu-------
 r  b   swpd   free   buff  cache   si   so    bi    bo   in   cs us sy id wa st gu
 1  0 1048572  80272   2460  97560 15204 14596 15224 14608 5446 4912  1 36 36 27  0  0
 4  0 1048572  77464   2476  97900 17328 11472 17896 11756 6844 5810  2 33 38 27  0  0
 1  0 1048572  71872   2476  97900 11456 4820 11456  4820 5003 3709  1 31 39 29  0  0
 1  0 1048572 127636   2164  83584 15824 38596 15824 38596 9261 5381  2 50 20 28  0  0
 1  0 1048572 109240   2316  83584 17020    0 17172     0 3849 5375  2 17 51 29  0  0
 0  1 1048572  95632   2316  83584 11476    0 11476     0 2982 3619  2 17 51 30  0  0
 0  1 1048572  82780   2316  83584 14220    0 14220     0 5148 4325  2 21 45 33  0  0
 1  0 1048572  77768   2292  81312 20944 9852 20944  9864 6388 6496  2 27 42 29  0  0
 1  0 1048572  87316   2244  78680 20172 13136 20172 13136 8261 6285  2 31 36 32  0  0
 0  1 1048572  66148   2244  78680 21124    0 21124     0 4398 6379  2 21 50 28  0  0
 0  1 1048572  73456   2244  77184 11820 12800 11820 12800 6083 3692  2 43 30 26  0  0
 3  0 1048580  73380   2244  76072 25236 9188 25236  9196 7359 7554  2 27 43 28  0  0
 1  1 1048572  65300   2244  75780 13812 2656 13816  2696 4119 4265  2 27 44 28  0  0
 1  0 1048572  67396   2252  74252 18180 11688 18180 11708 7202 5587  2 30 21 47  0  0
 1  0 1048572  71160   2252  73172 17552 10388 17552 10388 6222 5449  3 30 38 28  0  0
 1  0 1048572  78452   2252  72080 17512 11396 17512 11396 5423 5568  4 30 41 25  0  0
 2  0 1048576  81348   2252  71112 18664 9660 18664  9664 6516 5751  4 30 37 29  0  0
 0  1 1048572  63456   2252  71112 21516 2236 21516  2236 8028 6589  4 22 41 33  0  0
 0  1 1048572  71260   2252  70120 16380 13432 16380 13432 5419 5224  3 34 38 25  0  0
 0  1 1048572  76604   2260  69364 13228 17040 13228 17052 5687 4136  3 39 34 24  0  0
 0  1 1048572  69464   2260  69064 18268 7880 18268  7880 5599 5478  2 31 40 28  0  0
procs -----------memory---------- ---swap-- -----io---- -system-- -------cpu-------
 r  b   swpd   free   buff  cache   si   so    bi    bo   in   cs us sy id wa st gu
 3  0 1048572  95492   2336  60004 11088 17536 12108 17536 4192 3532  3 40 32 25  0  0
 1  1 1048572 118904   2336  60112 14124 22372 14248 22372 5985 4469  2 42 29 27  0  0
 1  0 1048572  97988   2336  60704 22732    0 23284     0 7336 6830  3 23 43 32  0  0
 4  0 1048572  60648   2472  84932 19540 5392 38344  5392 7945 6231  2 38 30 30  0  0
 2  0 1048572  74188   2908  98320 16796 22800 31355 22812 8535 5240  3 46 27 24  0  0
 0  1 1048572  80372   2908  97232 21164 11620 21164 11620 7756 6524  2 28 37 33  0  0
 1  1 1048576  80804   2908  96208 17116 9060 17116  9072 5987 5279  1 33 36 30  0  0
 1  0 1048572  70284   2908  96196 14856 3336 14860  3336 4312 4541  2 23 46 29  0  0
 1  0 1048572  82680   2908  95236 15836 10200 15836 10200 5270 4938  2 30 40 28  0  0
 0  1 1048572  67100   2908  94928 21512 4336 21512  4336 5302 6705  1 28 44 27  0  0
 1  0 1048572  73208   2916  94092 18048 11700 18048 11712 5492 5674  2 30 41 27  0  0
 2  1 1048576  80700   2916  93736 13792 17212 13792 17212 5594 4375  2 49 27 23  0  0
 1  1 1048572  68712   2916  92960 22516 5580 22516  5580 5358 6898  2 26 47 26  0  0
 0  1 1048572 133116   2892  78252 15828 46156 15828 46160 9349 5226  2 56 17 25  0  0
 1  1 1048572 109680   2892  78256 21764    0 21768     0 6825 6556  1 22 45 32  0  0
 0  1 1048572  88512   2904  78256 23804    0 23816     0 8412 7046  1 22 42 35  0  0
 1  0 1048572  75956   2896  77864 20076 4604 20076  4616 6263 5790  2 24 43 31  0  0
 0  1 1048572  83572   3408  76968 19676 9792 20912  9792 5372 5957  1 29 43 27  0  0
 3  0 1048572  76648   3400  75408 23572 6272 23572  6272 5284 7068  1 25 47 27  0  0
 0  0 1048572  74440   3372  74332 20540 9260 20540  9260 6474 6212  1 27 42 31  0  0
 1  0 1048572  72448   3344  72816 21388 11256 21704 11256 5873 6530  1 29 44 26  0  0
procs -----------memory---------- ---swap-- -----io---- -system-- -------cpu-------
 r  b   swpd   free   buff  cache   si   so    bi    bo   in   cs us sy id wa st gu
 2  1 1048572  78108   3332  75540 20480 9268 24832  9268 7412 6344  1 38 32 29  0  0
 1  0 1048572  82344   3300  74188 18608 10844 18608 10856 5225 5729  1 28 44 27  0  0
 1  0 1048572  72824   3284  90268 16688 11364 34344 11364 5713 5135  1 35 38 26  0  0
 1  0 1048572  68036   3284  88676 28928 12540 28928 12540 7121 8933  1 28 45 26  0  0
 1  0 1048572  65220   3568 104640 19784 21836 32876 21860 8245 6229  1 40 30 29  0  0
 0  1 1048572 132716   2932  77388 10312 32984 10312 32984 7046 3435  1 57 21 22  0  0
 1  0 1048572 121616   2932  77388 10548    0 10548     0 4153 3297  1 25 43 31  0  0
 1  1 1048572 105488   2932  77388 16436    0 16436     0 3833 4978  3 20 50 28  0  0
 1  1 1048572  81800   2932  77388 22712    0 22712     0 4566 6685  1 20 51 28  0  0
 0  1 1048568  64472   2932  77388 18200    0 18212     0 3983 5553  2 22 50 27  0  0
 1  0 1048572  64072   2940  75624 16696 14420 16696 14444 5501 5102  1 32 42 26  0  0
 1  0 1048572  72688   2940  74596 16272 15488 16272 15488 5235 4960  2 29 43 26  0  0
 1  0 1048572  83540   2940  73556 14584 11292 14584 11292 4933 4491  1 30 44 26  0  0
 1  0 1048572  68924   2940  73556 16544    0 16544     0 4768 4863  2 21 46 32  0  0
 1  1 1048572  69412   2940  72420 18536 13764 18536 13764 6110 5471  1 30 43 27  0  0
 0  1 1048572  70676   2940  71256 24632 11320 24632 11320 8205 7297  2 29 24 46  0  0
 1  0 1048572  70424   2948  70012 21400 11696 21400 11708 6188 6316  1 32 41 26  0  0
 2  0 1048572  71320   2944  69080 21344 8288 21344  8288 8077 6303  2 28 38 33  0  0
 1  0 1048572  64768   2944  68460 21548 7716 21548  7716 5265 6389  2 27 44 28  0  0
 0  1 1048572  66220   2940  67792 22900 11012 22900 11012 5751 6795  2 28 44 26  0  0
 0  1 1048572  68556   2940  67420 18368 16652 18368 16652 5969 5452  1 37 39 23  0  0
procs -----------memory---------- ---swap-- -----io---- -system-- -------cpu-------
 r  b   swpd   free   buff  cache   si   so    bi    bo   in   cs us sy id wa st gu
 1  1 1048572  65808   2940  67080 19308 14068 19332 14068 5856 5886  1 33 40 26  0  0
 1  0 1048572 114828   2812  55036 22412 41564 22412 41576 11477 6766  1 46 28 25  0  0
 1  0 1048572  84336   2824  55044 24620    0 24628     8 6298 7047  1 22 47 30  0  0
 1  1 1048572  77136   2824  54768 24876 3340 25012  3340 5295 7124  2 22 49 28  0  0
 2  1 1048572  70332   2824  54312 24916 5932 24916  5944 5570 7221  1 22 47 30  0  0
 1  0 1048572  75220   2796  52744 12476 8072 12476  8072 5551 3727  1 35 30 35  0  0
 1  0 1048572  69068   2764  51932 22880 4936 22880  4936 6124 6537  1 23 45 31  0  0
 1  0 1048572  68092   2728  50672 21748 7416 21748  7448 5122 6261  2 23 44 31  0  0
 1  0 1048572  64476   2672  49432 25908 6068 25908  6068 6390 7567  1 25 46 28  0  0
 1  0 1048572  68760   2616  48248 18584 12996 18584 12996 6158 5534  1 31 41 28  0  0
 1  0 1048572  69360   2576  47164 25576 10900 25576 10900 6346 7726  1 26 46 27  0  0
 1  0 1048572  69612   2536  46164 20632 16808 20632 16808 5980 6246  1 29 44 26  0  0
 1  0 1048572  64120   2160  35384 21476 6272 21476  6272 5188 6346  2 27 45 26  0  0
 2  0 1048572  77048   2152  34560 24972 22488 24972 22500 6870 7139  1 31 40 28  0  0
 0  1 1048572  73324   2152  34420 27284 18216 27284 18224 8307 7793  1 31 39 29  0  0
 1  0 1048572  81888   2152  34384 18676 9852 18676  9924 7055 5484  1 34 35 30  0  0
 1  0 1048572  71460   2152  34372 19440 3292 19440  3292 4849 5600  1 23 46 30  0  0
 2  0 1048572  67280   2152  34296 26004 12560 26004 12560 6334 7572  2 27 45 26  0  0
 1  0 1048572  84428   2152  34124 23964 18072 23964 18072 6805 7034  2 32 41 25  0  0
 1  0 1048572  83184   2160  34028 25264 10728 25264 10740 6167 7392  1 28 44 27  0  0
 1  0 1048572  72884   2160  33932 26076 7432 26076  7432 8114 7635  1 25 42 32  0  0
procs -----------memory---------- ---swap-- -----io---- -system-- -------cpu-------
 r  b   swpd   free   buff  cache   si   so    bi    bo   in   cs us sy id wa st gu
 0  1 1048572  82252   2156  33792 24384 13628 24408 13628 7556 7143  1 30 41 28  0  0
 1  0 1048572  76884   2156  33712 26136 14380 26136 14380 9332 7716  1 30 38 32  0  0
 1  0 1048572  73372   2156  38524 14568 12072 19420 12072 5278 4401  1 27 42 29  0  0
 1  0 1048572  63384   2152  38372 21912 8928 22588  8948 7823 6663  1 28 39 32  0  0
 1  0 1048572  64740   2160  38332 18688 13096 18692 13112 7284 5562  1 28 38 33  0  0
 1  0 1048572  66208   2304  38312 16060 12588 16208 12588 5968 4739  1 30 28 42  0  0
 1  1 1048572 101832   2220  38280 17304 28060 17304 28060 7080 5197  1 35 17 48  0  0
 1  0 1048572  77388   2220  38280 19972    0 19972     0 6668 5682  1 21 45 33  0  0
 3  0 1048572  62772   2220  40884 17044  196 19668   196 4717 4891  1 23 47 30  0  0
 1  2 1048572  61740   2228  41104 20324 8484 20528  8496 7908 5884  1 30  1 69  0  0
 1  0 1048572  70256   2240  57736 18928 18032 30768 18032 6123 5754  1 32 33 34  0  0
 1  0 1048572  73204   2240  57704 16180 7144 16180  7144 6884 5083  1 28 39 32  0  0
 1  0 1048572  78292   2240  57692 18952 10840 18952 10840 6601 5924  2 28 41 30  0  0
 1  0 1048572  79684   2240  57704 22184 10312 22216 10312 6193 6945  1 27 43 28  0  0
 1  0 1048572  63808   2240  57704 15720    0 15720     0 5238 4702  1 22 44 33  0  0
 2  0 1048584  67896   2248  57692 23532 20904 23532 20916 9529 7457  2 32 33 34  0  0
 0  1 1048572  75828   2248  56612 20212 18840 20212 18840 8886 6370  2 35 34 30  0  0
 3  0 1048572  70740   2248  55752 17004 6432 17004  6432 6790 5212  3 25 38 33  0  0
 2  0 1048572  82128   2248  60672 19356 17848 23809 17848 8233 6059  3 37 33 28  0  0
 1  0 1048572  76308   2248  65716 22812 11968 26577 11968 8883 7012  3 33 33 31  0  0
 0  1 1048572  84868   2248  65344 18068 10112 18464 10112 6525 5702  3 30 36 31  0  0
procs -----------memory---------- ---swap-- -----io---- -system-- -------cpu-------
 r  b   swpd   free   buff  cache   si   so    bi    bo   in   cs us sy id wa st gu
 0  1 1048572  64204   2256  65344 21028    0 21052    12 7711 6337  3 22 42 33  0  0
 1  0 1048572  64844   2256  64852 20700 11068 20700 11068 5618 6303  3 26 45 25  0  0
 1  0 1048572  80344   2256  64472 11536 9660 11536  9660 5729 3692  3 33 36 29  0  0
 1  0 1048572  65224   2256  64472 14648    0 14648     0 5733 4465  2 23 43 32  0  0
 1  0 1048572  75008   2252  64088 13376 10156 13376 10156 5448 4197  3 29 40 28  0  0
 1  0 1048572  79104   2252  63688 22916 10852 22916 10852 6466 6992  3 25 45 28  0  0
 1  0 1048568  69540   2404  64908 8956    0 10316    12 2896 2802  5 19 47 28  0  0
 1  0 1048572  78240   2404  64964 12068 13260 12512 13260 4973 4006  8 41 25 26  0  0
 1  0 1048572  64632   2404  64964 12272    0 12272     0 3118 3839  9 18 51 23  0  0
 2  0 1048576  70724   2404  64696 5680 7636  5680  7636 3287 2026  7 45 24 24  0  0
 1  0 1048572  69040   2404  64604 12836 9664 12836  9664 4715 4068  6 40 30 24  0  0
 0  1 1048572  78108   2328  59520 11576 9316 11576  9316 4349 3651  5 40 29 25  0  0
 1  0 1048572  63240   2336  59520 13312    0 13312    12 4647 4040  5 21 46 28  0  0
 0  1 1048572  63856   2336  57800 16072 12696 16072 12704 5360 4987  6 35 35 24  0  0
 2  0 1048580  77776   2340  71164 12504 21960 28976 21960 5904 4056  4 48 26 22  0  0
 3  0 1048576  77784   2340  71268 20208 10348 21396 10348 5380 6006  3 33 41 24  0  0
 1  0 1048572  68716   2340  70480 20608 5188 20608  5188 5033 6371  3 26 47 26  0  0
 1  0 1048572  77292   2340  68928 13012 13484 13012 13484 5050 4244  3 40 32 25  0  0
 1  1 1048572  63180   2352  68676 14800 1004 14800  1036 3516 4465  5 20 50 25  0  0
 1  0 1048572  78068   2284  67392 11348 8856 11348  8856 4763 3628  5 32 26 37  0  0
 3  0 1048580  74416   2148  66204 15080 2940 15080  2940 5710 4610  5 22 42 31  0  0
procs -----------memory---------- ---swap-- -----io---- -system-- -------cpu-------
 r  b   swpd   free   buff  cache   si   so    bi    bo   in   cs us sy id wa st gu
 0  1 1048572  73668   2148  65948 12824 8240 12844  8240 4432 4022  3 40 33 23  0  0
 1  0 1048572  74928   2144  64836 20424 7148 20424  7148 5475 6455  4 25 45 26  0  0
 0  1 1048572  63084   2144  64836 11668    0 11668     0 4797 3608  4 21 43 32  0  0
 1  0 1048572  73336   2152  63992 12328 11040 12328 11052 4851 3964  3 37 35 26  0  0
 1  0 1048572  77372   2152  63024 16512 11312 16512 11312 5356 5134  3 36 37 25  0  0
 0  1 1048572  67544   2152  63024 12468    0 12468     0 3159 4030  3 19 52 27  0  0
 1  0 1048572  75548   2152  61940 15788 14756 15788 14756 5671 5137  3 38 34 26  0  0
 1  0 1048572  71480   2152  61280 19492 10348 19492 10348 5422 5992  2 33 40 26  0  0
 1  0 1048572  87992   2088  37724 10204  952 10204   952 2929 3131  2 28 46 25  0  0
 1  1 1048572  69516   2096  37724 19684  860 19684   896 4875 5929  3 20 49 29  0  0
 0  0 1048572  71196   2096  37640 11004 7112 11008  7112 4398 3522  3 29 42 27  0  0
 0  1 1048572  74224   2096  37420 14820 12412 14820 12412 4815 4619  2 30 43 25  0  0
 0  1 1048572  72208   2096  37260 21016 12932 21016 12932 5767 6445  2 29 43 26  0  0
 0  1 1048572  82288   2096  37100 13100 11036 13100 11040 4552 4263  2 32 41 25  0  0
 0  1 1048572  68680   2096  37104 14032    0 14036     0 4654 4263  3 21 46 31  0  0
 0  1 1048572  68604   2248  38084 19268 11200 20540 11212 5506 5893  2 28 43 27  0  0
 1  0 1048572  81552   2248  37916 12836 9432 12836  9432 4485 4025  2 37 39 23  0  0
 2  0 1048572  79120   4264  44696 12916 9744 21824  9744 5404 4092  2 64  4 32  0  0
 2  1 1048572  82308   4256  85024 14652 24044 42746 24044 7369 6404  3 79  2 15  0  0
 0  1 1048572  77752   4256  89596 23616 11704 26191 11704 6210 7007  1 46 24 30  0  0
 0  1 1048572  82820   4256  88760 16860 16412 16860 16412 7522 5548  1 33 32 34  0  0
procs -----------memory---------- ---swap-- -----io---- -system-- -------cpu-------
 r  b   swpd   free   buff  cache   si   so    bi    bo   in   cs us sy id wa st gu
 2  0 1048576  74392   4264  88500 17364 6740 17388  6756 5412 5562  1 27 44 28  0  0
 1  0 1048572  74180   4120  75748 20932 4572 20932  4572 4912 6538  1 25 48 27  0  0
 2  0 1048592 109924   3096  71148 14048 29136 14048 29136 6613 4810  1 42 27 31  0  0
 1  0 1048572  96820   3096  71148 20976 3912 20976  3912 4902 6606  1 22 49 28  0  0
 1  0 1048572  71116   3096  71148 23556    0 23556     0 4731 7074  1 20 51 28  0  0
 0  1 1048572  74696   2780  71296 21424 12344 22100 12344 7486 6724  2 29 40 30  0  0
 1  0 1048572  79144   2448  70840 18512 13716 18512 13728 7337 5789  2 30 38 30  0  0
 0  1 1048572  75656   2228  70460 18832 7212 18832  7212 6724 5828  1 27 40 31  0  0
 0  1 1048572  82196   2192  70096 18164 11208 18164 11208 6616 5724  1 28 42 29  0  0
 0  1 1048572  64808   2192  70096 14652    0 14652     0 4393 4654  1 24 44 31  0  0
 1  0 1048572  68552   2348  72372 18872 11604 21716 11604 5764 5862  1 30 38 31  0  0
 1  0 1048572  71180   2348  72048 18404 7656 18404  7656 4894 5672  1 29 43 27  0  0
 1  0 1048572  72152   2356  71724 19592 11440 19592 11452 8118 6058  1 30 36 34  0  0
 1  0 1048572  81140   2356  71436 17476 11164 17476 11164 7458 5382  2 28 37 33  0  0
 0  2 1048572  64552   2356  71356 18928 1324 18928  1324 5459 5912  1 23 44 32  0  0
 0  1 1048572  76648   2356  70844 22308 25728 22308 25728 6564 7185  1 33 37 29  0  0
 1  0 1048572  64568   2332  67196 22076 4884 22076  4884 6473 6621  1 24 44 30  0  0
 2  0 1048584  77464   2488  79068 18848 28708 31032 28708 7604 5976  1 41 16 42  0  0
 0  1 1048572  70288   2496  78004 20268 5268 20268  5280 7132 6214  1 25 42 33  0  0
 1  0 1048572  74932   2496  75876 20904 12100 20904 12100 6929 6518  1 30 40 29  0  0
 0  1 1048572  69860   2488  74164 21504 13020 21732 13020 6944 6829  1 27 42 30  0  0
procs -----------memory---------- ---swap-- -----io---- -system-- -------cpu-------
 r  b   swpd   free   buff  cache   si   so    bi    bo   in   cs us sy id wa st gu
 0  1 1048572  68164   2484  73544 18452 3772 18476  3772 5605 5725  1 22 46 31  0  0
 1  0 1048572  73540   2468  71904 18008 12060 18008 12060 5297 5694  1 30 41 29  0  0
 1  0 1048572  77112   2456  70516 19020 11416 19024 11424 5339 5885  1 27 44 28  0  0
 0  1 1048572  82128   2452  70964 16720 12432 18800 12488 6052 5256  1 27 40 33  0  0
 1  0 1048572  80000   2420  69664 24564 11640 25028 11640 9207 7503  1 29 39 32  0  0
 2  0 1048572  84544   2376  68180 20728 10500 20728 10500 5444 6434  1 27 43 30  0  0
 4  0 1048572  62072   2280  89996 12992 9696 29605  9696 4595 4552  1 45 28 26  0  0
 1  0 1048572  64020   2240  89760 19720 18560 19767 18560 5999 6042  1 37 37 26  0  0
 2  0 1048588  97896   2416  76172 20920 29092 21224 29096 7338 6600  2 38 35 25  0  0
 1  0 1048572 103188   2424  76176 18676 18680 18680 18692 6217 6070  1 33 39 27  0  0
 1  0 1048572  85548   2424  76176 19132    0 19132     0 4107 5860  1 20 51 28  0  0
 1  0 1048572  64632   2424  76176 19528    0 19528     0 5177 5741  2 20 48 31  0  0
 1  0 1048572  85736   2372  74468 20508 15812 20508 15812 6388 6394  1 31 43 25  0  0
 2  0 1048576  67172   2352  74236 23820 1572 23820  1572 7723 7325  2 21 44 33  0  0
 1  0 1048572  71216   2320  73480 17592 10468 17592 10480 7857 5523  1 29 37 34  0  0
 0  1 1048572  68924   2284  72512 25128 12020 25128 12020 7282 7649  1 27 43 29  0  0
 0  1 1048572  77744   2284  71484 15428 10332 15428 10332 4836 4768  1 28 40 31  0  0
 0  1 1048572  88072   2284  70340 16432 10788 16432 10788 7070 5018  2 29 35 35  0  0
 1  0 1048572  67912   2284  70340 20320    0 20320     0 4219 6073  2 19 51 29  0  0
 0  1 1048572  78848   2284  69296 15348 12368 15348 12368 4943 4963  1 33 38 28  0  0
 1  0 1048572  73480   2292  69032 16808 3640 16808  3652 4800 5248  2 24 45 30  0  0
procs -----------memory---------- ---swap-- -----io---- -system-- -------cpu-------
 r  b   swpd   free   buff  cache   si   so    bi    bo   in   cs us sy id wa st gu
 2  0 1048572  78068   2292  68024 18464 15120 18484 15120 7074 5786  1 39 30 30  0  0
 1  0 1048572  64836   2292  67992 19388 7644 19388  7644 7571 5925  1 32 35 32  0  0
 1  0 1048572  67684   2288  52248 21644 3708 21644  3708 8073 6479  2 28 38 33  0  0
 0  1 1048572  72080   2260  48900 19168 13276 19168 13284 7988 5787  1 29 38 33  0  0
 1  0 1048572  71924   2248  48836 18408 12964 18412 12964 6379 5577  1 29 39 31  0  0
 1  0 1048572  80404   2248  48168 15348 12372 15348 12404 4921 4579  1 28 40 31  0  0
 1  0 1048572  63016   2248  48168 16472    0 16472     0 4320 4740  2 22 46 31  0  0
 1  1 1048576  61364   2236  47368 22736 13872 22736 13872 5327 6687  1 27 44 28  0  0
 1  0 1048572  92008   2212  45372 18700 21536 18700 21536 6198 5776  1 36 38 25  0  0
 1  0 1048572  76636   2212  45372 13936    0 13936     0 4812 4223  1 21 45 34  0  0
 3  0 1048576  77404   2208  45100 16464 7724 16464  7724 4486 4904  1 27 43 30  0  0
 1  1 1048572  90828   2196  43700 16616 13604 16616 13616 6235 5021  2 34 34 30  0  0
 0  1 1048568  71688   2196  43704 18504    0 18504     0 4407 5371  2 21 48 29  0  0
 0  1 1048572  85560   2172  60164 19040 28116 37452 28116 8988 5953  1 42 29 29  0  0
 1  0 1048572  65400   2172  60164 21804    0 21804     0 7823 6432  4 21 43 33  0  0
 0  1 1048572  69764   2168  59332 17728 16856 17728 16856 5981 5512  4 33 38 25  0  0
 1  0 1048572  77844   2160  36804 19092 5940 19092  5940 4741 5639  2 27 45 26  0  0
 0  1 1048572  64740   2168  36804 16564    0 16564    12 3561 4740  4 18 51 27  0  0
 0  1 1048572  71796   2164  36504 12092 12264 12092 12284 4348 3712  3 29 44 23  0  0
 1  0 1048572  78528   2164  36232 13680 12312 13684 12316 4579 4203  3 30 43 25  0  0
 1  0 1048572  68700   2164  36236 10512    0 10516     0 3099 3124  4 23 49 25  0  0
procs -----------memory---------- ---swap-- -----io---- -system-- -------cpu-------
 r  b   swpd   free   buff  cache   si   so    bi    bo   in   cs us sy id wa st gu
 1  0 1048572  75956   2164  36028 9880 13944  9904 13944 4297 3087  3 38 37 22  0  0
 1  0 1048572  64364   2164  36052 12108    0 12108     0 3523 3367  3 21 48 28  0  0
 1  0 1048572  81516   2172  35916 11364 10452 11364 10464 4225 3340  4 36 38 22  0  0
 1  0 1048572  74460   2172  35916 7472    0  7472     0 2505 2348  6 19 49 26  0  0
 1  0 1048572  66396   2172  35916 7728    0  7728     0 3257 2350  7 21 47 25  0  0
 0  1 1048572  83240   2172  35900 8260 9988  8260  9988 4283 2554  8 38 28 26  0  0
 0  1 1048572  65852   2172  35900 10140    0 10140     0 3758 3025  9 19 47 24  0  0
 0  1 1048572  63332   2472  37000 8320    0  9800     0 3699 2543  9 25 41 25  0  0
 1  0 1048572  74408   2480  37068 13472 9440 13472  9460 5980 4209  7 36 31 26  0  0
 1  0 1048572  81044   2480  37072 14320 10320 14324 10320 6217 4450  8 36 29 27  0  0
 0  1 1048572  67352   2480  37072 11436    0 11436     0 3895 3485  7 21 47 25  0  0
 0  1 1048572  78480   2480  37072 15660 8876 15660  8876 5506 4816  6 29 40 25  0  0
 0  1 1048572  63360   2480  39900 12544    0 15372     0 4126 3773  5 25 44 26  0  0
 0  1 1048572  65448   2484  46820 12820 9944 19720  9944 5116 4205  4 37 35 24  0  0
 1  0 1048572  78112   2492  46992 13120 12972 13292 12984 5046 4076  6 41 32 22  0  0
 0  0 1048572  66520   2492  46992 11904    0 11904     0 2964 3573  6 18 51 25  0  0
 1  0 1048572  67768   2492  46992 14860 16296 14860 16296 5753 4804  4 43 27 25  0  0
 1  0 1048572  77192   2476  43912 13364 12488 13364 12488 5128 4144  5 42 30 24  0  0
 1  0 1048572  64592   2476  43916 14308    0 14308     0 5579 4289  4 25 43 28  0  0
 0  1 1048572  67000   2424  43512 15888 12772 15888 12772 5379 4934  4 42 31 24  0  0
 1  0 1048572  77836   2380  43216 13056 11112 13056 11124 5503 4129  5 35 35 26  0  0
procs -----------memory---------- ---swap-- -----io---- -system-- -------cpu-------
 r  b   swpd   free   buff  cache   si   so    bi    bo   in   cs us sy id wa st gu
 1  1 1048572  77516   2332  43232 21568 10784 21896 10784 8981 6758  4 31 35 30  0  0
 0  1 1048572  64916   2332  43252 15016    0 15016     0 5845 4545  4 20 42 34  0  0
 4  0 1048576  62372   2284  51540 18172 10652 26764 10652 6053 5577  3 37 29 30  0  0
 3  0 1048576  65736   2224  56080 14644 11164 16821 11164 5712 4703  2 36 36 26  0  0
 2  0 1048572  68012   2196  64064 13880 9152 20309  9152 6603 4518  2 39 31 27  0  0
 0  2 1048572  65416   2204  64052 8180 3036  8180  3048 3837 2688  5 36 32 28  0  0
 1  1 1048576  80768   2196  63928 13344 13972 13344 13972 5943 4298  5 41  8 46  0  0
 0  1 1048572  87824   2196  63884 11184 9420 11184  9420 5236 3801  4 36 34 26  0  0
 0  1 1048572  73712   2196  63884 11572    0 11572     0 4987 3738  4 23 42 30  0  0
 0  1 1048572  63380   2196  63884 13092    0 13092     0 5395 4148  5 20 42 32  0  0
 1  0 1048572  78660   2196  63812 11520 11104 11520 11104 4883 3908  4 43 29 24  0  0
 2  0 1048576  63640   2204  63788 17384 1672 17384  1684 6898 5451  5 24 39 31  0  0
 1  0 1048572  72004   2204  63740 12892 19276 12892 19276 6224 4204  3 61 13 24  0  0
 1  0 1048572  82568   2108  62540 14468 12420 14472 12428 4973 4650  3 34 39 25  0  0
 1  0 1048572  63920   2108  62544 18372    0 18376     0 4053 5687  3 19 51 27  0  0
 1  0 1048572  70536   2108  61328 12760 13068 12760 13072 4795 4212  2 37 37 24  0  0
 1  0 1048572  76832   2108  59824 15532 10656 15536 10656 5551 4936  3 32 40 26  0  0
 2  1 1048572  69140   2116  59380 17480 3380 17480  3412 4209 5463  2 22 48 28  0  0
 2  0 1048104  70476   2136  59540 12100 7984 13480  7984 4900 3752  2 53 13 32  0  0
 2  0 1048572  92500   2136  83636 9184 25388 28749 25388 5968 3583  4 81  4 11  0  0
 3  0 1048580  66260   2136  93248 18536 1736 24853  1736 6246 6220  2 43 23 32  0  0
procs -----------memory---------- ---swap-- -----io---- -system-- -------cpu-------
 r  b   swpd   free   buff  cache   si   so    bi    bo   in   cs us sy id wa st gu
 1  0 1048572  73956   2136  92352 15936 9036 15960  9036 5256 5024  2 27 43 28  0  0
 1  0 1048572  79024   2136  90996 14756 8224 14756  8224 6153 4860  2 29 38 32  0  0
 1  0 1048520  62644   2144  90996 18504    0 18504    12 7037 5710  2 21 42 35  0  0
 1  0 1048572  68772   2144  89812 17616 10216 17616 10216 7487 5419  1 33 33 33  0  0
 1  0 1048572  75704   2144  88644 16468 10768 16468 10768 7443 5458  1 33 32 34  0  0
 1  0 1048572  80768   2120  87528 18920 14440 18920 14440 6599 6010  1 33 36 30  0  0
 0  1 1048572  71444   2120  87528 12192    0 12192     0 3880 3946  1 21 48 30  0  0
 1  1 1048572  60424   2120  87228 15044 2684 15044  2684 5167 4796  1 25 32 42  0  0
 1  0 1048572  74892   2128  74276 13820 13960 13820 13972 6555 4641  1 43 24 32  0  0
 1  0 1048572  78992   2120  71948 14296 8704 14508  8704 5316 4618  1 30 37 32  0  0
 3  0 1048572  73400   2120  71756 16996 6864 17000  6864 5579 5361  2 26 35 37  0  0
 0  0 1048572  70916   2120  71356 11296 6480 11296  6480 3933 3603  3 26 45 26  0  0
 1  0 1048572  75684   2120  70496 17736 13560 17736 13560 6330 5624  4 31 37 28  0  0
 0  1 1048572  78864   2120  68636 20116 12936 20116 12936 7584 6179  3 28 40 29  0  0
 1  1 1048572  73372   2128  67908 14972 3160 14972  3172 4434 4559  3 24 46 27  0  0
 2  0 1048572  84768   2128  66300 18520 15148 18520 15148 5799 5841  3 33 40 25  0  0
 0  1 1048572  70908   2128  65460 16436  496 16436   496 3791 5031  3 21 50 27  0  0
 0  1 1048572  73052   2128  64912 19804 11368 19804 11368 5614 6295  3 28 44 25  0  0
 2  0 1048580  84296   2128  64404 12872 10068 12872 10068 4448 4072  3 32 42 23  0  0
 1  0 1048572  65144   2128  64316 15384  724 15384   724 4470 4804  3 22 48 28  0  0
 1  1 1048572  80928   2136  63796 7288 11168  7288 11180 4745 2585  2 41 30 27  0  0
procs -----------memory---------- ---swap-- -----io---- -system-- -------cpu-------
 r  b   swpd   free   buff  cache   si   so    bi    bo   in   cs us sy id wa st gu
 1  0 1048572  71352   2136  63700 11684 1980 11704  1980 4655 3656  3 26 26 44  0  0
 1  0 1048572  68500   2124  80312 11540 9880 23836  9880 4739 3830  2 39 36 23  0  0
 0  1 1048572  76252   2124  79840 15420 13368 15420 13368 5307 4972  2 32 40 26  0  0
 2  0 1048576  68408   2124  79772 14728 5796 14728  5796 4562 4605  4 28 41 27  0  0
 1  0 1048572  70812   2124  79356 11240 10304 11240 10312 4509 3671  3 33 37 27  0  0
 1  0 1048572  63624   2132  79192 12792 5872 12792  5920 4402 4215  3 30 42 25  0  0
 1  0 1048572 130720   2132  66180 9544 39476  9544 39476 7924 3464  1 71  8 19  0  0
 1  0 1048572 106276   2288  66180 22388    0 22544     0 7679 6791  2 23 44 31  0  0
 1  1 1048572  84604   2288  66180 20588    0 20588     0 7564 6224  2 21 43 34  0  0
 1  0 1048572  66460   2288  69684 17832    0 21336     0 6649 5327  2 25 41 33  0  0
 0  1 1048572  68976   2288  67800 23568 11192 23568 11192 6644 7333  2 29 43 27  0  0
 1  0 1048572  76956   2296  65784 14248 11556 14248 11568 5739 4509  3 28 42 28  0  0
 1  1 1048576  74704   2280  63928 15760 4088 15760  4088 6428 4791  4 27 38 31  0  0
 0  1 1048572  67648   2216  63964 16868 7808 16868  7808 5419 5218  3 33 36 28  0  0
 0  0 1048572  76536   2192  62384 16968 10388 16968 10388 5067 5246  3 31 41 26  0  0
 1  1 1048576  65700   2192  62364 15904 2432 15904  2432 3948 4884  3 23 47 27  0  0
 1  1 1048576  61668   2192  60524 16864 6880 16864  6880 4830 5314  2 30 43 25  0  0
 0  1 1048572  73008   2200  59472 17492 9360 17492  9372 5280 5531  2 29 43 26  0  0
 2  0 1048576  66452   2200  59064 11984 3288 11984  3288 4174 3675  3 26 41 29  0  0
 0  1 1048572  63464   2200  58144 15952 8188 15952  8188 6579 4984  3 34 34 29  0  0
 1  1 1048572  64820   2200  58144 11280 4344 11280  4344 5307 3673  3 39 19 39  0  0
procs -----------memory---------- ---swap-- -----io---- -system-- -------cpu-------
 r  b   swpd   free   buff  cache   si   so    bi    bo   in   cs us sy id wa st gu
 1  0 1048572  76472   2200  57964 9396 17564  9420 17564 5540 3149  1 69  1 29  0  0
 4  0 1048576  79820   2196  56520 15500 10240 15728 10244 4964 4697  2 29 41 28  0  0
 0  1 1048572  62720   2204  56468 20156 2832 20160  2844 4640 6144  2 23 49 26  0  0
 0  1 1048572  71288   2204  54620 9760 11692  9760 11692 4699 3183  2 32 39 27  0  0
 1  0 1048572  85968   2152  53124 12660 12220 12660 12224 4426 4063  3 31 40 27  0  0
 1  0 1048572  63288   2152  53128 18176    0 18180     0 5769 5481  3 22 46 30  0  0
 1  0 1048572  64672   2156  69644 17660 15960 36044 15960 5092 5305  3 33 40 24  0  0
 1  0 1048572  71980   2164  68252 16308 10488 16308 10500 5016 5271  2 29 43 25  0  0
 1  0 1048572  79540   2164  67092 18732 11116 18732 11116 5504 5989  3 28 44 25  0  0
 0  1 1048572  63160   2164  67092 13464    0 13464     0 4692 4126  3 22 45 30  0  0
 1  0 1048572  71332   2164  66440 11792 7300 11792  7300 5369 3745  2 31 38 29  0  0
 1  0 1048572  82920   2164  65360 13296 10740 13296 10740 5350 4223  3 31 37 30  0  0
 1  1 1048576  75972   2164  65060 15056 3300 15056  3300 5066 4525  2 24 44 30  0  0
 2  0 1048572  70392   2172  64220 14916 4312 14916  4324 3965 4616  3 22 46 29  0  0
 1  0 1048572  71380   2172  63956 15600 7032 15600  7032 6337 4825  4 29 35 32  0  0
 3  0 1048576  79272   2172  62880 11600 10968 11600 10968 4506 3730  3 46 25 26  0  0
 1  0 1048572  68184   2172  62880 13492 1944 13492  1944 4201 4251  3 27 43 28  0  0
 2  2 1048572  57900   2172  78076 8448 10644 21430 10644 4238 3171  2 71 15 12  0  0
 5  0 1048576  78472   2104  67384 5704 10692 14229 10692 3772 2355  2 58  0 41  0  0
 1  1 1048572  96260   2112  78232 7860 25640 18154 25652 6748 3253  1 90  3  5  0  0
 0  1 1048572  88124   2112  77416 16812 4812 16864  4812 5699 4559  4 58  5 32  0  0
procs -----------memory---------- ---swap-- -----io---- -system-- -------cpu-------
 r  b   swpd   free   buff  cache   si   so    bi    bo   in   cs us sy id wa st gu
 1  0 1048572  70988   2112  77420 17052    0 17076     0 6524 5223  4 21 44 31  0  0
 1  0 1048572  83272   2116  74912 8912 14804  8916 14812 4699 2934  3 39 34 24  0  0
 1  0 1048572  63364   2116  74896 20188    0 20192     0 7417 6145  3 21 44 32  0  0
 2  0 1048572  71560   2116  72696 18788 11244 18788 11244 5146 5859  4 29 43 25  0  0
 1  0 1048572  64252   2124  72696 8036    0  8036    24 3466 2466  3 22 44 30  0  0
 0  1 1048572  75880   2124  70264 15712 10228 15712 10228 5119 5009  3 31 41 25  0  0
 1  1 1048580  70840   2124  71708 11804 3024 13416  3024 3782 3756  5 24 44 27  0  0
 1  1 1048572  76920   2124  69032 7400 5700  7400  5700 3712 2423  5 37 15 43  0  0
 6  0 1048568  65924   2544  77860 7040 1960 16020  2040 2912 2155  7 52 25 16  0  0
 5  1 1048576  57012   4552  97152 6344 9728 24524  9728 4101 1802  6 92  0  2  0  0
 5  0 1048572  71696   4552 103404 4896 10836  9582 10836 3721 1731  3 97  0  0  0  0
 4  0 1048572  64540   5568 117196 4044 6144 19439  6144 3735 2055  3 95  1  2  0  0
 5  2 1048576  80932   6540 135548 5320 16448 21367 16448 4507 2417  5 94  0  2  0  0
 2  0 1048580  73520   7404 148500 4516 8428 18609  8428 4112 1934  6 88  0  6  0  0
 3  0 1048576  83348   7412 148500 5880 12548  5880 12728 4752 2277  7 73  1 20  0  0
 1  1 1048572  68260   7412 148500 5756 1440  5756  1440 3561 2009  6 54 17 23  0  0
 1  0 1048572  66068   7412 148500 15444  360 15444   360 3960 4874  8 20 47 26  0  0
 2  0 1048576  75956   6992 144920 5940 5124  5940  5124 3554 2094  5 40 30 25  0  0
 1  0 1048572  75880   6992 144788 12744 7268 12744  7268 5767 4284  8 32 34 26  0  0
 1  0 1048572  66808   6992 144788 8348    0  8348     0 2546 2779  7 21 51 21  0  0
 1  1 1048576  69428   6944 143592 7780 6088  7780  6100 3680 2683  8 45 25 22  0  0
procs -----------memory---------- ---swap-- -----io---- -system-- -------cpu-------
 r  b   swpd   free   buff  cache   si   so    bi    bo   in   cs us sy id wa st gu
 1  1 1048576  75736   6944 143612 3612 6724  3632  6724 3715 1450 13 71  1 15  0  0
 1  0 1048572  73756   7452 143100 5092 2504  5700  2504 3212 1841 15 35 31 19  0  0
 2  0 1048520  68732   7456 143136 5180    0  5204     0 2514 1957 15 33 36 16  0  0
 1  0 1048572  81136   5240 134028 5964 6120 12112  6120 4131 2440 14 61  7 18  0  0
 0  1 1048572  74836   5240 134028 9188    0  9188     0 3123 2949 19 14 49 18  0  0
 1  0 1048572  66772   5248 134028 8448    0  8448    32 3244 2774 17 14 48 21  0  0
 1  0 1048572  77452   5216 124316 7024 5020  7024  5020 3393 2322 14 38 29 20  0  0
 1  0 1048572  66112   5216 124316 10336    0 10336     0 3146 3333 15 17 49 19  0  0
 0  0 1048572  73960   5128 115884 8768 4772  8768  4772 4349 2847 16 35 27 22  0  0
 0  1 1048572  64384   5128 115884 9424    0  9424     0 3410 2991 16 17 49 18  0  0
 1  0 1048572  74496   4928 111892 5648 3284  5648  3724 2764 2001 13 37 36 15  0  0
 1  0 1048572  66936   4928 111892 7228    0  7228     4 2974 2351 14 21 48 17  0  0
 2  0 1048576  79844   4432 108608 7932 9268  7932  9268 4471 2920 14 42 22 21  0  0
 0  1 1048572  78912   4432 108548 7404 4884  7404  5100 3900 2567 13 38 30 19  0  0
 1  0 1048572  74628   4432 108548 5168    0  5168     0 2803 1713 15 22 46 17  0  0
 1  0 1048572  65868   4432 108548 7836    0  7836     0 2529 2611 20 18 47 16  0  0
 2  0 1048576  74484   4204 107896 5908 4340  5908  4352 3213 2047 16 33 35 15  0  0
 1  0 1048572  82296   4032 107260 5460 8292  5460  8292 3978 1983 14 59 10 17  0  0
 1  0 1048572  74484   4032 107260 7708    0  7708     4 3576 2395 17 18 46 18  0  0
 1  0 1048572  67176   4032 107260 6796    0  6796     0 3352 2287 15 19 47 18  0  0
 3  0 1048580  67916   4056 107988 7144 4620  8096  4620 3892 2232 16 48 23 12  0  0
procs -----------memory---------- ---swap-- -----io---- -system-- -------cpu-------
 r  b   swpd   free   buff  cache   si   so    bi    bo   in   cs us sy id wa st gu
 2  0 1048552  75660   3860 111656 4368 7172 10556  7172 3751 2248 17 68 11  5  0  0
 1  0 1048552  70620   3864 111664 4652    0  4652    12 1976 1612 14 22 50 14  0  0
 0  1 1048552  64824   3864 111664 6292    0  6292     0 2174 2039 16 22 50 13  0  0
 1  0 1048572  79488   3732 109588 4132 5740  4132  5740 3313 1671 15 47 24 14  0  0
 0  1 1048568  75960   3732 109588 5664    0  5664     0 2445 1921 15 20 49 16  0  0
 1  0 1048568  63612   3732 109856 8488    0  8745     0 3358 2958 16 21 47 15  0  0
 1  0 1048572  80872   3616 108548 7276 5880  7276  5880 4227 2526 17 34 32 17  0  0
 1  0 1048572  73060   3624 108548 7832    0  7832    12 3001 2519 14 22 50 14  0  0
 1  0 1048572  66256   3624 108548 6768    0  6768     0 3386 2192 16 21 46 17  0  0
 2  0 1048572  80896   3284 107980 6440 6856  6440  6856 4316 2353 14 43 25 18  0  0
 1  0 1048572  73084   3284 107464 8048    4  8048     4 2816 2595 14 21 50 15  0  0
 1  0 1048572  67036   3284 107464 5988    0  5988     0 3026 1966 16 21 47 15  0  0
 2  0 1048576  65996   3272 107128 5512 2160  5512  2160 3322 1891 16 31 37 16  0  0
 2  0 1048576  79604   3264 106700 5736 11712  5744 11732 4591 2225 13 69  0 18  0  0
 1  0 1048572  74060   3264 106188 7136  308  7136   308 2547 2324 16 20 49 15  0  0
 1  0 1048572  69020   3264 106188 6028    0  6028     0 2466 1988 16 20 49 15  0  0
 2  0 1048576  66088   3252 105868 5960 2780  5960  2780 3392 2077 14 33 36 18  0  0
 1  1 1048576  75716   3228 105868 7176 13004  7176 13004 4816 2555 14 62  0 24  0  0
 0  1 1048572  72440   3232 105172 5592 1896  5592  1924 2666 1902 15 29 39 17  0  0
 0  1 1048572  66140   3232 105172 6564    0  6564     0 2877 2098 17 17 48 19  0  0
 1  1 1048576  64376   3220 105172 5388 2920  5388  2920 2795 1888 15 38 32 15  0  0
procs -----------memory---------- ---swap-- -----io---- -system-- -------cpu-------
 r  b   swpd   free   buff  cache   si   so    bi    bo   in   cs us sy id wa st gu
 3  0 1048576  66140   3056 104504 6684 6832  6688  6840 3856 2346 15 53  0 32  0  0
 1  0 1048572  69740   3056 103988 5672 6452  5672  6452 3602 2001 15 52 14 19  0  0
 2  0 1048576  72932   2320  95392 7756  904  7756   924 2855 2474 18 25 42 17  0  0
 0  1 1048572  72216   2328  95288 4964 3728  4968  3752 2827 1709 14 38 31 17  0  0
 1  0 1048572  64152   2328  95288 7624    0  7624     0 2409 2383 18 16 51 15  0  0
 1  1 1048576  73496   2328  94480 5752 8276  5752  8276 4095 2086 14 61  9 17  0  0
 1  0 1048572  76268   2328  93276 5548 7072  5548  7072 3976 2044 14 60 10 16  0  0
 1  0 1048572  70724   2328  93276 8336    0  8336     0 2464 2561 16 18 51 15  0  0
 1  0 1048572  64928   2336  93276 5744    0  5744    12 2104 1857 16 18 51 14  0  0
 2  0 1048576  69476   2312  92052 6044 7260  6044  7260 3831 2153 18 47 18 17  0  0
 1  0 1048572  76280   2312  91816 5360 7812  5360  7812 3981 2005 16 58  9 17  0  0
 0  1 1048572  70736   2312  91816 5668    0  5668     0 3019 1856 19 17 46 18  0  0
 2  0 1048576  71684   2308  89496 5068 8076  5068  8092 3802 1926 15 56 13 16  0  0
 1  0 1048572  76472   2308  88672 7292 6200  7296  6200 3538 2445 15 41 28 16  0  0
 1  0 1048572  66896   2316  88672 8332    0  8332    12 2956 2642 15 20 49 16  0  0
 2  0 1048576  79140   2316  87528 7736 7160  7736  7160 3775 2668 13 42 28 18  0  0
 0  1 1048572  82668   2316  85712 6664 4808  6664  4808 3426 2211 13 39 32 16  0  0
 1  0 1048572  74856   2316  85712 7960    0  7960     0 3872 2664 16 19 46 19  0  0
 0  1 1048572  68052   2316  85712 6876    0  6876     0 3406 2232 13 24 46 17  0  0
 2  0 1048576  73884   2484  84956 6128 2000  6296  2000 3420 2023 16 30 38 17  0  0
 1  0 1048572  68868   2492  85356 6644 1912  7300  1924 3485 2094 18 32 32 18  0  0
procs -----------memory---------- ---swap-- -----io---- -system-- -------cpu-------
 r  b   swpd   free   buff  cache   si   so    bi    bo   in   cs us sy id wa st gu
 2  0 1048576  63576   2492  85272 5104 1364  5128  1364 2868 1563 17 28 40 15  0  0
 0  1 1048572  84824   2492  82988 6400 8884  6400  8884 4372 2233 14 55 11 19  0  0
 0  1 1048572  78272   2492  82992 5904    0  5904     0 3010 1825 17 21 47 15  0  0
 1  0 1048572  71468   2492  82992 6164    0  6164     0 2138 2022 16 22 50 11  0  0
 1  0 1048572  66932   2492  82992 5176    0  5176     0 2020 1706 16 23 50 11  0  0
 2  0 1048576  74324   2496  82156 5524 4280  5524  4292 2977 1886 16 39 31 14  0  0
 0  1 1048572  83648   2480  80440 5208 6228  5208  6228 3385 1870 14 48 23 15  0  0
 1  0 1048572  75836   2480  80440 6460    0  6460     0 3341 2150 18 22 46 15  0  0
 1  0 1048572  70292   2480  80440 6052    0  6052     0 2818 2007 18 19 48 14  0  0
 0  1 1048572  66512   2480  80440 4520    0  4520     0 2044 1450 16 21 49 13  0  0
 2  0 1048576  66848   2480  80396 5308 3736  5308  3736 3242 1754 14 38 32 16  0  0
 1  0 1048572  77480   2464  78208 5348 8716  5348  8728 3946 1850 14 60  8 19  0  0
 1  0 1048572  71696   2464  78208 5256    0  5256     0 2059 1739 17 22 48 14  0  0
 1  0 1048572  66152   2464  78208 5528    0  5528     0 2063 1804 16 22 51 12  0  0
 1  1 1048576  63060   2464  78208 5552 1468  5552  1468 2598 1880 16 28 41 15  0  0
 2  0 1048576  70640   2460  77440 4764 8760  4764  8760 3927 1713 15 66  0 19  0  0
 1  0 1048572  75428   2448  76012 4780 3872  4780  3872 2694 1512 15 35 33 17  0  0
 1  0 1048572  69632   2456  76936 5056    0  6028    12 2799 1699 15 22 45 18  0  0
 4  0 1048576  63080   2456  76356 7040  784  7040   784 3618 2354 17 21 43 19  0  0
 2  0 1048580  74924   2452  76024 7044 14052  7044 14052 4869 2477 13 66  0 21  0  0
 1  0 1048572  68372   2440  74924 8680 1280  8680  1280 4138 2769 14 23 42 20  0  0
procs -----------memory---------- ---swap-- -----io---- -system-- -------cpu-------
 r  b   swpd   free   buff  cache   si   so    bi    bo   in   cs us sy id wa st gu
 2  0 1048572  67964   2436  74228 7792 5136  7792  5136 3530 2590 14 37 33 16  0  0
 1  0 1048572  77804   2396  72468 7756 12444  7756 12452 4787 2648 15 62  6 18  0  0
 3  0 1048544  69060   2428  72864 7116    0  7552    40 2757 2372 20 33 31 16  0  0
 2  0 1048568  63108   2220  75348 4892  932 14607   932 3308 2353 16 73  1 10  0  0
 2  0 1048572  64424   2132  67992 4016   88 11415    88 2866 1725 13 75  1 11  0  0
 5  0 1048576  64000   2128  77656 2832 5800 14798  5804 3021 1463  7 91  0  3  0  0
 4  0 1048576  68616   2124  83280 3528 8476 10891  8480 3491 1596  5 95  0  1  0  0
 2  1 1048576  70224   2124  85432 6060 9600  8290  9600 4319 2259 12 71  0 17  0  0
 1  0 1048572  80304   2132  85432 4572 4264  4572  4276 3083 1564 13 45 23 18  0  0
 1  0 1048572  75516   2132  85432 4892    0  4892     0 2303 1640 16 20 49 15  0  0
 1  0 1048572  68964   2132  85432 6772    0  6772     0 3376 2188 15 21 47 17  0  0
 2  0 1048572  62076   2132  85432 6500  544  6500   544 3351 2094 16 22 42 19  0  0
 1  0 1048572  79556   2132  84120 7032 11744  7032 11748 4530 2386 13 63  5 20  0  0
 1  0 1048572  73004   2132  84124 6516    0  6520     0 2139 2016 14 22 51 14  0  0
 1  0 1048572  67460   2140  84124 5976    0  5976    12 2060 1812 14 23 51 12  0  0
 2  0 1048576  75036   2140  82808 5876 4076  5876  4076 3014 2007 14 41 31 15  0  0
 1  0 1048572  85368   2140  82744 5524 5268  5524  5268 3311 1927 13 45 29 13  0  0
 0  1 1048572  77808   2140  82744 7528    0  7528     0 2324 2326 14 22 51 13  0  0
 0  1 1048572  70248   2140  82744 7716    0  7716     0 2409 2488 15 22 51 13  0  0
 1  0 1048572  63444   2140  82744 6716    0  6716     0 2271 2177 14 22 50 14  0  0
 0  1 1048572  82920   2148  81212 6588 10036  6588 10048 4165 2259 13 56 12 18  0  0
procs -----------memory---------- ---swap-- -----io---- -system-- -------cpu-------
 r  b   swpd   free   buff  cache   si   so    bi    bo   in   cs us sy id wa st gu
 1  0 1048572  74364   2148  81212 7472    0  7492     0 2484 2434 14 22 50 14  0  0
 0  1 1048572  67308   2148  81232 7696    0  7696     0 2387 2436 14 23 50 14  0  0
 1  1 1048576  66720   2148  81148 6588 2396  6588  2396 3149 2192 12 32 39 17  0  0
 0  1 1048572  79916   2148  79792 6792 7656  6792  7656 4095 2222 12 48 22 18  0  0
 1  0 1048572  71852   2148  79792 7788    0  7788     0 3704 2517 14 22 46 19  0  0
 1  0 1048572  65048   2156  79796 6424    0  6424    12 2320 2094 13 27 45 15  0  0
 2  0 1048580  72268   2156  79336 6468 5048  6468  5048 3571 2189 12 43 27 18  0  0
 1  0 1048572  77876   2156  78400 6344 5176  6344  5176 3874 2181 11 44 26 18  0  0
 1  0 1048572  69812   2156  78400 7600    0  7600     0 2823 2443 13 24 49 15  0  0
 1  0 1048572  63260   2156  78400 6864    0  6864     0 2724 2302 12 24 49 16  0  0
 1  0 1048572  85256   2156  77032 6204 9728  6204  9728 4300 2173 11 59 10 20  0  0
 1  0 1048572  78704   2164  77032 6312    0  6312    12 2601 2019 12 24 48 16  0  0
 4  0 1048568  71144   2164  77032 7088    0  7088     0 3456 2199 11 27 45 16  0  0
 2  0 1048568  63584   2164  77032 7820    0  7820     0 3732 2522 12 22 47 19  0  0
 3  0 1048572  82476   2164  76176 6700 11224  6700 11224 4874 2544 11 55 15 20  0  0
 1  0 1048572  74664   2164  76176 5800    0  5800     0 2859 1911 12 26 45 17  0  0
 0  1 1048572  72396   2164  76176 3804    0  3804     0 2476 1375 13 24 47 17  0  0
 1  0 1048572  66348   2172  76176 5784    0  5784    12 3004 1815 15 21 47 17  0  0
 1  0 1048572  76200   2172  75672 6896 7564  6896  7564 3939 2416 15 42 27 16  0  0
 1  0 1048572  67632   2172  75672 9508    0  9508     0 2724 3055 17 15 50 18  0  0
 1  1 1048572  65688   2172  75336 6096 2704  6096  2704 3510 2137 12 32 38 18  0  0
procs -----------memory---------- ---swap-- -----io---- -system-- -------cpu-------
 r  b   swpd   free   buff  cache   si   so    bi    bo   in   cs us sy id wa st gu
 0  1 1048572  67932   2172  74832 8236 7708  8236  7708 4181 2819 12 43 25 20  0  0
 2  0 1048576  70428   2112  70148 6228 3036  6228  3044 3916 2223 11 40 28 21  0  0
 2  0 1048580  79488   2120  68964 4020 8788  4024  8812 3946 1662 12 72  1 15  0  0
 1  0 1048572  75960   2120  68576 8296 3464  8296  3464 3390 2880 15 33 36 16  0  0
 1  0 1048572  70920   2120  68576 6812    0  6812     0 2250 2164 14 22 50 15  0  0
 2  0 1048580  64872   2120  68576 8112 1340  8112  1340 2714 2601 13 28 45 14  0  0
 2  0 1048576  77220   2120  67824 5884 11596  5884 11596 4623 2293 13 70  0 17  0  0
 0  1 1048572  71928   2120  66600 6776  184  6776   184 2781 2267 14 22 47 17  0  0
 2  0 1048580  68408   2128  66580 8168 3156  8168  3168 3435 2792 12 32 39 18  0  0
 2  0 1048576  76788   2128  64852 4724 9392  4724  9392 3948 1844 13 66  0 21  0  0
 0  1 1048572  73812   2128  64792 7076  900  7076   900 2893 2353 17 17 48 18  0  0
 1  0 1048572  66000   2128  64792 5632    0  5632     0 2764 1844 17 19 48 17  0  0
 3  2 1048580  67520   2128  71804 6776 5712 13437  5712 3967 2546 14 57 18 11  0  0
 2  1 1048576  81252   2128  76648 8200 15216 14738 15216 4931 2472  8 91  0  2  0  0
 1  0 1048572  82260   2136  76792 10664 7184 10848  7196 3998 3170 14 43 29 14  0  0
 0  1 1048572  72432   2136  76792 9348    0  9348     0 3369 2869 14 21 47 17  0  0
 1  0 1048572  67140   2136  76792 5976    0  5976     0 2896 1946 14 20 47 18  0  0
 1  0 1048572  67320   2136  75924 7940 4072  7940  4072 3458 2665 14 33 36 16  0  0
 2  0 1048580  70928   2136  74916 7064 3728  7064  3728 3874 2334 16 32 33 19  0  0
 1  0 1048572  81828   2136  74624 5508 6452  6488  6452 3477 1943 15 47 23 15  0  0
 1  0 1048572  71496   2144  74624 6888    0  6888    12 3186 2172 16 21 48 16  0  0
procs -----------memory---------- ---swap-- -----io---- -system-- -------cpu-------
 r  b   swpd   free   buff  cache   si   so    bi    bo   in   cs us sy id wa st gu
 1  0 1048572  63432   2144  74624 5804    0  5804     0 3121 1924 15 21 46 18  0  0
 2  0 1048576  63684   2144  74624 7476 1324  7476  1324 3797 2455 15 24 43 19  0  0
 1  0 1048572  76284   2144  72280 6488 8840  6488  8840 4358 2287 15 46 23 17  0  0
 1  0 1048572  64188   2144  72280 9148    0  9148     0 4157 2914 17 19 46 17  0  0
 1  0 1048572  64188   2144  72280 4620    0  4620     0 2635 1607 15 20 47 18  0  0
 2  0 1048576  72000   2152  70012 6340 4840  6340  4852 3180 2193 15 39 31 14  0  0
 1  0 1048572  78824   2152  70076 7176 5212  7276  5212 3419 2441 16 39 32 14  0  0
 1  0 1048572  72020   2152  70080 6696    0  6696     0 2276 2227 16 20 50 14  0  0
 1  0 1048572  63704   2152  70080 8332    0  8332     0 3206 2731 15 20 48 17  0  0
 1  0 1048572  72700   2152  68472 8992 8532  8992  8532 4119 3091 13 42 25 20  0  0
 2  0 1048576  64300   2152  67968 10540  940 10540   940 3016 3385 13 22 48 17  0  0
 0  1 1048572  77432   2160  66672 7928 10300  7928 10312 4502 2779 12 39 28 21  0  0
 1  0 1048572  63320   2160  66672 8960    0  8960     8 4112 2876 17 18 45 20  0  0
 2  0 1048576  69404   2160  66588 7268 4056  7268  4056 3979 2558 16 33 32 19  0  0
 1  0 1048572  77288   2160  63996 6740 9488  6740  9488 4226 2413 14 58 11 17  0  0
 0  1 1048572  69476   2160  63996 7496    0  7496     0 3468 2484 16 19 47 18  0  0
 1  0 1048572  63176   2160  63996 6692    0  6692     0 3081 2250 17 17 48 18  0  0
 2  0 1048576  71880   2168  63280 6080 8272  6080  8296 4235 2298 14 55 12 18  0  0
 1  0 1048568  70476   2168  63316 6784 3540  6816  3540 3462 2367 16 37 30 16  0  0
 0  1 1048572  63444   2168  62944 7204  456  7204   456 2898 2416 17 23 46 15  0  0
 1  0 1048572  69288   2124  53884 7136  764  7136   764 2888 2321 18 22 45 15  0  0
procs -----------memory---------- ---swap-- -----io---- -system-- -------cpu-------
 r  b   swpd   free   buff  cache   si   so    bi    bo   in   cs us sy id wa st gu
 2  0 1048576  64488   2124  53584 4888  592  4888   592 2237 1661 16 25 46 13  0  0
 3  0 1048576  77592   2124  53584 5400 12456  5400 12456 4574 2078 16 68  0 16  0  0
 1  1 1048576 100776   2132  53584 8168 20284  8168 20296 5937 3001 15 67  0 18  0  0
 2  0 1048572  81876   2132  67244 6208  832 22900   832 2335 2035  8 34 48 12  0  0
 1  0 1048572  77592   2132  67244 4716    0  4716     0 2408 1384  2 27 46 25  0  0
 1  0 1048572  70536   2132  68432 6128    0  7316     0 2176 2037 10 23 51 17  0  0
 1  1 1048572  75960   2132  67256 11460 11380 11460 11380 4695 3772 10 39 31 20  0  0
 1  0 1048572  71460   2132  67220 8080 2452  8080  2452 2898 2760  9 23 48 20  0  0
 1  0 1048572  62892   2140  67220 9708    0  9708    12 2715 3019 14 18 51 17  0  0
 1  0 1048572  83276   2140  65832 7092 10164  7092 10164 4282 2595 13 48 21 18  0  0
 1  0 1048572  71936   2140  65832 7928    0  7928     0 3436 2619 15 19 47 18  0  0
 1  0 1048572  66896   2140  65832 7164    0  7164     0 3546 2355 14 20 47 18  0  0
 2  0 1048576  83036   2140  65284 7036 8032  7036  8032 4609 2528 14 48 21 18  0  0
 1  0 1048572  78500   2140  64524 7584 1580  7644  1580 3294 2616 12 29 43 16  0  0
 1  0 1048572  71696   2148  64524 6832    0  6832    12 3397 2230 12 27 45 16  0  0
 1  0 1048572  62624   2148  64524 8860    0  8860     0 4167 2953 14 22 47 17  0  0
 1  0 1048572  79796   2148  63072 7252 10092  7252 10092 4596 2657 13 55 16 16  0  0
 1  0 1048572  70976   2148  63072 8324    0  8324     0 3634 2757 12 22 47 19  0  0
 2  0 124372 1262396   2148  73700 4004 1364 15728  1364 2919 1496  6 53 30 11  0  0
