procs -----------memory---------- ---swap-- -----io---- -system-- -------cpu-------
 r  b   swpd   free   buff  cache   si   so    bi    bo   in   cs us sy id wa st gu
 1  0      0 1159008   6252  78500 30915 17056 32574 17067 8082   45  1 24 60 15  0  0
 0  1  73452  86364   3288  50796   28 72996 48456 73208 5351  984  8 46 31 14  0  0
 2  1  73452  84600   3288  53036   12    0  2244     0  357  107  0  3 48 49  0  0
 2  0 458888  79784   3288  74420  372 385252 20804 385336 3770 1173  2 62 15 21  0  0
 1  0 572460  70724   3288  75064 117684 113644 118328 113644 8625 9762  2 40 36 22  0  0
 1  0 737056  96160   3568  75136 142500 164544 142780 164548 10709 9462  1 48 27 25  0  0
 1  0 841740  64512   2220  55112 151048 104484 151276 104580 15567 9968  2 46 29 24  0  0
 1  0 947148  78188   2220  49788 98888 105396 99464 105396 11162 6406  1 37 33 30  0  0
 1  0 1060676  72492   2216  45220 128276 123808 128276 123808 11531 8552  2 40 32 26  0  0
 1  0 1071032  82988   2200  44528 150888 156576 152100 156576 10987 10141  1 47 32 19  0  0
 1  0 1048572  71016   2200  44476 213528 11272 213528 11272 17225 14372  1 42 34 23  0  0
 0  1 1072104  90848   2176  42392 164788 135244 164988 135264 12049 10876  2 50 25 23  0  0
 1  1 1049784  71768   2148  57876 122696 116052 145788 116052 9420 9075  1 43 32 24  0  0
 1  0 1048572  96964   2148  41936 101724 52876 101724 52960 6348 8771  1 31 44 25  0  0
 1  0 1048572  90340   2440  45256 80832  608 84712   612 4668 6439  1 21 49 30  0  0
 1  0 1048664  81440   2572  45072 73720 3632 73856  3632 4364 5718  1 19 49 32  0  0
 0  1 1048572  83480   2572  45012 62500 47968 62500 47968 4218 4924  1 26 45 29  0  0
 1  0 1050380  73024   2576  44948 75632 66984 75632 67008 6988 5704  1 24 38 37  0  0
 2  0 1050696  78608   2576  44892 61780 28448 61780 28448 3513 4152  1 19 47 34  0  0
 1  0 1048572  88380   2576  47864 72648 21328 75644 21344 4167 5071  1 23 44 32  0  0
 2  0 1051816  92916   2544  46392 68292 24116 68808 24120 4248 5287  1 21 47 31  0  0
procs -----------memory---------- ---swap-- -----io---- -system-- -------cpu-------
 r  b   swpd   free   buff  cache   si   so    bi    bo   in   cs us sy id wa st gu
 1  0 1048572  70772   2388  59512 142736 103828 157456 103828 11304 10593  2 42 34 23  0  0
 1  0 1048776  84012   2308  66108 88664 77896 96906 77900 6689 7294  0 41 32 26  0  0
 1  0 1048572  72680   2440  65496 98592 15508 98724 15520 6094 7301  1 23 46 30  0  0
 1  0 1051640  89868   2440  83656 130264 47072 149048 47072 6844 9004  1 37 43 20  0  0
 1  0 1048572  68184   2440  83684 100192 41480 100220 41480 6280 9203  1 27 46 26  0  0
 1  0 1048572  79364   2440  83712 89032 30764 89032 30764 5568 6965  1 25 44 31  0  0
 1  0 1048572  71728   2440  83712 96140 30048 96140 30048 5595 6953  1 26 44 29  0  0
 1  0 1048572  77208   2356  64288 102912 45740 102912 45760 5556 7337  1 30 43 26  0  0
 1  0 1048572  71756   2312  60772 117732 72312 118856 72312 6646 8572  1 34 42 23  0  0
 1  0 1049476  77072   2372  46280 94952 65564 95044 65568 5953 6703  1 28 44 28  0  0
 1  0 1048572  67180   2372  44592 117288 38408 117292 38408 6005 8587  2 28 45 26  0  0
 0  1 1048572  71032   2372  42944 123840 44564 123840 44564 9401 9158  2 34 38 27  0  0
 0  1 1048572  73204   2372  41672 99180 49716 99180 49716 6222 7432  1 29 43 27  0  0
 1  0 1048572  74476   2648  42924 102164 25120 104908 25132 5611 7135  2 25 46 28  0  0
 0  1 1048572  65536   4172  85196 57440 37264 102856 37264 7379 7212  1 31 41 28  0  0
 1  0 1048572  92336   4172  81476 21688 43428 21688 43432 8948 10384  1 34 39 27  0  0
 1  0 1048572  68648   4172  81476 22732    0 22732     0 12042 10888  1 24 40 35  0  0
 1  0 1048572  81720   4172  82536 23628 8040 24744  8040 12295 11170  1 24 41 34  0  0
 1  1 1050580  89968   4112  82320 21044 11988 21044 11988 10830 9981  1 27 40 33  0  0
 0  1 1048572  69304   4120  82320 18920    0 18920    12 5588 8960  1 21 51 27  0  0
 1  0 1048572  74764   4056  82132 19612 13780 19612 13780 6074 9171  1 24 48 27  0  0
procs -----------memory---------- ---swap-- -----io---- -system-- -------cpu-------
 r  b   swpd   free   buff  cache   si   so    bi    bo   in   cs us sy id wa st gu
 1  0 1048572  79940   4024  81920 20896 12844 20920 12844 8260 9689  1 27 44 28  0  0
 2  1 1048696  59024   4024  81948 19160  140 19160   140 10062 8945  1 21 41 37  0  0
 1  0 1048572  63884   4024  81824 17196 10688 17196 10688 5796 8042  1 25 47 27  0  0
 1  0 1048572  64640   4024  81672 18560 19428 18560 19428 6292 8676  1 26 46 27  0  0
 1  0 1048572  65132   4032  81624 19324 4680 19324  4692 5786 8687  1 25 49 26  0  0
 1  0 1048572  79244   4032  81188 20024 30784 20024 30784 7528 9183  1 32 43 25  0  0
 0  1 1048572  72480   4032  81136 19148 2556 19148  2556 5653 8643  1 23 49 27  0  0
 5  1 1048596  80044   4036  95532 22280 22592 32452 22592 8942 10161  1 38 36 26  0  0
 1  0 1048572  79960   4036 122436 22224 26100 39367 26100 9099 10712  1 60 15 26  0  0
 1  0 1048572  79592   4008 122248 22032 12128 22032 12128 10960 10106  1 28 38 33  0  0
 1  0 1048572  73732   3836 129192 19548 10492 26532 10504 9293 8930  0 27 41 32  0  0
 1  0 1048572  72676   3776 129032 20784 10976 20784 10976 11030 9437  1 27 37 35  0  0
 1  0 1048572  76768   3776 129008 20716 9716 20716  9716 10880 9425  1 28 37 34  0  0
 0  1 1048572  83584   3776 128988 18808 9408 18808  9408 9411 8638  0 28 40 31  0  0
 1  1 1048572  64936   3776 128988 18548    0 18548     0 5275 8264  1 23 51 25  0  0
 0  1 1048572  67248   3776 128972 20676 10688 20676 10688 6524 9200  1 28 47 24  0  0
 0  1 1048572  74984   3784 128960 20660 12352 20660 12364 6712 9098  1 29 45 25  0  0
 2  0 1048764  77352   2256 125536 20832 13992 20836 14000 9767 9322  1 29 40 30  0  0
 1  0 1048572  79484   2244 125460 21788 25252 21788 25252 7549 9602  1 33 40 26  0  0
 3  0 1048572  77648   2244 124544 24456 8560 24456  8560 7120 10603  1 28 47 24  0  0
 1  0 1048572  69352   2244 124472 20860 11332 20860 11332 10839 9272  1 29 37 34  0  0
procs -----------memory---------- ---swap-- -----io---- -system-- -------cpu-------
 r  b   swpd   free   buff  cache   si   so    bi    bo   in   cs us sy id wa st gu
 1  1 1048572  69564   2244 123824 23384 11852 23384 11852 8644 10200  1 27 44 28  0  0
 0  1 1048572  72908   2252 122800 23432 18412 23432 18432 7513 10036  1 29 46 24  0  0
 0  1 1048572  70664   2804 121952 23016 14300 23628 14300 7080 9763  1 29 46 24  0  0
 0  1 1048572  84168   2804 121060 19444 14428 19444 14440 6365 8234  1 29 46 24  0  0
 1  1 1048612  71824   2804 120760 22560 4324 22560  4324 6217 9398  1 24 50 25  0  0
 1  0 1048572  66420   2804 120160 22588 8412 22588  8412 6698 9386  1 27 48 24  0  0
 1  0 1048572  67208   2804 119260 23252 11760 23252 11760 6971 9713  1 28 47 23  0  0
 1  0 1048572  63800   2812 118884 23504 6204 23504  6216 8542 9972  1 29 43 27  0  0
 0  1 1048572  71532   2812 118116 24256 8088 24256  8088 7636 10117  1 30 45 25  0  0
 0  1 1048572  73128   2812 117360 24740 6584 24740  6584 7013 10385  1 28 48 24  0  0
 1  1 1048572  76848   2812 116712 26092 9000 26092  9000 7892 11082  1 29 47 23  0  0
 1  0 1048572  83508   2796  85800 24436    8 29948     8 6370 10234  1 27 49 23  0  0
 1  0 1048572  88212   2736  63788 26272 3892 26272  3892 7496 11073  1 26 49 25  0  0
 1  0 1048572  75540   2216  50948 27236  920 27236   932 11482 11313  1 25 41 33  0  0
 1  0 1048876  81184   2216  49144 21256 23516 21256 23516 7153 8914  1 30 45 24  0  0
 0  1 1048572  69860   2372  48364 24164 13700 24320 13700 7037 9916  1 28 46 25  0  0
 0  1 1048572  74652   2380  50204 26920 27240 30288 27240 9747 10954  1 33 42 24  0  0
 0  1 1048572  76132   2380  48860 30292 22508 30448 22512 11720 11811  1 30 39 31  0  0
 1  0 1048572  75128   2380  47808 24632 16008 24636 16012 10731 9582  1 30 36 34  0  0
 1  0 1048572  76388   2388  47140 14884 10336 14888 10352 4685 5839  1 25 47 27  0  0
 1  0 1048572  68656   2388  46420 20900 8396 20904  8400 7238 8082  1 27 44 29  0  0
procs -----------memory---------- ---swap-- -----io---- -system-- -------cpu-------
 r  b   swpd   free   buff  cache   si   so    bi    bo   in   cs us sy id wa st gu
 1  0 1042576  85824   2392  62300 18788 33972 36704 33976 8199 7194  1 37 35 28  0  0
 0  1 1044592  75360   2392  62444 22096 2016 22416  2016 8311 8463  1 25 43 31  0  0
 1  0 1048572  77040   2392  62108 20816 7364 20816  7364 9131 7922  1 28 39 32  0  0
 1  0 1048572  78964   2400  61744 16692 5096 16692  5108 5174 6507  0 25 48 27  0  0
 0  1 1048572  77196   2400  61408 21772 7144 21772  7144 10131 8567  1 27 37 35  0  0
 0  1 1048572  76944   2400  61084 20740 6012 20740  6012 9637 8129  1 28 38 34  0  0
 0  1 1048572  85984   2400  60832 17936 5356 17936  5356 8633 7064  1 27 39 34  0  0
 0  1 1048572  75732   2400  60628 21108 3384 21108  3384 9883 8426  1 28 38 34  0  0
 0  1 1048572  63244   2400  60544 22452 1748 22452  1748 10358 8994  1 25 40 34  0  0
 1  0 1048572  64504   2408  40576 18096  656 18096   668 8453 7076  1 26 40 33  0  0
 1  0 1048572  63356   2404  40364 18080 14660 18080 14660 6305 7243  1 29 43 28  0  0
 0  1 1048572  80016   2380  40364 18596 21732 19004 21732 7680 7385  1 31 41 28  0  0
 1  0 1048572  81272   2368  40308 20704 5584 20704  5584 6369 8020  1 27 47 26  0  0
 0  1 1048572  67420   2356  44696 25680 14672 30116 14672 10584 10044  1 29 39 31  0  0
 0  1 1048572  62876   2340  44640 25628 18460 25628 18460 11477 9859  1 30 37 32  0  0
 1  0 1048572  72844   2336  44548 24272 26556 24272 26568 7863 9156  1 32 42 25  0  0
 0  1 1048572  70456   2336  44480 27856 21384 27856 21384 7824 10248  1 32 44 23  0  0
 1  0 1048572  63664   2328  41492 26272 9072 26272  9072 6550 9597  1 28 47 25  0  0
 1  0 1048572  65020   2340  58016 26192 19208 37964 19208 7411 9823  1 31 44 23  0  0
 1  0 1048572  79516   2340  57992 24648 15848 24648 15848 9299 9256  1 32 40 27  0  0
 1  0 1048572  73468   2340  57976 24056 6724 24056  6724 6307 8833  1 27 48 24  0  0
procs -----------memory---------- ---swap-- -----io---- -system-- -------cpu-------
 r  b   swpd   free   buff  cache   si   so    bi    bo   in   cs us sy id wa st gu
 0  1 1048572  76492   2348  58044 23380 7448 23404  7460 6375 8736  1 26 45 28  0  0
 0  1 1048572  67552   2348  57980 19780 5392 19780  5392 5850 7525  1 25 47 27  0  0
 1  0 1048572  68512   2344  57712 24232 12584 24232 12584 6557 8813  1 27 47 26  0  0
 1  0 1048572  64352   2344  57536 25076 11292 25076 11292 6761 9439  1 29 46 24  0  0
 1  0 1048572  73240   2344  57500 26584 22748 27028 22748 11492 10102  1 34 35 30  0  0
 4  0 1048572  66880   2344  79892 23912 21012 41544 21012 9127 9312  0 48 27 24  0  0
 1  1 1048572  69884   2488  96160 25156 23976 34839 24004 10882 9345  2 70  9 19  0  0
 0  1 1048572  67564   2488 106628 29980 20564 40664 20564 8466 10867  1 35 38 26  0  0
 2  0 1048824  76084   2924 113668 26168 26152 29003 26152 10273 10029  1 49 26 24  0  0
 1  0 1048572  73564   2924 113468 29320 15664 29320 15664 7945 10823  1 31 46 22  0  0
 1  0 1048572  80408   2924 113272 26244 24488 26244 24488 9197 9945  1 35 41 24  0  0
 1  0 1048572  68408   2928 113108 30144 11852 30148 11860 11182 11042  1 31 39 28  0  0
 1  0 1048572 109320   2928 112940 24496 37636 24500 37672 8702 9237  1 39 39 22  0  0
 1  0 1048572  92184   2928 112944 18676    0 18680     0 4660 6950  1 22 51 26  0  0
 1  0 1048572  70512   2928 112944 21388    0 21388     0 5118 7832  1 22 51 27  0  0
 1  0 1048572  86944   2864 106088 29808 18736 29808 18736 12087 10761  1 34 37 29  0  0
 1  0 1048572  76876   2864 102632 31012 6928 31012  6928 7471 11072  1 27 49 23  0  0
 1  0 1048572  70396   2872  99692 30256 8400 30256  8412 7584 10979  1 30 47 22  0  0
 1  0 1048572  64416   2872  96456 30148 10000 30148 10000 7723 10850  1 31 46 22  0  0
 3  0 1048612  78940   2872  92500 27884 29196 27884 29196 8474 10078  1 36 41 22  0  0
 2  0 1048572  71456   2732  88984 30768 17048 31052 17048 9509 10904  1 33 41 26  0  0
procs -----------memory---------- ---swap-- -----io---- -system-- -------cpu-------
 r  b   swpd   free   buff  cache   si   so    bi    bo   in   cs us sy id wa st gu
 1  0 1048572  66568   2684  65940 31568 3828 31592  3828 7001 10933  1 28 49 23  0  0
 0  1 1048572  80104   2684  61656 31092 22296 31092 22296 8447 10650  1 35 43 21  0  0
 0  1 1048572  63220   2692  59440 32732 10072 32732 10084 7679 10971  1 31 46 22  0  0
 1  0 1048572  78040   2692  55636 31112 24368 31112 24368 8605 10632  1 36 43 20  0  0
 1  0 1048572  68716   2692  53964 33740 11176 33740 11176 7763 11138  1 32 46 21  0  0
 0  0 1048572  71264   2696  68808 30292 25524 48816 25524 8515 10077  1 38 42 20  0  0
 1  0 1048572  73640   2556  56308 30532 18416 30532 18416 7926 10217  1 33 44 22  0  0
 1  0 1048572  64652   2548  40404 32624 3520 32624  3520 6762 10495  1 28 49 22  0  0
 1  0 1048572  66960   2556  38796 34304 25140 34308 25152 10227 10851  1 37 38 24  0  0
 0  1 1048572  74556   2556  38340 32840 21852 32840 21852 8915 10800  1 35 43 22  0  0
 0  1 1048572  68060   2556  38052 28376 18004 28376 18004 7211 8981  1 31 43 25  0  0
 0  1 1048572  65792   2556  37788 29412 6384 29412  6384 6625 9154  1 30 47 23  0  0
 0  1 1048572  75944   2556  37332 26348 16852 26348 16852 9368 8437  1 34 37 28  0  0
 1  0 1048572  79096   2556  40620 30852 15508 34496 15508 9743 9952  1 34 39 26  0  0
 0  0 1048572  66168   2564  40540 29056 4792 29236  4804 9279 9484  1 27 43 29  0  0
 0  1 1048572  63396   2564  40364 26088 17296 26088 17296 6606 8440  1 31 44 24  0  0
 1  0 1048572  64892   2560  37364 26720 17392 27500 17400 10245 8536  1 33 36 30  0  0
 1  0 1048572  79044   2544  37260 28568 20620 28572 20620 7811 8990  1 33 42 24  0  0
 0  1 1048572  66444   2528  37220 34104 9880 34104  9880 7435 10608  1 28 47 24  0  0
 0  2 1048228  67100   4536  42128 31012 20424 38120 20424 8225 9834  1 34 41 24  0  0
 0  1 1048572  73780   4640  82704 26560 30176 56044 30196 12704 9683  2 74  5 19  0  0
procs -----------memory---------- ---swap-- -----io---- -system-- -------cpu-------
 r  b   swpd   free   buff  cache   si   so    bi    bo   in   cs us sy id wa st gu
 0  1 1048572  69800   3708  81932 31528 19048 31552 19048 9833 10225  1 34 40 26  0  0
 0  1 1048572  88916   2384  80320 31804 21792 31804 21792 9766 10178  1 33 41 26  0  0
 0  1 1048544  78348   2348  79528 33896 11088 33936 11088 8614 10964  1 31 44 24  0  0
 0  1 1048572  70376   2348  78548 34340 9728 34340  9728 10580 11126  0 28 44 28  0  0
 1  0 1048572  86288   2348  77280 28652 20080 29328 20080 8055 9636  1 34 43 22  0  0
 1  0 1048572  68560   2356  76248 35152 8848 35152  8860 12493 11497  1 28 39 32  0  0
 1  0 1048572  65356   2356  75220 30256 10312 30256 10312 8785 9972  1 29 44 26  0  0
 2  0 1048624  80616   2356  73492 30248 20384 30248 20384 7961 10131  1 35 43 22  0  0
 1  1 1048732  73436   2356  73056 23560 14192 23560 14192 9805 7766  1 31 36 32  0  0
 1  1 1048572  70756   2356  75124 25944 22424 28568 22424 7156 8369  1 35 41 24  0  0
 0  1 1048572  77208   2352  65700 30124 15072 30144 15072 7419 9635  1 30 45 23  0  0
 0  1 1048572  67976   2360  63904 30176 12080 30176 12092 6786 9522  0 30 46 23  0  0
 4  0 1048596  85392   2360  61424 26560 21988 26560 21988 6945 8272  1 35 41 23  0  0
 1  0 1048572  63720   2360  60620 22676  664 22676   664 4722 7007  1 21 51 27  0  0
 2  1 1048572  75920   2360  58432 33016 21992 33016 21992 7803 10047  1 31 45 23  0  0
 1  0 1048572  65984   2360  56752 33488 9012 33488  9012 10012 10606  1 29 42 28  0  0
 1  0 1048572  65384   2360  54240 30784 25684 30784 25684 8273 9586  1 36 42 21  0  0
 1  0 1048572  79816   2368  52360 32980 26992 32980 27004 8451 9884  0 36 42 21  0  0
 2  0 1048792  71448   2212  47568 32936 13820 32936 13832 7010 9535  1 30 46 23  0  0
 1  0 1048572  72272   2368  46128 32932 20364 33092 20364 7481 9553  1 31 45 23  0  0
 1  0 1048572  69812   2368  45500 24408 9936 24408  9936 5650 7192  1 27 47 25  0  0
procs -----------memory---------- ---swap-- -----io---- -system-- -------cpu-------
 r  b   swpd   free   buff  cache   si   so    bi    bo   in   cs us sy id wa st gu
 1  1 1048572  63512   2368  44380 29192 9520 29216  9520 6397 8608  1 29 46 25  0  0
 1  0 1048572  82112   2472  43876 29584 18596 31316 18608 7630 9000  1 33 41 26  0  0
 0  1 1048572  70532   2348  43192 32444 8972 32520  8972 9678 9756  1 28 42 29  0  0
 0  1 1048572  82308   2340  41592 32256 20340 32256 20340 8234 9757  1 34 43 23  0  0
 1  0 1048572  62996   2340  41432 33516 5676 33516  5676 10442 10040  1 27 42 30  0  0
 1  0 1048572 122820   2320  36576 29164 56520 29164 56528 9741 8867  1 45 34 21  0  0
 1  0 1048572  81744   2416  36580 35956    0 36056     0 11491 10791  2 24 41 34  0  0
 0  1 1048572  66028   2380  53868 35128 17148 53012 17184 10143 9579  1 34 38 27  0  0
 0  1 1048572  63164   2348  53516 32636 11688 32640 11688 8771 9642  1 29 44 26  0  0
 1  0 1048572  77636   2284  52856 31880 20268 31880 20268 9054 9430  1 33 41 25  0  0
 1  0 1048572  77092   2272  52416 33524 15116 33524 15116 8514 10025  1 32 42 25  0  0
 1  0 1048572  67816   2272  52212 32444 11552 32444 11552 7022 9347  1 29 47 23  0  0
 1  0 1048572  83484   2272  51736 29992 31232 29992 31232 11089 8960  1 38 34 27  0  0
 1  0 1048572  68212   2220  35644 33800 2432 33800  2444 6406 9701  1 26 48 24  0  0
 1  0 1048572  80560   2212  35424 28988 24940 28988 24940 8889 8366  1 34 39 27  0  0
 1  0 1048720  80812   2212  35280 30824 23288 30824 23288 7675 8848  1 33 44 22  0  0
 0  1 1048572  80800   2224  35148 34480 9168 34492  9168 6965 9587  1 29 46 25  0  0
 1  0 1048572  68444   2972  36208 34960 9924 36856  9924 9524 9953  1 31 41 27  0  0
 0  1 1048572  73964   2972  36172 33788 17956 33788 17956 7952 9765  1 32 44 22  0  0
 1  0 1048596  65900   2980  36092 33848 12700 33848 12712 7439 9871  1 31 46 22  0  0
 0  1 1048572  69868   2984  42852 32552 24264 39352 24264 8589 9152  1 35 42 23  0  0
procs -----------memory---------- ---swap-- -----io---- -system-- -------cpu-------
 r  b   swpd   free   buff  cache   si   so    bi    bo   in   cs us sy id wa st gu
 0  1 1048572  62132   2984  42832 32420 19980 32444 19980 9704 9202  1 32 38 29  0  0
 2  0 1048572  97036   2436  39336 32756 41280 32756 41280 13601 9612  1 39 31 29  0  0
 2  0 1048572  67052   2400  56240 34788 5044 47252  5048 11828 9797  1 30 39 31  0  0
 2  0 1048572  72108   2344  55728 31292 19748 31296 19748 7467 9022  1 32 44 23  0  0
 2  0 1048572  71360   2296  55288 32592 15084 32592 15096 7195 9193  1 32 45 22  0  0
 0  1 1048572  71496   2280  54804 33200 16584 33200 16584 7670 9443  1 32 45 23  0  0
 0  1 1048572  76924   2280  54284 34692 26816 34692 26816 8600 9903  1 36 42 21  0  0
 3  0 1049292 111448   2272  50132 34360 33460 34360 33460 10604 9827  1 41 37 21  0  0
 0  1 1048572  96832   2272  50132 35328 9608 35328  9608 7360 10328  1 30 47 22  0  0
 0  1 1048572  83704   2272  49132 36240 12424 36240 12428 12240 10367  1 33 36 30  0  0
 0  1 1048572  79448   2280  51880 24748 11012 28720 11024 6310 7140  1 24 42 34  0  0
 1  0 1048572  80292   2276  51612 23460 11984 23968 11984 6730 6834  1 28 40 31  0  0
 1  0 1048572  77476   2276  50852 24968 10332 24968 10332 8404 7104  1 25 39 35  0  0
 1  0 1048572  78924   2276  50092 22472 9756 22472  9756 7646 6369  1 24 42 34  0  0
 1  1 1048572  66324   2276  50092 11624    0 11624     0 3799 3426  0 22 46 32  0  0
 2  0 1048592  92808   2284  49292 15044 17356 15044 17368 5621 4477  1 30 26 43  0  0
 0  1 1048572  90312   2284  48524 16452 6792 16452  6792 4142 4950  1 22 49 28  0  0
 3  0 1048940  72040   2284  54236 19632 5056 23815  5056 4817 5808  0 27 45 27  0  0
 1  0 1048572  63124   2284  59880 17196 9360 21035  9360 5956 5190  1 26 41 33  0  0
 0  1 1048572  63060   2284  59520 21496 18116 21496 18116 8583 6222  1 38 32 30  0  0
 0  1 1048572  73000   2152  48260 23348 11796 23348 11796 7663 6768  1 26 40 33  0  0
procs -----------memory---------- ---swap-- -----io---- -system-- -------cpu-------
 r  b   swpd   free   buff  cache   si   so    bi    bo   in   cs us sy id wa st gu
 0  1 1048572  73388   2160  47460 19276 12284 19300 12296 6259 5413  1 28 41 30  0  0
 1  0 1048572  78532   2160  46332 17100 12768 17100 12768 5334 4941  1 28 43 28  0  0
 0  1 1048572  76592   2160  45296 20352 15188 20352 15188 5165 5749  1 28 45 27  0  0
 0  0 1048572  76096   2160  44212 25780 9464 25780  9464 5746 7244  1 24 42 33  0  0
 0  1 1048572  74088   2160  43228 26816 13012 26816 13012 6316 7575  1 24 46 30  0  0
 0  1 1048572  70724   2160  43228 26768 10272 27844 10272 7079 7758  1 27 42 30  0  0
 1  0 1048572  74104   2168  42760 23172 9528 23172  9540 5106 6521  1 24 46 29  0  0
 1  0 1048572  75700   2168  42428 21376 11352 21376 11352 7452 6162  1 26 39 35  0  0
 0  1 1048572  81788   2168  42296 17304 10280 17304 10280 6280 4812  0 21 41 38  0  0
 3  1 1048792  77980   2168  41996 19084 9260 19084  9260 4575 5506  1 24 47 28  0  0
 0  1 1048572  68716   2168  41936 14988 5940 14988  5940 3778 4266  1 21 49 29  0  0
 1  0 1048572  77460   2148  39860 23040 22440 23040 22440 6211 6586  1 30 42 27  0  0
 1  0 1048572  76672   2156  39628 21208 12640 21208 12652 5095 5861  1 24 46 29  0  0
 0  1 1048572  69996   2156  39220 27012 14048 27012 14048 5866 7527  1 26 46 28  0  0
 0  1 1048572  63720   2156  38752 30700 9756 30700  9756 6320 8600  1 25 47 28  0  0
 1  0 1048572  71784   2156  38368 21008 10000 21008 10000 5103 5825  1 23 47 30  0  0
 1  0 1048572  68264   2156  37936 24988 11440 24988 11440 7598 6964  1 25 42 32  0  0
 0  1 1048572  79176   2156  37100 30380 16200 30380 16200 7043 8461  1 29 42 28  0  0
 0  1 1048572  66576   2168  54288 29344 14832 47228 14844 6774 7948  1 29 45 25  0  0
 3  0 1048568  64068   2168  55972 29700 19428 31740 19436 7245 8654  0 30 43 26  0  0
 1  0 1048572  75916   2160  38532 30604 13704 30604 13708 6702 8483  1 29 44 26  0  0
procs -----------memory---------- ---swap-- -----io---- -system-- -------cpu-------
 r  b   swpd   free   buff  cache   si   so    bi    bo   in   cs us sy id wa st gu
 0  1 1048572  67600   2160  38460 31008 13188 31036 13188 6561 8523  1 27 46 27  0  0
 2  0 1048624  75204   2156  38416 29796 16268 29796 16268 9157 8348  1 30 39 30  0  0
 1  0 1048572  70032   2156  38144 30464 17676 30464 17676 10308 8640  2 29 36 33  0  0
 1  0 1048572  78416   2168  44940 24356 14840 31364 14860 8064 6860  1 28 39 32  0  0
 1  0 1048572  70940   2168  44768 30864 11080 30864 11080 8842 8662  1 24 43 31  0  0
 1  0 1048572  67120   2168  44644 30224 10648 30224 10648 6604 8637  1 26 46 27  0  0
 1  0 1048572  64096   2168  44488 29724 10188 29724 10188 6610 8617  1 27 46 27  0  0
 1  0 1048572  79204   2168  44464 29280 29008 29280 29008 7810 8399  1 35 41 24  0  0
 1  1 1048572  62116   2168  44464 31680 14892 31680 14892 8790 8732  1 29 42 28  0  0
 1  0 1048572 103044   2172  40528 28912 38344 28912 38356 8804 8576  1 38 37 25  0  0
 1  0 1048572  69276   2172  40528 34708    0 34708     0 5974 9322  1 24 50 25  0  0
 2  0 1048572  73252   2168  40308 32568 19792 32568 19804 7648 8897  1 33 43 24  0  0
 1  0 1048572  74008   2168  40144 33764 13820 33768 13820 7189 9373  1 29 46 24  0  0
 3  0 1048604  67688   2312  39920 34520 11472 34664 11472 8835 9543  1 30 42 28  0  0
 3  1 1048612  72036   4864  46084 29628 25548 38932 25548 9065 8786  1 43 33 23  0  0
 2  0 1048620  61724   6736  63248 29936 24976 44320 25004 7557 8693  1 38 39 22  0  0
 0  1 1048572  63240   4680  61240 35672 18980 35672 19164 7901 9876  1 34 43 22  0  0
 1  0 1048572  78612   3656  60364 28672 22820 28676 22820 7505 8158  1 34 41 24  0  0
 0  1 1048572  77604   3292  60100 22540 12600 22540 12600 5664 6345  1 28 46 26  0  0
 1  0 1048572  73572   2972  59868 32216 10260 32216 10260 6830 9017  1 28 45 26  0  0
 1  0 1048572  68784   2664  60240 28540 11892 29132 11920 6239 7940  1 26 48 26  0  0
procs -----------memory---------- ---swap-- -----io---- -system-- -------cpu-------
 r  b   swpd   free   buff  cache   si   so    bi    bo   in   cs us sy id wa st gu
 3  0 1048592  68752   2276  59904 32056 11872 32080 11872 7126 8943  1 30 46 23  0  0
 1  0 1048572  84572   2256  59552 33532 21532 33532 21532 8299 9395  1 35 42 22  0  0
 1  0 1048572  71564   2256  59388 37560 12796 37560 12796 7805 10485  1 31 46 22  0  0
 1  0 1048572  70040   2252  56632 35412 28880 35412 28900 8994 9740  1 38 41 20  0  0
 1  0 1048572  84528   2248  54940 34548 27160 34552 27160 8600 9801  1 35 42 22  0  0
 1  0 1048572  64620   2256  54228 39512 13680 39512 13692 7753 10540  1 32 46 21  0  0
 1  0 1048572  73636   2256  52456 37628 22136 37628 22136 9944 10258  1 38 39 22  0  0
 1  0 1048568  63296   2264  55032 35928 12324 39292 12324 9662 9825  1 31 42 26  0  0
 1  0 1048572  76804   2264  54160 32120 21844 32644 21844 8459 9076  1 35 38 27  0  0
 1  0 1048572  82860   2264  52452 37652 23052 37652 23052 10022 10332  1 36 39 24  0  0
 2  0 1048572  64088   2260  81752 28172 31776 47283 31776 10499 8808  0 69 16 15  0  0
 1  0 1048572  75180   2148  76836 42256 27932 46550 27944 9140 11105  1 52 25 23  0  0
 1  0 1048572  62816   2148  75932 38288 10896 38288 10896 11136 10392  1 33 38 29  0  0
 0  1 1048572  70648   2148  74000 36700 23192 36700 23192 8463 10126  1 33 43 23  0  0
 1  0 1048572  65264   2148  73040 36980 11420 36980 11420 10653 10193  1 32 39 28  0  0
 1  0 1048572  70704   2148  72056 37380 17908 37700 17908 12573 10443  1 36 33 31  0  0
 1  0 1048572  65020   2148  71264 32852 9212 32852  9212 11017 9222  1 28 39 33  0  0
 3  0 1049044  81624   2156  70560 28420 29668 28420 29680 8001 8246  1 36 38 25  0  0
 1  0 1048572  76304   2136  59800 38992 17332 38992 17340 10163 10506  1 35 39 26  0  0
 1  0 1048572  82160   2136  56824 35996 26940 36000 26944 9465 9982  1 35 39 25  0  0
 1  0 1048572  71556   2136  55220 39648 11700 39652 11700 10272 10573  1 32 41 26  0  0
procs -----------memory---------- ---swap-- -----io---- -system-- -------cpu-------
 r  b   swpd   free   buff  cache   si   so    bi    bo   in   cs us sy id wa st gu
 1  0 1048572  84240   2136  52648 37124 24992 37148 24992 11446 10029  1 39 34 26  0  0
 1  0 1048572  79568   2140  67024 38208 24004 56092 24004 8744 10167  1 37 42 20  0  0
 1  0 1048572  76512   2148  64920 30592 14168 30592 14188 7295 8258  1 32 43 24  0  0
 1  0 1048572  67276   2148  63680 39612 13228 39612 13228 7818 10634  1 32 47 21  0  0
 1  0 1048572  66276   2148  61608 38452 30584 38452 30584 8921 10134  1 37 41 22  0  0
 1  0 1048572  68760   2136  37536 41544 13100 41544 13112 8002 10660  1 33 45 21  0  0
 1  0 1048572  74968   2148  40580 39540 31744 43992 31748 11147 10154  1 39 36 24  0  0
 1  0 1048572  75944   2148  39812 41896 19548 41900 19548 13103 10946  1 37 34 28  0  0
 2  0 1048588  72764   2156  39764 43192 20744 43192 20756 9094 11194  1 37 43 21  0  0
 1  0 1048572  65252   2156  39764 39644 12512 39644 12512 9303 10478  1 33 42 24  0  0
 1  0 1048572  78424   2156  39764 38920 23360 38920 23360 9475 10088  1 40 40 19  0  0
 1  0 1048572  62548   2156  39744 38136 15664 38136 15664 7758 9818  1 33 45 21  0  0
 2  0 1048844  79852   2152  36920 39312 38816 39312 38820 9629 10082  1 43 38 18  0  0
 5  0 1048656  66340   2152  36732 43940 15788 43944 15792 9903 11034  1 34 42 23  0  0
 1  0 1048572  68356   2160  36628 43504 20648 43508 20660 8846 10870  1 37 44 19  0  0
 1  0 1048572  71824   2160  36540 43020 23980 43020 23980 13061 10767  1 43 34 23  0  0
 1  0 1048572  74260   2156  40712 42244 21684 46468 21684 13376 11166  1 42 30 27  0  0
 1  0 1048572  79060   2156  41216 40396 29128 40920 29128 9448 10644  1 40 40 20  0  0
 1  0 1048572  71996   2152  40844 39940 21548 39940 21552 8315 10496  1 35 42 22  0  0
 1  0 1048572  74732   2160  40432 36744 23280 36748 23292 12478 9385  1 39 33 28  0  0
 0  1 1048572  82464   2160  40748 44060 25060 44736 25060 11801 11237  1 40 40 19  0  0
procs -----------memory---------- ---swap-- -----io---- -system-- -------cpu-------
 r  b   swpd   free   buff  cache   si   so    bi    bo   in   cs us sy id wa st gu
 2  0 1048580  68100   2160  40500 46064 13940 46088 13940 8653 11241  1 36 46 17  0  0
 1  0 1048572  81972   2160  40000 43452 29616 43452 29616 10418 11046  1 43 40 16  0  0
 2  0 1049244  90540   2160  39808 46240 23336 46240 23336 9787 11813  1 39 44 17  0  0
 2  0 1048636  66608   2168  37232 47812 22444 47812 22456 9606 11854  1 41 43 16  0  0
 1  0 1048572  78512   2164  36592 45696 30564 45696 30568 9775 11334  1 42 41 15  0  0
 2  0 1048772  89164   2164  38860 48704 30716 51536 30716 11113 11982  1 41 41 17  0  0
 1  0 1048572  67812   2164  38676 51076 12884 51076 12884 9168 12664  1 37 46 16  0  0
 1  0 1048572  83976   2180  59024 44716 32516 60804 32516 10870 11436  1 46 38 16  0  0
 1  0 1048572  78752   2180  58776 46272 34008 46272 34008 10783 11990  1 45 40 14  0  0
 1  0 1048572  74576   2184  55092 48192 24868 48192 24880 9836 12198  1 41 43 15  0  0
 1  0 1048572  79720   2188  52800 48624 24128 48628 24128 12408 12641  2 41 37 20  0  0
 0  1 1048572  72892   2984  51224 52788 22472 54256 22472 13715 13700  1 42 37 20  0  0
 1  0 1048572  74708   2984  49280 53028 21788 53256 21788 16727 13843  1 43 30 26  0  0
 1  0 1048572  71672   2984  47456 53196 22436 53468 22436 16667 14042  1 43 30 26  0  0
 1  0 1048572  68056   2976  34288 51840 27276 51840 27276 14011 13381  1 44 33 22  0  0
 1  0 1048572  79356   3128  34076 48928 36624 49840 36648 13505 12486  1 46 32 21  0  0
 1  0 1048572  69788   2968  51800 49524 27484 67408 27484 13246 12661  1 43 34 21  0  0
 1  0 1048572  78152   2664  51736 46964 27044 46964 27044 11933 12177  2 43 37 19  0  0
 0  1 1048572  80128   2496  51716 52728 23552 52728 23552 14223 13878  1 44 35 21  0  0
 1  0 1048572  72260   2428  51712 49292 32220 49292 32220 15561 13336  2 47 28 23  0  0
 0  0 1048572  67404   2248  36156 52036 22408 52036 22440 9974 13277  1 40 44 15  0  0
procs -----------memory---------- ---swap-- -----io---- -system-- -------cpu-------
 r  b   swpd   free   buff  cache   si   so    bi    bo   in   cs us sy id wa st gu
 1  0 1048572  87060   2240  35804 46868 36908 46892 36908 10791 11761  1 46 40 14  0  0
 1  0 1048572  82776   2240  35624 53160 22136 53160 22136 10368 13113  1 41 44 14  0  0
 1  0 1048572  64224   2240  35492 52084 11480 52084 11480 9222 13205  1 38 48 14  0  0
 3  0 1048572  66684   2240  35232 52176 23204 52176 23204 14282 13654  1 43 36 19  0  0
 2  0 1048796  77344   2252  36076 47364 41672 51400 41696 14211 12327  1 50 30 19  0  0
 1  0 1048572  78736   2196  35984 50316 29120 50320 29136 10417 12761  2 41 43 15  0  0
 1  0 1048572  83384   2196  52512 49464 37096 65972 37096 12016 12242  1 48 38 13  0  0
 1  0 1048572 103040   2196  52512 50288 33524 50288 33524 11559 13074  1 45 40 14  0  0
 1  0 1048572  65752   2196  64564 54112 11412 62134 11412 12493 14374  1 48 35 15  0  0
 1  0 1048572  76812   2120  63376 46456 41296 46456 41296 11292 12238  1 47 38 14  0  0
 1  0 1048572  90824   2128  60008 47640 33260 47716 33272 13938 12499  1 45 35 20  0  0
 2  0 1048704  73920   2128  58096 53188 17584 54004 17584 15289 14167  1 39 37 23  0  0
 1  0 1048572  67460   2128  56528 53648 21960 53648 21960 13093 13806  1 43 37 19  0  0
 0  1 1048572  89284   2128  55232 48740 28756 48740 28756 14502 12855  1 48 32 20  0  0
 2  0 1048644  66488   2128  54804 52752 14828 53360 14828 13701 14003  1 40 39 20  0  0
 1  0 1048572  75084   2124  50152 48632 39600 48632 39600 15804 12900  1 49 28 22  0  0
 1  0 1048572  66508   2132  48392 47336 27380 47336 27392 9899 12051  1 41 44 14  0  0
 1  0 1048572  78164   2128  46560 51108 27116 51108 27116 10729 12770  1 42 43 14  0  0
 1  0 1048572  66092   2128  45184 51792 24656 51792 24656 10754 12919  1 43 42 14  0  0
 1  0 1048572  78432   2128  43636 50136 27068 50136 27068 10836 12693  1 44 39 16  0  0
 1  0 1048572  64356   2128  42760 50908 29632 50908 29632 10379 12874  2 43 41 14  0  0
procs -----------memory---------- ---swap-- -----io---- -system-- -------cpu-------
 r  b   swpd   free   buff  cache   si   so    bi    bo   in   cs us sy id wa st gu
 2  0 1048572  86936   2124  35924 46896 38236 46924 38252 10992 12013  1 48 38 14  0  0
 0  1 1048572  67516   2124  35672 51784 12396 51784 12396 15919 13272  1 39 33 27  0  0
 1  0 1048572  67740   2124  35132 48244 22480 48244 22480 10317 12061  1 40 44 15  0  0
 1  0 1048572  83868   2124  34624 39056 21344 39056 21344 8589 10074  1 37 43 19  0  0
 1  0 1048572  66480   2124  34408 41812 10920 41812 10920 7871 10863  1 30 47 22  0  0
 1  0 1048572  65764   2128  51460 39348 33944 57232 33944 12345 10300  1 43 32 24  0  0
 1  0 1048572  63724   2140  35908 44260 17724 44264 17744 12312 11331  1 36 39 25  0  0
 1  0 1048572  75368   2140  35668 40756 34724 40760 34724 10991 10538  1 43 36 20  0  0
 1  0 1048572  65412   2152  35524 42864 15316 42876 15316 11055 11079  1 38 40 22  0  0
 2  0 1048592  62388   2152  35316 43328 23796 43328 23796 8818 11028  1 38 42 19  0  0
 1  0 1048572  75960   2152  35208 43224 18772 43224 18776 8838 11227  1 37 43 19  0  0
 1  0 1048572  81356   2160  35200 42064 25584 42068 25612 9206 10897  1 39 41 19  0  0
 0  1 1048572  63892   2160  31764 44284 23572 44288 23588 14329 11529  1 38 33 28  0  0
 1  0 1048572  65652   2212  36608 41992 24912 47020 24916 11419 10893  1 41 34 24  0  0
 1  0 1048572  78512   2212  36608 43272 27152 43276 27156 10172 11118  1 38 39 22  0  0
 1  0 1048572  78432   2212  36608 41652 17628 41656 17628 12423 10998  1 39 36 24  0  0
 1  0 1048572  66028   2212  36608 44448 13724 44448 13724 11267 11346  1 38 39 22  0  0
 1  0 1048572  66604   2220  36608 43424 21496 43424 21508 12395 11439  1 41 35 23  0  0
 2  0 1048608  70364   2216  36448 41208 29920 41208 29920 9274 10716  1 41 40 19  0  0
 3  0 1048624  72156   2216  36444 40968 27568 40968 27572 9315 10604  1 40 41 18  0  0
 1  0 1048572  67356   2216  36444 44136 18092 44140 18096 11015 11374  1 36 41 22  0  0
procs -----------memory---------- ---swap-- -----io---- -system-- -------cpu-------
 r  b   swpd   free   buff  cache   si   so    bi    bo   in   cs us sy id wa st gu
 1  0 1048572  64204   2216  36444 43384 22392 43416 22396 9456 11007  1 39 41 19  0  0
 1  0 1048572  63448   2216  36468 43480 18208 43480 18212 8868 11470  1 37 44 19  0  0
 1  0 1048572  71788   2224  36468 41596 21144 41600 21160 9258 11016  1 39 42 18  0  0
 1  0 1048572  69568   2224  36468 41568 26868 41572 26872 9328 10885  1 40 41 18  0  0
 1  0 1048572  97604   2196  34740 37964 40328 37968 40328 10418 10352  1 46 36 17  0  0
 1  0 1048572  75996   2352  34656 45008 7648 45164  7648 7860 11432  1 31 48 19  0  0
 1  0 1048572  79332   2496  34256 40924 27308 41068 27308 9455 10665  1 39 41 18  0  0
 1  0 1048572  63456   2508  34148 45296 10764 45300 10776 8347 11481  1 34 48 18  0  0
 3  0 1048576  75740   3052  34448 41808 24012 42972 24012 9741 11016  1 40 41 18  0  0
 1  0 1048572  72812   3052  34232 43604 15240 43604 15240 8727 11512  1 36 46 18  0  0
 1  0 1048572 127920   2820  32452 35752 55520 35752 55524 12217 9681  1 52 29 18  0  0
 1  0 1048572  75504   2820  32456 50392    0 50396     0 15280 13517  1 31 38 30  0  0
 4  0 1048572  65956   3000  46036 43676 23448 53405 23452 11330 11303  1 48 32 18  0  0
 1  0 1048572  75692   2708  80356 41052 33440 65010 33460 11257 11687  1 71 11 17  0  0
 1  0 1048572  77100   2744  97108 41532 37916 53616 37920 12467 11571  1 48 32 18  0  0
 1  0 1048572  99004   2188  84056 44112 29964 44116 29968 10399 12013  1 43 41 16  0  0
 1  0 1048572  75524   2188  82504 46876 15652 46880 15652 9143 12612  1 37 47 15  0  0
 1  0 1048572  88188   2320  79508 45564 21060 45704 21060 9686 11845  1 42 43 15  0  0
 1  0 1048572  81156   2324  76912 46968 22652 46972 22652 10119 12484  1 41 43 15  0  0
 4  0 1048576  72796   2332  75528 45412 14496 45412 14508 9058 12198  1 40 44 14  0  0
 1  0 1048572  72240   2332  91664 45216 26696 63096 26696 12776 12368  1 45 35 19  0  0
procs -----------memory---------- ---swap-- -----io---- -system-- -------cpu-------
 r  b   swpd   free   buff  cache   si   so    bi    bo   in   cs us sy id wa st gu
 1  0 1048572  63480   2332  89648 47500 34316 47524 34316 13594 13028  1 45 31 23  0  0
 1  0 1048572  67940   2408  62888 52324 15672 54952 15672 14155 13875  1 40 37 23  0  0
 1  0 1048572  72476   2408  58836 47184 33340 47184 33344 15252 12681  1 46 29 23  0  0
 1  0 1048572  84680   2408  54736 50768 26748 50772 26752 16027 13297  1 47 27 26  0  0
 1  1 1048572  79996   2372  50964 51768 29256 51772 29268 16589 13870  1 46 27 26  0  0
 1  0 1048572  63592   2192  49920 53968 18832 53968 18832 14126 14212  1 42 35 23  0  0
 2  0 1048576 103636   2168  33380 44328 49536 44328 49544 11555 11338  1 51 31 16  0  0
 0  1 1048572  78348   2168  33448 55628 22104 55632 22104 17029 14470  1 42 30 27  0  0
 1  0 1048572  84004   2168  33220 50100 21340 50100 21340 15398 12884  1 44 30 25  0  0
 2  0 1048580  72148   2192  33096 43928 14296 43944 14320 8441 11286  1 37 44 18  0  0
 1  0 1048572  69128   2192  32996 45964 19272 45964 19272 8930 11661  2 39 42 17  0  0
 1  0 1048572  76060   2196  34124 43876 32640 45284 32640 12598 11438  1 45 34 21  0  0
 1  0 1048572 104616   2136  33024 45232 45672 45868 45688 12936 12144  1 51 29 20  0  0
 0  1 1048572  81196   2272  32928 52216 11172 52356 11176 15218 13484  1 39 34 26  0  0
 3  0 1048620  80404   2272  32780 52764 25272 52768 25276 11456 13725  1 43 39 17  0  0
 2  0 1048572  76872   2280  32564 49460 20580 49464 20592 13107 12374  1 42 35 22  0  0
 2  0 1048612  79440   2440  32464 48724 24864 48884 24864 15444 12794  1 45 28 26  0  0
 1  0 1048572  71016   2440  32320 50408 27900 50408 27900 15773 13126  1 46 28 25  0  0
 1  0 1048572  98944   2236  33348 37380 45188 39004 45192 13958 10067  1 53 22 24  0  0
 1  0 1048572  73896   2236  33352 55164 17556 55168 17560 14894 14185  1 40 35 24  0  0
 1  0 1048572  74512   2348  33352 49104 19888 49212 19900 9753 12609  1 41 43 15  0  0
procs -----------memory---------- ---swap-- -----io---- -system-- -------cpu-------
 r  b   swpd   free   buff  cache   si   so    bi    bo   in   cs us sy id wa st gu
 1  0 1048572  77484   2692  33940 47852 22660 48736 22660 10177 12552  1 43 41 15  0  0
 1  0 1048572  76080   2692  33892 49020 21636 49020 21636 14610 13119  1 42 33 24  0  0
 2  0 1048600  59664   2692  33892 44428 24608 44428 24608 11630 11811  1 43 35 22  0  0
 1  0 1048572  86448   2480  33388 44636 45148 44636 45148 10824 11517  1 49 33 17  0  0
 1  0 1048572  80776   2488  33340 52740 20708 52740 20728 10510 13549  1 41 43 14  0  0
 1  0 1048572  80608   2488  33308 55532 21636 55536 21640 13948 14132  1 43 38 19  0  0
 1  0 1048572  73072   2488  33284 45128 17404 45132 17408 11121 11690  1 40 39 20  0  0
 1  0 1048572  75452   2488  33252 50628 33580 50632 33580 10833 13087  1 45 41 13  0  0
 1  0 1048572  92884   2552  32372 46552 42376 46636 42380 11134 12268  1 48 37 15  0  0
 1  0 1048572  81040   2548  50604 50848 29448 69268 29452 10632 12996  1 44 40 14  0  0
 1  0 1048572  78900   2560  54104 51528 21968 55240 21980 10381 13053  1 43 43 12  0  0
 1  0 1048572  84680   2396  53912 46712 22456 46712 22456 9776 12229  1 41 43 15  0  0
 1  0 1048572  82764   2292  54328 39620 27984 40080 27984 9330 10803  1 44 37 18  0  0
 3  1 1048572  79216   2288  87996 39012 42672 76584 42676 10709 11339  1 78 14  8  0  0
 1  0 1048572  68144   2688 100572 49720 33588 55731 33592 14629 12996  1 70 12 17  0  0
 0  1 1048572  80328   2836  99296 37744 18704 37908 18716 12493 10307  2 39 29 31  0  0
 1  0 1048572  64112   2824  98528 36116 11500 36116 11500 11573 10106  1 32 37 31  0  0
 1  0 1048572  71868   2800  96992 44612 19616 44612 19616 13826 12546  1 35 35 29  0  0
 1  0 1048572  70616   2800  96596 35024 16108 35700 16108 11080 9805  1 39 34 26  0  0
 0  1 1048572  80772   2800  95060 36116 33872 36116 33872 9806 10115  1 42 35 23  0  0
 1  0 1048572  69052   2784  83116 41660 15668 41660 15680 12109 11404  1 37 35 27  0  0
procs -----------memory---------- ---swap-- -----io---- -system-- -------cpu-------
 r  b   swpd   free   buff  cache   si   so    bi    bo   in   cs us sy id wa st gu
 1  0 1048572  68736   2692  78456 41924 27880 41948 27880 9679 11556  1 39 43 18  0  0
 2  0 1048572  69060   2632  74952 40692 20576 40692 20576 9265 10865  1 38 41 21  0  0
 3  0 1048652  77376   2632  70632 41416 24476 41416 24476 9794 11227  1 37 42 19  0  0
 1  0 1048572  70248   2628  67052 45548 17764 45548 17764 9210 11903  1 36 46 17  0  0
 0  1 1048572  80696   2628  62648 44904 24668 44904 24668 9811 11885  1 39 43 17  0  0
 1  0 1048572  80848   3320  59020 38168 31972 39080 31984 9215 10219  2 41 41 18  0  0
 0  0 1048572  70932   2880  42692 43600 13580 43600 13584 8999 11122  1 36 44 19  0  0
 1  0 1048572  86316   2792  40700 37492 27048 37496 27048 10324 9655  1 39 39 21  0  0
 1  0 1048572  80296   2752  39744 27684 14356 27684 14356 6405 7169  1 35 42 22  0  0
 1  0 1048572  70908   2708  40136 29736 14464 31128 14464 6351 7609  1 37 45 18  0  0
 1  1 1048572  74940   2620  38868 31652 19632 31652 19632 7249 8239  1 36 37 26  0  0
 1  1 1048572  76708   2616  38832 25992 8480 25992  8492 7828 6626  1 30 36 34  0  0
 1  0 1048572  85364   2544  38400 38676 24404 38676 24404 8944 10089  1 34 42 23  0  0
 0  1 1048572  72856   2516  38216 41712 12328 41712 12328 7814 10843  1 32 45 23  0  0
 1  0 1048572  74732   2460  37896 33020 27540 33020 27540 9751 8695  2 38 36 25  0  0
 1  0 1048572  76336   2188  35536 36400 23756 36400 23756 8095 9405  1 36 42 21  0  0
 1  0 1048572  64272   2188  35068 35720 12952 35720 12960 6891 9182  1 31 46 22  0  0
 1  0 1048572  79048   2196  34356 33660 25276 33664 25316 11317 8822  1 40 33 27  0  0
 1  0 1048572  65536   2196  34164 36904 10908 36908 10908 8941 9291  1 32 42 25  0  0
 0  1 1048572  74684   2196  36712 39180 23072 42088 23072 11063 10067  1 39 37 24  0  0
 1  0 1048572  65148   2196  36676 36040 12416 36040 12416 8482 9283  1 33 42 24  0  0
procs -----------memory---------- ---swap-- -----io---- -system-- -------cpu-------
 r  b   swpd   free   buff  cache   si   so    bi    bo   in   cs us sy id wa st gu
 1  0 1048572  67916   2204  36516 39580 25948 39604 25960 12064 10212  1 40 34 25  0  0
 1  0 1048572  66584   2196  36316 44688 27632 44688 27632 11520 11336  1 40 38 21  0  0
 1  0 1048572  75192   2196  36272 44588 28420 44588 28420 10831 11362  1 41 38 21  0  0
 1  0 1048572  82908   2196  35820 41888 24284 41888 24284 9963 10565  1 39 41 20  0  0
 3  0 1048580  65560   2196  35512 43808 13640 43808 13636 7984 11286  1 36 44 20  0  0
 1  0 1048572  80692   2196  35108 41228 23588 41228 23592 12375 10697  1 40 36 24  0  0
 1  0 1048572  73788   2204  34876 43284 14640 43284 14652 13592 11471  1 38 33 27  0  0
 3  0 1048752  94956   2164  33644 44816 43876 44816 43880 15245 11820  1 49 28 22  0  0
 1  0 1048572  67488   2172  52532 43828 22076 62724 22076 9115 11144  2 40 41 17  0  0
 0  1 1048572  70016   2328  52308 46292 24312 46448 24312 12909 11999  2 43 35 21  0  0
 1  0 1048572  71172   2452  52076 46172 22448 46296 22448 9662 11620  1 41 43 15  0  0
 2  0 1048232  85604   5580  89076 33728 34924 69144 34924 10979 9019  1 61 16 21  0  0
 0  1 1048572  71860   4296  86100 38972 20352 45564 20376 9076 10832  1 40 40 19  0  0
 1  0 1048572 109880   2484  61768 40084 32716 40088 32940 9835 10960  1 44 37 19  0  0
 1  0 1048572  65612   2484  61756 48020    0 48024     0 7760 12757  1 29 51 19  0  0
 0  1 1048572  62664   2408  61744 44056 26024 44056 26024 9512 11098  1 40 42 17  0  0
 1  0 1048572  72756   2408  61696 43996 23816 43996 23816 9597 11316  1 38 43 17  0  0
 0  1 1048572  82680   2404  61708 43132 23080 43132 23124 9202 11131  1 39 42 18  0  0
 0  1 1048572  81332   2380  61696 46608 20236 46608 20236 10762 12345  1 40 41 19  0  0
 0  0 1048728  80576   2368  61696 44220 32492 44220 32492 10049 11910  1 41 41 17  0  0
 1  0 1048564  66196   2352  58184 45740 22052 45872 22088 9162 11957  1 39 44 16  0  0
procs -----------memory---------- ---swap-- -----io---- -system-- -------cpu-------
 r  b   swpd   free   buff  cache   si   so    bi    bo   in   cs us sy id wa st gu
 1  0 1048572  80460   2344  56244 44768 38868 44796 38868 11403 11773  1 44 38 18  0  0
 0  1 1048572  84148   2344  54496 48844 24732 48844 24732 10486 12404  1 42 42 15  0  0
 0  1 1048572  86112   2352  55692 46864 23184 50380 23196 9792 11925  1 43 42 14  0  0
 0  1 1048572  83376   2352  53928 48636 26848 48636 26848 10167 12601  1 42 41 16  0  0
 0  1 1048572  73104   2352  52472 48332 33428 48332 33428 11445 12386  1 44 39 16  0  0
 0  1 1048572  87964   2220  41732 44468 40344 44468 40344 11053 11314  1 49 35 15  0  0
 0  1 1048572  69316   2136  41668 53192 2940 53192  2940 8263 13243  1 34 50 15  0  0
 0  1 1048572  67896   2404  43900 50756 23040 54056 23040 10251 12594  1 43 42 14  0  0
 0  1 1048572  66100   2408  43052 50248 22164 50248 22184 10303 13010  2 41 42 15  0  0
 0  0 1048572  82744   2324  42512 46876 27868 47016 27868 10706 12221  1 45 40 14  0  0
 3  0 1048592  63272   2320  41056 50532 23684 50532 23688 10147 12635  1 43 42 14  0  0
 1  0 1048572  75868   2304  52192 45844 38860 53870 38864 12739 11823  1 57 28 14  0  0
 1  0 1048572  72828   2280  51508 51944 26260 51948 26264 12195 13396  1 41 40 18  0  0
 1  0 1048572  73308   2280  50988 50888 24016 50892 24044 10656 12746  1 44 42 13  0  0
 1  0 1048572  68372   2280  50556 50860 23852 50864 23868 10217 12864  1 45 41 13  0  0
 3  0 1048576  76724   2280  50092 48792 30396 48796 30400 10689 12602  1 45 40 14  0  0
 2  1 1048616  75172   2252  45852 52796 33120 52800 33124 15355 13629  1 47 28 25  0  0
 3  0 1048572  81924   2252  43116 46084 34536 46088 34536 12779 11895  2 47 31 20  0  0
 1  0 1048572  77608   2252  40388 54080 18820 54080 18820 10504 13764  1 41 44 14  0  0
 0  1 1048572  65432   2260  39496 54732 14852 54732 14864 11335 14015  1 39 42 18  0  0
 1  0 1048572  75424   2260  37648 50940 24488 50940 24488 13439 13360  2 45 36 18  0  0
procs -----------memory---------- ---swap-- -----io---- -system-- -------cpu-------
 r  b   swpd   free   buff  cache   si   so    bi    bo   in   cs us sy id wa st gu
 1  0 1048572  81296   2188  35316 45828 38812 63732 38812 11023 11990  1 49 36 14  0  0
 3  0 1048612  73544   2508  35164 52084 27452 52464 27456 15526 13275  1 46 29 23  0  0
 1  0 1048572  79576   2508  34968 54088 31776 54092 31780 15836 14126  1 49 26 25  0  0
 1  0 1048572  64184   2508  40024 52268 19664 57396 19664 16009 13563  2 43 29 26  0  0
 1  0 1048572  69548   2516  39960 54164 26764 54164 26776 13398 13960  1 46 32 21  0  0
 3  0 1048596  59048   2516  39924 52892 29240 52892 29240 16631 14224  1 46 27 26  0  0
 1  0 1048572  70676   2516  38276 53240 37412 54596 37416 14484 14009  1 49 29 22  0  0
 1  0 1048572  75812   2460  38292 55948 33604 55952 33604 16189 14385  2 47 27 24  0  0
 1  0 1048572  73396   2412  45300 52936 25272 59940 25272 14907 13752  1 46 31 22  0  0
 0  1 1048572  78548   2384  45300 52932 24036 52932 24036 16799 14126  1 47 27 25  0  0
 1  2 1048600  75200   2356  45300 51052 34672 51052 34684 16219 13760  1 50 26 23  0  0
 0  1 1048572  70880   2204  44104 50448 29492 50448 29492 15422 13299  1 47 29 23  0  0
 0  1 1048572  91780   2200  42232 52588 37384 52588 37384 15699 13984  1 50 25 24  0  0
 3  0 1048572  65828   2200  41340 56200 13720 56200 13720 13039 14404  1 41 39 20  0  0
 2  0 1048584  79340   2200  40148 52808 29192 52808 29192 17388 14362  1 48 25 25  0  0
 3  0 1048604  76024   2200  38836 52116 26624 52116 26624 14507 14171  1 46 32 21  0  0
 0  1 1048572  92352   2236  36024 45708 46120 48588 46132 11721 12596  1 53 32 15  0  0
 0  1 1048572  70736   2232  35740 54480 12296 54480 12296 9367 14132  1 39 46 14  0  0
 1  0 1048572  65444   2232  35888 51244 23492 51956 23492 10421 13315  1 42 44 13  0  0
 1  0 1048572  63008   2176  35592 51320 23108 51320 23108 10410 13395  1 43 43 13  0  0
 1  0 1048572  78976   2176  35592 50412 29656 50412 29656 14336 13519  2 46 34 18  0  0
procs -----------memory---------- ---swap-- -----io---- -system-- -------cpu-------
 r  b   swpd   free   buff  cache   si   so    bi    bo   in   cs us sy id wa st gu
 2  0 1048572  78232   2172  35564 48356 35052 48380 35052 10766 12587  1 45 39 14  0  0
 2  0 1048584  64408   2180  35504 50992 26680 50992 26692 10333 13288  1 43 43 14  0  0
 0  1 1048572  83284   2180  42144 49896 34152 56896 34152 11843 13176  1 49 36 15  0  0
 0  1 1048572  83284   2180  41892 50528 21784 50528 21784 10513 13285  2 43 42 14  0  0
 1  0 1048572  70684   2180  41688 52004 21736 52004 21736 10502 13844  1 42 44 13  0  0
 2  0 1048628  74168   2156  37568 48888 33464 49596 33468 10831 12963  1 48 39 12  0  0
 0  1 1048572  85056   2156  37572 49568 37540 49572 37540 11149 13048  2 47 39 13  0  0
 1  0 1048572  70488   2152  37224 55096 15248 55096 15260 12664 14332  1 41 40 19  0  0
 1  0 1048572  77948   2156  54364 48260 33928 66144 33928 15293 12903  1 51 26 22  0  0
 1  0 1048572  74476   2156  53872 52980 22824 52980 22824 17002 14497  1 45 28 26  0  0
 3  0 1048580  58292   2164  53516 47592 23084 47600 23084 15745 13386  1 43 30 26  0  0
 1  0 1048572  68268   2148  35708 52508 26664 52508 26672 16867 14438  1 47 27 25  0  0
 3  0 1048688  79184   2144  35500 51512 36312 51516 36316 16030 13909  1 48 28 23  0  0
 0  1 1048572  86244   2152  35368 50208 27632 50212 27676 13290 13426  1 45 34 20  0  0
 1  0 1048572  63204   2152  35248 45756 10672 45760 10672 11827 12201  1 38 39 22  0  0
 1  1 1048572  75256   2152  35112 50684 28012 50684 28012 14529 13797  1 46 31 22  0  0
 2  0 1048608  70360   2152  31836 52336 31420 52336 31424 16948 14334  1 48 26 25  0  0
 2  0 1048572  69484   2148  31772 51664 37720 51668 37720 16420 13993  1 46 28 24  0  0
 1  1 1048572  75340   2148  31648 43304 17804 43304 17804 13664 11542  1 41 32 26  0  0
 1  0 1048572  80056   2148  31564 51656 28988 51656 29000 13900 13576  2 44 38 17  0  0
 1  0 1048572  67364   2152  31536 52668 21980 52672 21980 13814 13968  1 44 36 19  0  0
procs -----------memory---------- ---swap-- -----io---- -system-- -------cpu-------
 r  b   swpd   free   buff  cache   si   so    bi    bo   in   cs us sy id wa st gu
 1  0 1048572  74816   2152  33204 45532 31676 47204 31680 12105 12282  1 45 36 19  0  0
 1  0 1048572  63344   2152  31636 51760 24904 51760 24908 12659 13622  2 41 40 17  0  0
 1  0 1048572  75804   2152  31636 49676 29780 49680 29784 12633 12906  1 44 38 16  0  0
 1  0 1048572  70304   2152  31636 53104 21712 53108 21716 16185 14236  1 43 34 23  0  0
 1  1 1048572  63388   2268  36388 41032 19156 46044 19172 13110 11242  1 42 32 26  0  0
 1  0 1048572  69340   2220  36392 48180 26520 48184 26520 10539 12888  1 42 43 14  0  0
 4  0 1048584  65852   2216  36192 53808 31392 53808 31396 17999 14530  1 47 28 25  0  0
 1  0 1048572  71004   2216  35520 46080 36344 46084 36344 11490 12384  2 45 38 15  0  0
 2  0 1048572  70564   2216  47100 47932 26292 55882 26292 10065 12656  1 49 37 12  0  0
 2  0 1048580  69564   2224  74932 49908 32756 67593 32768 14943 13303  3 80  4 12  0  0
 1  0 1048572  87868   2224  74516 45532 40856 45532 40856 11871 12900  1 49 38 12  0  0
 1  0 1048572  78444   2120  71108 49768 22268 49768 22268 11567 13481  1 42 41 16  0  0
 2  0 1048596  79620   2120  69312 50604 27184 50604 27184 10565 13599  1 43 43 13  0  0
 1  0 1048572  82004   2112  67668 49432 24304 49432 24304 11292 13454  1 43 41 14  0  0
 1  0 1048572  80924   2120  66108 53880 22572 53888 22572 13970 14569  1 41 39 19  0  0
 1  0 1048572  72632   2128  64468 49008 23564 49008 23576 10519 13407  1 44 42 13  0  0
 4  0 1048572  77564   2952  93060 43976 46472 72264 46472 11638 11256  2 56 31 11  0  0
 1  0 1048572  71072   7748 130960 37328 49288 87944 49288 13764 11065  5 66  9 21  0  0
 0  1 1048572  64960   3628 120116 54108 12700 71988 12700 14860 15188  1 37 39 23  0  0
 1  0 1048572  79012   3848 103928 52028 29628 52472 29628 17217 14600  1 45 28 25  0  0
 1  0 1048572  78684   3864 101928 53984 26380 54220 26620 17115 15315  1 45 30 25  0  0
procs -----------memory---------- ---swap-- -----io---- -system-- -------cpu-------
 r  b   swpd   free   buff  cache   si   so    bi    bo   in   cs us sy id wa st gu
 0  1 1048572  72940   3864  99124 51800 33112 51824 33112 15230 14364  1 46 32 21  0  0
 0  1 1048572  71008   3836  72040 46812 14140 46812 14140 14804 12912  1 41 33 26  0  0
 1  0 1048572  70512   3784  66464 49500 28412 49500 28412 16123 13630  1 45 27 28  0  0
 1  0 1048572  85888   3700  62936 51760 34720 52780 34720 16813 13828  1 49 25 24  0  0
 3  0 1048588  82828   3528  60420 54444 24988 54444 24988 17298 14740  1 47 27 26  0  0
 1  0 1048572  65328   3516  58420 52752 17244 52752 17256 13104 13658  1 41 38 20  0  0
 3  0 1048580  75080   3484  55876 50440 32284 50624 32284 13995 13879  2 47 31 21  0  0
 0  1 1048572  91408   2208  40868 51976 37316 51976 37316 15718 13569  0 53 23 23  0  0
 1  0 1048572  81632   2208  39520 49376 30312 49376 30312 10140 12536  1 43 40 16  0  0
 1  0 1048572  75964   2208  38460 53488 26652 53488 26652 13186 13469  2 42 39 17  0  0
 0  1 1048572  76984   2188  37532 49208 27504 49208 27504 10951 12170  1 46 40 13  0  0
 1  0 1048572  77480   2192  37028 53824 23256 53824 23268 10565 13640  1 43 42 15  0  0
 0  1 1048572  61292   2192  36800 50952 31320 50952 31320 10695 12827  1 45 40 14  0  0
 1  0 1048572  69768   2276  38360 51488 34044 55668 34044 11364 13086  1 47 37 15  0  0
 1  0 1048572  78352   2276  37832 53164 28840 53164 28840 15127 13376  1 46 31 22  0  0
 1  0 1048572  72232   2276  37400 56320 23372 56320 23372 15074 14387  1 45 33 21  0  0
 2  1 1048572  81992   2276  75400 45148 41208 67556 41216 15117 12439  1 84  3 12  0  0
 3  0 1048896  81000   2268  74844 48924 36304 53105 36368 11707 12995  1 49 37 14  0  0
 1  0 1048572  74436   2232  71252 51372 24912 51376 24912 12838 13559  2 42 38 19  0  0
 1  0 1048572  75684   2120  69036 49196 26564 49196 26564 11033 12939  1 46 37 16  0  0
 1  0 1048572  76536   2120  67468 53588 25064 53588 25064 16307 14223  2 45 30 23  0  0
procs -----------memory---------- ---swap-- -----io---- -system-- -------cpu-------
 r  b   swpd   free   buff  cache   si   so    bi    bo   in   cs us sy id wa st gu
 1  0 1048572  70668   2276  66092 51308 20592 51480 20620 10520 13490  1 42 44 13  0  0
 1  0 1048572  68280   2276  65052 51072 24404 51072 24404 10823 13261  1 44 42 14  0  0
 2  0 1048900 103812   2268  59464 48016 56048 48548 56048 16179 13138  2 55 23 21  0  0
 1  0 1048572  77352   2424  59464 53024 14644 53180 14644 9741 13465  1 39 46 13  0  0
 1  0 1048572  71840   2300  56772 50220 25048 50220 25068 11757 12596  1 44 38 17  0  0
 1  0 1048572  69932   2264  53876 53372 22520 53376 22524 16244 13951  1 45 28 26  0  0
 1  0 1048572  83724   2240  49668 50440 33024 50444 33036 11231 13072  1 44 41 14  0  0
 1  1 1048572  68816   2220  47804 54828 22972 54828 22972 14657 14265  1 42 36 21  0  0
 0  1 1048572  92224   2120  51668 48564 49732 66448 49736 13302 12441  1 55 27 17  0  0
 1  0 1048572  86592   2100  51796 52524 23760 52904 23764 10501 13008  1 42 44 13  0  0
 0  1 1048572  93640   2100  51576 50940 24924 50944 24924 10536 12716  1 43 42 14  0  0
 1  0 1048572  84352   2108  51352 53060 20616 53060 20628 10372 13456  1 40 45 14  0  0
 2  0 1048600  68192   2120  51288 45792 13336 45804 13336 8880 11975  2 37 46 15  0  0
 1  0 1048572  71348   2108  35440 53468 30600 53468 30604 16947 14199  1 48 26 26  0  0
 1  0 1048572  81544   2108  35252 52924 41500 52928 41500 14829 13596  1 49 30 20  0  0
 1  0 1048572  67684   2108  35100 52160 23592 52160 23592 10609 13299  1 44 42 13  0  0
 0  1 1048572  85012   2108  34988 53700 26700 53700 26700 13254 13870  1 46 35 18  0  0
 1  0 1048572  79168   2104  34868 52788 23772 52788 23784 10589 13741  1 43 42 14  0  0
 1  0 1048572  68840   2104  34760 51552 29504 51552 29504 10680 13188  1 45 39 15  0  0
 1  0 1048572  62768   2100  31556 51956 28812 51956 28812 10346 12951  1 45 40 14  0  0
 1  0 1048572  79324   2100  31476 51288 33536 51288 33536 13522 12837  1 47 35 17  0  0
procs -----------memory---------- ---swap-- -----io---- -system-- -------cpu-------
 r  b   swpd   free   buff  cache   si   so    bi    bo   in   cs us sy id wa st gu
 1  0 1048572  67704   2100  33152 56736 22568 58476 22572 14272 14384  1 45 33 21  0  0
 0  1 1048572  66036   2164  36360 49000 24388 52292 24392 10589 12782  1 46 40 13  0  0
 1  0 1048572  73168   2172  36360 49824 31316 49828 31336 10612 12863  1 47 39 14  0  0
 1  0 1048572  65280   2172  34816 49432 33256 49436 33260 10893 12767  1 47 38 14  0  0
 1  0 1048572  64372   2172  34476 52216 24468 52220 24468 15677 13716  1 44 29 26  0  0
 2  0 1048628  85612   2172  34116 52220 30268 52220 30268 11573 13491  1 44 40 14  0  0
 0  1 1048572  64492   2172  33872 55956 15132 55956 15132 14460 14743  1 42 37 20  0  0
 2  0 1048584  77920   2172  33484 47304 36424 47304 36424 10925 12493  1 48 38 14  0  0
 1  0 1048572  66584   2124  31820 53092 22028 53100 22048 10901 13911  2 43 42 14  0  0
 1  0 1048572  72948   2128  39920 49056 38172 57200 38176 11179 12602  1 49 38 13  0  0
 1  0 1048572  63876   2128  39828 51668 23328 51672 23328 10563 13473  1 45 42 13  0  0
 1  0 1048572  70880   2140  39724 50820 25648 50832 25648 13227 13563  1 45 37 18  0  0
 1  0 1048572  71504   2140  39660 55516 21708 55516 21708 14605 14543  1 43 36 20  0  0
 2  0 1048916 100920   2140  37384 45028 50072 45028 50076 11594 11784  1 55 31 13  0  0
 1  0 1048572  80004   2148  37388 51472 19676 51476 19700 9861 13575  1 41 44 13  0  0
 1  0 1048572  65812   2148  36800 53712 18812 53712 18828 10234 13888  1 41 45 13  0  0
 1  0 1048572  75224   2552  36764 49308 26832 50464 26832 10480 12978  1 43 40 16  0  0
 1  0 1048572  85700   2552  54004 47860 31644 65944 31644 12941 12683  1 48 34 16  0  0
 1  0 1048572  75416   2552  53924 50468 30140 50952 30140 14840 13808  1 47 32 20  0  0
 1  0 1048572  86256   2128  36120 49416 33132 49416 33152 10919 13148  1 46 40 13  0  0
 1  0 1048572  80460   2128  36040 51560 25260 51564 25260 10514 13619  2 43 42 13  0  0
procs -----------memory---------- ---swap-- -----io---- -system-- -------cpu-------
 r  b   swpd   free   buff  cache   si   so    bi    bo   in   cs us sy id wa st gu
 1  0 1048572  79832   2128  37464 53460 22956 55048 22956 10507 13512  1 44 41 13  0  0
 0  1 1048572  78572   2124  37272 51536 22444 51536 22444 10416 13188  1 44 42 13  0  0
 1  0 1048572  81864   2124  43860 48420 30764 55020 30764 10720 12822  1 45 41 14  0  0
 1  0 1048572  70100   2124  40376 48860 26324 48860 26328 9957 13031  1 42 43 13  0  0
 1  0 1048572  83960   2132  39536 46664 41480 46668 41492 11094 12064  1 48 37 14  0  0
 2  0 1048596  81692   2132  38944 54436 18692 54436 18692 10268 13921  1 41 44 14  0  0
 1  0 1048572  85220   2132  38340 50396 23324 50396 23324 10545 13367  1 44 42 13  0  0
 1  0 1048572  84484   2132  37864 51428 24588 51428 24588 11885 13525  1 45 40 14  0  0
 1  0 1048572  71792   2132  37452 51604 30040 51604 30040 13552 13721  1 45 36 18  0  0
 1  0 1048572  79440   2140  34248 52316 31540 52316 31552 12660 13412  1 46 37 16  0  0
 1  0 1048572  84352   2288  38924 50152 31872 54968 31872 10872 12541  1 48 39 12  0  0
 1  0 1048572  81580   2288  38632 53044 22120 53044 22120 10583 13687  1 43 43 13  0  0
 3  0 1048636  63852   2288  52628 53000 19368 67304 19368 10633 13530  1 45 40 14  0  0
 0  1 1048572  67380   2288  52320 35052 28416 35052 28416 8574 9525  1 38 39 22  0  0
 1  0 1048572  62732   2288  64356 6164 7584 14250  7584 2161 1942  0 61 11 27  0  0
 1  0 1048572  64668   2216  60944 38436 23856 38436 23868 8546 10225  1 41 40 18  0  0
 3  0 1048624  64568   2184  58904 36940 23820 36940 23820 7960 9811  1 41 39 19  0  0
 1  0 1048572  76472   2184  57408 51900 28028 52612 28028 15163 13681  1 45 33 21  0  0
 1  0 1048572  80132   2184  56308 39860 21020 39860 21020 9004 10616  1 42 43 14  0  0
 1  0 1048572  63752   2184  55888 41500 12768 41500 12768 8315 11043  2 36 45 17  0  0
 1  0 1048572  65888   2184  55160 45204 18792 45240 18792 9512 11966  1 41 40 18  0  0
procs -----------memory---------- ---swap-- -----io---- -system-- -------cpu-------
 r  b   swpd   free   buff  cache   si   so    bi    bo   in   cs us sy id wa st gu
 1  0 1048572  55364   2192  53656 43408 29472 43432 29484 9644 11741  1 43 41 15  0  0
 1  0 1048572  63008   2192  47972 48116 27216 48116 27216 13442 12710  1 43 35 20  0  0
 1  0 1048572  65024   2192  46296 46164 26676 46164 26676 9616 12229  1 40 42 17  0  0
 1  0 1048572  63388   2192  44764 48420 24072 48420 24072 9964 12688  1 40 42 17  0  0
 2  0 1048572  82036   2192  42308 45860 30012 45860 30012 10798 12406  1 46 39 15  0  0
 3  0 1048612  64900   2192  41504 50268 19064 50268 19064 9714 13290  1 39 44 16  0  0
 1  0 1048572  86000   2200  35020 45724 39344 45904 39364 10693 11908  1 47 38 14  0  0
 1  0 1048572  64840   2200  34908 47384 18888 47384 18892 8903 12034  1 36 47 17  0  0
 1  0 1048572  78908   2200  51072 43604 34696 60300 34696 10628 11216  1 46 38 15  0  0
 1  0 1048572  86784   2132  51996 42364 22972 43560 22972 8963 11113  1 41 40 18  0  0
 2  0 1048576  76460   2132  51828 43852 16088 43852 16088 8817 11557  1 36 43 21  0  0
 1  0 1048572  70164   2132  51744 43612 20300 43612 20300 9096 11696  1 37 44 18  0  0
 1  0 1048572  76536   2144  35944 42084 20552 42088 20572 11723 11096  1 38 38 23  0  0
 1  0 1048572  78684   2144  43784 42948 33112 50948 33112 9932 11096  1 42 40 17  0  0
 1  0 1048572  65076   2144  43596 45772 15372 45772 15372 8669 12040  1 34 45 21  0  0
 3  0 1048576  81964   2144  43196 43436 34888 43436 34888 10494 11310  1 43 39 17  0  0
 2  0 1048584  63064   2144  43024 45604 12548 45604 12548 8668 11775  1 35 46 18  0  0
 1  0 1048572  67600   2144  42820 44408 20232 44408 20232 9319 11608  1 37 45 17  0  0
 1  0 1048572  65280   2152  42684 43580 31864 43580 31888 11159 11502  1 41 40 18  0  0
 1  0 1048572  63944   2288  43220 44140 23860 47684 23860 9800 11206  1 40 40 19  0  0
11  3 1048572  70196   2292  43136 15544 8056 15572  8068 3292 3917  0  1 98  1  0  0
procs -----------memory---------- ---swap-- -----io---- -system-- -------cpu-------
 r  b   swpd   free   buff  cache   si   so    bi    bo   in   cs us sy id wa st gu
 0  1 1048572  69316   3896  61848 7152 11792 22616 11832 3623 1979  2 52 24 23  0  0
 1  0 1048572  71620   3896  61872 19860 12904 19860 13192 6034 5550  1 22 44 34  0  0
 1  0 1048572  68688   3896  61872 28196 11940 28200 11944 6033 7578  1 23 47 29  0  0
 1  0 1048572  79748   3896  61872 35356 23880 35360 23884 8475 9732  1 29 43 28  0  0
 1  0 1048572  67824   3896  61872 35240 11844 35244 11848 9052 9536  1 23 45 31  0  0
 3  0 1048620  65976   3896  64500 28536 11452 31168 11456 6505 7934  1 26 46 28  0  0
 1  0 1048572  75352   3904  64500 26864 25288 26868 25336 7434 7398  1 31 42 26  0  0
 1  1 1048572  78372   3792  75528 21160 21192 29322 21196 5669 5828  1 37 29 33  0  0
 1  0 1048572  68072   3704 100168 27528 25236 44694 25236 8183 7451  2 61 17 20  0  0
 1  1 1048724  82476   3588  98748 19056 15152 19056 15152 5294 5619  0 26 43 31  0  0
 1  0 1048572  73944   3576  97432 23252 7000 23252  7000 5132 6483  1 23 46 30  0  0
 1  1 1048572  76924   3568  95736 20572 15768 20892 15780 5746 5856  1 27 33 39  0  0
 0  1 1048572  81472   3556  93928 22152 13592 22152 13592 5670 6251  0 24 45 31  0  0
 1  0 1048572  63976   3552  97876 29776 4784 32348  4784 6201 8330  1 25 46 29  0  0
 0  1 1048572  65436   3544  96120 13232 7760 13232  7760 5103 3728  1 26 39 34  0  0
 1  0 1048572  82828   3532  94292 15884 12280 15884 12280 5704 4491  1 25 32 42  0  0
 0  1 1048572  64180   3532  94292 18116    0 18116     0 5962 5171  0 20 44 37  0  0
 1  0 1048572  69184   3528  92612 24704 11932 24704 11944 6092 6814  1 25 37 37  0  0
 0  1 1048572  72196   3516  90916 21888 15652 21888 15652 5823 6142  1 27 42 30  0  0
 1  0 1048572  74152   3504  89316 22052 20100 22052 20100 7721 6288  1 29 36 34  0  0
 0  0 1048572  73008   2208  72444 20772 1496 20772  1496 7043 5710  1 21 41 37  0  0
procs -----------memory---------- ---swap-- -----io---- -system-- -------cpu-------
 r  b   swpd   free   buff  cache   si   so    bi    bo   in   cs us sy id wa st gu
 0  1 1049032 122504   2176  65128 16200 34288 16224 34288 7924 4711  1 41 28 30  0  0
 0  1 1048572 101588   2176  65152 20420    0 20420     0 6498 5395  1 19 44 37  0  0
 1  0 1048572  79412   2184  65152 21920    0 21920    12 7167 5908  1 19 43 38  0  0
 0  1 1048572  73356   2184  64480 15172 3952 15172  3952 5515 4140  1 22 41 36  0  0
 0  1 1048572  65760   2184  63688 14300 4760 14300  4760 4877 3893  1 24 39 37  0  0
 0  3 1048576  50808   2184  63664 14992 1680 14992  1680 4990 3996  1 15  6 78  0  0
 1  0 1048572  72584   2184  62448 4748 10596  4748 10596 2030 1428  1 13 10 77  0  0
 0  1 1048572  75100   2184  61544 23120 13332 23120 13332 6869 6247  2 28 40 30  0  0
 1  0 1048572  74484   2192  60088 23664 13640 23664 13652 7076 6426  1 28 40 31  0  0
 1  0 1048572  73288   2192  59576 12468 3276 12468  3276 4737 3318  2 27 40 31  0  0
 1  0 1048572  73080   2196  59068 7868 5256  7872  5256 2886 2140  3 28 46 23  0  0
 1  1 1048576  62844   2340  59296 9884  324 10760   324 2850 2667  7 21 48 25  0  0
 1  0 1048572  73748   2340  58264 13560 11160 13560 11160 4573 3853  7 35 32 26  0  0
 6  0 1048576  67712   2768  71464 12856 11524 26524 11604 5345 3347  6 49 24 20  0  0
 4  0 1048580  58912   3332 108188 11356 16536 42407 16536 5479 3320  5 81  1 13  0  0
 7  0 1048800  51320   3820 131448 6540 20068 23422 20068 4690 2310  3 95  0  3  0  0
 0  1 1048572  82004   5220 144232 9380 35556 26243 35556 7568 3569  2 85  6  7  0  0
 1  0 1048572  79612   5228 144232 10088 6124 10096  6132 4376 3035  2 24 40 34  0  0
 1  0 1048572  70036   5228 144236 9912    0  9916     0 2544 2823  3 15 51 32  0  0
 1  0 1048572  80456   5236 144232 12036 16900 12036 17364 5094 3586  3 36 34 27  0  0
 0  1 1048572  70628   5236 144236 19292 3752 19296  3756 5497 5379  4 19 46 31  0  0
procs -----------memory---------- ---swap-- -----io---- -system-- -------cpu-------
 r  b   swpd   free   buff  cache   si   so    bi    bo   in   cs us sy id wa st gu
 1  0 1048572  82000   5236 144316 10620 15604 10648 15608 4339 3290  3 29 39 30  0  0
 1  0 1048572  68392   5236 144260 15148    0 15148     0 3226 4159  4 15 51 30  0  0
 1  0 1048572  81244   5236 144256 13312 12824 13312 12828 4637 3948  3 34 37 26  0  0
 0  1 1048572  63352   5244 144260 17556    0 17560    20 6173 4953  4 18 45 33  0  0
 1  0 1048572  72236   5244 144256 17328 12744 17328 12756 5159 5034  2 27 42 28  0  0
 0  1 1048572  79572   3808 129732 16180 4136 16184  4136 4091 4653  3 26 44 27  0  0
 0  1 1048572  64048   3808 129776 15124    0 15124     0 4884 4219  4 16 46 34  0  0
 1  1 1048576  62480   3808 121060 16868 4576 16868  4576 4113 4710  4 23 45 28  0  0
 1  0 1048572  68920   3800 114820 21136 8676 21136  8676 5011 5877  3 26 44 28  0  0
 0  1 1048572  77500   3804 113176 15856 11512 15856 11536 6067 4559  4 29 37 30  0  0
 0  1 1048572  74332   3804 113176 22600 8628 22600  8628 7224 6378  4 25 39 32  0  0
 0  1 1048572  76612   3804 113176 19840 9692 19840  9692 5710 5654  5 26 41 29  0  0
 2  0 1048576  64516   3804 113176 15040 2332 15040  2332 3547 4093  5 20 45 30  0  0
 1  0 1048572  68664   3804 113176 14168 17724 14168 17724 5511 4097  3 54 18 26  0  0
 1  1 1048572  66112   3804 113176 14632 10460 14632 10460 5042 4293  3 52 16 30  0  0
 1  0 1048572  79168   3684 111496 17068 19512 17068 19704 7043 4990  3 45 21 31  0  0
 0  1 1048572  84152   3640 109788 19984 14908 19988 14908 7975 5714  3 34 34 30  0  0
 0  1 1048572  62732   3640 109788 21424    0 21424     0 4087 5789  3 21 50 26  0  0
 1  0 1048572  74756   3524 107912 22440 20696 22440 20696 6656 6505  3 35 38 26  0  0
 1  0 1048572  81500   3524 105788 23724 13972 23724 13972 6859 6564  3 28 40 29  0  0
 0  1 1048572  66140   3524 105788 12784    0 12784     0 2923 3560  3 16 50 32  0  0
procs -----------memory---------- ---swap-- -----io---- -system-- -------cpu-------
 r  b   swpd   free   buff  cache   si   so    bi    bo   in   cs us sy id wa st gu
 2  0 1048572  69220   3532 104772 20228 8724 20252  8736 4878 5628  2 26 45 28  0  0
 0  1 1048572  68588   3532 104056 10776 3736 10776  3736 3269 3007  2 20 48 30  0  0
 3  0 1048628  67612   3532  99480 25512 12548 25512 12548 6368 7103  2 27 43 29  0  0
 1  1 1048572  78860   3532  97484 21400 14388 21400 14388 8163 6153  2 28 39 31  0  0
 1  0 1048572  66616   3536 103408 20236 9104 27568  9104 5034 5714  3 23 46 28  0  0
 1  0 1048572  84280   3536 109816 23088 31960 33532 31960 7819 6699  2 40 33 25  0  0
 2  1 1048636  84924   3520 107732 22768 18412 22768 18424 8938 6438  2 30 34 34  0  0
 0  2 1048572  68004   3512 106928 21696 3456 21696  3456 7466 5886  1 22 41 36  0  0
 3  0 1048916  98532   2868  82796 15220 15044 15220 15044 5410 4264  1 47 11 41  0  0
 1  0 1048572 111396   2844  82020 20620 25144 20620 25144 7693 5688  2 32 33 34  0  0
 1  0 1048572  83676   2844  82020 27124    0 27124     0 8524 7131  1 20 42 36  0  0
 3  0 1048940  83000   2844  81300 22152 15664 22152 15664 8096 5998  1 31 35 32  0  0
 1  0 1048572  89372   2856  79272 24900 16424 24904 16436 8646 6656  1 28 37 35  0  0
 1  0 1048572  72908   2856  78480 26324 4640 26324  4640 6786 6956  1 22 44 32  0  0
 1  0 1048572  73884   2852  76284 25692 13800 25692 13800 8697 6879  1 27 35 37  0  0
 1  0 1048572  78108   2852  74068 25036 12584 25036 12584 8621 6875  2 27 37 34  0  0
 0  1 1048572  72220   2844  71664 26584 7828 26588  7828 7691 7010  2 24 43 32  0  0
 0  1 1048572  66304   2840  69136 25636 12100 25636 12100 6589 6900  1 27 44 29  0  0
 1  0 1048572  89184   2588  67356 25228 17740 25228 17752 7179 6853  1 28 43 29  0  0
 3  0 1048592  69456   2588  67356 25272 2052 25272  2052 8342 6796  1 20 42 37  0  0
 0  1 1048572  67808   2588  66156 24376 16248 24376 16248 5962 6634  1 28 44 27  0  0
procs -----------memory---------- ---swap-- -----io---- -system-- -------cpu-------
 r  b   swpd   free   buff  cache   si   so    bi    bo   in   cs us sy id wa st gu
 1  0 1048572  72420   2128  53044 17556 6620 17580  6620 4097 4610  1 21 47 30  0  0
 0  1 1048572  74552   2128  51732 17676 14536 17676 14536 4563 4577  1 23 47 29  0  0
 1  0 1048572  70276   2128  50484 19632 14404 19632 14404 5376 5318  1 28 38 33  0  0
 0  1 1048572  75524   2136  49416 19760 15144 19760 15156 6439 5196  1 27 38 34  0  0
 0  2 1048572  77772   2144  48460 21660 11860 21668 11868 7039 5593  1 28 26 45  0  0
 1  0 1048572  93856   2144  47092 21780 19992 21780 19992 5698 5734  1 28  8 63  0  0
 3  0 1048624  88540   2144  46420 29288 11288 29288 11288 5878 7308  2 23 47 28  0  0
 0  1 1048572  63380   2144  46372 24816 1156 24816  1156 4489 6367  1 18 51 30  0  0
 1  1 1048568  68936   2144  46316 19780 12524 20176 12524 6698 5237  2 28 36 34  0  0
 1  0 1048572  62688   2152  46124 17944 3828 17944  3852 4225 4618  1 21 46 32  0  0
 0  1 1048572  80596   2148  44940 28704 27264 28704 27276 7927 7511  1 32 37 29  0  0
 1  0 1048572  79372   2148  44344 25908 11280 25908 11280 8816 6890  1 26 38 35  0  0
 1  0 1048572  62740   2148  44344 19320    0 19320     0 6361 5037  1 20 42 37  0  0
 0  4 1048576  51168   2148  44176 18492 4056 18492  4056 3722 4783  1 17  2 80  0  0
 1  0 1048572  72088   2124  53888 12976 33664 21709 33664 5889 3709  1 46 18 36  0  0
 0  1 1048572  65284   2132  53164 24700 14584 24700 14596 5737 6430  1 25 44 30  0  0
 0  1 1048572  74232   2132  52280 11912 15556 11912 15556 4729 3341  1 29 42 28  0  0
 3  0 1048612  77104   2132  51140 23032 8104 23032  8104 5375 5768  1 20 46 32  0  0
 0  1 1048572  72984   2132  50788 26780 9976 26780  9976 6221 6789  1 23 45 31  0  0
 0  1 1048572  69812   2132  50908 26212 11460 27228 11460 7843 6953  1 26 40 34  0  0
 1  0 1048572  65392   2132  50416 22564 7696 22564  7696 5830 5906  1 26 42 32  0  0
procs -----------memory---------- ---swap-- -----io---- -system-- -------cpu-------
 r  b   swpd   free   buff  cache   si   so    bi    bo   in   cs us sy id wa st gu
 1  0 1048572  69308   2140  49872 23684 10388 23708 10400 5288 6220  1 24 47 28  0  0
 0  2 1048576  54372   2140  49000 16440 2148 16440  2148 3835 4225  1 16 15 67  0  0
 0  1 1048572 103584   2140  48032 4188 17160  4188 17160 3015 1432  0 15  3 81  0  0
 1  0 1048572  74808   2140  48096 28940    0 28940     0 9119 7730  1 18 43 38  0  0
 1  0 1048572  64332   2136  47364 28180 7604 28180  7604 6665 7403  1 23 45 31  0  0
 1  1 1048740  72984   2128  46356 23688 27048 23688 27048 6964 6400  1 32 39 28  0  0
 1  0 1048572  71556   2264  43600 26276 12056 26424 12068 5710 6812  2 25 45 28  0  0
 1  0 1048572  70788   2264  42604 19772 13816 19772 13816 4814 5216  1 28 42 29  0  0
 0  1 1048572  65716   2264  42072 21064 7660 21064  7660 6163 5582  1 24 42 33  0  0
 1  1 1048572  64348   2264  41200 25076 9880 25076  9880 6373 6541  1 26 12 61  0  0
 1  0 1048572  79256   2264  40888 22192 19160 22868 19160 8203 5841  1 30 30 39  0  0
 1  0 1048572  65648   2264  40888 13748    0 13748     0 4675 3502  1 17 44 38  0  0
 1  0 1048572  67196   2272  40192 23576 11332 23576 11344 5360 6382  1 29 39 32  0  0
 1  0 1048572  67796   2272  39476 23500 10464 23500 10464 5356 6253  1 26 45 28  0  0
 1  0 1048572  70784   2272  38620 23324 11880 23324 11888 7388 6352  1 26 40 33  0  0
 1  0 1048572  80736   2272  41460 17620 11336 21136 11336 4726 4776  1 31 40 28  0  0
 0  1 1048572  79600   2272  43992 25596 10444 28292 10444 7401 6913  2 25 42 32  0  0
 1  0 1048572  74116   2272  44264 25688 18352 26300 18352 6259 6950  1 29 42 27  0  0
 1  0 1048572  74208   2280  44000 24968 17252 24968 17276 5855 6616  1 30 41 28  0  0
 1  0 1048572  69928   2252  43532 26448 12504 26448 12504 5602 6824  1 26 46 27  0  0
 2  1 1048664  79228   2220  42652 25120 23688 25120 23688 7504 6585  1 31 38 30  0  0
procs -----------memory---------- ---swap-- -----io---- -system-- -------cpu-------
 r  b   swpd   free   buff  cache   si   so    bi    bo   in   cs us sy id wa st gu
 1  0 1048572  66428   2220  42528 22728 4124 22752  4124 4292 5719  1 20 49 29  0  0
 0  1 1048572  62648   2204  42140 25624 13304 25624 13304 5643 6649  1 26 42 30  0  0
 0  1 1048572  85616   2176  41228 30408 23372 30408 23372 7674 8154  2 29 40 30  0  0
 0  1 1048572  82008   2172  40792 29136 10116 29136 10144 9420 7555  1 24 36 39  0  0
 0  1 1048572  90492   3520  64792 20388 21880 42180 21880 6865 5701  1 35 36 28  0  0
 1  0 1048572  63024   3520  64792 20728    0 20728     0 5761 5620  1 19 46 34  0  0
 1  0 1048572  72968   3504  64596 27124 15168 27124 15168 8004 7283  1 29 37 33  0  0
 1  0 1048572  69852   3496  64468 27132 18440 27132 18440 6518 7319  2 29 43 27  0  0
 1  0 1048572  74904   3496  61844 24952 19756 24952 19756 6288 6745  1 31 42 26  0  0
 1  0 1048572  73844   3504  60532 25308 13900 25308 13924 7342 6778  1 26 42 30  0  0
 1  0 1048572  82836   3500  58916 18592 11820 18592 11820 6835 4996  1 24 40 35  0  0
 3  0 1048592  79812   3500  58096 22708 8612 22708  8612 7762 6081  1 22 40 37  0  0
 0  1 1048572  85136   3500  55816 29000 16096 29000 16096 6607 7716  1 25 44 30  0  0
 0  1 1048572  79832   3500  54596 31184 11468 31184 11468 7334 8142  1 24 44 31  0  0
 1  0 1048572  70668   3504  70776 27228 14968 44884 14968 9255 7120  2 26 38 35  0  0
 0  1 1048572  66696   3508  69548 33080 11344 33080 11356 11107 8930  1 25 38 36  0  0
 1  0 1048572  72128   3508  68348 21252 12112 21252 12112 5623 5986  1 25 46 29  0  0
 1  0 1048572  76060   3508  67124 24208 14520 24208 14520 5783 6758  1 27 44 28  0  0
 1  1 1048572  57868   3508  66760 22996 5100 22996  5100 4445 5905  1 19 50 31  0  0
 3  0 1048820  66976   3508  66760 3292 10568  3292 10568 1471  992  0 10 44 45  0  0
 1  0 1048572  84900   3504  50172 26284 17224 26284 17224 8855 7086  1 30 33 36  0  0
procs -----------memory---------- ---swap-- -----io---- -system-- -------cpu-------
 r  b   swpd   free   buff  cache   si   so    bi    bo   in   cs us sy id wa st gu
 3  0 1048576  74336   3512  49772 24356 8296 24380  8308 8053 6429  1 23 40 36  0  0
 0  1 1048572  83888   3512  48160 23236 18676 23236 18676 5735 6073  1 31 39 29  0  0
 2  1 1048672  80464   3512  48772 28372 14232 29608 14232 8030 7309  1 25 42 32  0  0
 1  0 1048572  63368   3512  48096 24520 3092 24520  3096 5897 6388  1 21 45 33  0  0
 0  1 1048572  66904   3512  47088 21652 12488 21652 12488 4805 5532  1 26 44 29  0  0
 0  1 1048568  65656   3512  46792 22436 11052 22956 11052 5285 6095  1 26 44 30  0  0
 1  0 1048572  67168   3520  45988 25884 12100 25884 12112 7921 6819  1 25 40 34  0  0
 0  0 1048572  72824   3520  44980 25592 19584 25592 19584 8171 6886  1 31 37 31  0  0
 1  0 1048572  64760   3520  44980 15012    0 15012     0 5091 3918  1 19 43 37  0  0
 1  0 1048572  67052   3520  44516 27252 12448 27252 12448 6395 7257  1 26 45 28  0  0
 1  0 1048572  62836   3512  44084 28048 17428 28048 17428 6275 7257  1 29 43 28  0  0
 5  1 1048944  77280   2164  55804 22856 31276 32867 31408 8031 6364  1 51 22 26  0  0
 2  0 1048572  82756   2172  78920 16328 25768 32006 25788 7258 4790  0 77  6 16  0  0
 3  0 1048660  72976   2172  78668 28320 8480 28324  8480 8238 7062  1 27 35 37  0  0
 1  0 1048572  85464   2172  78052 30004 19460 30004 19468 10699 8066  1 29 37 34  0  0
 1  0 1048572  83120   2172  77716 28516 11648 28520 11648 5990 7588  1 25 46 28  0  0
 1  0 1048572  68000   2172  77716 15376    0 15376     0 3207 4183  1 15 51 33  0  0
 1  0 1048572  70004   2172  77376 21884 13780 21884 13780 5993 6057  1 26 45 28  0  0
 0  1 1048572  63384   2180  80776 27568 11840 31208 11864 8662 7500  1 28 37 35  0  0
 0  1 1048572  68916   2180  80576 25868 11464 25868 11464 8827 6934  1 27 37 35  0  0
 1  0 1048572  71124   2180  80408 20928 15412 20928 15412 6642 5895  2 37 35 27  0  0
procs -----------memory---------- ---swap-- -----io---- -system-- -------cpu-------
 r  b   swpd   free   buff  cache   si   so    bi    bo   in   cs us sy id wa st gu
 0  1 1048572  64608   2180  80204 30036 18968 30060 18968 8344 8067  1 31 37 31  0  0
 3  0 1048584  73804   2116  72940 28536 17984 28536 17984 6606 7543  1 29 42 28  0  0
 2  0 1048580  72604   2116  72152 23488 12580 23488 12580 5256 6272  1 26 45 28  0  0
 1  0 1048572  75668   2124  69612 23508 11632 23508 11644 5909 6150  1 28 41 30  0  0
 0  1 1048572  64328   2124  69612 10492    0 10492     0 3210 2809  1 23 47 30  0  0
 2  1 1048644  58712   2124  67496 19580 5972 19580  5972 6366 5251  1 21  7 72  0  0
 1  0 1048572  84328   2124  66168 13724 23452 13724 23452 6726 3877  1 37 32 30  0  0
 1  0 1048564  64420   2124  66340 20476    0 20648     0 4304 5392  1 20 48 31  0  0
 1  1 1048572  63196   2124  65828 19004 4252 19004  4252 4212 4915  1 23 48 29  0  0
 1  0 1048572  74528   2400  81052 22116 25432 36020 25444 6698 6040  1 37 37 26  0  0
 1  0 1048572  76736   2400  80032 22180 12380 22180 12380 6871 6084  1 27 42 31  0  0
 2  1 1048880  86060   2400  79024 22444 12512 22444 12512 8091 6163  1 29 36 35  0  0
 0  1 1048572  65916   2400  79036 19976  112 19976   112 3916 5403  1 20 50 29  0  0
 0  2 1048572  65304   2400  79200 15672 14928 16348 14928 4944 4296  1 41 10 48  0  0
 0  1 1048568  64512   3984  81540 19232 18748 24652 18796 6747 5256  1 35 27 37  0  0
 0  1 1048572 103040   3496  76916 21332 36196 21332 36364 9371 5943  1 38 31 30  0  0
 0  1 1048572  94472   3496  76920 13152    0 13156     0 4729 3600  1 17 44 38  0  0
 3  0 1048760  74600   3496  91324 18204 4468 27469  4468 6180 5433  1 48 21 30  0  0
 0  1 1048572  65752   3496  96196 20756 11208 23778 11208 4725 5730  1 35 37 28  0  0
 0  1 1048572  73644   3504  95024 24196 21548 24196 21604 6857 6490  1 29 41 29  0  0
 0  2 1048572  72560   3504  93760 20116 10084 20116 10084 5353 5317  1 22 42 35  0  0
procs -----------memory---------- ---swap-- -----io---- -system-- -------cpu-------
 r  b   swpd   free   buff  cache   si   so    bi    bo   in   cs us sy id wa st gu
 0  1 1048572  74876   3504  93548 22484 11152 22508 11152 6346 6014  1 25 32 42  0  0
 0  1 1048572  82604   3504  92252 25340 17544 25340 17544 6256 6669  1 29 40 31  0  0
 1  0 1048572  76688   3504  91604 24208 8300 24208  8300 7755 6387  1 25 39 35  0  0
 0  1 1048572  87180   3504  90736 25688 16932 25688 16932 6371 6982  1 28 42 29  0  0
 1  0 1048572  72660   3512  90404 30432 8792 30432  8804 9826 8096  1 24 39 37  0  0
 0  1 1048572  73176   3512  90168 21744 15632 21744 15632 6502 5621  1 29 37 33  0  0
 2  0 1048572  64464   3512  89456 24656 16504 24656 16504 7486 6550  1 28 40 31  0  0
 0  2 1048644  98060   3504  80720 11968 20768 11968 20816 5239 3362  1 38 20 42  0  0
 0  1 1048572  87136   3504  80724 22344 21300 22348 21300 6064 6172  1 35 30 34  0  0
 1  0 1048572  67480   3504  80724 26696    0 26696     0 5558 6799  1 19 48 31  0  0
 1  0 1048572  76476   2804  80472 24176 9108 24176  9120 7759 6265  1 26 39 35  0  0
 1  0 1048572  78684   2240  79432 24852 13092 24852 13092 5753 6357  1 26 46 28  0  0
 1  0 1048572  88256   2240  78884 19608 14560 19608 14560 5775 5263  1 31 41 28  0  0
 3  0 1048576  73612   2240  77288 25112 5100 25112  5100 8028 6398  1 22 41 35  0  0
 1  0 1048572  72652   2240  77272 20004 7328 20004  7328 4656 5288  1 22 49 29  0  0
 0  1 1048572  67804   2240  75896 26248 12160 26248 12160 7750 6894  1 22 44 34  0  0
 0  1 1048572  75776   2248  73528 31020 16756 31020 16780 7928 7893  1 28 42 30  0  0
 0  1 1048572  79076   2248  72028 20648 12804 20652 12804 5704 5433  1 27 41 32  0  0
 1  1 1048576  71264   2248  71944 21728 9212 21728  9212 4726 5630  1 23 44 33  0  0
 0  1 1048572  75952   2216  71632 26592 20308 26592 20308 6308 6883  1 28 42 29  0  0
 1  0 1048572  70736   2132  68800 31020 15272 31020 15272 6625 8099  1 26 45 29  0  0
procs -----------memory---------- ---swap-- -----io---- -system-- -------cpu-------
 r  b   swpd   free   buff  cache   si   so    bi    bo   in   cs us sy id wa st gu
 2  0 1048616  63680   2140  66960 31856 15408 31880 15432 6583 7950  1 25 46 28  0  0
 0  1 1048572  64100   2140  65832 18092 16032 18092 16032 4807 4645  1 27 45 27  0  0
 0  1 1048572  65416   2140  66676 26068 12256 28672 12256 6491 6665  1 27 42 31  0  0
 1  0 1048572  79620   2140  64764 17664 17508 17764 17508 5505 4569  1 33 14 54  0  0
 1  0 1048572  81888   2140  63236 24372 13008 24372 13008 6048 6355  1 24 44 31  0  0
 1  0 1048572  72204   2140  62776 23148 4124 23148  4124 7019 5667  1 23 42 35  0  0
 1  0 1048572  85260   2148  60952 22752 16624 22752 16636 8078 5930  1 29 38 33  0  0
 0  1 1048572  74172   2148  60952 11104    0 11104     0 2999 2741  1 20 48 31  0  0
 1  0 1048572  65052   2152  77324 18208 10860 36092 10860 4703 4622  2 28 44 27  0  0
 0  1 1048572  64100   2132  76000 26720 12816 26720 12816 6438 6926  1 26 45 29  0  0
 1  0 1048572  75864   2132  59388 26480 18344 26480 18344 6409 6754  1 30 43 27  0  0
 2  0 1048572  69340   2128  54184 13128   92 13128   108 2761 3208  1 20 49 29  0  0
 0  1 1048572 112996   2124  38840 21080 29908 21080 29920 7080 5707  1 41 34 24  0  0
 0  1 1048572  80488   2124  38840 30904    0 30904     0 6601 7636  1 20 47 32  0  0
