procs -----------memory---------- ---swap-- -----io---- -system-- -------cpu-------
 r  b   swpd   free   buff  cache   si   so    bi    bo   in   cs us sy id wa st gu
 2  0      0 1145968   6248  71900 27993 15699 29635 15715 7124   40  1 21 66 12  0  0
 3  0 284840  76216   4116  60916   60 279192 52800 279192 9601 1195  6 56 31  8  0  0
 0  1 569264  66300   4124  77612 105080 289560 121792 289604 8948 12415  1 56 31 13  0  0
 0  1 782468  75832   4124  77612 205836 213168 205836 213168 15264 13373  2 50 34 15  0  0
 0  1 959604  63200   2164  55856 213564 176652 219420 176876 12930 13820  1 49 36 14  0  0
 1  0 1050556  68404   2164  52344 176776 176832 178992 176832 12254 12995  1 45 35 20  0  0
 1  0 1072392  87436   2160  54488 152424 174336 156084 174336 8341 9964  2 37 36 25  0  0
 1  0 1048572  63684   2160  54880 210044 125860 210720 125860 12376 15213  1 45 40 14  0  0
 0  1 1048572  67716   2172  50096 247388 12936 247588 12980 11938 16571  2 40 45 14  0  0
 1  0 1050052 105764   2152  63124 117148 138488 138832 138604 9382 11195  1 41 35 23  0  0
 1  0 1048572  80816   2292  62172 104404    4 104576     8 12207 10565  1 22 42 35  0  0
 1  0 1048572  79720   2244  59808 117636 69632 117640 69636 10565 8981  2 26 37 36  0  0
 2  0 1048976  72696   2240  58284 112012 86820 112776 86820 8574 8295  1 26 37 37  0  0
 0  1 1048572  64184   2536  56776 112736 102384 113032 102384 7127 7596  1 22 42 35  0  0
 1  0 1048572  75760   2544  54592 169432 86792 169452 86812 14954 12584  2 38 31 29  0  0
 0  1 1048572  80860   2280  36384 192684 106856 196252 106856 16288 13875  2 45 34 19  0  0
 1  0 1048572  78736   2280  36752 181672 66456 182180 66468 9403 13937  2 36 43 19  0  0
 1  0 1048572  84072   2432  57412 168072 84192 189012 84192 13365 14923  2 42 38 19  0  0
 1  1 1048572  81144   2432  57404 167628 112296 167628 112296 13384 13599  1 43 34 22  0  0
 1  0 1048572  73276   2436  57420 189184 90096 189204 90096 12027 13636  2 44 36 19  0  0
 1  0 1048572  79952   2304  57020 181804 127396 181804 127416 13803 13760  2 45 31 22  0  0
procs -----------memory---------- ---swap-- -----io---- -system-- -------cpu-------
 r  b   swpd   free   buff  cache   si   so    bi    bo   in   cs us sy id wa st gu
 1  1 1048572  69636   2200  56632 195320 111948 196460 111948 13979 14469  1 45 35 19  0  0
 1  0 1048572  70248   2200  55336 197980 94832 198268 94832 14372 15088  2 43 36 20  0  0
 1  0 1048572  84496   2200  53904 190052 105352 190052 105352 13595 14122  1 41 36 22  0  0
 1  0 1048572  67236   3864  82888 104996 47840 136452 47840 11133 15276  2 36 42 21  0  0
 1  0 1048572  74084   3588  82604 44368 26836 44368 26836 12628 19644  1 34 45 20  0  0
 2  0 1049124  86816   3596  82360 42928 20636 42928 20648 16243 18687  1 35 40 24  0  0
 0  1 1048572  72892   3596  84916 42316 19276 44992 19276 17660 18146  1 35 38 26  0  0
 1  0 1048572  83028   3596  96912 35252 51280 43338 51280 12896 14795  1 50 30 19  0  0
 1  0 1048572  68568   3596  96912 42048 17696 42048 17696 19471 17619  1 38 34 27  0  0
 0  1 1048572  89776   2092  62540 43064 27796 48560 27800 12718 17696  1 40 42 18  0  0
 1  0 1048572  91664   2088  44720 48136 17944 48140 17944 11473 18695  1 35 46 18  0  0
 0  1 1048572  66244   2096  44460 48644 10316 48644 10328 15774 18658  1 33 42 24  0  0
 1  0 1048572  63156   2248  43712 46664 27652 46816 27652 15119 17534  1 38 40 21  0  0
 0  1 1048572  69540   2380  42716 47268 34956 47416 34956 12156 17472  1 40 42 17  0  0
 0  1 1048572  63004   2356  41764 50264 26004 50264 26004 11807 18065  1 39 44 17  0  0
 1  0 1048572  75324   2316  40432 49464 31984 49464 31984 12273 17296  1 41 42 16  0  0
 1  0 1048572  66816   2304  39744 51700 18908 51700 18908 15875 18159  1 37 40 22  0  0
 1  0 1048572  76608   2284  38980 48252 34576 48252 34588 14605 16725  1 40 40 19  0  0
 1  0 1048572  68568   2268  38404 50748 26448 50748 26448 14132 17333  1 41 39 20  0  0
 1  1 1048572  79624   2680  42888 48064 35780 53700 35784 14670 16394  1 41 38 19  0  0
 0  1 1048572  92080   2172  37340 42952 60516 42976 60520 12528 14682  1 50 30 20  0  0
procs -----------memory---------- ---swap-- -----io---- -system-- -------cpu-------
 r  b   swpd   free   buff  cache   si   so    bi    bo   in   cs us sy id wa st gu
 3  0 1048592  58816   2308  37416 60340 6344 60528  6344 11418 19476  1 34 49 17  0  0
 1  0 1048572  76556   2308  37176 53192 29424 53212 29424 11916 17282  2 41 42 16  0  0
 1  0 1048572  76724   2492  38356 52808 27816 54784 27828 16859 16901  1 41 36 21  0  0
 0  0 1048572  67216   2452  37972 54060 19612 54216 19612 16575 17294  2 41 37 21  0  0
 1  0 1048572  69596   2456  57228 51352 25272 66380 25272 13461 16911  1 45 38 16  0  0
 1  0 1048572  63848   2460  73624 54044 14532 70740 14532 19371 17756  1 40 36 24  0  0
 1  1 1048572 129640   2180  55596 44720 44512 45932 44520 16744 15355  2 48 28 22  0  0
 1  0 1048572  70168   2324  57344 57556  612 59472   612 11082 19428  1 32 50 17  0  0
 1  0 1048572  75152   2460  57188 48448 39872 48576 39892 16594 16276  1 43 33 23  0  0
 1  1 1048572  74308   2460  56992 49520 42172 49520 42172 15880 16164  1 47 31 21  0  0
 2  0 1048572  72020   2460  56872 51592 29768 51592 29768 15293 16378  1 39 37 22  0  0
 3  0 1049400  78272   2176  52348 53396 30632 53416 30632 12575 17035  1 44 41 15  0  0
 1  0 1048568  76476   2260  57116 53916 24988 58740 24988 11904 17425  1 40 40 18  0  0
 1  0 1048572  69264   2260  55324 58656 17116 58656 17116 12074 18652  1 37 46 15  0  0
 1  0 1048572  74108   2268  53532 53492 21236 53492 21248 12764 17506  1 41 43 15  0  0
 1  0 1048572  85036   2408  39380 51684 33852 51860 33852 12813 16851  1 43 39 17  0  0
 0  1 1048572  74524   2384  39204 52748 28592 52768 28592 16134 16898  2 43 33 22  0  0
 1  0 1048572  63484   2360  39000 55708 20156 55708 20168 14416 17430  1 42 39 19  0  0
 1  0 1048572  74508   2336  38588 52400 36136 52404 36136 12607 16413  1 44 39 16  0  0
 1  0 1048572  82572   2336  38208 54700 32032 54700 32032 12576 17081  1 43 40 16  0  0
 3  0 1048588  68968   2340  42472 53300 29024 58928 29044 12870 16783  2 43 39 16  0  0
procs -----------memory---------- ---swap-- -----io---- -system-- -------cpu-------
 r  b   swpd   free   buff  cache   si   so    bi    bo   in   cs us sy id wa st gu
 1  0 1048572  74596   2340  42136 51464 39168 51780 39172 15420 16262  1 45 32 21  0  0
 0  1 1048572  69380   2340  41792 55320 17520 55320 17520 20081 17482  2 41 30 27  0  0
 1  0 1048572  68988   2340  41376 55668 19868 55668 19868 17371 17821  1 42 35 22  0  0
 3  0 1048572  66104   2340  40884 52212 32824 52212 32824 16079 16506  1 46 34 20  0  0
 1  0 1048572  68460   2248  37688 52248 34356 52268 34356 13743 16195  2 43 38 17  0  0
 0  1 1048572  62876   2252  37156 54088 19756 54108 19768 18482 16917  1 42 32 25  0  0
 0  1 1048572  71940   2256  36320 52412 32872 52416 32872 17267 16881  1 43 33 24  0  0
 1  0 1048572  69180   2260  53508 50904 35736 68788 35736 13635 15859  2 45 35 18  0  0
 1  1 1048572  80944   2260  35976 50492 33056 50492 33056 18777 16121  1 47 26 27  0  0
 1  0 1048572  67172   2260  35972 55784 21068 55784 21072 19194 17316  1 41 32 26  0  0
 0  1 1048572  74588   2260  35972 55232 25876 55236 25880 18434 17359  2 42 32 24  0  0
 1  0 1048572  77624   2268  35972 54540 25864 54544 25884 17637 16971  2 44 31 24  0  0
 1  0 1048572  73760   2268  32300 53336 28460 53340 28460 12147 17181  1 42 43 15  0  0
 1  0 1048572  71824   2268  32228 52468 35468 52468 35468 18017 16325  2 45 28 25  0  0
 1  0 1048572  71576   2268  32200 55120 26692 55120 26692 16213 17063  1 43 35 20  0  0
 3  0 1048572  76448   2264  34668 52884 27284 55368 27288 16061 16409  1 44 34 21  0  0
 1  0 1048572  71224   2268  34672 54168 29516 54176 29520 12630 17428  1 42 40 16  0  0
 1  0 1048572  76180   2260  34080 53204 39752 53228 39768 16534 16259  1 45 32 21  0  0
 1  0 1048572  78324   2260  33752 57244 25732 57248 25736 16261 17208  1 42 36 21  0  0
 0  0 1048572  93096   2260  33376 55848 31252 55852 31256 13490 17072  2 44 40 15  0  0
 3  0 1048580  77484   2260  33212 57436 21432 57440 21432 20899 17999  1 43 29 27  0  0
procs -----------memory---------- ---swap-- -----io---- -system-- -------cpu-------
 r  b   swpd   free   buff  cache   si   so    bi    bo   in   cs us sy id wa st gu
 1  0 1048572  95164   2272  36788 45600 51508 49284 51536 13658 14692  1 51 29 19  0  0
 2  0 1048576  68200   2428  36740 61536 14380 61692 14380 12424 18884  2 36 47 15  0  0
 1  0 1048572  73360   2428  36124 57484 26568 57484 26568 12414 17675  2 40 44 14  0  0
 0  1 1048572  73676   2428  35636 55124 24612 55124 24612 16451 17129  1 44 35 20  0  0
 3  0 1048620  78468   2320  61216 41524 45984 57745 45996 15956 13056  1 67 15 17  0  0
 1  0 1048572  80528   2284  70072 39792 32608 48719 32612 11063 11928  4 57 24 15  0  0
 1  0 1048572  63752   2268  68188 55220 21944 55224 21960 12252 17575  1 39 45 15  0  0
 2  0 1048576  73928   2236  65808 53696 27512 53700 27512 14258 17174  1 44 38 18  0  0
 1  0 1048572  66136   2208  63968 54812 26200 54812 26200 12471 17842  1 41 42 16  0  0
 2  0 1048588 116268   2208  53652 47412 55336 47412 55336 13497 15512  1 50 32 17  0  0
 1  0 1048572  66668   2172  67020 57708 18444 75596 18444 13812 17502  2 37 42 20  0  0
 2  0 1048572  64224   2168  64428 57360 22312 58084 22324 16928 17685  1 41 37 21  0  0
 1  0 1048572  66828   2168  68064 54820 27072 61508 27072 18033 17176  1 45 30 24  0  0
 1  0 1048572  83984   2152  65024 49976 42040 49976 42040 13163 16202  1 46 36 17  0  0
 1  0 1048572  74188   2136  43256 57372 16124 57372 16124 13795 17483  1 40 41 18  0  0
 0  1 1048572  80240   2132  41956 52756 37380 52756 37380 18199 16127  1 46 27 26  0  0
 0  1 1048572  78172   2932  41528 56344 28640 57320 28640 15893 16934  1 44 36 19  0  0
 1  0 1048572  69012   2940  41168 58348 20680 58348 20692 14154 17462  1 41 39 19  0  0
 2  1 1048660  71948   2928  62960 40656 44276 58626 44276 12760 12540  1 65 20 14  0  0
 0  1 1048572  70012   2804  74548 47336 33232 55683 33236 17740 14317  1 62 19 18  0  0
 0  1 1048572  65744   2708  73980 56068 27912 57760 27912 18967 17074  1 43 32 24  0  0
procs -----------memory---------- ---swap-- -----io---- -system-- -------cpu-------
 r  b   swpd   free   buff  cache   si   so    bi    bo   in   cs us sy id wa st gu
 0  1 1048572  78064   2592  71124 55028 28372 55052 28372 19816 16791  1 45 26 27  0  0
 1  0 1048572  64836   2520  72956 58004 20800 61596 20800 15064 17714  1 40 40 19  0  0
 0  1 1048572  72328   2180  61708 52276 37292 52276 37312 18886 15775  1 47 25 27  0  0
 1  0 1048572  76692   2180  60964 53792 32956 54176 32956 14865 16101  1 44 36 19  0  0
 2  0 1048572  79748   2180  56864 55860 30384 55860 30384 13170 16672  2 43 39 17  0  0
 1  0 1048572  76068   2180  54044 58532 24964 58532 24964 13615 17173  1 43 39 17  0  0
 0  1 1048572  73112   2180  51296 55796 28412 55796 28412 15613 16599  2 42 37 19  0  0
 3  0 1048572  67780   2104  47200 54708 33440 54708 33440 15983 15824  1 46 31 22  0  0
 1  0 1048572  71100   2112  45824 58208 37452 58208 37464 12959 16864  1 44 40 16  0  0
 1  0 1048572  70164   2384  48560 58532 25036 63164 25036 19201 17399  2 42 30 26  0  0
 1  0 1048572  82272   2384  46404 56436 29556 56436 29556 16228 16646  1 45 33 21  0  0
 2  0 1048572  65292   2384  46744 56104 27328 57414 27328 14569 16797  2 45 35 18  0  0
 1  0 1048572  89336   2376  80764 34088 53572 64550 53576 16591 9753  1 86  1 11  0  0
 1  0 1048572  74012   2304  78816 59540 21784 59544 21784 12077 17917  1 39 44 16  0  0
 1  0 1048572  75560   2180  93184 55336 32008 72032 32020 13229 16814  1 43 41 15  0  0
 1  0 1048572  85092   2180  89504 52504 39580 53692 39584 13294 15634  2 47 36 16  0  0
 1  0 1048572  70392   2172  64896 63056 18004 63060 18004 15665 18502  1 39 39 21  0  0
 1  0 1048572  80464   2168  59236 56004 36816 56004 36816 16058 16641  1 46 32 20  0  0
 1  0 1048572  68248   2168  55960 62228 23076 62228 23076 14255 17730  1 42 41 17  0  0
 3  0 1048572  75620   2168  53100 59124 26032 59260 26032 15612 17155  1 43 37 19  0  0
 1  0 1048572  73572   2176  50528 56464 29328 56464 29340 13437 16476  1 43 39 17  0  0
procs -----------memory---------- ---swap-- -----io---- -system-- -------cpu-------
 r  b   swpd   free   buff  cache   si   so    bi    bo   in   cs us sy id wa st gu
 1  0 1048572  76024   2172  33220 57360 30340 57388 30344 15768 16495  1 44 35 20  0  0
 1  0 1048572  77252   2176  32784 55140 39028 55144 39036 12237 15534  1 44 40 15  0  0
 1  0 1048572  77624   2176  32616 58136 28792 58140 28796 16035 16703  1 43 36 21  0  0
 1  0 1048572  70892   2180  32536 57116 25808 57124 25812 19518 16349  1 45 27 27  0  0
 1  0 1048572  68472   2144  32532 47928 32260 47932 32264 14739 13897  1 44 32 24  0  0
 1  0 1048572  67080   2120  32416 54984 30836 54988 30868 18325 15522  1 44 28 27  0  0
 2  0 1048572  81956   2120  32304 57052 29364 57056 29368 16576 16619  1 44 32 23  0  0
 0  1 1048572  74052   2120  37204 56732 23632 61708 23632 19298 16126  2 43 28 28  0  0
 1  0 1048572  64400   2120  37112 56848 21336 56848 21336 16698 16679  1 42 33 23  0  0
 0  1 1048572  72700   2116  36904 49672 40472 49672 40472 16422 14931  2 44 31 24  0  0
 0  1 1048572  71808   2124  36892 56860 31568 56860 31580 15483 16447  1 43 36 20  0  0
 1  0 1048572  73092   2124  36892 55788 28480 55788 28480 16345 16337  1 43 33 23  0  0
 0  1 1048572  75696   2124  37144 56732 25156 57052 25156 18829 16774  1 44 29 26  0  0
 0  1 1048572  71068   2172  37212 54800 34820 54936 34820 16364 16368  1 45 31 24  0  0
 1  0 1048572  67152   2124  36712 54900 32440 54900 32440 19123 16158  2 45 25 29  0  0
 1  0 1048572  81884   2124  36220 54488 31060 54488 31060 18836 15995  2 46 26 27  0  0
 1  1 1048572  65992   2132  36008 56092 19764 56092 19776 14496 16428  1 40 39 20  0  0
 0  1 1048572  72508   2132  51980 52844 33584 69308 33584 12692 15816  2 43 39 16  0  0
 3  0 1048576  75324   2208  40180 54008 32388 58828 32388 18028 16343  1 46 28 26  0  0
 1  0 1048572  68852   2188  39832 55536 29748 55536 29748 15897 16578  1 43 33 23  0  0
 1  0 1048572  82404   2188  39492 54404 33792 54404 33792 13960 16367  1 43 37 19  0  0
procs -----------memory---------- ---swap-- -----io---- -system-- -------cpu-------
 r  b   swpd   free   buff  cache   si   so    bi    bo   in   cs us sy id wa st gu
 3  1 1048572  66832   2188  39436 57368 17556 57392 17556 16763 17227  2 40 35 24  0  0
 1  0 1048572  68044   2196  39220 53072 31120 53072 31132 18774 15953  1 45 27 27  0  0
 3  0 1048576  79724   2196  35452 52356 36456 52356 36460 16203 15731  1 43 34 22  0  0
 1  0 1048572  66876   2196  34980 57872 23516 57876 23520 11708 17051  1 39 44 16  0  0
 1  0 1048572  78804   2196  34516 55508 29552 55512 29552 17567 16949  2 42 33 23  0  0
 1  0 1048572  65736   2196  34316 56316 24372 56316 24372 15870 17011  1 41 38 20  0  0
 1  0 1048572  65160   2192  41244 52028 37272 60648 37276 12255 15558  1 45 38 17  0  0
 1  0 1048572  64896   2200  40016 55412 34400 55416 34416 12552 16660  1 42 42 15  0  0
 1  0 1048572  74292   2200  38932 56812 27596 56816 27600 13813 16953  1 41 41 17  0  0
 1  0 1048572  79636   2156  56256 52116 30776 65364 30776 15233 15719  2 46 32 21  0  0
 0  1 1048572  79536   2156  53544 51408 36916 51408 36920 12686 15913  2 44 38 16  0  0
 1  0 1048572  79568   2156  53348 53424 30836 53428 30840 15770 16049  1 43 35 20  0  0
 0  1 1048572  74364   2164  52976 49260 21648 49264 21664 14647 14772  1 40 36 23  0  0
 1  0 1048572  64436   2980  53132 54160 19968 55576 19972 13856 16821  1 39 41 19  0  0
 2  0 1048572  64104   2980  52660 53084 24860 53088 24864 15760 16442  1 42 36 22  0  0
 0  1 1048572  66192   2908  50528 49236 40716 49240 40720 12399 15427  1 45 37 18  0  0
 0  1 1048572  64556   2752  48712 51984 28404 51988 28404 15748 15841  1 42 35 23  0  0
 1  0 1048572  84272   2588  47924 52852 31984 54476 31996 18505 15969  1 45 29 26  0  0
 1  0 1048572  73880   2484  46296 56440 19808 56440 19808 16073 16588  1 41 36 22  0  0
 1  0 1048572  70236   2372  48752 52512 27812 56708 27812 16654 16108  2 44 31 23  0  0
 1  0 1048572  70720   2172  38704 52644 31584 52644 31588 18196 15546  1 47 26 27  0  0
procs -----------memory---------- ---swap-- -----io---- -system-- -------cpu-------
 r  b   swpd   free   buff  cache   si   so    bi    bo   in   cs us sy id wa st gu
 2  0 1048576  74776   2172  56664 51248 39468 69604 39468 15575 15264  1 46 32 21  0  0
 1  1 1048572  72112   2172  56300 53764 26628 53764 26628 12214 16434  1 40 42 17  0  0
 1  0 1048572  64548   2180  56136 58124 17592 58124 17604 18030 17792  1 41 33 25  0  0
 0  1 1048572  84852   2168  39424 51100 38464 51100 38464 13312 15823  1 45 35 19  0  0
 0  0 1048572  69228   2168  38920 56912 29140 56912 29140 12465 17193  1 41 43 16  0  0
 0  1 1048572  67320   2168  38240 58008 25056 58008 25056 14922 17208  1 41 37 21  0  0
 1  0 1048572  72556   2308  41844 53572 30280 57876 30280 12482 16259  1 41 41 16  0  0
 0  1 1048572  67676   2308  41576 56216 20756 56216 20756 14830 17217  1 39 40 20  0  0
 0  1 1048572 117232   2228  48536 42096 65904 53320 65924 14011 13037  1 57 19 23  0  0
 2  0 1048572  71164   2156  60480 56500 10912 64442 10916 10605 17296  1 42 43 15  0  0
 1  0 1048572  82672   2156  59088 52688 33356 52828 33356 12629 15969  1 45 37 17  0  0
 1  0 1048572  66308   2156  58072 57852 17380 57852 17380 12154 17668  1 38 45 16  0  0
 2  0 1048584  65832   2156  56840 52592 31532 52592 31532 11989 16516  1 42 40 17  0  0
 1  0 1048572  88780   2148  51952 47712 45348 48448 45348 18018 14728  1 49 24 26  0  0
 0  1 1048572  86848   2156  50876 56544 23396 56544 23416 19447 17034  1 44 28 27  0  0
 0  1 1048572  77128   2156  49664 55908 20948 55908 20948 15400 16598  1 40 36 23  0  0
 0  1 1048572  77688   2156  48252 54304 23888 54416 23900 17908 16566  1 38 36 25  0  0
 0  0 1048572  68320   2156  47032 52428 33004 52432 33004 18776 15848  2 43 28 27  0  0
 1  0 1048572  98212   2156  40308 48212 47744 48212 47748 13066 14551  1 48 29 23  0  0
 0  1 1048572  87228   2148  40140 58648 21548 58652 21548 15909 17232  1 40 38 21  0  0
 0  1 1048572  76668   2156  39888 55756 21032 55756 21044 19172 16338  1 43 29 27  0  0
procs -----------memory---------- ---swap-- -----io---- -system-- -------cpu-------
 r  b   swpd   free   buff  cache   si   so    bi    bo   in   cs us sy id wa st gu
 3  0 1048580  81124   2164  39336 52992 26148 53024 26148 18872 15958  1 45 26 28  0  0
 1  0 1048572  89100   2116  35288 47552 37856 47552 37860 17146 14187  1 49 24 25  0  0
 1  0 1048572  71948   2116  35252 56376 24880 56380 24884 16843 16520  1 41 33 26  0  0
 1  0 1048572  77252   2116  35008 48872 23884 48876 23888 13776 14192  1 41 35 23  0  0
 1  0 1048572  88440   2120  52404 49700 33156 67588 33156 14449 14773  1 44 35 20  0  0
 0  1 1048572  75628   2128  52224 44944 14500 44944 14512 13413 13401  1 35 38 25  0  0
 1  0 1048572  75880   2124  35616 45980 24644 45980 24648 12915 13922  1 38 39 22  0  0
 1  0 1048572  69392   2124  35392 49376 31280 49376 31280 11741 14459  1 38 41 20  0  0
 1  0 1048572  77108   2124  35224 51124 26672 51124 26672 15909 15208  1 39 35 26  0  0
 1  0 1048572  65868   2120  43916 52816 23540 61596 23540 14058 15579  1 38 38 24  0  0
 0  1 1048572  68736   2120  43536 50796 25056 50796 25056 16143 15449  1 41 34 24  0  0
 1  0 1048600  82180   2128  40744 50696 39724 50696 39744 12844 15176  1 42 35 22  0  0
 1  0 1048572  85052   2128  40232 51636 35328 51640 35328 12948 15231  2 40 37 21  0  0
 1  0 1048572  78904   2124  39900 55316 20368 55316 20368 11418 16472  2 36 45 17  0  0
 1  0 1048572  63620   2124  39444 57240 22300 57240 22300 12482 16689  1 39 44 16  0  0
 1  0 1048572  71996   2412  42652 52032 29016 55820 29016 14570 15690  1 42 35 22  0  0
 3  0 1048572  67124   2408  41060 53756 36336 53756 36336 12426 16176  1 42 39 19  0  0
 1  0 1048572  68496   2344  39884 54364 31520 54364 31532 11916 16283  1 41 41 17  0  0
 1  0 1048572  83112   2192  42780 51836 32112 55352 32112 12161 15666  1 43 39 17  0  0
 1  1 1048572  77792   2192  42436 53740 18508 53740 18508 12188 16064  1 38 43 19  0  0
 1  0 1048572  76208   2192  42160 51704 32156 51704 32156 14229 15562  1 41 36 22  0  0
procs -----------memory---------- ---swap-- -----io---- -system-- -------cpu-------
 r  b   swpd   free   buff  cache   si   so    bi    bo   in   cs us sy id wa st gu
 3  0 1048596  78420   2192  39292 54052 35104 54080 35108 12213 16200  1 41 39 19  0  0
 1  1 1048572  61364   2192  38964 56236 24404 56236 24404 12365 16405  2 39 42 18  0  0
 0  1 1048572  70996   2200  38620 54476 30044 54476 30056 12656 16494  1 40 41 17  0  0
 1  0 1048572  65676   2200  38344 56176 19816 56176 19816 11449 16820  1 39 43 16  0  0
 1  0 1048572  78492   2200  36592 51272 44624 51272 44632 12655 15788  1 43 38 18  0  0
 1  0 1048572  74320   2200  36040 55780 26000 55784 26000 12958 16555  1 37 42 19  0  0
 0  1 1048572  66500   2200  35612 51280 21484 51280 21484 11924 15376  1 35 42 22  0  0
 0  1 1048572  77300   2200  35164 47656 26808 47656 26808 11191 14409  1 37 43 19  0  0
 1  0 1048572  62600   2144  52688 51212 26204 69092 26224 15033 15650  2 40 37 21  0  0
 0  1 1048572  77300   2156  35236 51088 35536 51100 35548 18373 15242  1 42 27 29  0  0
 2  1 1048572  66976   2316  35820 53272 31240 54104 31244 12386 16088  1 40 41 18  0  0
 2  0 1048572  81164   2316  38476 54316 25688 57032 25688 15777 16221  2 43 35 21  0  0
 0  1 1048572  65092   2316  38392 56620 19952 56620 19952 11779 16961  1 38 45 16  0  0
 1  0 1048572  81296   2316  38272 51576 36920 51576 36920 17458 15439  1 47 30 22  0  0
 1  0 1048572  95336   2156  36640 49956 41928 51128 41940 11879 15521  1 46 35 19  0  0
 0  1 1048572  66456   2156  36388 59492 15164 59492 15164 11501 17804  2 37 45 16  0  0
 1  1 1048572  66656   2164  59952 51936 34292 70832 34292 12576 16002  1 44 38 17  0  0
 0  1 1048572  81148   2164  59952 49896 36660 49896 36660 14788 15786  1 45 34 20  0  0
 1  0 1048572  73484   2164  59712 54272 32640 54288 32640 12062 16820  1 43 40 18  0  0
 1  0 1048572  81012   2164  59192 56016 33840 56016 33840 14845 16821  1 44 36 19  0  0
 1  0 1048572  77248   2172  58764 56584 24348 56584 24360 15399 17363  1 41 37 21  0  0
procs -----------memory---------- ---swap-- -----io---- -system-- -------cpu-------
 r  b   swpd   free   buff  cache   si   so    bi    bo   in   cs us sy id wa st gu
 1  0 1048572  71876   2172  58464 55512 24448 55536 24448 15612 16912  1 42 36 20  0  0
 2  0 1048576  72608   2172  58152 54572 31140 54572 31140 17465 16874  1 42 34 23  0  0
 1  0 1048572  69040   2172  56056 52616 34716 52616 34716 15452 15841  1 45 32 21  0  0
 1  0 1048572  82336   2320  58844 52468 40064 56776 40064 12799 16284  1 45 37 17  0  0
 0  1 1048572  74732   2320  58180 56748 21772 56748 21772 15528 17162  1 40 37 22  0  0
 1  0 1048572  82912   2328  57320 53192 31732 53192 31744 16748 16255  1 44 33 23  0  0
 2  1 1048572  81180   2328  55548 51988 36068 52073 36068 15811 15903  1 42 35 23  0  0
 3  1 1048572  64568   2240  90048 41796 36540 66671 36540 11766 12670  2 78  2 18  0  0
 1  0 1048572  86184   2240  88048 56996 32124 56996 32124 12736 17320  2 41 40 17  0  0
 0  1 1048572  74448   2240  86628 58188 21264 58188 21264 12437 17707  1 40 43 16  0  0
 1  0 1048572  74084   2240  85200 55532 32044 55532 32044 12987 17029  1 43 41 16  0  0
 2  0 1048592  82876   2156  71812 54684 33884 54684 33896 14318 16550  1 43 36 20  0  0
 0  1 1048572  66772   2156  83340 53860 33604 71740 33604 12204 16227  1 43 39 17  0  0
 0  1 1048572  83728   2156  85808 54928 34536 62440 34536 13772 16362  1 43 38 19  0  0
 1  0 1048572  67204   2156  84104 58156 20916 58156 20916 15180 17856  1 40 39 20  0  0
 0  1 1048572  72080   2156  81908 52740 32116 52740 32116 13368 16417  1 45 38 16  0  0
 0  1 1048572  65844   2132  56572 58220 21192 58220 21192 15273 17433  1 40 38 21  0  0
 3  0 1048576  77552   2140  51228 54424 42524 54424 42536 17828 16031  1 47 29 23  0  0
 1  0 1048572  80696   2148  47788 58332 27992 58340 27992 13197 17058  1 42 39 18  0  0
 1  0 1048572  76156   2140  45388 58344 24584 58344 24584 14809 17126  1 41 38 20  0  0
 0  1 1048572  62800   2096  43452 57140 30484 57140 30488 12105 16538  1 42 40 17  0  0
procs -----------memory---------- ---swap-- -----io---- -system-- -------cpu-------
 r  b   swpd   free   buff  cache   si   so    bi    bo   in   cs us sy id wa st gu
 3  0 1048572  72980   2096  38016 56160 39592 57296 39592 12734 16343  1 44 38 17  0  0
 1  0 1048572  64168   2084  37392 61600 24172 61600 24172 14646 16971  2 41 39 19  0  0
 1  0 1048572  67312   2236  36900 57484 26792 57628 26804 18752 16194  1 44 30 26  0  0
 1  0 1048572  71140   2164  36412 54112 26556 54112 26556 14725 15866  1 43 35 21  0  0
 1  0 1048572  64352   2168  32204 56752 37088 56756 37096 18388 16211  1 47 28 24  0  0
 1  0 1048572  78152   2168  32128 55216 33848 55220 33848 17173 15479  1 46 28 24  0  0
 2  0 1048572  88240   2160  32560 57688 32084 58164 32088 14951 16475  1 44 36 19  0  0
 0  1 1048572  72644   2172  32456 56992 21076 57008 21076 19382 16365  2 44 28 26  0  0
 1  0 1048572  67652   2180  33168 57472 21388 58148 21408 17507 17043  1 42 34 23  0  0
 1  0 1048572  70104   2180  33024 52156 41892 52156 41904 14930 15134  1 47 32 20  0  0
 1  0 1048572  81828   2180  32920 54372 34068 54376 34068 15938 15868  1 45 33 21  0  0
 1  0 1048572  66040   2180  32824 59944 20244 59944 20244 11968 17444  1 40 44 15  0  0
 1  0 1048572  67836   2192  37268 55908 30536 60652 30536 12387 16583  1 46 39 14  0  0
 2  0 1048572  75072   2276  40340 53088 37584 56284 37588 12164 15654  1 44 38 17  0  0
 3  1 1048572  74316   2260  53184 49588 34592 57790 34604 17340 14884  1 55 20 25  0  0
 0  1 1048572  67960   2684 101976 34060 35128 69238 35128 13071 10650  1 83  5 11  0  0
 1  1 1048572  81920   2844 114988 50232 35268 67084 35268 15972 15687  1 47 33 19  0  0
 2  0 1048572  63868   2844 115476 46060 27484 47248 27484 12556 14982  1 38 37 24  0  0
 0  1 1048572  99460   2732  77712 53976 29048 53976 29048 19908 16802  1 45 26 28  0  0
 1  0 1048572  71300   2724  74832 57264 17812 57264 17824 18253 17464  1 41 34 24  0  0
 3  0 1048572  82996   2260  71524 53420 38092 53420 38092 13671 16087  1 46 37 17  0  0
procs -----------memory---------- ---swap-- -----io---- -system-- -------cpu-------
 r  b   swpd   free   buff  cache   si   so    bi    bo   in   cs us sy id wa st gu
 1  0 1048572  72460   2204  71552 57000 22384 58536 22384 13343 17005  1 40 42 17  0  0
 2  0 1048572  75208   2204  69948 59024 26088 59036 26088 14696 17681  1 42 40 17  0  0
 3  0 1048572  81596   2180  59196 54164 36512 54164 36512 12206 16098  1 45 38 16  0  0
 1  0 1048572  74772   2168  56544 55660 32092 55660 32092 13591 16539  1 44 35 19  0  0
 1  0 1048572  79108   2172  52924 56480 32052 56480 32064 12070 16356  1 43 40 16  0  0
 1  0 1048572  75060   2172  49564 58680 26280 58680 26280 12580 16919  1 42 42 15  0  0
 3  0 1048572  77708   2172  46140 54164 36116 54164 36116 12905 15905  1 45 39 15  0  0
 1  0 1048572  65444   2840  35820 56504 29876 57316 29880 12665 16541  2 42 41 16  0  0
 1  1 1048572  80532   2728  34576 60464 30056 60468 30056 16234 16581  1 45 35 20  0  0
 1  0 1048572  80820   2652  33552 59020 25720 59020 25720 12407 17028  1 42 42 15  0  0
 2  0 1048572  74448   2588  33180 58420 19876 58420 19888 15478 17111  1 42 36 20  0  0
 3  0 1048608  73448   2108  33356 54880 35208 56128 35212 17969 15899  2 47 28 24  0  0
 2  1 1048572  78260   2100  33360 54224 38632 54228 38632 18418 15286  1 49 23 27  0  0
 2  0 1048576  76716   4060  69472 48436 43916 92536 43916 16769 13941  3 55 22 20  0  0
 1  0 1048572  70952   3944  60976 59160 18988 59160 18988 19352 17749  1 43 30 27  0  0
 2  0 1048584  81584   3940  59736 53140 34320 53140 34320 14539 16026  1 44 36 19  0  0
 3  0 1048572  80060   2632  59208 53276 35772 53280 36040 17462 15426  1 49 26 24  0  0
 0  1 1048572  78668   2632  58744 55788 27852 55792 27852 19090 16154  1 46 26 27  0  0
 1  0 1048572  82032   2632  58140 56928 23984 56928 23984 14989 16560  1 42 37 20  0  0
 2  0 1048572  85868   2632  57376 59276 26372 59276 26372 13075 17514  2 42 42 15  0  0
 0  1 1048572  79204   2468  57200 52960 35380 52960 35380 16204 15746  1 47 30 23  0  0
procs -----------memory---------- ---swap-- -----io---- -system-- -------cpu-------
 r  b   swpd   free   buff  cache   si   so    bi    bo   in   cs us sy id wa st gu
 2  0 1048572  76048   2424  77280 50760 41124 71812 41124 12883 15150  2 46 33 19  0  0
 3  0 1048572  69132   2356  77152 57072 27888 57076 27940 15970 17137  1 42 36 21  0  0
 0  0 1048572  72644   2264  76792 57648 31104 58108 31136 12603 16930  1 42 42 15  0  0
 1  0 1048572  64800   2220  76108 58284 23796 58288 23796 16232 17376  1 41 36 22  0  0
 0  1 1048572  78880   2192  55472 54304 37976 54304 37992 12920 15813  1 47 34 18  0  0
 1  0 1048572  77756   2204  53500 57304 28644 57320 28644 13737 16590  1 41 38 20  0  0
 0  1 1048572  64016   2204  52152 60732 22748 60732 22748 17388 17187  1 43 33 23  0  0
 1  0 1048572  63752   2204  50356 57440 26252 57440 26252 14671 16897  1 44 37 18  0  0
 1  0 1048572  76564   2212  48636 54508 30528 54508 30540 14746 15828  1 45 36 18  0  0
 1  0 1048572 130736   2120  36060 47416 63600 47416 63604 13897 14382  1 55 25 19  0  0
 1  0 1048572  63200   2120  37284 66300    0 67524     0 20985 18842  2 34 34 31  0  0
 0  1 1048572  70964   2260  36960 56284 35128 56432 35132 15164 15882  1 46 35 18  0  0
 0  0 1048572  68904   2260  36684 58128 28476 58132 28476 14103 16338  2 46 35 17  0  0
 1  0 1048572  72804   2260  36504 55852 35104 55852 35104 14586 16053  1 45 38 17  0  0
 2  0 1048592  77412   2236  35360 59124 36580 59124 36592 12957 16850  2 44 40 15  0  0
 1  0 1048572  72876   2212  35028 58468 25928 58468 25928 14548 16868  1 42 39 18  0  0
 1  0 1048572  84212   2176  34508 57748 28772 57748 28772 20411 16795  1 46 26 27  0  0
 0  1 1048572  68356   2172  34192 60316 20792 60316 20792 15399 17823  1 40 40 20  0  0
 1  0 1048572 106380   2152  32028 48640 61892 48640 61896 13468 14661  1 51 28 20  0  0
 1  1 1048572  66412   2152  31872 66772 16176 66776 16180 12055 18847  1 38 46 15  0  0
 1  0 1048572  78580   2164  31856 59528 27104 59536 27116 12625 17135  1 41 42 16  0  0
procs -----------memory---------- ---swap-- -----io---- -system-- -------cpu-------
 r  b   swpd   free   buff  cache   si   so    bi    bo   in   cs us sy id wa st gu
 1  0 1048572  84516   2164  33520 57364 31980 59100 31980 15928 17002  1 45 35 19  0  0
 1  0 1048572  86688   2164  31836 54792 34336 54792 34340 15887 16413  1 44 33 21  0  0
 2  0 1048588  70056   2164  31840 61208 31300 61212 31300 12847 17815  1 41 42 15  0  0
 1  0 1048572  71064   2168  51976 54772 31388 74916 31392 12357 16295  1 43 41 15  0  0
 1  0 1048572  71396   2176  51976 57488 25932 57492 25948 19953 17136  1 45 29 25  0  0
 2  0 1048584  77436   2176  51976 54860 37164 54864 37168 15518 16561  1 45 36 19  0  0
 1  0 1048572  82556   2156  35872 56540 36608 56544 36612 12579 16692  2 43 38 18  0  0
 1  0 1048572  64240   2152  35840 63924 18176 63928 18176 12388 18903  1 38 46 15  0  0
 0  1 1048568  73952   2252  38892 57252 30400 60572 30400 12919 16931  1 43 41 15  0  0
 0  1 1048572  67232   2260  39008 58192 24864 58716 24876 16468 17515  1 43 36 21  0  0
 3  0 1048572  80020   2140  35708 56428 43128 56428 43128 15545 16597  2 48 32 19  0  0
 2  0 1048580  76836   2140  35200 57256 32076 57256 32080 13316 16992  1 42 41 16  0  0
 5  0 1048572  77024   2140  41420 55120 29492 59726 29492 13511 16356  2 46 37 15  0  0
 3  0 1048584  70572   2140  46508 56652 25284 60136 25284 14106 16793  1 45 37 17  0  0
 1  0 1048572  69344   2112  44516 55520 36604 55520 36604 17395 16746  1 47 30 23  0  0
 1  0 1048572  87572   2116  41188 56072 44748 56280 44760 17522 16496  1 46 32 21  0  0
 1  0 1048572  80860   2116  39376 59728 19620 59728 19620 20052 18123  2 41 32 25  0  0
 0  1 1048572  76004   2116  37740 60448 23096 60448 23096 16835 17893  1 43 35 21  0  0
 1  1 1048572  79080   2116  36420 58024 33916 58200 33916 16794 17479  1 46 33 20  0  0
 1  0 1048572  86868   2088  32124 54924 39072 54936 39076 18787 16638  1 45 28 25  0  0
 0  1 1048572  67272   2088  32048 62972 21700 62976 21704 16318 18622  1 40 37 21  0  0
procs -----------memory---------- ---swap-- -----io---- -system-- -------cpu-------
 r  b   swpd   free   buff  cache   si   so    bi    bo   in   cs us sy id wa st gu
 0  1 1048572  67848   2100  40684 56728 32420 65456 32432 15052 16979  1 44 38 17  0  0
 1  0 1048572  78484   2100  40624 57688 33552 57688 33560 14719 17385  2 43 39 16  0  0
 1  0 1048572 118672   2100  38196 49420 58620 49424 58624 14328 15083  1 50 30 19  0  0
 1  0 1048572  76404   2244  38060 65908 10448 66056 10452 12281 19564  2 37 47 15  0  0
 2  0 1048572  81040   3076  38184 60000 29640 61000 29640 13912 18415  2 43 39 16  0  0
 1  0 1048572  73448   3028  60116 55136 32008 77684 32028 13734 16880  1 45 36 17  0  0
 1  0 1048572 110264   2852  45164 51404 48260 51404 48260 14687 16064  1 50 29 20  0  0
 1  0 1048572  75664   2816  44872 62440 17452 62440 17464 21529 18822  1 39 31 28  0  0
 1  0 1048572  77616   2804  45488 58816 26492 60172 26496 20729 17574  1 45 27 27  0  0
 2  0 1048576  74952   2708  44720 59316 26620 59336 26620 18302 18024  1 44 32 23  0  0
 3  1 1048572  60888   2648  44268 56876 33432 56876 33432 12897 17455  1 43 42 15  0  0
 1  0 1048572  76496   2260  37540 55288 35496 55288 35508 17246 16819  2 45 30 24  0  0
 0  1 1048572  83820   2260  36708 58604 32568 58604 32568 19254 17595  1 46 29 25  0  0
 0  1 1048572  66952   2236  36136 61088 22944 61088 22944 13863 18288  2 41 41 16  0  0
 1  0 1048572  77396   2200  35396 57108 35800 57108 35800 17664 17308  1 46 34 20  0  0
 1  0 1048572  84836   2168  32316 54328 45240 54328 45240 16155 16419  1 47 29 23  0  0
 1  0 1048572  75524   2176  32152 62272 24428 62280 24432 13380 18598  1 41 42 16  0  0
 0  1 1048568  69800   2316  36300 61092 22980 65460 22996 17137 18335  2 42 36 21  0  0
 1  0 1048572  82456   2320  36532 57700 33648 58056 33652 13719 17784  1 44 40 15  0  0
 1  0 1048572  68308   2304  36404 58284 30044 58288 30048 15487 17533  2 44 35 20  0  0
 1  0 1048572  69616   2168  36376 58608 34348 58612 34348 12848 17600  1 43 41 15  0  0
procs -----------memory---------- ---swap-- -----io---- -system-- -------cpu-------
 r  b   swpd   free   buff  cache   si   so    bi    bo   in   cs us sy id wa st gu
 2  0 1048572  71128   2172  36372 58156 30692 58180 30700 13109 17514  2 42 41 15  0  0
 0  1 1048572  71964   2176  36400 60892 23464 60892 23468 13276 18711  1 42 43 15  0  0
 1  0 1048572  64236   2176  36400 54952 32920 54952 32920 19075 16920  2 45 28 25  0  0
 1  0 1048572  67460   2164  36328 56136 41204 56136 41208 18823 16748  1 47 28 25  0  0
 3  0 1048576  84284   2164  35684 59736 31612 59740 31612 15704 17833  1 43 37 19  0  0
 1  0 1048572  75860   2164  35348 58696 22600 58696 22600 20780 18103  1 42 30 27  0  0
 2  1 1048572  64164   2172  53624 52248 40108 71012 40120 15925 16076  1 47 32 20  0  0
 1  0 1048572  77520   2168  36836 58956 31184 58960 31184 14512 18163  1 42 38 19  0  0
 3  0 1048572  66504   2168  36604 60544 23084 60544 23084 21267 18518  2 42 29 28  0  0
 1  0 1048572  77236   2164  36572 58660 30824 58660 30824 16206 17967  1 44 37 19  0  0
 1  0 1048572  65256   2164  36572 59164 20616 59164 20616 12249 18416  2 40 44 15  0  0
 1  0 1048572  76120   2160  33684 54456 42624 54456 42628 13355 16629  1 46 38 16  0  0
 2  0 1048572  68308   2168  33656 58012 30924 58016 30940 18426 17736  1 42 32 25  0  0
 1  0 1048572  69172   2168  33360 59864 30572 59868 30576 16914 18329  2 43 35 21  0  0
 1  0 1048572  76892   2168  33100 57460 29624 57464 29624 15534 17668  1 41 40 18  0  0
 0  1 1048572  69564   2168  32052 58264 34224 58264 34224 12755 17933  1 42 41 16  0  0
 1  0 1048572  78796   2168  31972 56856 36596 56856 36596 15753 17009  1 45 34 20  0  0
 1  1 1048572  71544   2180  31908 59684 23252 59688 23264 12861 18167  1 41 43 15  0  0
 1  0 1048572  70176   2180  31844 58432 26036 58432 26036 13507 17955  2 41 42 16  0  0
 3  1 1048580  78796   2176  31796 55120 40296 55120 40300 13540 17286  1 44 39 16  0  0
 0  1 1048572  81528   2176  31780 55768 34488 55772 34492 16469 17010  1 45 32 22  0  0
procs -----------memory---------- ---swap-- -----io---- -system-- -------cpu-------
 r  b   swpd   free   buff  cache   si   so    bi    bo   in   cs us sy id wa st gu
 3  0 1048572  62184   2176  33460 62588 20892 64276 20892 16400 19099  1 39 40 19  0  0
 0  1 1048572  63112   2176  33948 55888 30920 56376 30928 13325 17193  1 45 40 14  0  0
 0  1 1048572  71844   2184  33948 56240 34868 56244 34900 15902 17521  1 45 36 18  0  0
 1  0 1048572  80532   2164  32212 56468 38248 56472 38252 15996 17109  1 46 35 19  0  0
 1  0 1048572  81496   2164  39772 57796 30528 65444 30532 19116 17704  1 46 29 24  0  0
 1  1 1048572  64672   2444  43148 58936 21268 62668 21272 15212 18642  1 41 39 18  0  0
 1  1 1048576  68148   2444  43680 57168 35136 57696 35140 14587 18089  1 44 38 17  0  0
 1  0 1048572  69556   2180  60280 51804 42848 83032 42864 18732 16005  1 50 24 25  0  0
 0  1 1048572  89288   2172  59160 55732 35948 55736 35948 13474 17592  1 42 39 17  0  0
 1  0 1048572  68504   2172  58464 62036 17900 62036 17900 17956 19266  1 39 37 23  0  0
 2  0 1048572  70404   2172  97704 40068 47240 65080 47240 16466 11482  3 83  1 13  0  0
 1  0 1048572  79344   2112  86728 52548 37296 52564 37300 20029 17277  1 46 25 28  0  0
 2  0 1048572  73520   2120  85460 57920 23564 57920 23576 20003 18414  1 43 31 25  0  0
 1  0 1048572  67684   2120  83072 57268 27604 57268 27604 19235 18058  1 45 31 23  0  0
 1  1 1048572  66700   2272  81548 58316 26112 58468 26112 17656 18172  1 44 34 21  0  0
 1  0 1048572  81784   2272  80912 51472 43124 52640 43124 13502 16546  1 49 35 16  0  0
 1  1 1048572  64952   2272  79256 57316 33488 57316 33488 13162 17590  1 43 41 15  0  0
 1  0 1048572  82388   2104  48500 59756 24756 59756 24756 21296 18019  2 47 26 25  0  0
 2  0 1048576  77304   2112  51376 58744 27548 65888 27568 19675 17746  1 47 27 25  0  0
 1  0 1048572  77428   2112  48364 58664 28708 58668 28708 12782 17795  1 41 42 16  0  0
 1  0 1048572  70872   2112  44712 57552 38344 60524 38344 13930 16655  2 45 38 16  0  0
procs -----------memory---------- ---swap-- -----io---- -system-- -------cpu-------
 r  b   swpd   free   buff  cache   si   so    bi    bo   in   cs us sy id wa st gu
 1  0 1048572  65396   2116  43180 60628 33328 61716 33328 16706 17815  1 44 35 21  0  0
 1  0 1048572  82260   2932  42044 57932 32256 58808 32256 20004 17145  1 46 26 27  0  0
 1  0 1048572  65544   2932  41456 62968 20916 62968 20916 13029 18597  1 39 45 15  0  0
 0  1 1048572  83684   2940  40572 56912 32608 56912 32620 13218 17181  1 44 39 16  0  0
 1  1 1048572  64724   2920  38636 60692 27704 62724 27708 16065 18159  1 44 37 18  0  0
 1  0 1048572  78020   2780  37912 54576 46096 54580 46096 14529 16201  2 47 33 18  0  0
 2  0 1048580  72192   2656  37332 61688 29360 61688 29360 16224 18092  1 43 36 19  0  0
 1  0 1048572  69804   2584  56776 57108 35264 72248 35264 14905 17003  1 47 36 17  0  0
 3  0 1048572  65860   2120  53132 58032 40904 58032 40904 15749 17037  1 46 32 21  0  0
 1  0 1048572  76608   2280  52980 59400 32584 59552 32596 21070 18107  1 43 26 30  0  0
 2  1 1048600  73332   2556  71692 57152 32672 76520 32672 18239 17241  1 46 31 22  0  0
 1  0 1048572  64224   2556  71420 64112 22056 64112 22056 13199 19106  1 40 44 15  0  0
 1  0 1048572 124388   2476  56012 49412 60252 49412 60256 15416 15093  1 56 23 20  0  0
 0  1 1048572  83908   2468  55152 65100 11368 65104 11368 22200 19791  1 38 32 29  0  0
 1  0 1048572  80696   2432  56036 59864 31248 62960 31248 13011 17816  1 43 40 16  0  0
 1  0 1048572  84720   2364  54416 59932 33360 60456 33372 14505 17906  1 44 38 17  0  0
 1  0 1048572  79848   2324  52356 60120 29720 60120 29720 15998 17741  1 42 35 22  0  0
 2  0 1048572  67644   2240  55924 54552 32480 65703 32484 14075 16351  1 54 28 17  0  0
 0  1 1048572  67176   2240  80220 49408 48064 70896 48064 18513 14014  1 64 15 20  0  0
 1  0 1048572  62704   2160  78576 60892 23760 60892 23760 20180 18195  2 43 29 26  0  0
 4  0 1048584  70812   2160  76724 60500 28672 60500 28672 15038 17732  1 44 38 17  0  0
procs -----------memory---------- ---swap-- -----io---- -system-- -------cpu-------
 r  b   swpd   free   buff  cache   si   so    bi    bo   in   cs us sy id wa st gu
 1  0 1048572  80976   2160  67060 53920 43424 54000 43444 18197 16068  2 48 26 25  0  0
 0  1 1048572  74984   2148  63044 60584 29580 60584 29580 13055 17987  1 41 42 16  0  0
 3  0 1048572  70116   2148  65704 58268 24860 63602 24860 12806 16626  1 44 40 16  0  0
 0  1 1048572  79704   2148  73868 47396 30484 54456 30484 16105 13603  1 57 20 23  0  0
 1  0 1048572  75420   2148  72940 52848 24548 52848 24548 12006 15978  2 38 43 18  0  0
 1  0 1048572 112876   2100  62856 49576 54920 49576 54920 15846 15219  1 52 25 22  0  0
 1  0 1048572  73620   2108  62328 66688 12312 66688 12324 21076 19953  1 37 36 27  0  0
 3  0 1048576  73468   2112  68232 57212 39668 64456 39668 13740 16674  1 44 39 16  0  0
 1  0 1048572  75608   2112  67484 59060 29660 59060 29660 18725 17355  1 45 30 23  0  0
 3  0 1048584  78144   2112  66784 59232 39336 59232 39336 13509 17521  1 45 38 17  0  0
 1  0 1048572  77604   2104  58360 59892 33136 59892 33144 16114 17148  2 43 34 21  0  0
 1  0 1048572  75720   2104  55092 62068 25144 62072 25148 18196 17999  1 43 33 24  0  0
 2  0 1048572  69528   2112  52268 62192 24292 62196 24324 20132 17883  1 42 31 26  0  0
 1  0 1048572  68960   2112  50148 61612 28692 61616 28696 17977 18134  1 44 31 24  0  0
 2  0 1048584  71868   2116  55448 51276 45164 82800 45168 17868 14581  2 51 22 26  0  0
 1  0 1048572  82508   2116  54276 58720 34928 58724 34928 19606 16634  1 48 25 26  0  0
 1  0 1048572  65124   2116  53836 62460 23292 62460 23292 20861 17846  1 43 28 28  0  0
 1  0 1048572  78940   2124  53032 58724 32528 58724 32540 19285 16987  1 45 29 25  0  0
 1  0 1048572  81428   2116  48016 58108 38296 58108 38300 17227 16864  1 46 30 23  0  0
 1  0 1048572  74664   2124  49168 62236 32544 63468 32548 16508 17825  2 43 34 22  0  0
 3  0 1048572  70512   2124  49140 61952 27820 61952 27820 20674 17770  1 45 26 28  0  0
procs -----------memory---------- ---swap-- -----io---- -system-- -------cpu-------
 r  b   swpd   free   buff  cache   si   so    bi    bo   in   cs us sy id wa st gu
 3  0 1048572  75112   2124  49644 60752 28304 61324 28304 16191 17568  1 44 34 22  0  0
 1  0 1048572  70164   2124  49624 58084 32068 58084 32068 20119 17337  1 46 25 28  0  0
 1  0 1048568  94908   2260  36888 54932 48076 58888 48096 16040 15733  1 49 29 21  0  0
 3  0 1048572  62760   2548  37416 65816 18196 66632 18196 21502 18867  1 41 29 29  0  0
 1  0 1048572  81156   2552  37400 51512 28416 51516 28420 15118 14898  1 41 34 24  0  0
 2  0 1048576  63264   2552  37404 56112 21524 56116 21524 18907 16215  2 41 28 29  0  0
 2  0 1048572  61264   2552  37404 53732 31496 53732 31496 14121 15786  1 44 33 22  0  0
 0  1 1048572  86396   2544  36688 47848 40244 47848 40248 11571 14450  1 43 34 22  0  0
 1  0 1048572  74304   2528  36516 56476 25568 56480 25584 11757 16423  1 40 43 16  0  0
 0  1 1048572  63476   2404  36348 49708 21860 49712 21864 10911 14946  1 37 43 20  0  0
 0  1 1048572  77876   2208  36348 47228 22124 47232 22128 13901 13912  1 35 39 25  0  0
 1  0 1048572  76508   2184  36352 46652 27436 46656 27436 14594 13749  1 39 34 26  0  0
 1  1 1048572  82640   2128  36232 51816 38964 51816 38968 12569 15306  2 41 38 20  0  0
 1  0 1048572  79532   2136  35940 62272 27452 62664 27464 12589 18013  1 41 41 17  0  0
 1  0 1048572  72616   2136  35396 60716 27228 60716 27228 12414 17519  1 42 42 15  0  0
 1  0 1048572  75136   2292  34916 60612 30216 60768 30216 13341 18104  1 42 42 15  0  0
 1  0 1048572  70092   2276  32460 57260 32828 57260 32832 17176 16743  1 45 34 20  0  0
 0  1 1048572  62960   2236  50344 54160 38044 72044 38048 13403 16266  2 44 38 17  0  0
 0  1 1048572  74048   2208  50336 58128 33368 58136 33384 13147 17722  1 42 41 16  0  0
 2  0 1048580  62204   2888  50776 60380 26100 61508 26100 13134 18488  1 41 42 16  0  0
 0  1 1048572 117492   2836  35496 50760 55868 50760 55872 13534 15962  2 47 32 20  0  0
procs -----------memory---------- ---swap-- -----io---- -system-- -------cpu-------
 r  b   swpd   free   buff  cache   si   so    bi    bo   in   cs us sy id wa st gu
 1  0 1048572  79188   2804  36492 65436 15324 66564 15324 12620 19375  2 37 47 15  0  0
 1  0 1048572  80092   2668  37064 60076 27996 60716 27996 13081 17856  1 41 43 15  0  0
 0  1 1048572  69760   2580  36924 61996 21004 61996 21016 12876 18854  1 40 44 15  0  0
 1  0 1048572  74800   2452  36740 56052 37732 56052 37732 13292 17158  1 44 37 18  0  0
 2  1 1048628  75724   2220  32824 58416 34740 58424 34748 12755 17600  2 41 42 16  0  0
 1  0 1048572  80776   2220  32592 57348 35544 57352 35548 16072 17174  0 43 36 20  0  0
 0  1 1048572  75176   2220  32444 61464 24068 61468 24068 12950 18463  1 39 44 16  0  0
 1  0 1048572  74968   2220  32652 58116 34336 58508 34336 16165 17468  1 44 34 21  0  0
 1  0 1048572  73248   2164  32124 56608 36984 56608 37016 15720 17250  1 42 35 22  0  0
 0  1 1048572  79528   2164  32116 60512 30980 60512 31004 17548 17889  1 44 34 21  0  0
 1  0 1048572  75348   2164  39668 60612 26716 68244 26716 14219 17933  1 41 40 18  0  0
 1  1 1048568  68188   2304  43128 59312 23816 62992 23816 16312 18627  2 41 37 21  0  0
 1  0 1048572  75364   2304  43008 52572 43116 53096 43116 19082 16244  1 46 26 28  0  0
 3  0 1048576  64396   2224  48276 59712 33140 65588 33144 19810 18146  1 46 26 28  0  0
 1  0 1048572  80460   2232  52308 57128 31992 61780 32004 16287 17538  2 43 35 21  0  0
 0  1 1048572  63168   2232  51928 58920 24612 58920 24612 13025 18519  1 42 42 16  0  0
 2  0 1048588  97752   2232  49416 52892 51408 52892 51408 17060 16524  1 49 27 22  0  0
 1  0 1048572  66684   2232  49416 60848 20588 60848 20588 12331 18831  1 38 43 19  0  0
 1  0 1048572  66508   2232  64080 57512 30084 72700 30084 13083 17867  1 42 41 16  0  0
 0  1 1048572  69376   2240  65404 56708 28036 60104 28048 17387 17711  1 43 35 21  0  0
 1  0 1048572  67724   2240  64676 54700 33072 54700 33072 15727 17188  1 45 35 19  0  0
procs -----------memory---------- ---swap-- -----io---- -system-- -------cpu-------
 r  b   swpd   free   buff  cache   si   so    bi    bo   in   cs us sy id wa st gu
 1  0 1048572  72284   2164  57168 51716 32552 60834 32552 14471 16047  1 49 33 18  0  0
 0  1 1048572  79724   2152  53404 57968 37936 57976 37936 13587 17809  1 45 39 16  0  0
 1  0 1048572  65728   2112  51632 62332 21776 62332 21776 12976 18786  1 38 45 16  0  0
 0  1 1048572  78568   2112  49400 59096 29956 59096 29956 13242 18153  1 42 42 15  0  0
 1  0 1048572  73840   2116  41888 55892 35488 56096 35500 15892 17145  1 44 33 22  0  0
 1  0 1048572  74804   2116  40068 56468 37936 56468 37936 19731 16960  1 45 24 29  0  0
 0  1 1048572  65792   2116  38948 60972 19072 60972 19072 14704 18515  1 36 43 19  0  0
 1  1 1048572  82360   2116  37676 48412 31416 48412 31416 14973 14637  1 42 31 26  0  0
 1  0 1048572  74704   2116  37676 37504 15852 37504 15852 12344 11357  1 30 18 52  0  0
 0  1 1048572  64012   2116  37676 41156 23832 41156 23832 9618 12788  1 29 45 25  0  0
 0  1 1048572  79688   2120  36116 41092 34284 41092 34304 9954 12742  1 34 41 25  0  0
 0  2 1048572  64304   2120  35580 35592 11932 35596 11932 7819 10823  1 26 46 27  0  0
 0  1 1048572  70696   2120  34724 36564 19020 36564 19020 8518 11293  1 30 42 28  0  0
 1  0 1048572  73036   2120  33992 36672 14780 36672 14780 11693 11359  1 28 41 30  0  0
 0  1 1048572  63712   2120  33384 40284 16864 40284 16864 9289 12371  1 29 45 25  0  0
 0  1 1048572  71272   2120  33144 40240 28592 40240 28592 9937 12422  1 34 41 23  0  0
 0  1 1048572 107664   2120  33076 36760 42164 36760 42184 10194 11643  1 36 35 28  0  0
 0  1 1048572  79312   2276  32952 44320 10928 44480 10928 8901 13651  1 27 47 25  0  0
 1  1 1048572  76348   2276  32756 42012 17516 42012 17516 12602 12688  1 28 41 31  0  0
 1  0 1048572  67792   2276  32616 41240 13780 41240 13780 11895 12717  1 28 43 29  0  0
 0  1 1048568  67992   2412  36288 39480 20740 43472 20740 13486 12308  1 33 36 31  0  0
procs -----------memory---------- ---swap-- -----io---- -system-- -------cpu-------
 r  b   swpd   free   buff  cache   si   so    bi    bo   in   cs us sy id wa st gu
 2  0 1048572  62788   2412  36712 39600 24872 40140 24872 9289 12241  1 32 43 24  0  0
 0  1 1048572  62788   2408  36612 39732 24600 39732 24620 11023 12617  1 32 40 28  0  0
 1  0 1048572  65492   2300  36472 41336 28652 41340 28652 11710 12488  1 33 38 27  0  0
 1  2 1048584  66752   2272  36472 43836 24300 43836 24300 10292 13165  1 32 43 24  0  0
 0  1 1048572  63744   2252  36472 44384 17172 44384 17172 12234 13360  1 30 42 27  0  0
 1  0 1048572  72500   2220  54456 40368 25664 58348 25664 14436 12500  1 34 34 31  0  0
