procs -----------memory---------- ---swap-- -----io---- -system-- -------cpu-------
 r  b   swpd   free   buff  cache   si   so    bi    bo   in   cs us sy id wa st gu
 0  1      0 503956   6244  70716 21022 19911 22677 19939 8268   40  1 31 53 15  0  0
 2  0 278908  76236   3044  54992   96 272756 51472 272756 10260 1265  6 52 27 15  0  0
 2  0 774148  54488   3036  54252  124 500436   804 500432 35121 1477  4 86  2  8  0  0
 2  0 1118884  65440   3036  70896 40764 381044 57740 381048 48377 4588  3 83  4 11  0  0
 1  0 1113180  70116   2260  52048 142120 127160 142344 127160 27174 10736  1 59 28 13  0  0
 1  0 1100148  63264   2136  38896 151448 137008 151472 137220 27833 10076  1 59 28 13  0  0
 1  0 1105988  65448   2144  51820 139368 141264 148764 141352 17938 10359  2 54 31 13  0  0
 2  0 1110944  68932   2140  50404 139420 141456 142312 141540 13059 10073  1 53 32 14  0  0
 2  1 1103624  59328   2140  45812 148256 134836 148280 134836 14634 10997  1 51 32 16  0  0
 1  1 1112128  69796   2140  43936 151400 154028 154128 154028 13060 11010  2 50 33 16  0  0
 2  0 1113796  69180   2428  39476 147552 142396 149244 142396 10286 10913  1 52 31 16  0  0
 0  1 1106348  61300   2236  34760 148724 135996 149096 136020 10950 11069  1 51 30 18  0  0
 1  0 1129228  81568   2212  36788 142672 157504 146180 157504 11410 10577  1 54 27 19  0  0
 1  1 1119544  60972   2208  35816 146752 125908 146772 125908 11926 10876  2 50 30 18  0  0
 1  0 1128968  65124   2204  38820 137536 136340 157156 136340 9461 10456  1 53 31 15  0  0
 2  0 1148556  59224   2204  57452 119172 134104 134753 134104 10484 10045  1 58 26 15  0  0
 3  0 1137884  63676   2204  56532 149680 144436 149937 144452 9900 10768  1 52 31 16  0  0
 0  1 1162684  84100   2156  52196 132888 152620 133116 152636 10641 10756  1 54 27 18  0  0
 1  0 1151804  76512   2148  43124 138384 118340 138428 118344 11967 11334  1 49 32 18  0  0
 1  0 1134240  65700   2148  39564 139032 112708 139584 112708 10595 10795  1 49 33 16  0  0
 1  0 1140544  61964   2148  38296 139292 132112 142312 132112 11100 11806  1 51 32 17  0  0
procs -----------memory---------- ---swap-- -----io---- -system-- -------cpu-------
 r  b   swpd   free   buff  cache   si   so    bi    bo   in   cs us sy id wa st gu
 1  0 1148984  65632   2140  35920 133188 127100 133780 127116 11050 11037  1 51 32 16  0  0
 1  0 1155504  64216   2096  37380 131816 121544 134548 121544 10853 11038  2 51 31 17  0  0
 1  0 1173292  78788   2244  37244 132092 137816 133388 137816 12022 11004  2 54 29 16  0  0
 1  0 1163472  66520   2244  36560 137264 118172 137264 118172 11255 10958  1 49 33 17  0  0
 1  0 1179372  72708   2244  37400 132816 138888 134672 138888 13002 10942  1 56 26 18  0  0
 2  0 1166756  59000   2168  36924 136372 109916 136412 109920 12436 11422  1 51 30 18  0  0
 0  1 1184020  64228   2180  53332 111820 117992 129432 118004 13548 10850  1 54 26 19  0  0
 1  0 1188472  63816   2184  59708 120600 119356 127808 119356 10866 10223  1 57 29 14  0  0
 4  0 1201388  92820   2168  43572 117572 122316 118288 122320 11768 10477  1 54 29 17  0  0
 4  0 1210212  75968   2168  61596 109660 103912 121714 103916 10611 10658  1 60 27 12  0  0
 0  1 1216896  73508   2172  68396 120712 112568 138645 112568 12901 11737  1 78 10 12  0  0
 2  1 1215124  64836   2180  65112 121208 105416 123564 105428 11251 10926  2 51 32 15  0  0
 1  0 1206352  59784   2180  62484 125184 102724 125184 102724 11465 11210  1 51 35 13  0  0
 2  0 1206228  61396   2116  54016 124512 106096 124532 106100 13654 11680  1 52 29 18  0  0
 3  0 1240792 114364   2104  38796 114032 135212 115304 135216 12267 10197  2 58 27 13  0  0
 1  0 1208204  70856   2104  37628 123544 70272 123568 70272 10017 11676  1 47 39 13  0  0
 1  0 1211816  68152   2104  36568 113848 102248 113848 102248 12461 10663  1 52 30 17  0  0
 3  0 1213912  74040   2112  36116 107796 100036 107796 100048 11903 9767  1 56 30 13  0  0
 1  0 1209564  68424   2488  37308 123852 109640 127316 109644 12641 11046  1 54 31 15  0  0
 1  1 1209672  58872   2608  36740 115620 96240 117692 96244 13218 11285  1 53 32 14  0  0
 3  0 1252844  60616   2548  78072 96728 124628 139284 124636 12741 9622  1 59 28 13  0  0
procs -----------memory---------- ---swap-- -----io---- -system-- -------cpu-------
 r  b   swpd   free   buff  cache   si   so    bi    bo   in   cs us sy id wa st gu
 1  1 1276512  70544   3320  83488 37988 53660 44240 53664 16604 13244  2 51 28 19  0  0
 1  1 1281812  75020   3328  83476 38564 35924 38572 35924 17218 14188  1 51 30 18  0  0
 0  1 1280520  72276   3336  83476 38724 29328 38724 29348 13403 13882  0 47 38 15  0  0
 3  0 1279860  70760   3336  83476 35488 27764 35488 27764 13045 13199  1 49 37 13  0  0
 1  0 1281220  66428   2580  83416 36456 30424 36456 30424 14994 13495  1 48 36 15  0  0
 1  0 1279332 108236   2300  45644 34508 25352 34732 25352 11840 12465  0 47 39 14  0  0
 0  1 1249500  71172   2300  45668 37324    0 37344     0 7693 13121  1 33 51 15  0  0
 1  0 1244576  66808   2300  45184 40816 27604 40816 27616 16349 14733  1 48 34 17  0  0
 1  0 1245544  75212   2308  44780 38104 31424 38196 31436 15344 13930  1 50 34 15  0  0
 3  0 1244668  86452   2160  35768 37972 29136 38064 29136 15918 13551  0 49 33 17  0  0
 1  0 1246460  90408   2160  36540 37216 31500 37912 31500 13432 13380  1 49 39 12  0  0
 2  0 1233256  75672   2160  39528 32836 13016 35824 13016 9347 11947  0 42 42 15  0  0
 0  1 1230100  74232   2160  40528 36752 26340 37824 26340 14585 13366  1 46 36 17  0  0
 3  0 1223720  67428   2436  40552 40404 26036 40672 26048 13974 14261  1 51 34 14  0  0
 1  0 1227224  73796   2436  40532 37868 33676 37868 33676 14476 13739  0 49 38 13  0  0
 0  1 1224212  70908   2436  40500 39136 28260 39136 28260 15697 14095  1 49 33 17  0  0
 0  1 1225076  74928   2436  40492 34300 28560 34300 28560 12832 12781  0 47 39 14  0  0
 0  0 1222928  74940   2436  40480 36888 27780 36888 27780 12825 13729  1 48 38 13  0  0
 0  1 1220612  71232   2404  40024 37832 28836 38056 28840 13322 14357  1 45 39 14  0  0
 2  0 1208824  57720   2412  39544 32824 14576 32848 14588 9825 11932  1 42 43 14  0  0
 1  0 1215284  63504   2412  38776 32304 32736 32304 32736 16500 12042  0 51 30 19  0  0
procs -----------memory---------- ---swap-- -----io---- -system-- -------cpu-------
 r  b   swpd   free   buff  cache   si   so    bi    bo   in   cs us sy id wa st gu
 2  0 1216848  68280   2412  44976 36200 31084 43196 31084 13474 13634  1 50 36 14  0  0
 1  0 1214772  63392   2332  44468 37280 28844 37280 28844 13761 14439  0 46 40 13  0  0
 1  0 1216580  72468   2124  40320 36016 31196 36036 31200 15230 13452  1 52 29 18  0  0
 2  0 1205824  61768   2132  40260 40468 22024 40612 22036 14332 14982  1 45 36 18  0  0
 0  1 1215128  76308   2132  39656 33880 37496 33880 37496 14106 13243  1 51 36 13  0  0
 1  0 1204992  65920   2132  39452 29816 14484 29816 14484 9456 11429  1 40 44 15  0  0
 3  0 1207972  60676   2132  41348 33644 30948 35988 30948 13211 13258  1 50 36 14  0  0
 1  0 1206688  71132   2280  42828 33420 26700 35436 26700 12322 13116  1 47 39 13  0  0
 1  0 1200372  67776   2288  42588 38016 24920 38016 24932 16659 14320  1 46 32 22  0  0
 1  0 1199460  69996   2288  42252 34596 28004 34596 28004 14523 13668  1 48 36 16  0  0
 1  0 1236576 112912   2256  42360 22388 55848 24020 55848 14314 9264  1 62 24 14  0  0
 1  0 1210312  78736   2256  42384 37528 5144 37548  5144 10441 14521  1 36 45 18  0  0
 1  0 1198716  69496   2264  42228 36112 18692 36120 18692 15521 14138  1 41 37 22  0  0
 1  0 1195952  67676   2264  41644 36076 27432 36076 27432 14305 14138  1 47 36 17  0  0
 1  1 1193100  66424   2272  41164 28464 21224 28464 21236 13246 11331  1 53 24 22  0  0
 3  0 1192620  69860   2132  38356 32404 26644 32628 26644 15097 12761  1 51 26 22  0  0
 1  0 1210512  93112   2132  38328 29640 42912 29660 42912 13321 11999  1 50 36 14  0  0
 1  0 1193068  72644   2132  38056 36948 14124 36948 14124 10943 14972  0 39 45 16  0  0
 3  0 1190528  75432   2132  37536 33944 25768 33944 25768 11750 13562  1 45 39 16  0  0
 1  0 1188912  76132   2132  36856 32064 25740 32064 25740 13614 12653  1 47 35 18  0  0
 1  0 1177152  63364   2140  36564 30288 14156 30288 14168 14244 12148  1 44 31 25  0  0
procs -----------memory---------- ---swap-- -----io---- -system-- -------cpu-------
 r  b   swpd   free   buff  cache   si   so    bi    bo   in   cs us sy id wa st gu
 1  0 1179724  70000   2140  35944 34448 32144 34448 32144 14020 14135  1 49 33 17  0  0
 1  0 1176220  67688   2140  35520 35956 26996 35956 26996 15904 14437  0 48 32 20  0  0
 0  1 1180068  72332   2132  32296 35184 33760 35204 33760 16520 14294  1 52 24 24  0  0
 2  1 1179188  72280   2132  32268 35536 29356 35556 29356 13079 14398  1 48 34 17  0  0
 1  0 1170488  58468   2132  32236 29616 16532 29616 16532 13419 11864  1 48 28 24  0  0
 1  0 1176280  66184   2140  32204 26796 28516 26796 28528 10521 10842  1 51 33 16  0  0
 1  0 1184576  74492   2148  35104 23460 28184 26392 28184 10259 9677  1 46 38 16  0  0
 3  1 1195984  73872   2148  51512 30260 37068 40182 37068 14162 12159  1 60 26 13  0  0
 2  0 1216564  68288   2116  77076 22648 39832 41482 39840 10993 9207  1 86  4  9  0  0
 2  0 1218992  76060   2116  75584 29828 27988 29852 27988 15915 12043  0 50 25 25  0  0
 4  0 1208904  62844   2116  74276 35128 19928 35128 19928 13698 14279  1 45 35 20  0  0
 1  0 1204668  63016   2124  72996 33344 24420 33344 24440 13406 13647  1 45 36 18  0  0
 3  0 1205400  65052   2124  71200 31364 27684 31364 27684 15844 12846  0 50 26 23  0  0
 1  0 1194776  58452   2124  70428 30268 15700 30268 15700 10706 12510  1 40 41 18  0  0
 1  0 1199640  66020   2124  69144 24800 26428 24800 26428 11502 10504  0 49 33 17  0  0
 0  1 1192072  58232   2676  69144 33800 21988 35376 21988 13598 14164  1 45 35 19  0  0
 0  1 1192460  65084   2776  60492 33180 29204 34132 29204 12015 13801  1 47 36 16  0  0
 2  0 1189692  64348   2740  58096 30860 23532 30860 23544 14045 12469  1 46 34 19  0  0
 1  0 1185076  58176   2684  55752 32828 23920 32828 23920 11787 13612  1 44 40 16  0  0
 0  1 1188872  70568   2620  52252 32836 32044 32836 32044 12309 13450  0 49 36 15  0  0
 1  0 1186888  60844   2584  60464 27516 21828 36607 21828 11005 11397  1 51 33 16  0  0
procs -----------memory---------- ---swap-- -----io---- -system-- -------cpu-------
 r  b   swpd   free   buff  cache   si   so    bi    bo   in   cs us sy id wa st gu
 2  0 1193944  68744   2536  57036 25804 29620 25804 29620 12810 10816  1 52 27 21  0  0
 0  1 1185556  59228   2504  54852 34280 21428 34280 21428 13460 14349  1 45 37 18  0  0
 2  0 1191388  68116   2476  54580 32444 33824 32444 33836 13855 13336  0 51 31 17  0  0
 1  0 1180224  58588   2320  54548 31752 16304 31752 16304 10295 12988  1 42 43 15  0  0
 1  0 1191840  73524   2280  54556 28784 36612 28784 36612 12907 12101  0 52 32 15  0  0
 0  1 1181824  59208   2264  55512 28036 14364 28976 14364 9341 11671  0 41 43 16  0  0
 1  0 1195640  73564   2224  55496 29972 39876 29972 39876 14131 12640  1 53 31 16  0  0
 1  1 1179680  60696   2212  55508 36156 15252 36156 15252 14360 14770  0 41 38 21  0  0
 1  0 1171844  63168   2128  43268 33016 20900 33240 20928 17530 13733  1 45 29 26  0  0
 1  0 1175428  66912   2124  42172 32276 31876 32300 31876 13964 13572  1 48 35 16  0  0
 3  0 1179176  73120   2124  41296 29836 29552 29836 29552 11948 12378  1 46 38 15  0  0
 1  0 1167876  58248   2124  40688 32100 16280 32100 16280 10062 12963  1 39 45 16  0  0
 1  0 1177128  71512   2124  40444 23552 29792 24228 29792 10527 10011  1 50 34 15  0  0
 1  0 1181544  76604   2124  39560 32912 32896 32912 32896 13348 13441  0 50 35 14  0  0
 3  0 1175992  68372   2132  43756 32172 22336 36648 22348 11894 13282  1 44 39 16  0  0
 1  0 1171440  62220   2132  43436 29676 21176 29676 21176 10852 12190  1 43 41 15  0  0
 2  1 1167716  59784   2132  43200 25180 17944 25180 17944 12490 10441  1 45 31 23  0  0
 4  0 1174744  65364   2132  45720 29248 32744 32236 32744 12619 12307  1 48 37 15  0  0
 3  0 1199000  81360   2144  62224 28976 49388 42744 49388 15953 12112  1 57 25 17  0  0
 1  0 1186168  64704   2144  62240 33692 16812 33692 16812 11041 14218  1 41 43 16  0  0
 1  0 1189172  71588   2144  60492 31684 31092 31684 31112 13056 13617  1 49 37 13  0  0
procs -----------memory---------- ---swap-- -----io---- -system-- -------cpu-------
 r  b   swpd   free   buff  cache   si   so    bi    bo   in   cs us sy id wa st gu
 1  0 1187912  68828   2144  59820 31032 25916 31032 25924 14210 13015  0 46 35 19  0  0
 1  0 1194904  73024   2144  59096 27668 30992 27668 30992 13612 11568  1 50 33 16  0  0
 1  0 1197532  76560   2144  58592 25476 25008 25476 25008 10426 10725  1 45 39 14  0  0
 1  0 1187872  64864   2144  60148 34104 20380 36020 20380 11933 14454  0 43 41 15  0  0
 1  0 1190532  59608   2144  61948 29756 28732 31620 28732 12301 12758  1 48 37 15  0  0
 3  0 1188712  67348   2152  61620 29940 24420 29940 24440 11641 12569  1 45 40 15  0  0
 0  1 1190984  71640   2148  61624 31580 30168 31580 30168 13420 13333  1 47 37 16  0  0
 1  0 1180840  60040   2148  61620 32608 18696 32608 18696 11217 13863  1 41 42 16  0  0
 1  0 1186804  69748   2148  61620 25348 28340 25348 28340 10764 10940  0 46 39 15  0  0
 1  0 1175124  58284   2148  61620 29308 14116 29308 14116 9564 12484  1 40 43 16  0  0
 1  0 1184608  71500   2148  61620 30400 36380 30400 36380 13927 13171  1 48 37 15  0  0
 1  0 1170180  71048   2128  47288 32664 14888 32868 14900 10782 14133  1 40 44 16  0  0
 0  1 1196144 109468   2112  35828 26096 49104 26096 49116 14192 11348  1 55 31 13  0  0
 0  1 1165036  74188   2112  35828 35488    0 35488     0 8432 14730  0 32 51 17  0  0
 1  0 1159028  68452   2112  35640 24284 15740 24284 15740 8946 10519  0 42 43 15  0  0
 1  0 1162500  74312   2112  35580 30624 30660 31016 30660 12578 13253  1 44 41 15  0  0
 2  0 1160244  72640   2112  35312 32440 26404 32440 26408 15489 13846  1 44 35 21  0  0
 1  0 1168580  74376   2124  52652 27204 39212 45088 39224 13563 11654  1 51 35 13  0  0
 1  0 1162068  67968   2124  52516 25268 15864 25268 15864 9047 10756  0 42 42 15  0  0
 1  0 1166000  72624   2124  52248 29712 30132 29712 30132 12224 12661  1 46 39 15  0  0
 2  0 1159220  60088   2124  52044 31024 21116 31024 21120 11419 13707  1 43 42 15  0  0
procs -----------memory---------- ---swap-- -----io---- -system-- -------cpu-------
 r  b   swpd   free   buff  cache   si   so    bi    bo   in   cs us sy id wa st gu
 1  0 1160168  68072   2124  51872 30388 28308 30388 28308 14603 13325  0 45 37 18  0  0
 2  0 1157680  69600   2124  51708 31112 25376 31112 25376 14461 13542  0 46 34 20  0  0
 2  0 1156400  66912   2132  51540 31100 26568 31100 26580 12357 13607  1 43 42 14  0  0
 0  1 1165888  72284   2132  51988 26784 33620 27268 33620 12581 11883  1 49 36 14  0  0
 1  0 1158920  59048   2132  51988 24684 15096 24684 15096 10052 10568  1 44 36 20  0  0
 1  0 1171780  73212   2132  51856 30448 39756 30448 39756 15931 13091  1 51 32 16  0  0
 1  0 1160584  69896   2128  35000 32964 18060 33188 18060 11216 14158  1 42 43 15  0  0
 3  0 1149312  59688   2128  34972 33564 18392 33584 18392 11153 14219  1 40 44 16  0  0
 0  1 1148776  63460   2284  34840 32668 27960 32816 27972 12071 13599  1 46 39 15  0  0
 1  0 1154868  69924   2284  34720 27440 30568 27440 30568 12218 11946  1 47 37 16  0  0
 1  0 1149132  64864   2284  34704 29512 20232 29512 20232 10533 12524  0 43 41 16  0  0
 1  0 1154744  72456   2284  34560 30136 32140 30136 32140 15425 12781  1 51 27 21  0  0
 2  0 1217860  89880   6228  86352 17360 78724 65960 78724 17885 7995  2 81  6 10  0  0
 1  0 1201756  72724   6228  86504 25600 6800 25748  6800 13265 11065  1 37 35 27  0  0
 0  1 1191004  66652   4200  77028 27844 14296 27844 14324 12365 12161  1 42 38 20  0  0
 1  0 1178884  68348   4200  68456 34340 18820 34340 18820 14128 15107  1 41 38 21  0  0
 1  1 1176176  67152   4200  68456 33100 27224 33100 27224 16360 14665  1 45 32 22  0  0
 1  1 1199312  77184   2812  86304 25528 46332 42522 46332 13408 11708  1 65 22 12  0  0
 1  0 1186980  62592   2676  85396 31160 15868 31176 15868 10461 13818  1 41 44 16  0  0
 1  0 1195708  70860   2608  82988 29792 35536 29792 35536 13515 13193  1 49 36 14  0  0
 1  0 1187740  62912   2604  81908 24832 14148 24832 14160 8799 10675  1 40 44 15  0  0
procs -----------memory---------- ---swap-- -----io---- -system-- -------cpu-------
 r  b   swpd   free   buff  cache   si   so    bi    bo   in   cs us sy id wa st gu
 1  0 1196472  71604   2584  80096 28420 34060 28420 34060 16363 12249  1 51 28 20  0  0
 1  0 1225020 120388   2144  65568 24508 50196 24940 50196 14716 10631  1 58 29 12  0  0
 1  0 1190168  78616   2148  66132 38788    0 39348     0 17088 16727  0 34 35 30  0  0
 1  0 1180640  72984   2284  64476 31544 18664 31680 18664 15497 13635  1 43 33 23  0  0
 0  1 1168080  58756   2284  63224 29136 13660 29136 13660 12441 12659  1 40 38 21  0  0
 1  0 1173092  70748   2292  61008 24824 27216 24824 27228 11596 10879  1 47 36 16  0  0
 1  0 1167136  64436   2292  59384 32932 23384 32932 23384 13037 14221  1 43 40 17  0  0
 3  0 1168564  68336   2292  56964 31216 29696 31216 29696 12656 13919  1 48 37 15  0  0
 3  0 1168772  74644   2292  54976 32456 29180 32456 29180 12580 14185  0 47 38 15  0  0
 1  0 1152824  59196   2296  53932 32856 13868 32860 13876 10558 14363  1 38 46 16  0  0
 1  0 1192820 117788   2140  39060 19400 57576 19400 57576 14897 8802  0 63 24 12  0  0
 1  0 1161712  77908   2156  39052 34660    0 34668    48 8516 14819  1 30 51 18  0  0
 4  0 1158108  65824   2152  38184 32488 25388 32488 25388 12371 13984  1 44 41 15  0  0
 0  1 1153676  72096   2152  38512 32584 24864 33260 24864 12591 14166  1 44 40 16  0  0
 2  0 1151048  66216   2152  41644 27352 22128 30868 22128 13335 12127  1 42 36 22  0  0
 2  1 1175388  87848   2156  45036 25844 47716 32484 47940 17420 11713  1 55 23 22  0  0
 1  0 1178116  90644   2156  45268 30548 30368 30780 30368 18233 13537  1 46 28 25  0  0
 0  1 1161772  73012   2160  45240 35948 15604 35948 15628 18132 15394  1 39 32 28  0  0
 2  1 1154292  61832   2160  47880 28772 18004 31448 18004 9633 12313  1 42 40 17  0  0
 0  1 1158560  67676   2160  47784 22792 24796 22792 24796 9965 10140  1 45 40 15  0  0
 3  0 1155648  66252   2160  47648 31684 25892 31684 25892 13004 14165  1 43 41 16  0  0
procs -----------memory---------- ---swap-- -----io---- -system-- -------cpu-------
 r  b   swpd   free   buff  cache   si   so    bi    bo   in   cs us sy id wa st gu
 0  1 1161520  73560   2160  48380 24032 27628 24932 27628 12686 10683  0 47 34 18  0  0
 3  0 1151808  62348   2428  49760 28232 15660 29996 15660 11580 12394  1 40 39 20  0  0
 1  0 1151848  59452   2316  49416 31712 28596 31712 28608 13372 13905  1 45 39 16  0  0
 1  0 1161152  70332   2224  48808 30328 36692 30328 36708 13879 13264  0 50 36 14  0  0
 0  1 1165788  75880   2220  48396 28864 30428 28868 30428 13043 12563  1 46 37 16  0  0
 2  0 1156224  63948   2220  47696 32812 19748 32812 19748 11361 14083  0 41 43 15  0  0
 0  1 1169264  81964   2220  46004 30616 40356 30616 40356 14303 13211  1 51 34 14  0  0
 1  0 1160848  73740   2220  45600 25988 14668 25988 14668 9030 11130  1 41 43 15  0  0
 0  1 1155460  67672   2228  45036 28016 19696 28016 19708 10224 12182  1 43 42 15  0  0
 0  1 1157744  72156   2156  41256 29740 29152 29740 29152 12372 12943  1 48 37 14  0  0
 2  0 1146760  60044   2156  41052 33036 18872 33036 18872 11473 14508  1 42 43 16  0  0
 1  0 1152688  68028   2160  40452 29668 32532 29672 32532 14280 12903  1 50 32 17  0  0
 1  0 1156732  75096   2160  39840 27456 28648 27456 28648 14938 11879  1 50 30 19  0  0
 0  1 1148020  64760   2160  39568 26308 14796 26308 14796 9159 11372  1 41 43 15  0  0
 1  0 1153580  72284   2168  38920 30560 32916 30560 32928 13136 13133  1 49 36 14  0  0
 0  1 1154336  74280   2168  38172 31800 29140 31800 29140 12612 13717  0 48 38 14  0  0
 3  1 1143588  58808   2164  34072 31696 17792 31696 17792 11638 13742  1 44 39 16  0  0
 0  1 1157256  77328   2164  33956 29036 39580 29036 39584 13647 12527  0 54 32 14  0  0
 0  0 1151192  65940   2164  33960 24876 16004 24880 16004 8911 10682  1 40 43 16  0  0
 2  0 1152256  71944   2164  33892 30968 28732 30968 28732 14879 13378  1 45 35 20  0  0
 0  1 1161044  81716   2172  33616 28920 34568 28920 34580 12710 12377  1 50 35 15  0  0
procs -----------memory---------- ---swap-- -----io---- -system-- -------cpu-------
 r  b   swpd   free   buff  cache   si   so    bi    bo   in   cs us sy id wa st gu
 0  1 1145284  58940   2176  39472 34176 14812 40032 14820 10980 14740  1 41 43 16  0  0
 1  1 1160140  66616   2176  39496 27740 39764 27740 39768 13468 12041  1 52 34 14  0  0
 0  1 1207160 123188   2176  42872 22252 67060 25748 67064 16068 10010  1 67 21 12  0  0
 1  0 1181760  94000   2176  42876 28108    0 28112     0 7176 12212  1 31 50 18  0  0
 2  0 1161476  67208   2176  42740 31688 8352 31688  8356 9336 13832  1 36 47 16  0  0
 0  0 1153072  63936   2184  42452 32848 20760 32852 20784 11258 14000  0 45 39 15  0  0
 1  0 1158580  69180   2184  42104 31740 33768 31740 33768 16871 13711  1 51 27 21  0  0
 1  0 1162104  75576   2184  41764 28104 28696 28104 28696 11913 12261  1 47 38 14  0  0
 1  0 1158436  71972   2184  41688 29876 23128 29876 23128 11146 12889  1 46 38 15  0  0
 3  0 1150548  60972   2988  42904 30616 19768 32672 19768 11335 13387  1 45 40 15  0  0
 1  0 1164124  70428   2908  42928 21996 33120 22752 33132 11274 9677  0 51 35 14  0  0
 4  1 1155668  63084   2868  42524 31248 19652 31248 19652 10915 13544  1 42 42 16  0  0
 3  0 1152888  56796   2796  41748 32144 25928 32144 25928 12070 13809  1 44 40 15  0  0
 1  0 1170888  69736   2692  58024 27904 43304 42500 43304 14017 12444  0 55 30 14  0  0
 2  0 1183316  61176   2624  79572 20656 31124 36419 31124 10478 9443  0 66 21 12  0  0
 1  0 1205428  73788   2196  91936 26820 46588 36734 46588 13947 11699  1 81  7 11  0  0
 3  0 1203032  70132   2204  89860 30916 25296 30916 25308 12077 13472  1 44 40 15  0  0
 1  0 1197568  59912   2204  88424 31272 23072 31272 23072 11864 13828  1 44 41 15  0  0
 1  0 1203212  70324   2204  86428 25036 28288 25036 28288 11460 11021  1 47 37 15  0  0
 1  0 1193916  62020   2204  85072 30104 18284 30104 18284 10901 13547  1 42 41 16  0  0
 1  0 1195176  72864   2204  82984 28880 27464 28880 27464 15481 12840  1 49 29 22  0  0
procs -----------memory---------- ---swap-- -----io---- -system-- -------cpu-------
 r  b   swpd   free   buff  cache   si   so    bi    bo   in   cs us sy id wa st gu
 2  0 1185716  62468   2212  81944 25348 13440 25372 13448 8734 11113  1 40 44 16  0  0
 3  0 1188780  70472   2212  80196 29688 30080 29688 30084 12661 13286  1 47 38 15  0  0
 1  0 1196268  89920   2188  67740 29152 33784 29152 33784 13355 12799  0 50 36 14  0  0
 1  0 1182216  77412   2188  65124 32176 15192 32176 15192 10548 14264  0 41 42 16  0  0
 1  0 1165668  60532   2456  63312 32956 13136 33224 13136 10345 14276  1 38 45 16  0  0
 3  0 1173852  72044   2456  60636 23036 29020 23036 29020 11200 10374  0 49 36 14  0  0
 1  0 1165132  61540   2464  57440 26464 15180 26464 15192 9464 11489  1 40 44 16  0  0
 1  0 1165408  68800   2464  53700 31676 28552 31676 28552 16608 13676  1 48 29 22  0  0
 1  0 1159888  63608   2460  50624 31964 23544 31964 23544 11613 14326  0 45 39 16  0  0
 1  0 1151372  71688   2184  33872 32052 20456 32052 20456 11482 14032  0 43 41 16  0  0
 1  0 1148348  66116   2184  32936 30720 24712 30720 24712 11784 13480  1 45 39 15  0  0
 2  0 1144004  60332   2184  32176 32536 24904 32536 24904 12172 14209  1 45 39 15  0  0
 1  0 1154184  67692   2196  39756 27796 35336 35408 35348 12954 12402  0 51 35 14  0  0
 1  0 1144376  58964   2196  39792 26940 14612 26940 14612 9306 11830  1 40 43 16  0  0
 2  1 1153048  69584   2200  40292 25080 31272 25584 31288 11546 11020  1 49 37 14  0  0
 1  0 1172676  67840   2204  58440 29324 45644 47484 45648 14574 12454  1 55 30 15  0  0
 1  0 1157528  68260   2200  43148 31688 13696 31692 13700 10524 14063  1 41 44 16  0  0
 1  0 1154960  62568   2200  42684 31392 25704 31396 25704 12147 13583  1 45 40 15  0  0
 2  0 1153940  62140   2204  46016 29244 25284 33340 25296 11682 12758  1 49 33 18  0  0
 3  0 1159056  60404   2200  45588 30056 32120 30056 32120 12737 13101  0 50 36 14  0  0
 1  0 1162908  62848   2200  47768 25188 26448 27816 26448 10969 10922  1 46 38 15  0  0
procs -----------memory---------- ---swap-- -----io---- -system-- -------cpu-------
 r  b   swpd   free   buff  cache   si   so    bi    bo   in   cs us sy id wa st gu
 1  0 1167280  68140   2200  47276 26724 28496 26748 28496 11566 11783  0 48 37 14  0  0
 1  0 1162288  62784   2200  46888 31648 23512 31648 23512 11893 13846  1 45 40 15  0  0
 2  0 1196328  71920   2168  81112 20740 52336 47965 52344 16465 9860  0 87  2 11  0  0
 1  0 1204420  65940   2616  97540 23796 29784 34918 29828 15700 11033  0 76  8 15  0  0
 3  0 1206712  64744   2616  96196 26664 26336 26668 26336 11473 11824  1 45 39 15  0  0
 2  0 1201584  60852   2616  93820 32084 24140 32084 24140 12459 14241  1 46 39 14  0  0
 1  0 1200624  69808   2616  91496 31752 27732 31752 27732 12825 14057  0 47 38 15  0  0
 1  0 1201444  69840   2616  89436 28452 26780 28452 26780 12568 12720  1 47 38 15  0  0
 1  0 1191272  58700   2616  88216 29796 17076 29796 17076 10750 13298  0 41 43 15  0  0
 1  0 1233804 115292   2188  77024 18248 59152 18248 59164 15911 8445  0 68 15 17  0  0
 1  0 1200588  77256   2188  80516 37024    0 40516     0 16698 15928  1 32 37 31  0  0
 1  0 1191756  71232   2184  79852 31184 19320 31184 19320 11202 13777  1 42 42 16  0  0
 3  0 1187128  65932   2184  78980 30428 23120 30428 23120 11777 13509  1 45 40 15  0  0
 1  0 1183424  61636   2184  78232 30172 23464 30172 23464 11820 13104  1 45 40 15  0  0
 1  0 1187672  71728   2184  77116 30764 32188 30764 32188 13670 13740  1 48 37 14  0  0
 1  0 1178784  62956   2192  76572 25384 14172 25384 14184 9019 11383  0 39 45 16  0  0
 1  0 1187440  75912   2192  70452 27860 34104 27860 34108 14400 12640  1 52 29 19  0  0
 1  0 1172808  60060   2192  69912 33216 15256 33220 15256 14019 14443  0 40 38 22  0  0
 1  0 1174748  63192   2192  68480 31156 30140 32796 30140 12768 13803  1 46 38 15  0  0
 1  0 1176252  69968   2192  65196 29836 28536 29836 28536 12099 13414  0 47 36 17  0  0
 1  0 1167484  58376   2192  63608 31472 19480 31472 19480 11275 13815  1 43 41 16  0  0
procs -----------memory---------- ---swap-- -----io---- -system-- -------cpu-------
 r  b   swpd   free   buff  cache   si   so    bi    bo   in   cs us sy id wa st gu
 1  0 1174436  69464   2200  61292 28960 33324 29544 33336 13393 13092  1 48 37 14  0  0
 0  1 1166916  64944   2200  60044 23968 14052 23968 14052 13259 10370  1 41 32 26  0  0
 1  0 1166624  73272   2188  50484 30152 26704 30152 26704 12988 13170  1 46 36 17  0  0
 3  0 1162152  67096   2188  48828 31456 23860 31456 23860 12234 13869  1 42 43 15  0  0
 1  0 1154536  60540   2188  48092 32564 21688 32564 21688 11479 14142  1 41 43 16  0  0
 1  0 1158244  65628   2188  46592 28824 29856 28824 29856 12412 12743  1 47 38 15  0  0
 3  0 1164336  65404   2348  48232 28736 31888 32468 31900 12962 12689  1 48 37 15  0  0
 1  0 1156840  62060   2348  47304 27764 17384 27764 17384 10023 12094  1 43 41 15  0  0
 2  0 1154812  64748   2348  46364 27824 22816 27824 22820 12336 11994  1 45 35 20  0  0
 3  0 1153332  59076   2348  41588 32964 28400 32968 28404 14638 14542  0 46 37 18  0  0
 1  0 1151800  59968   2348  40856 32320 27704 32324 27704 16005 14253  1 46 33 21  0  0
 1  0 1154704  66804   2304  40056 30136 30144 30136 30144 12781 13191  1 47 38 14  0  0
 1  0 1158716  73584   2280  39420 29016 29844 29016 29856 12309 12691  0 47 39 14  0  0
 1  0 1160820  77116   2248  39028 30456 29508 30456 29508 12613 13183  1 46 39 15  0  0
 1  0 1153692  68964   2236  38848 23932 14524 23932 14524 9215 10450  1 42 41 16  0  0
 3  0 1155500  65020   2204  38552 27040 26092 27040 26092 11888 11829  1 45 38 16  0  0
 1  0 1145412  59788   2180  38284 33072 19836 33072 19836 13082 14452  1 42 39 18  0  0
 3  0 1146064  59732   2168  36080 30964 28440 30964 28440 14073 13529  1 48 34 18  0  0
 1  0 1145644  61400   2176  36068 30872 27312 30872 27324 11949 13457  0 46 39 15  0  0
 1  0 1156696  74948   2176  35660 25940 34296 25940 34296 11868 11482  1 49 36 14  0  0
 1  0 1168848  72712   2184  50584 24188 33736 39364 33736 11226 10557  1 51 34 15  0  0
procs -----------memory---------- ---swap-- -----io---- -system-- -------cpu-------
 r  b   swpd   free   buff  cache   si   so    bi    bo   in   cs us sy id wa st gu
 1  0 1165836  69940   2320  51044 34516 27680 35424 27700 14637 14773  1 47 33 20  0  0
 1  0 1160436  64640   2324  50860 32680 23860 32684 23872 11592 14423  1 45 38 16  0  0
 3  0 1179432  85376   2324  49504 27252 43488 27256 43492 13599 12042  1 54 31 14  0  0
 1  0 1199076 107048   2324  49508 22956 40452 22960 40452 10529 10428  0 58 25 17  0  0
 1  0 1166452  71264   2324  49508 36420    0 36420     0 8861 15652  1 32 50 18  0  0
 1  0 1168244  73864   2320  49036 30740 29292 30740 29292 12495 13429  1 47 39 14  0  0
 1  0 1160056  64456   2328  48576 31100 19880 31100 19904 11135 13779  0 42 42 16  0  0
 2  0 1157300  62560   2328  49440 24580 19324 25756 19324 10437 10822  1 46 35 18  0  0
 3  0 1160760  62572   2328  52900 29024 29476 32540 29476 12237 12675  1 46 38 15  0  0
 1  0 1165636  58240   2328  52944 31388 32968 31464 32968 13396 13656  0 50 36 14  0  0
 1  0 1200824 100284   2312  50312 25288 58056 25288 58072 15833 11284  1 61 27 13  0  0
 1  0 1175912  72060   2312  50316 27976    0 27980     0 6987 11807  1 31 51 16  0  0
 1  0 1160608  62656   2320  50044 34492 15700 34492 15712 11171 15087  1 40 44 16  0  0
 1  0 1166516  69784   2320  49540 31436 34264 31436 34264 14219 13849  1 49 35 16  0  0
 2  0 1157548  60392   2320  49288 29796 17648 29796 17648 10389 13002  0 42 43 16  0  0
 1  0 1165776  68780   2320  51400 29620 35300 32212 35300 13895 13431  1 48 37 14  0  0
 2  0 1166368  71104   2320  51348 26112 24208 26368 24208 10760 11601  1 44 40 16  0  0
 1  0 1200920 111588   2312  45908 24604 56572 24604 56576 18206 10864  1 63 19 17  0  0
 1  0 1167596  73800   2320  45892 36996    0 37000    12 9078 15960  1 32 51 17  0  0
 1  1 1152536  58768   2320  45752 33764 15216 33992 15216 13685 14547  1 40 38 21  0  0
 1  0 1163020  73864   2320  44972 25496 33288 25496 33288 13884 11030  1 50 29 20  0  0
procs -----------memory---------- ---swap-- -----io---- -system-- -------cpu-------
 r  b   swpd   free   buff  cache   si   so    bi    bo   in   cs us sy id wa st gu
 2  0 1170060  72580   2324  53756 23504 28180 30958 28180 11555 10288  0 52 34 13  0  0
 0  1 1169520  67100   2324  58800 31760 28016 35244 28016 15212 14042  1 52 25 22  0  0
 1  0 1171620  72704   2156  54188 30476 29460 30476 29472 13519 13396  0 48 33 18  0  0
 1  0 1159668  59756   2136  53620 29096 14256 29096 14256 9548 12612  1 40 45 15  0  0
 1  0 1166828  65852   2136  51920 26112 30612 26112 30612 11750 11541  1 48 37 15  0  0
 2  0 1166488  71584   2136  50312 31180 27812 31180 27812 14520 13796  1 46 35 18  0  0
 3  0 1155716  61420   2136  48908 32880 18648 32880 18648 14300 14270  1 40 37 22  0  0
 3  0 1157348  63940   2136  48148 27628 26404 27628 26404 14784 12040  1 48 31 21  0  0
 1  0 1163284  70628   2144  47344 24092 27368 24092 27380 12266 10479  1 50 27 23  0  0
 0  1 1163464  74096   2144  45648 31664 28712 31664 28712 15180 13948  1 48 31 21  0  0
 1  0 1158984  69964   2132  40996 32540 24640 32540 24640 16733 14118  1 48 26 25  0  0
 2  0 1153828  65776   2132  40088 29508 21056 29508 21056 10661 12755  1 42 42 16  0  0
 1  0 1156816  66192   2132  39552 30844 30636 30844 30636 12496 13286  1 47 37 15  0  0
 1  0 1146908  58472   2132  39012 32324 18960 32324 18960 11370 13877  0 42 39 18  0  0
 1  0 1153288  64948   2140  40308 25588 29340 27588 29352 12085 11328  1 48 33 18  0  0
 3  0 1155484  68072   2144  39632 25444 25008 25448 25008 14960 11064  1 47 28 24  0  0
 1  1 1154108  66588   2144  39192 28008 23380 28008 23380 11532 11871  1 46 37 17  0  0
 1  1 1162212  81284   2120  33632 26560 32004 26996 32004 12592 11847  1 52 27 20  0  0
 1  0 1181756 101756   2120  33596 23692 40744 23692 40744 12865 10129  1 50 35 15  0  0
 1  0 1153856  70004   2120  33596 31148    0 31148     0 7718 13282  1 31 52 17  0  0
 1  0 1145448  58912   2400  33460 32752 20960 33024 20972 11731 14278  1 43 42 16  0  0
procs -----------memory---------- ---swap-- -----io---- -system-- -------cpu-------
 r  b   swpd   free   buff  cache   si   so    bi    bo   in   cs us sy id wa st gu
 1  0 1152992  69412   2400  34616 30044 34264 31412 34264 13396 13163  1 48 35 17  0  0
 1  0 1143384  59872   2404  34508 31648 18844 31652 18852 12752 13786  1 42 38 19  0  0
 3  0 1151064  68908   2404  34344 29564 34096 29568 34096 14149 12968  0 50 32 18  0  0
 1  0 1149524  62592   3088  36776 32964 27972 36224 27972 12494 14354  1 47 34 18  0  0
 1  0 1148400  61220   2912  35488 25840 21904 25840 21904 10208 11169  1 45 40 15  0  0
 1  0 1156276  71964   2828  35196 26260 31240 26260 31264 11453 11327  1 48 36 15  0  0
 3  0 1154764  67116   2756  37920 32344 27096 35428 27096 12118 13781  1 46 38 15  0  0
 1  0 1157640  71008   2680  37720 31608 31040 31608 31040 13283 13552  1 49 33 17  0  0
 1  0 1154180  66108   2620  37516 31232 24480 31232 24496 12431 13513  1 43 39 18  0  0
 1  0 1147140  58940   2580  37356 28468 18264 28472 18264 10656 12164  1 39 42 19  0  0
 1  0 1156060  68836   2532  37156 21928 28680 21928 28680 10335 9817  1 48 37 15  0  0
 2  0 1164860  71556   2236  43540 30308 35828 37832 35840 13335 13150  1 51 30 18  0  0
 1  0 1177100  67012   2240  61716 27612 37272 45788 37272 13053 12443  1 50 34 16  0  0
 2  1 1178560  70888   2240  61784 29508 28016 29560 28016 12054 13009  1 46 39 15  0  0
 4  0 1184008  60188   2244  77984 22288 25216 31615 25216 11798 9824  1 59 21 19  0  0
 3  0 1210024  62944   2244 104664 26080 49068 42580 49068 17240 12976  0 87  3 10  0  0
 1  1 1211524  66664   2244 104632 27672 26588 28108 26588 16400 12318  1 51 25 23  0  0
 1  0 1199336  68592   2220  87868 25100 10540 25100 10552 11412 11036  0 41 36 22  0  0
 1  0 1196816  62856   2220  86196 30052 24784 30052 24784 12020 13367  1 46 39 15  0  0
 1  0 1199656  72092   2220  84652 28856 29208 28856 29208 12536 12964  1 48 37 15  0  0
 1  0 1200420  74916   2220  83016 29844 27764 29844 27764 15089 13117  1 48 32 20  0  0
procs -----------memory---------- ---swap-- -----io---- -system-- -------cpu-------
 r  b   swpd   free   buff  cache   si   so    bi    bo   in   cs us sy id wa st gu
 1  0 1192284  67000   2220  82920 30356 19104 31340 19104 12313 13345  1 44 38 17  0  0
 0  1 1192468  69448   2220  81668 29840 27124 29840 27124 12952 13125  1 46 35 18  0  0
 1  0 1185508  62972   2228  81024 27580 17892 27580 17904 13883 12177  1 44 30 25  0  0
 0  1 1189800  68772   2228  79780 25896 27680 25896 27680 14448 11545  0 52 24 25  0  0
 1  0 1181816  70976   2204  68304 32960 21944 32960 21944 15843 14605  1 45 34 21  0  0
 0  1 1183260  72740   2200  67320 30004 28620 30004 28620 12679 13369  1 47 37 16  0  0
 2  0 1181400  70572   2204  68020 30808 26056 32064 26056 14620 13638  1 48 31 21  0  0
 1  0 1182768  72576   2204  67564 29608 27788 29608 27788 13444 12786  1 47 35 17  0  0
 1  1 1172116  57648   2212  67480 25652 12344 25652 12356 12329 11130  1 41 35 23  0  0
 1  0 1174028  61752   2212  67160 30948 29668 30948 29668 14222 13562  1 49 29 21  0  0
 1  0 1174976  64656   2212  66948 30080 28112 30080 28112 12953 13322  1 48 35 16  0  0
 1  0 1170452  62328   2204  62332 27276 20224 27276 20224 10691 11994  0 44 39 18  0  0
 2  0 1178848  72764   2348  63204 29412 35008 34256 35008 14199 13010  1 51 32 16  0  0
 3  0 1172276  60132   2264  61468 24344 15192 24344 15192 10255 10378  1 44 34 21  0  0
 3  0 1165860  61180   2272  59836 26720 17596 26720 17608 11259 11607  1 43 38 19  0  0
 0  1 1164764  58328   2272  60904 29604 25536 33084 25536 11476 12992  1 47 38 16  0  0
 0  1 1172336  72712   2272  57644 28772 33728 28772 33728 15685 12910  1 50 28 22  0  0
 0  0 1168560  71752   2272  55200 28980 22500 28980 22500 11925 12741  0 43 40 17  0  0
 1  0 1160664  59392   2272  55536 31672 20596 34772 20600 11249 13636  1 43 41 15  0  0
 1  0 1154336  60464   2272  47236 32420 22704 32424 22704 12182 14081  1 42 42 15  0  0
 1  0 1163296  70788   2280  46520 22684 29384 22684 29400 10672 10043  1 48 37 15  0  0
procs -----------memory---------- ---swap-- -----io---- -system-- -------cpu-------
 r  b   swpd   free   buff  cache   si   so    bi    bo   in   cs us sy id wa st gu
 2  0 1154964  61448   2280  46112 29792 18284 29816 18284 10390 12819  0 41 44 16  0  0
 0  1 1164964  73828   2280  45208 29992 36908 29992 36908 14027 13173  1 49 34 16  0  0
 1  0 1153492  62780   2280  44792 33936 19048 33936 19048 14104 14816  1 40 40 20  0  0
 0  1 1159524  68232   2280  44104 29256 32524 29256 32524 15579 13061  1 49 29 21  0  0
 1  0 1161648  72976   2280  43492 27552 26640 27552 26640 11199 11933  1 45 39 15  0  0
 1  0 1149000  62672   2220  39260 26860 11520 26860 11532 8669 11678  0 38 45 16  0  0
 1  0 1151988  65140   2224  38804 31660 31476 31664 31476 16006 13863  1 48 31 21  0  0
 1  0 1159400  74460   2224  38412 31060 35428 31060 35428 16462 13611  1 49 31 19  0  0
 3  0 1149000  64492   2224  38252 31548 17776 31548 17776 13544 13548  1 41 36 22  0  0
 1  0 1157968  74464   2224  37896 29828 35956 29828 35956 16636 13170  0 51 28 21  0  0
 1  0 1158316  75180   2224  37612 31896 28764 31896 28764 15210 13769  1 47 31 21  0  0
 2  0 1155764  70420   2232  39720 27200 21712 29312 21724 13515 11614  1 50 26 24  0  0
 0  1 1163756  79120   2216  37936 24540 30120 24540 30120 12607 10947  1 50 30 20  0  0
 1  0 1159224  73948   2216  37672 28848 21088 28848 21088 10589 12364  1 43 42 15  0  0
 1  0 1166520  75320   2216  44208 29852 33900 36788 33900 16496 12745  1 49 29 21  0  0
 1  0 1162268  70660   2216  43964 32600 24664 32600 24664 13035 14080  1 45 35 19  0  0
 0  1 1157576  65772   2216  43744 31752 23684 31752 23684 13657 13704  1 45 35 20  0  0
 1  0 1166000  76752   2224  43500 22284 28500 22284 28512 10274 9963  1 48 37 15  0  0
 0  1 1150024  59372   2224  43432 34196 14356 34196 14356 10532 14576  0 39 45 16  0  0
 0  1 1156144  65300   2224  41152 30856 33600 30860 33608 13352 13267  1 47 38 14  0  0
 1  0 1160560  69632   2376  40312 29060 30684 29240 30684 14740 12877  1 45 36 18  0  0
procs -----------memory---------- ---swap-- -----io---- -system-- -------cpu-------
 r  b   swpd   free   buff  cache   si   so    bi    bo   in   cs us sy id wa st gu
 1  0 1154044  61448   2376  42540 24684 15536 27272 15536 10646 10628  1 43 37 20  0  0
 1  0 1161004  69840   2372  41528 30236 33852 30236 33852 15086 13083  1 49 30 21  0  0
 1  0 1154220  63048   2380  40784 34240 23852 34240 23876 13916 14749  1 46 35 19  0  0
 0  1 1156168  65380   2380  39948 30264 28968 30264 28968 12289 13184  1 45 39 15  0  0
 5  0 1175992  64684   2324  64560 27272 44128 48646 44128 14761 11721  1 58 27 15  0  0
 1  0 1210100  67764   2328  97868 14764 47476 36455 47476 11517 7451  0 90  1  9  0  0
 0  1 1214512  77012   2328  95812 26112 27848 26112 27848 14956 11413  1 50 26 24  0  0
 1  0 1214112  79124   2320  93728 31520 27832 31520 27832 12965 13865  0 46 39 15  0  0
 0  1 1199100  61676   2452  92792 32632 14164 32768 14176 10633 14146  1 40 44 15  0  0
 1  0 1204844  72472   2424  90964 29160 31828 29160 31828 13176 12852  1 47 38 15  0  0
 4  0 1201224  69712   2404  89708 29552 22976 29552 22976 12366 13082  1 45 37 17  0  0
 1  0 1193216  61804   2388  88660 24020 13904 24020 13904 9370 10792  0 40 42 17  0  0
 0  1 1194928  73976   2264  78192 30288 28944 30288 28960 13336 13369  1 46 37 17  0  0
 2  0 1191828  70240   2248  77872 32052 25580 32056 25580 12276 14069  1 45 39 14  0  0
 1  0 1193160  69188   2236  77304 30684 28592 30684 28604 14302 13246  1 47 35 18  0  0
 0  1 1184580  62972   2224  76976 25740 14504 25740 14504 8884 11241  1 39 44 16  0  0
 0  1 1191432  71700   2196  76248 29020 33096 29020 33096 13881 12889  0 50 34 16  0  0
 2  1 1183360  65156   2188  75676 32184 20948 32184 20948 11654 14219  1 41 42 15  0  0
 0  1 1185012  67056   2188  75180 30160 29024 30160 29024 13307 13494  2 47 36 16  0  0
 1  0 1187192  72804   2180  68620 31132 29960 31132 29960 12971 13497  1 47 38 14  0  0
 1  0 1185244  70672   2192  65332 29512 24548 29516 24560 11668 12846  1 46 38 16  0  0
procs -----------memory---------- ---swap-- -----io---- -system-- -------cpu-------
 r  b   swpd   free   buff  cache   si   so    bi    bo   in   cs us sy id wa st gu
 1  0 1171276  59400   2192  64584 32656 15216 33836 15216 10694 14167  1 40 44 16  0  0
 3  0 1179064  70188   2192  61372 27448 32412 27448 32412 12747 12170  1 48 37 14  0  0
 1  0 1171816  67024   2188  58464 30928 20300 30928 20300 11065 13247  1 41 43 15  0  0
 1  0 1176816  71544   2188  60192 26016 28256 30764 28256 11676 11406  1 48 36 15  0  0
 1  0 1175604  63912   2184  57408 26304 22360 26304 22360 10585 11402  1 46 40 14  0  0
 1  0 1158844  63960   2180  38888 34136 14112 34136 14124 10974 14961  0 39 45 16  0  0
 0  1 1156312  67484   2180  38596 31748 25628 31748 25636 12368 13471  1 44 40 16  0  0
 1  1 1154868  67620   2180  38412 29292 24864 29296 24864 15682 12770  1 47 27 26  0  0
 1  0 1151876  58092   2180  38212 30956 24660 30956 24660 12984 13472  1 43 37 19  0  0
 0  1 1159400  70844   2184  40944 28640 33068 31676 33068 15239 12484  1 51 28 21  0  0
 1  0 1157352  67364   2184  40860 24108 19368 24108 19368 12535 10480  1 44 33 23  0  0
 1  0 1161760  73668   2192  40828 31464 32544 31464 32568 14430 13653  1 47 34 19  0  0
 2  1 1162412  72432   2188  40668 32460 29520 32460 29520 13510 14068  0 49 33 18  0  0
 1  0 1157152  65192   2188  39984 32352 23624 32352 23624 16171 13900  1 42 33 23  0  0
 3  0 1151304  59768   2188  39512 25036 16660 25036 16660 13674 11018  1 43 30 26  0  0
 1  1 1153708  65416   2188  38784 28664 27948 28664 27948 11569 12389  1 43 41 16  0  0
 1  0 1160696  69856   2184  38276 30132 34016 30132 34016 13137 13092  1 50 35 15  0  0
 2  0 1157660  69248   2192  37984 31520 25240 31520 25252 12101 13637  1 47 38 15  0  0
 1  0 1149952  62968   2192  37608 32780 21608 32780 21608 11585 14074  0 43 41 16  0  0
 1  0 1174712  90116   2160  34752 23008 45100 23008 45116 12847 9947  1 56 30 13  0  0
 2  0 1155316  70208   2160  34688 34504 11652 34508 11656 10338 14941  1 36 46 17  0  0
procs -----------memory---------- ---swap-- -----io---- -system-- -------cpu-------
 r  b   swpd   free   buff  cache   si   so    bi    bo   in   cs us sy id wa st gu
 1  0 1147824  59832   2160  35196 29920 19044 30624 19044 13501 12710  1 43 36 20  0  0
 3  0 1164484  61304   3612  53592 27744 41248 43888 41268 14128 12009  1 58 27 15  0  0
 1  0 1163724  58784   3612  53344 24476 21204 24476 21204 9834 10448  1 45 40 15  0  0
 2  0 1171584  68772   3612  53140 29520 34420 29520 34420 16892 12946  0 50 29 21  0  0
 2  0 1168660  64964   3612  53040 30140 24080 30140 24080 11884 13169  1 46 39 15  0  0
 1  0 1181624  79696   2300  54840 28836 38692 31768 38692 13505 12386  1 52 33 14  0  0
 1  0 1167972  64736   2300  54800 32308 15296 32308 15296 10262 13960  1 40 43 17  0  0
 1  0 1169664  58004   2308  54776 30396 28936 30396 28960 12407 13178  0 48 37 14  0  0
 1  0 1169320  65312   2312  54916 27732 24632 27876 24632 11396 12242  1 45 39 15  0  0
 3  0 1168156  62436   2312  54916 23960 20120 23960 20120 9658 10377  1 44 41 15  0  0
 1  0 1167276  62968   2312  54916 32016 27916 32016 27916 12766 13911  1 48 37 14  0  0
 1  0 1188532  71460   2316  72568 26672 45120 44328 45120 14530 11539  1 58 29 13  0  0
 1  0 1190420  84896   2292  56800 29280 28144 29280 28144 14725 12598  1 47 33 19  0  0
 2  0 1168272  57676   2300  56800 27428 2400 27428  2412 7374 11800  1 35 49 16  0  0
 1  0 1186092  83840   2300  56036 31560 45860 31560 45860 19008 13575  0 56 21 23  0  0
 1  0 1170768  65648   2300  55900 33612 14976 33612 14976 10921 14701  0 40 44 15  0  0
 1  0 1172232  66596   2300  55496 29748 28112 29748 28112 12003 12830  0 49 37 14  0  0
 1  0 1162016  58408   2720  55544 33356 19632 34028 19632 11660 14478  1 41 43 16  0  0
 2  1 1175208  70820   2720  58680 28268 38556 31808 38556 16361 12470  1 54 27 18  0  0
 1  0 1170468  67912   2640  52500 29624 21628 29624 21640 14138 12747  1 46 32 21  0  0
 2  0 1167960  65080   2592  50984 26600 21420 26600 21420 10436 11649  0 44 40 15  0  0
procs -----------memory---------- ---swap-- -----io---- -system-- -------cpu-------
 r  b   swpd   free   buff  cache   si   so    bi    bo   in   cs us sy id wa st gu
 1  0 1167200  59092   2536  49288 32208 28236 32232 28236 12705 13924  1 47 39 14  0  0
 3  0 1180508  62648   2476  61664 29940 39760 44536 39760 14229 12307  0 56 31 13  0  0
 2  0 1177236  59944   2424  69308 28088 21804 34924 21804 10846 11951  1 46 39 14  0  0
 3  0 1181588  60820   2376  74268 21812 23636 26130 23636 11701 9619  1 52 29 19  0  0
 2  0 1182472  64224   2128  64108 31724 28968 31724 28980 13337 13534  1 47 37 15  0  0
 2  0 1172336  57956   2128  63368 33576 19728 33576 19728 14924 14226  0 43 35 22  0  0
 1  0 1174880  62840   2128  62080 30388 29324 30388 29324 13191 12893  1 49 35 16  0  0
 3  0 1183852  74944   2132  60944 26956 32996 27460 32996 12626 11834  1 51 33 15  0  0
 0  1 1176252  64740   2132  60464 20184 10292 20184 10292 10662 8331  0 39 35 26  0  0
 3  0 1172752  60444   2132  60084 24476 18132 24476 18140 10762 10275  1 41 37 21  0  0
 1  0 1177904  67300   2140  59228 27936 30248 27940 30272 12208 12302  1 47 36 16  0  0
 1  0 1172840  62588   2144  58096 30836 22288 30840 22432 11519 13202  1 42 41 16  0  0
 1  0 1174000  68712   2144  57152 24684 23348 24684 23348 10740 10765  0 46 38 16  0  0
 3  0 1197448  94248   2136  55072 22400 43444 22720 43444 12906 9974  1 49 35 16  0  0
 1  0 1201132  97328   2136  55096 21236 22628 21236 22628 9511 9217  1 43 39 18  0  0
 1  0 1177136  71624   2136  55096 26832    0 26832     0 6839 11401  1 25 51 23  0  0
 1  0 1179388  75508   2140  54284 19472 19636 19472 19656 8477 8760  1 37 41 22  0  0
 0  1 1175728  69236   2276  53168 21836 15528 21972 15528 8275 9425  1 30 45 24  0  0
 1  0 1168240  65384   2276  52044 23624 13592 23624 13592 8175 10239  1 30 45 24  0  0
 0  1 1177132  75868   2276  50332 21880 28320 21880 28320 10559 9728  1 38 39 22  0  0
 1  0 1174412  74608   2276  49508 19384 14544 19384 14544 7737 8597  0 30 45 24  0  0
procs -----------memory---------- ---swap-- -----io---- -system-- -------cpu-------
 r  b   swpd   free   buff  cache   si   so    bi    bo   in   cs us sy id wa st gu
 2  0 1181908  67012   2292  65848 11328 17704 26664 17716 6734 5320  1 42 34 24  0  0
 1  0 1175696  69684   2292  55544 12492 4968 12492  4980 4691 5502  1 25 49 26  0  0
 1  0 1166256  59604   2292  55548 10516    0 10520     0 3452 4596  0 22 50 27  0  0
 2  0 1172724  66148   2292  55428 9232 14788  9232 14788 6575 4329  1 38 35 26  0  0
 0  1 1178496  73464   2284  55300 10648 15156 10648 15156 5861 4845  1 40 38 22  0  0
 3  0 1179112  74804   2280  55088 14824 13776 14824 13776 6172 6609  0 34 42 23  0  0
 0  1 1179980  71996   2268  58512 16988 16108 20796 16120 7988 7709  1 36 40 23  0  0
 0  1 1170168  62184   2260  58192 21588 9380 21588  9380 8652 9315  1 29 43 27  0  0
 1  0 1180644  75212   2232  57624 21640 29640 21640 29640 10508 9587  1 41 37 21  0  0
 1  0 1174180  65820   2228  57372 23512 14604 23512 14604 8256 10399  1 31 45 24  0  0
 1  0 1172596  66536   2228  57304 18348 14620 18348 14620 7376 8011  0 33 44 23  0  0
 1  0 1167300  60264   2228  57168 22308 14540 22308 14540 8363 9711  1 34 44 22  0  0
 1  0 1174852  71124   2236  56884 23548 28616 23548 28628 11011 10409  1 40 39 21  0  0
 1  0 1166808  60500   2236  56748 25720 14908 25720 14908 9214 11147  1 35 43 22  0  0
 3  0 1175388  67220   2232  55428 23916 29736 23916 29736 11419 10449  1 41 38 20  0  0
 1  0 1175324  66116   2232  55360 24076 21540 24076 21540 9928 10572  1 38 41 21  0  0
 3  0 1169052  58556   2232  55300 24036 14972 24036 14972 8925 10292  0 34 45 22  0  0
 0  1 1166924  59484   2232  55248 19488 15108 19488 15108 7711 8507  1 34 44 21  0  0
 1  0 1179952  72764   2240  55124 22976 33548 22976 33560 11525 10259  0 45 36 19  0  0
 1  0 1171316  65124   2240  54956 26044 14592 26044 14592 9041 11371  0 35 43 21  0  0
 3  0 1166964  59328   2240  54752 25712 18664 25712 18664 9957 11224  1 36 42 21  0  0
procs -----------memory---------- ---swap-- -----io---- -system-- -------cpu-------
 r  b   swpd   free   buff  cache   si   so    bi    bo   in   cs us sy id wa st gu
 1  0 1174136  62224   2240  54920 24240 28828 24728 28828 13155 10772  1 40 36 23  0  0
 2  0 1167128  58936   2228  52908 24376 14620 24728 14620 8749 10403  1 35 44 21  0  0
 1  0 1178996  74812   2228  50960 21768 31068 21768 31068 10893 9647  1 45 35 19  0  0
 1  0 1177056  75968   2236  50008 19136 15104 19136 15116 7747 8403  1 34 43 22  0  0
 1  0 1169704  67916   2236  49108 25768 15532 25768 15532 10603 11122  1 34 42 24  0  0
 3  0 1162632  57864   2236  50632 27016 16948 29852 16948 10612 11489  1 36 41 22  0  0
 1  0 1165652  65500   2236  49136 25468 25548 25468 25548 10887 10963  1 41 39 20  0  0
 3  0 1163148  65004   2236  48140 26588 20912 26588 20912 10189 11446  0 39 40 20  0  0
 1  0 1166652  69260   2236  46560 24852 25612 24852 25612 10669 10805  0 41 40 19  0  0
 1  0 1158512  63116   2244  45844 25212 14356 25212 14380 8683 11053  1 34 44 21  0  0
 1  0 1159916  72968   2236  36088 23548 22340 23556 22340 10071 10327  1 39 41 20  0  0
 1  0 1156792  66712   2236  35816 27144 20876 27144 20876 10381 11613  1 38 42 19  0  0
 0  1 1153732  58816   2236  35572 21156 15852 21156 15852 10367 9332  1 37 38 25  0  0
 3  0 1160200  69948   2236  35224 23196 27036 23196 27036 11723 10230  1 42 35 23  0  0
 1  0 1154268  59648   2992  35628 27468 18248 28784 18248 9995 11589  1 37 43 20  0  0
 1  0 1161936  68196   3000  38760 24452 29344 27916 29368 12076 10618  1 43 37 19  0  0
 1  0 1152992  59720   3000  38716 26916 15016 26916 15016 9394 11626  1 35 44 20  0  0
 1  0 1163356  72476   3000  38420 25776 33268 25776 33268 11889 11249  0 46 36 18  0  0
 3  0 1169992  81484   2544  36156 26356 30012 26356 30012 11750 11491  1 45 37 18  0  0
 0  1 1191960 104112   2544  36132 18628 38552 18628 38552 13943 8229  0 50 27 23  0  0
 0  1 1166496  74376   2544  36132 29108    0 29108     0 13197 11981  1 29 38 32  0  0
procs -----------memory---------- ---swap-- -----io---- -system-- -------cpu-------
 r  b   swpd   free   buff  cache   si   so    bi    bo   in   cs us sy id wa st gu
 5  0 1190392  71004   2344  70284 20400 41856 44571 41868 11719 9526  1 79  8 13  0  0
 1  0 1194952  73044   2280  73268 27860 29356 29897 29356 13006 11661  6 57 16 21  0  0
 1  0 1189592  69192   2244  72356 21656 13912 21656 13912 7985 9429  1 37 43 20  0  0
 1  0 1179932  60100   2208  71388 26780 14456 26780 14456 9404 11749  1 35 45 19  0  0
 1  0 1182228  63176   2168  70100 28104 27236 28580 27236 13155 12295  1 43 34 23  0  0
 1  0 1179272  66688   2172  62604 28844 22704 35768 22704 11751 12465  1 42 36 22  0  0
 2  1 1177268  67136   2180  59368 27920 22776 27920 22788 10949 12063  1 41 41 18  0  0
 0  1 1174300  65164   2180  57472 28344 22216 28344 22216 13088 12198  1 40 38 21  0  0
 1  0 1178908  74404   2180  54644 26772 28476 26772 28476 13257 11860  0 44 35 21  0  0
 1  0 1172252  65496   2184  54296 24820 15312 24824 15312 9105 10685  1 36 44 19  0  0
 3  0 1175228  71472   2184  53616 27628 27236 27628 27236 13531 11806  1 42 37 21  0  0
 1  0 1166620  58832   2184  53280 26436 14888 26436 14888 9331 11281  1 36 45 18  0  0
 0  1 1174624  72584   2192  52692 21780 27452 21780 27464 10218 9618  0 43 40 17  0  0
 1  0 1165160  59600   2192  52336 30056 17176 30056 17176 13336 12828  0 38 38 24  0  0
 1  0 1200544 107008   2192  44108 21740 54968 21740 54968 14554 9858  1 54 31 14  0  0
 1  0 1172436  75816   2192  44144 31952    0 31952     0 7775 13323  1 30 50 20  0  0
 1  0 1160444  60532   2192  44012 30496 14960 31724 14960 10188 12977  1 36 45 19  0  0
 1  1 1164212  70800   2188  41204 27724 28376 27724 28376 11901 11973  1 43 39 17  0  0
 1  0 1176212  78728   2200  46616 22996 32376 30232 32388 12488 9954  1 47 33 19  0  0
 3  0 1169528  72308   2200  46384 23752 14428 23752 14432 12795 10276  1 37 34 28  0  0
 1  0 1161332  62744   2200  44980 30076 18592 30080 18592 10435 12903  1 38 43 19  0  0
procs -----------memory---------- ---swap-- -----io---- -system-- -------cpu-------
 r  b   swpd   free   buff  cache   si   so    bi    bo   in   cs us sy id wa st gu
 1  0 1162544  65672   2200  40704 28936 26600 28960 26600 13130 12225  1 42 37 21  0  0
 2  1 1162356  68548   2200  40280 29048 25428 29048 25428 13461 12457  1 43 35 21  0  0
 1  0 1165840  73340   2200  40188 24384 25076 24384 25076 13956 10462  1 47 28 24  0  0
 1  0 1165276  68664   2356  43496 28416 24508 31900 24520 12265 12119  1 43 36 20  0  0
 0  1 1157792  58208   2356  43416 31144 19876 31144 19888 13162 13183  1 39 37 23  0  0
 2  0 1168448  69392   2356  43876 26472 34188 26932 34188 13089 11593  1 46 33 20  0  0
 1  0 1161004  58316   2356  43876 29772 19084 29772 19084 12557 12797  1 39 40 21  0  0
 4  2 1183876  57420   3324  73856 25336 45008 51027 45092 15342 10421  1 59 26 14  0  0
 7  0 1244048  65608   5004 129784 11436 70288 66246 70288 12606 6180  2 95  2  2  0  0
 0  1 1261084  66820   5440 145396 18084 33504 26868 33504 10619 8511  1 72 13 14  0  0
 1  0 1251448  57960   5440 144280 25204 13176 25204 13176 10430 11254  1 40 37 22  0  0
 3  0 1255448  68984   5440 140784 25348 26896 25348 26896 12356 11278  0 45 36 19  0  0
 1  0 1245936  61140   5328 139592 28676 16504 28676 16504 10626 12808  1 39 42 19  0  0
 1  0 1252644  71464   4820 138444 19976 25092 19976 25116 13143 9376  1 46 29 24  0  0
 1  0 1241584  64304   4528 131736 23252 9976 23252  9976 10895 10321  1 37 37 26  0  0
 2  0 1245148  73596   2920 128832 26984 27796 26984 27796 11314 12025  0 47 35 18  0  0
 1  0 1231584  60108   2872 128548 30336 13920 30336 13920 13464 13497  0 38 38 24  0  0
 1  0 1240472  71048   2864 127820 25048 31488 25048 31488 12294 11275  1 48 34 18  0  0
 1  0 1237160  69368   2860 127104 27776 21808 27776 21808 14772 12316  1 43 32 25  0  0
 1  0 1216576  70052   2836 105784 32240 9352 33660  9364 14095 14161  1 38 34 28  0  0
 1  0 1199240  57996   2768  99496 28624 8620 28624  8620 9243 12664  1 35 45 20  0  0
procs -----------memory---------- ---swap-- -----io---- -system-- -------cpu-------
 r  b   swpd   free   buff  cache   si   so    bi    bo   in   cs us sy id wa st gu
 3  0 1202932  65352   2752  97316 27224 28364 27248 28364 14606 12291  1 46 29 24  0  0
 1  0 1200172  60784   2752  96532 26196 21060 26196 21060 10889 11735  0 42 40 18  0  0
 0  1 1197144  57972   2752  97860 21684 16912 23204 16912 12317 9842  1 45 29 25  0  0
 1  0 1216780 101436   2584  77828 25104 42204 25104 42204 13187 11293  0 56 25 19  0  0
 1  0 1187672  70188   2740  77828 31988    0 32136    24 8141 14079  1 29 51 19  0  0
 1  0 1175976  58640   2728  76072 29956 15308 29960 15736 10399 13166  1 38 43 18  0  0
 1  0 1180260  59652   2728  73128 27252 29300 27256 29300 12021 12383  1 47 36 17  0  0
 2  0 1182192  73248   2732  69780 22796 22812 22800 22812 13945 10431  1 46 29 25  0  0
 1  0 1169864  59616   2732  68116 24624 9900 42508  9900 13179 10788  1 38 33 29  0  0
 1  0 1163704  70216   2312  50888 29580 20720 29712 20720 12273 13255  1 43 36 20  0  0
 1  0 1165404  73016   2320  50444 26020 25116 26020 25140 11935 11341  0 43 37 20  0  0
 3  0 1180568  71048   4868  67008 25184 37452 41564 37452 13094 11149  1 51 34 14  0  0
 1  0 1176528  58924   4896  67332 27792 21068 28680 21068 12984 12193  1 42 35 22  0  0
 1  0 1168472  58172   4888  66976 30056 19356 30056 19356 14970 13518  1 41 33 25  0  0
 1  0 1169032  58212   4872  66268 30136 27620 30136 27620 15652 13267  1 46 27 26  0  0
 1  0 1169316  60784   4868  65896 26016 23528 26016 23712 10777 11427  0 45 36 19  0  0
 0  1 1176248  68608   4812  65516 23576 28152 23580 28192 10934 10497  1 45 36 18  0  0
 2  1 1168716  67376   4164  59680 29256 19012 29256 19044 12921 13020  1 43 34 23  0  0
 0  1 1161744  58628   3864  58304 30424 20328 30428 20328 10793 13296  1 41 42 18  0  0
 1  0 1173420  73668   3268  56156 27256 36080 27256 36080 17108 12120  0 50 26 24  0  0
 1  0 1166760  66176   2976  55284 29804 20300 29916 20300 14622 13150  1 42 33 25  0  0
procs -----------memory---------- ---swap-- -----io---- -system-- -------cpu-------
 r  b   swpd   free   buff  cache   si   so    bi    bo   in   cs us sy id wa st gu
 1  0 1158916  60620   2664  54316 23916 13732 23940 13744 11213 10413  1 40 37 23  0  0
 1  0 1168052  73032   2276  52576 28236 34524 28244 34524 16331 12470  0 50 26 24  0  0
 0  1 1162836  65932   2256  51752 28128 19956 28128 19956 14086 12279  1 41 33 26  0  0
 1  1 1156056  65392   2228  41716 29952 19896 29952 19896 12085 12912  1 42 39 19  0  0
 1  1 1148236  59012   2224  41372 31896 20688 31896 20688 11994 13836  1 41 38 20  0  0
 2  0 1157140  70272   2224  40960 29260 34992 29260 34992 16008 12756  1 51 23 26  0  0
 1  0 1157712  70692   2232  40764 26712 24324 26712 24336 13222 11412  1 46 32 21  0  0
 1  0 1156960  69412   2232  40660 22228 18948 22228 18948 10722 9610  1 42 36 21  0  0
 0  1 1149408  60872   2232  40524 30940 20140 30940 20140 11003 13430  1 40 43 16  0  0
 0  1 1156744  71576   2232  40336 29096 33684 29096 33684 13127 12919  1 49 32 19  0  0
 0  1 1147784  60464   2232  40248 30860 18540 30860 18540 10429 13213  1 38 44 17  0  0
 2  0 1156792  70112   2216  39244 30004 35948 30004 35948 14100 13181  1 51 29 20  0  0
 2  0 1155952  69392   2204  38656 23020 19804 23020 19816 11820 10097  1 45 31 24  0  0
 1  0 1154396  66152   2192  38684 26224 21868 26608 21868 13332 11401  1 41 34 24  0  0
 1  0 1158576  72028   2188  38156 29064 29980 29064 29980 14785 12630  1 45 31 23  0  0
 1  0 1149196  60144   2188  37900 26572 14184 26572 14184 8892 11399  1 38 44 18  0  0
 3  0 1153432  67140   2188  37240 29904 30808 29904 30808 16309 13043  1 48 26 26  0  0
 0  1 1154948  69336   2188  36968 28676 27104 28676 27104 11157 12544  0 46 37 18  0  0
 0  1 1153756  70296   2156  33168 30152 25636 30152 25648 11887 12993  1 45 36 18  0  0
 1  0 1158692  72596   2156  33080 29688 31204 29688 31204 12462 12801  0 48 36 16  0  0
 1  0 1156140  73748   2156  33032 25228 20032 25228 20032 9788 10992  1 42 41 16  0  0
procs -----------memory---------- ---swap-- -----io---- -system-- -------cpu-------
 r  b   swpd   free   buff  cache   si   so    bi    bo   in   cs us sy id wa st gu
 1  0 1157628  71272   2156  37024 25428 23996 29532 23996 13004 10927  1 46 29 24  0  0
 0  1 1157036  69820   2156  37048 27868 24216 27868 24216 11037 12098  1 43 41 16  0  0
 0  1 1147316  59232   2156  37048 31960 18892 31960 18892 10462 13849  1 41 41 18  0  0
 1  0 1157072  67784   2164  37048 27228 33948 27228 33972 12515 11816  1 48 36 16  0  0
 0  1 1154020  66516   2164  37036 29992 23544 29996 23548 11066 12825  1 43 39 17  0  0
 2  0 1176000  90812   2164  36740 26732 45908 26736 45912 14280 11631  1 54 31 15  0  0
 2  0 1174080  75972   2100  48444 23440 19008 31386 19012 9541 10183  1 55 30 15  0  0
 1  0 1170588  73088   2100  47784 27672 21080 27676 21080 10420 11887  1 41 42 16  0  0
 2  0 1169312  70484   2100  46780 31120 26304 31120 26304 11994 13274  0 44 40 16  0  0
 1  0 1159360  60412   2108  46268 31232 17708 31232 17732 10568 13176  1 40 43 16  0  0
 1  1 1164408  66592   2108  45176 28192 30164 28192 30164 14081 12334  1 50 25 25  0  0
 2  0 1164752  71560   2108  44904 31168 28292 31168 28292 17524 13748  1 45 27 27  0  0
 1  0 1165308  72324   2108  42364 30796 27968 30796 27968 16062 13329  1 48 25 26  0  0
 0  1 1165140  65136   2112  49004 22924 20260 29868 20276 11849 9928  1 46 27 27  0  0
 0  1 1167656  69340   2112  48660 25084 24832 25088 24836 13392 10978  1 45 27 27  0  0
 1  0 1169356  72748   2120  48364 25888 24780 25892 24800 12842 11319  1 44 30 25  0  0
 0  1 1166864  70012   2120  48064 30308 24080 30312 24080 11430 12782  0 44 38 18  0  0
 1  0 1165072  67168   2120  47832 23716 19160 23716 19160 9629 10035  1 44 35 21  0  0
 2  1 1166620  70472   2120  47560 28800 27156 28800 27156 14937 12565  1 47 25 27  0  0
 0  1 1169840  73620   2120  47264 33012 32360 33012 32360 16795 14006  1 50 23 26  0  0
 3  0 1198424 107008   2396  44312 28740 54396 29596 54396 17873 12810  1 61 16 23  0  0
procs -----------memory---------- ---swap-- -----io---- -system-- -------cpu-------
 r  b   swpd   free   buff  cache   si   so    bi    bo   in   cs us sy id wa st gu
 1  0 1181508  83952   2404  44312 25340 5744 25364  5756 7410 10849  1 36 47 17  0  0
 1  0 1169056  70904   2404  43868 30800 15392 30800 15392 11109 13574  1 39 43 18  0  0
 1  0 1153812  58744   2400  43228 32896 14224 32896 14224 16117 14161  1 38 32 30  0  0
 1  0 1160872  66756   2272  42720 30240 34416 30916 34416 17590 13534  1 49 24 26  0  0
 0  1 1162136  71276   2188  41760 30616 28520 30616 28520 17121 13192  1 47 27 26  0  0
 1  0 1163616  75332   2188  40876 29096 27432 29096 27432 14478 12624  1 45 31 23  0  0
 2  0 1152696  70716   2188  32864 30492 16404 30492 16428 11860 13219  1 39 40 20  0  0
 0  1 1188224 109068   2188  32812 20552 54108 20556 54108 11598 9530  0 62 21 17  0  0
 1  0 1156088  71576   3008  33484 36020    0 37512     0 8748 15291  1 30 51 18  0  0
 0  1 1158348  68740   2888  39868 30724 29780 37228 29780 13748 13516  1 47 34 19  0  0
 2  0 1157024  58344   2824  39868 20488 16740 20488 16740 8235 8829  0 39 44 18  0  0
 0  1 1155316  65172   2724  39868 27392 22632 27392 22632 10537 11875  1 40 42 17  0  0
 3  0 1158256  69676   2620  39868 27608 27624 27608 27648 11755 12003  1 45 37 18  0  0
 1  0 1159960  71760   2524  39868 29612 28144 29612 28144 15482 12814  1 47 28 24  0  0
 1  0 1171228  83408   2284  39844 21480 30532 21480 30548 13233 9445  1 51 25 24  0  0
 1  0 1178944  91964   2284  39848 29064 33588 29068 33588 16558 12644  1 49 25 25  0  0
 3  0 1160700  71796   2284  39824 33524 11948 33524 11948 14124 14699  1 37 36 26  0  0
 0  1 1150976  61656   2284  39668 31064 18072 31064 18072 10037 13418  0 40 42 18  0  0
 0  1 1162648  67452   2220  39468 25040 34336 25040 34348 12468 11294  1 47 37 16  0  0
 0  1 1155748  58884   2220  39392 23816 14416 23816 14416 8707 10346  1 40 42 17  0  0
 0  1 1156928  69244   2220  39272 25360 23756 25360 23756 13272 11015  1 45 30 24  0  0
procs -----------memory---------- ---swap-- -----io---- -system-- -------cpu-------
 r  b   swpd   free   buff  cache   si   so    bi    bo   in   cs us sy id wa st gu
 0  1 1155264  68636   2220  39184 30668 26004 30692 26004 12282 13555  1 43 40 16  0  0
 1  0 1158868  66320   2144  38324 30784 30792 30784 30792 12797 12985  1 46 38 15  0  0
 0  1 1157528  69448   2136  37804 29784 25392 29784 25392 11802 12986  1 43 40 16  0  0
 0  1 1151120  63228   2144  37420 30080 20448 30080 20460 11026 13024  0 42 42 16  0  0
 0  1 1159008  74672   2144  36788 28912 34020 28912 34020 12914 12966  1 46 37 16  0  0
 1  0 1150208  64552   2144  36508 25060 13652 25060 13652 8431 10804  0 38 45 18  0  0
 0  1 1154380  71732   2144  35996 27152 28444 27152 28444 11214 11816  1 48 36 16  0  0
 0  1 1155052  72652   2144  35520 30816 28288 30816 28288 12175 13419  1 46 38 16  0  0
 0  1 1179612 100644   2156  32548 27412 49480 27424 49480 18299 12359  0 57 23 21  0  0
 0  0 1154464  71916   2164  32548 27700    0 27700    12 7132 12060  1 31 52 17  0  0
 1  0 1148556  60600   2164  32488 29844 20792 29844 20792 12622 12988  1 43 38 19  0  0
 1  0 1151668  68976   2164  32412 29852 29960 29852 29960 13954 13092  1 45 36 18  0  0
 0  1 1172004  68148   2172  56012 29388 46628 50096 46628 14205 12773  0 57 24 19  0  0
 0  1 1178296  78152   2172  55940 28824 32108 28824 32108 12718 12648  1 47 37 15  0  0
 1  0 1166488  65552   2172  55912 29552 14848 29552 14848 10054 13036  1 39 44 17  0  0
 1  0 1182576  83104   2180  55308 21152 35128 21152 35148 12385 9330  1 52 31 16  0  0
 1  0 1169256  67164   2180  55748 31964 15580 32440 15584 10603 14025  1 38 44 17  0  0
 0  1 1171880  70412   2180  55744 29944 29452 29948 29456 12331 13133  1 44 39 16  0  0
 0  1 1175540  71660   2316  60208 28700 29280 33348 29284 12319 12586  0 48 37 15  0  0
 3  0 1183136  65456   2228  74316 22356 27624 31993 27628 11883 9981  1 55 28 16  0  0
 4  0 1223892  85564   2228 101200 19708 58392 33802 58396 18939 10494  0 88  4  7  0  0
procs -----------memory---------- ---swap-- -----io---- -system-- -------cpu-------
 r  b   swpd   free   buff  cache   si   so    bi    bo   in   cs us sy id wa st gu
 1  0 1203832  59180   2236 103912 27196 4564 29956  4584 8232 11332  1 45 34 20  0  0
 0  1 1212756  64968   2172  99684 24468 31184 24468 31188 11718 11167  1 46 36 16  0  0
 1  0 1209320  71468   2172  96924 25852 19916 25856 19916 11161 11439  0 42 39 19  0  0
 0  1 1202212  61164   2172  94984 23668 14216 23668 14216 11259 10522  1 40 37 23  0  0
 0  1 1204088  71876   2172  91048 28912 28100 28912 28100 12379 12918  1 44 39 16  0  0
 1  1 1202404  68576   2172  87468 29240 24640 29240 24640 11970 12732  1 45 39 16  0  0
 0  1 1192556  65296   2180  85708 29212 16512 29212 16524 11810 12916  0 42 36 22  0  0
 1  0 1199220  77508   2180  81592 28340 32284 28340 32284 12692 12767  1 48 34 17  0  0
 1  0 1185292  64296   2180  80136 30268 13628 30268 13628 9997 13481  1 39 44 17  0  0
 1  0 1170008  59392   2120  63948 30200 12208 30200 12208 9875 13393  1 37 45 17  0  0
 1  0 1182200  59112   2108  78760 25588 35228 44292 35228 12460 11190  1 51 33 15  0  0
 0  1 1193676  70492   2108  78760 20700 30352 20700 30352 10585 9406  1 48 36 16  0  0
 0  1 1180656  60120   2128  78760 30376 14636 30388 14648 10325 13447  1 40 43 17  0  0
 0  0 1188956  69100   2128  78760 27984 33716 27984 33716 13271 12400  1 48 36 16  0  0
 0  1 1180852  60624   2128  78760 29208 18444 29208 18444 10706 12953  1 41 42 17  0  0
 1  1 1179780  68200   2124  71176 29464 25516 29468 25524 14262 13004  1 45 34 20  0  0
 0  1 1169916  64568   2124  59504 32328 19224 32328 19224 14868 14141  0 42 34 24  0  0
 2  0 1165544  63540   2124  58684 27060 19924 28588 19924 9673 11807  1 42 41 16  0  0
 1  0 1169648  68548   2132  56728 22664 24572 22664 24596 10042 10073  1 44 39 17  0  0
 2  0 1161604  64384   2132  53912 31716 20592 31716 20592 14899 13879  1 42 34 23  0  0
 0  0 1158056  61904   2132  52620 30796 24160 30796 24160 11654 13436  1 43 41 16  0  0
procs -----------memory---------- ---swap-- -----io---- -system-- -------cpu-------
 r  b   swpd   free   buff  cache   si   so    bi    bo   in   cs us sy id wa st gu
 1  0 1164916  73332   2132  49872 28724 32788 28748 32788 13418 12717  1 48 34 17  0  0
 3  0 1162100  65468   2132  46916 30212 24652 30212 24652 11779 13443  1 43 41 16  0  0
 1  0 1157180  68616   2132  45920 24788 17472 24788 17472 9399 10866  1 40 42 17  0  0
 1  0 1151092  69468   2136  36672 28176 19196 28176 19208 10578 12242  1 42 42 16  0  0
 1  0 1154556  73204   2136  36396 29576 30144 29576 30144 12525 12981  1 46 38 15  0  0
 4  0 1155312  69476   2296  36168 30252 27856 30472 27856 12909 13088  1 46 38 16  0  0
 3  0 1153156  64732   2424  38640 29708 24484 32692 24484 11575 12916  1 45 39 16  0  0
 3  0 1160424  72648   2424  41572 28516 32648 31820 32648 13014 12275  1 47 35 17  0  0
 1  0 1153876  65356   2424  41360 28964 19788 28964 19788 10779 12896  1 41 42 16  0  0
 1  0 1150932  62352   2432  41224 23644 18200 23644 18232 9099 10172  1 39 43 17  0  0
 4  0 1178640  76840   2428  57312 21620 47204 33655 47204 11706 10077  0 64 25 11  0  0
 1  0 1196212  69076   2408  83528 21736 37160 38318 37160 16302 9998  0 80  5 14  0  0
 1  0 1188680  60228   2392  83112 30788 20284 30788 20288 11087 13562  1 42 41 16  0  0
 1  0 1210572  88524   2276  82564 27120 46220 27124 46224 14785 12042  0 55 30 14  0  0
 1  0 1185632  60244   2276  82568 27528    0 27532     0 7073 11926  1 32 51 17  0  0
 1  0 1196856  73584   2256  82364 24104 33064 24104 33076 12937 10774  1 49 33 17  0  0
 1  0 1193488  69772   2248  82228 29088 23008 29088 23008 11763 12923  1 43 40 16  0  0
 1  0 1206104  86552   2196  79252 27848 38008 27848 38008 14231 12121  0 52 33 14  0  0
 1  1 1192948  73752   2192  78080 31240 15224 31240 15224 10916 13836  1 40 42 17  0  0
 0  0 1180040  61168   2192  76872 30436 14880 30436 14880 16512 13496  0 41 32 27  0  0
 1  0 1187420  69284   2192  77820 28576 33512 31992 33512 12948 13023  1 48 33 18  0  0
procs -----------memory---------- ---swap-- -----io---- -system-- -------cpu-------
 r  b   swpd   free   buff  cache   si   so    bi    bo   in   cs us sy id wa st gu
 1  0 1184272  67652   2200  76236 29772 23988 29796 24000 11787 13209  1 44 39 15  0  0
 3  0 1187476  65712   2200  74624 29308 29844 29308 29844 14879 13260  0 48 32 20  0  0
 2  0 1184340  71332   2200  74024 23132 17876 23132 17876 9183 10390  1 44 41 15  0  0
 1  0 1177700  64968   2204  73048 26428 17252 26432 17260 9573 11733  1 42 42 16  0  0
 1  0 1222108 119320   2188  66376 21184 63528 21188 63532 16964 9484  1 64 22 14  0  0
 1  0 1197720  90088   2196  66380 26628    0 26632    24 12919 11733  0 30 38 32  0  0
 2  1 1168964  61176   2196  66380 35168 3236 35168  3236 16841 15488  1 33 35 32  0  0
 0  1 1173396  66508   2188  63496 29276 30872 29276 30888 12704 12824  0 47 38 15  0  0
 3  0 1166012  64624   2188  61212 30432 20164 30436 20164 11137 13464  1 42 41 17  0  0
 1  0 1160224  60328   2188  59156 31792 22924 31792 22924 14747 13883  1 43 36 21  0  0
 1  0 1165632  66848   2196  58324 28772 31632 28772 31644 13104 12658  1 47 36 16  0  0
 1  0 1168212  71816   2120  55212 19492 20160 19492 20160 9886 8493  1 44 36 19  0  0
 3  0 1161804  64684   2120  54068 28416 19124 28416 19124 14032 12452  1 40 35 24  0  0
 1  0 1166300  71896   2120  51316 25188 27228 25188 27228 11674 11162  1 45 37 17  0  0
 1  0 1153468  58688   2120  50728 24256 9420 24256  9420 9481 10714  1 36 43 21  0  0
 1  0 1178468  85096   2412  52484 25208 47980 30192 47980 17249 11588  0 56 26 18  0  0
 1  0 1165072  69976   2420  51596 31720 15196 31720 15208 11841 13925  1 39 41 19  0  0
 1  0 1160696  68448   2420  50248 30472 23012 30472 23012 14153 13171  1 43 35 21  0  0
 1  0 1151708  59820   2420  49188 30928 18988 30928 18988 11013 13630  1 40 43 16  0  0
 1  0 1203956 102420   2256  61872 19080 69676 39560 69676 17230 8725  0 68 21 12  0  0
 1  0 1180000  75160   2348  61872 26400    0 26492     0 6864 11500  1 32 51 17  0  0
procs -----------memory---------- ---swap-- -----io---- -system-- -------cpu-------
 r  b   swpd   free   buff  cache   si   so    bi    bo   in   cs us sy id wa st gu
 1  1 1172644  66592   2352  61780 30736 20132 30760 20140 11160 13286  1 41 42 16  0  0
 3  0 1179756  68588   2352  61528 29380 33572 29380 33576 13170 12790  1 48 36 15  0  0
 1  0 1175560  65080   2352  61336 30368 23280 30368 23280 11618 13350  1 43 40 16  0  0
 1  0 1168208  65708   2352  61216 28512 18376 28512 18376 11996 12544  1 40 40 20  0  0
 1  0 1168344  65900   2352  61072 25764 23612 25764 23612 11471 11619  1 43 38 18  0  0
 3  0 1172236  69528   2344  60276 26644 27804 26644 27804 11345 11756  1 46 38 15  0  0
 2  0 1170640  65100   2340  60004 23392 19420 23392 19432 12631 10270  1 44 34 22  0  0
 1  1 1174236  72900   2452  58940 29872 30616 30248 30636 14253 13061  1 47 35 18  0  0
 0  1 1167380  63576   2436  58308 31208 21512 31208 21512 11616 13662  0 42 41 16  0  0
 1  0 1172004  71368   2436  57436 27388 29420 27388 29420 12173 12316  1 48 37 15  0  0
 0  1 1172160  73756   2436  56552 31300 28216 31300 28216 12421 13694  1 45 39 16  0  0
 2  0 1169464  65388   2436  55728 29824 23868 29824 23868 11489 13114  1 42 42 16  0  0
 1  0 1166484  57564   2436  55320 24136 19108 24136 19108 10018 10629  1 42 40 18  0  0
 1  0 1183752  90432   2396  49460 22156 37136 22156 37148 11948 9722  1 50 35 15  0  0
 1  0 1169628  75144   2392  48580 32928 15768 32928 15768 11050 14526  1 38 44 17  0  0
 1  0 1160020  61688   2392  47464 31872 19220 31872 19220 11261 13832  1 41 42 16  0  0
 1  0 1161848  72716   2392  45692 30884 29488 30884 29488 12701 13414  1 46 39 15  0  0
 1  0 1168792  78348   2388  43868 29144 33196 29144 33200 12857 12805  1 48 37 14  0  0
 1  0 1153244  66012   2388  43140 25172 7252 25172  7252 11595 10976  1 39 36 24  0  0
 1  0 1155780  70500   2396  41588 28432 28252 28432 28272 11624 12617  0 45 39 16  0  0
 3  0 1157800  75200   2244  38096 30388 29232 30388 29236 12421 13249  1 45 39 16  0  0
procs -----------memory---------- ---swap-- -----io---- -system-- -------cpu-------
 r  b   swpd   free   buff  cache   si   so    bi    bo   in   cs us sy id wa st gu
 1  0 1180372  96960   2244  38100 24512 44956 24540 44956 13949 10799  1 53 32 15  0  0
 0  0 1156748  70752   2244  38124 26268    0 26268     0 6728 11241  1 31 51 18  0  0
 4  0 1186036  67844   5816  72524 26224 52492 60736 52516 15112 10543  1 61 26 13  0  0
 1  0 1183284  67676   4376  70980 29576 24120 37884 24344 12867 13289  1 44 38 17  0  0
 1  0 1183296  75940   4324  62444 31492 28300 31496 28300 12634 13887  0 46 38 16  0  0
 1  0 1177512  58512   4324  63256 30900 22340 31804 22340 11867 13769  1 43 41 16  0  0
 1  0 1171956  63460   4196  60444 27160 19072 27160 19072 10368 12022  1 43 41 15  0  0
 1  0 1181760  68952   4044  66676 29316 36108 38532 36108 14272 12613  1 52 33 15  0  0
 3  0 1185008  66672   2712  75664 30244 30552 35766 30592 12868 13389  1 53 33 14  0  0
 1  0 1190688  72844   2664  76804 22384 25856 24948 25856 9757 10038  0 47 37 16  0  0
 0  1 1184692  65644   2664  76672 27524 19040 27524 19040 12154 12017  0 42 38 20  0  0
 1  0 1185052  66432   2664  76300 30708 27960 30708 27960 12475 13606  1 45 39 15  0  0
 1  0 1179784  59628   2664  76044 31500 23412 31500 23412 12132 14090  0 43 41 16  0  0
 3  0 1176516  58380   2664  75536 26544 20908 26544 20908 10184 11826  1 44 40 16  0  0
 1  0 1213684 103956   2312  67408 20304 55660 20400 55712 15524 9285  1 60 26 14  0  0
 1  0 1188520  73716   2312  67412 27920    0 27924     0 7114 12077  1 32 51 17  0  0
 1  0 1174076  61896   2280  66604 32240 14952 32240 14952 10840 14239  0 40 43 16  0  0
 3  0 1176488  70900   2280  64540 30884 30348 30884 30348 15652 13697  1 47 34 19  0  0
 1  0 1173080  67896   2284  62388 32092 25700 32096 25700 15761 14098  1 45 34 21  0  0
 1  0 1172676  70788   2284  60584 31204 27996 31204 27996 12696 13879  1 46 38 15  0  0
 1  0 1164216  68000   2272  53640 31952 20364 31952 20388 11187 14082  1 42 42 16  0  0
procs -----------memory---------- ---swap-- -----io---- -system-- -------cpu-------
 r  b   swpd   free   buff  cache   si   so    bi    bo   in   cs us sy id wa st gu
 2  0 1161468  63680   2264  52136 26432 21280 26456 21280 10760 11782  1 42 42 16  0  0
 1  0 1161848  65640   2248  50596 26112 23728 26112 23728 10500 11340  1 44 40 16  0  0
 1  0 1162068  70064   2224  48692 31676 28636 31676 28636 12865 13901  0 46 39 15  0  0
 3  0 1166568  78424   2212  46620 29444 31184 29444 31184 12670 13171  1 46 38 15  0  0
 1  0 1154352  65892   2212  45760 32320 17124 32320 17124 11125 14314  0 42 43 15  0  0
 1  0 1155652  70428   2220  44236 29948 28432 29948 28444 12482 13298  1 46 39 15  0  0
 2  0 1147188  55504   2224  46512 26052 14816 28776 14816 9130 11255  1 41 43 17  0  0
 3  0 1173328  91892   2164  38728 24656 48580 24656 48596 14625 10983  1 56 30 13  0  0
 1  0 1172848  81436   2164  38732 31040 27564 31044 27564 12355 13618  0 45 39 16  0  0
 1  0 1152372  70340   2152  38556 34256 10420 34256 10420 10290 14909  1 37 46 16  0  0
 1  0 1142136  59056   2152  38212 33180 19620 33180 19620 11624 14345  1 42 42 16  0  0
 3  0 1170056  65944   2164  55460 20680 46756 38564 46768 13484 9385  1 57 30 12  0  0
 1  0 1168392  66916   2272  59336 27184 22732 31436 22732 10840 11829  0 44 39 16  0  0
 3  0 1163260  61828   2272  59100 31024 23032 31024 23032 11735 13737  1 45 40 16  0  0
 1  1 1160256  68420   2204  41984 32504 26044 32504 26044 12347 13922  1 45 39 15  0  0
 2  0 1156952  64124   2204  41960 31684 25320 31684 25320 12376 13855  1 44 40 15  0  0
 1  0 1152000  62640   2204  41884 30876 22516 30876 22516 11520 13227  1 42 41 17  0  0
 1  0 1155156  69404   2212  41672 29492 29516 29492 29528 15511 12742  1 48 31 21  0  0
 2  0 1151064  65176   2208  41316 27652 20756 27652 20756 10430 12005  1 42 41 16  0  0
 3  0 1149820  64672   2208  41004 32144 27744 32144 27744 16760 14084  0 47 30 23  0  0
 1  0 1144652  59432   2208  40776 30940 22944 30940 22944 11366 13767  1 43 41 16  0  0
procs -----------memory---------- ---swap-- -----io---- -system-- -------cpu-------
 r  b   swpd   free   buff  cache   si   so    bi    bo   in   cs us sy id wa st gu
 0  1 1144008  58452   2208  40556 28708 25404 28732 25404 11482 12833  1 45 40 15  0  0
 2  0 1151240  67200   2196  37856 23228 28088 23548 28088 10874 10243  1 46 38 16  0  0
 1  0 1146364  60548   2204  37624 31480 23080 31480 23092 11337 13432  1 42 41 16  0  0
 1  0 1148740  60988   2204  37128 30240 29676 30240 29676 14799 13295  1 45 35 19  0  0
 3  1 1151752  68868   2204  36572 31288 31052 31288 31060 14093 13533  1 48 34 17  0  0
 0  1 1148444  63528   2204  36156 31020 24608 31024 24612 12313 13535  1 44 40 16  0  0
 0  1 1154080  70060   2204  37888 24960 28084 27088 28088 10744 10980  0 49 35 15  0  0
 0  0 1148216  64256   2200  36068 27228 18524 27232 18524 10114 11917  1 44 41 15  0  0
 1  0 1157160  73168   2208  36048 29428 35232 29428 35256 12772 12819  1 48 36 15  0  0
 1  1 1153476  64868   2208  36044 31200 24188 31200 24188 11471 13493  1 44 40 16  0  0
 1  0 1155352  71796   2208  35996 27296 26248 27296 26248 11230 11867  1 45 39 16  0  0
 3  0 1150188  60700   2220  35996 28556 20304 28568 20304 12233 12310  1 43 36 20  0  0
 0  1 1153700  70108   2204  35956 23400 24224 23400 24224 9565 10042  1 44 38 17  0  0
 0  0 1147532  61056   2172  35956 22888 14296 22888 14296 8269 9854  1 38 44 18  0  0
 1  0 1141748  58060   2180  35956 28172 19540 28172 19552 10372 12312  1 41 42 17  0  0
 1  0 1150764  68156   2180  35912 25312 31792 25312 31792 11880 11109  1 50 34 16  0  0
 1  0 1190460 103708   2284  33824 20436 58176 20568 58176 15817 9213  0 64 19 17  0  0
 0  1 1167428  79012   2284  33824 25684    0 25684     0 6615 10956  1 31 51 18  0  0
 0  1 1151532  68924   2284  33720 29032 9876 29032  9876 9517 12287  1 33 45 22  0  0
 1  0 1144856  60356   2284  33508 27184 17580 27184 17580 9733 11766  0 35 44 20  0  0
 0  1 1148392  64368   3096  33952 25256 26068 26756 26080 13058 11188  1 41 34 25  0  0
procs -----------memory---------- ---swap-- -----io---- -system-- -------cpu-------
 r  b   swpd   free   buff  cache   si   so    bi    bo   in   cs us sy id wa st gu
 1  0 1153708  67068   3024  37632 16216 19752 20008 19752 7399 7377  1 38 39 22  0  0
 1  0 1156132  69256   3016  37648 13816 14828 13816 14828 7420 6289  1 30 42 28  0  0
 1  0 1152624  58132   3016  37648 20524 14688 20524 14688 10163 8970  1 28 40 31  0  0
 0  1 1161700  67108   3016  37608 18952 26096 18952 26096 9239 8720  0 34 41 25  0  0
 2  1 1154704  68080   2988  37036 20116 10976 20116 10976 8680 8812  0 27 42 31  0  0
 1  0 1149928  58620   2912  36972 17048 10484 17048 10496 6436 7430  1 26 47 27  0  0
 6  0 1176952  59324   2736  69400 10132 36112 28628 36112 9338 5474  0 79  3 17  0  0
 0  1 1190524  66292   2636  77288 16392 28248 23060 28248 8063 6837  3 54 21 23  0  0
 0  1 1192932  71360   2580  77260 13596 14576 13596 14576 6568 6223  1 28 43 29  0  0
 1  0 1188208  66644   2512  77228 25768 18568 25768 18568 12403 11530  1 29 40 31  0  0
 0  1 1186884  64124   2444  77196 22368 18540 22368 18540 10679 9815  1 33 39 28  0  0
 1  0 1185960  62068   2404  77172 17112 14420 17112 14432 8630 7645  1 29 42 29  0  0
 0  1 1182828  59296   2356  77148 19108 14128 19108 14128 7760 8680  0 30 44 26  0  0
 1  0 1182348  60280   2316  77124 15216 13304 15216 13304 6712 6905  1 26 46 28  0  0
 1  0 1193012  75664   2168  74052 20760 29200 20760 29200 13239 9494  1 37 32 31  0  0
 0  0 1188356  71040   2168  71720 20928 14252 21072 14252 10619 9406  1 31 38 31  0  0
 0  1 1185708  68376   2168  69684 19204 14464 19204 14464 7459 8519  1 35 41 25  0  0
 0  1 1183280  70616   2172  67500 19120 14856 19120 14888 7840 8656  0 34 41 25  0  0
 1  0 1182952  71264   2172  66488 17156 15064 17160 15064 7192 7734  0 32 43 24  0  0
 0  1 1173352  60680   2172  66488 10700    0 10700     0 3449 4654  1 22 51 26  0  0
 0  1 1177452  66344   2172  65552 11116 14176 11116 14176 5843 5296  0 34 43 24  0  0
procs -----------memory---------- ---swap-- -----io---- -system-- -------cpu-------
 r  b   swpd   free   buff  cache   si   so    bi    bo   in   cs us sy id wa st gu
 1  0 1181812  72936   2172  64620 11052 14124 11076 14124 5908 5048  1 38 39 23  0  0
 1  0 1183876  75820   2172  63720 14372 14828 14372 14828 8925 6350  0 35 34 32  0  0
 0  1 1180612  73116   2180  62808 19752 14556 19752 14568 7731 8912  1 31 44 24  0  0
 1  0 1202588  74784   2148  84288 13988 34800 34528 34800 10853 6599  1 47 27 25  0  0
 0  1 1202192  72648   2148  83436 20528 18152 20528 18152 11113 9265  1 34 37 28  0  0
 2  0 1193380  68528   2148  83008 21884 10808 21884 10808 7722 9647  0 30 45 25  0  0
 0  1 1194052  75788   2128  72892 20080 18544 20080 18544 9879 8782  1 34 39 27  0  0
 0  1 1178844  59156   2128  72892 16864    0 16864     0 4806 7350  1 22 50 27  0  0
 0  1 1179736  62564   2136  71404 15840 15184 15840 15196 6680 7280  1 31 44 24  0  0
 1  0 1181220  63080   2280  72140 13976 14048 16532 14048 8119 6438  1 35 36 28  0  0
 1  0 1180784  64136   2280  71776 16884 14656 18052 14656 10452 7604  0 32 35 33  0  0
 1  0 1181188  66144   2280  70708 16148 14944 16148 14944 8224 7380  1 30 41 28  0  0
 0  1 1178080  64116   2272  69396 19952 14868 19952 14868 9818 8956  1 30 39 30  0  0
 1  2 1205700  73628   2136  90920 15908 41844 35497 41844 11881 7467  1 62 17 20  0  0
 0  1 1206724  70912   2144  94872 18140 17516 22152 17528 8111 8426  1 34 41 25  0  0
 3  0 1216740  65176   2584 111792 13712 22376 26187 22376 8481 6761  0 55 23 22  0  0
 1  0 1216872  60292   2560 111108 16380 14908 17086 14908 8457 7512  1 36 37 27  0  0
 1  0 1213512  59012   2560 109280 20336 14996 20336 14996 8263 9078  0 32 44 24  0  0
 0  1 1210276  59288   2560 107500 21184 15664 21184 15664 8412 9400  0 34 42 23  0  0
 0  1 1208692  60100   2560 105520 19096 15792 19096 15792 8107 8730  0 32 44 24  0  0
 1  0 1208696  62156   2568 103668 17140 15564 17140 15576 7500 7869  1 32 43 24  0  0
procs -----------memory---------- ---swap-- -----io---- -system-- -------cpu-------
 r  b   swpd   free   buff  cache   si   so    bi    bo   in   cs us sy id wa st gu
 0  1 1204736  62324   2568 101264 20496 14648 20520 14648 8267 9328  1 31 45 24  0  0
 0  1 1199424  59468   2568  98272 21244 14136 21244 14136 8291 9736  1 33 44 24  0  0
 1  0 1194860  58976   2568  94992 20644 14100 20644 14100 7702 9335  0 32 44 23  0  0
 0  1 1194400  61064   2568  91764 16204 14260 16204 14260 7266 7404  0 32 44 24  0  0
 1  1 1192908  61044   2568  88752 17368 14172 17368 14172 9790 7804  0 34 37 29  0  0
 0  1 1190416  62928   2576  86192 18092 13972 18092 13984 7514 8261  1 32 45 24  0  0
 1  0 1187168  61880   2144  84176 18680 13684 18680 13692 10556 8490  0 32 37 31  0  0
 3  0 1182188  75188   2128  65276 16688 10164 16688 10164 6576 7637  1 32 44 23  0  0
 1  0 1171552  59916   2128  65468 17600 5136 17792  5136 5940 7709  1 27 48 25  0  0
 1  0 1171016  61024   2128  64436 17684 15240 17684 15240 7528 7923  0 33 44 24  0  0
 1  0 1168688  60724   2128  62860 19404 15060 19404 15060 7831 8647  1 33 44 23  0  0
 2  0 1170988  63428   2124  61052 22284 22316 22284 22356 9757 10036  0 37 40 22  0  0
 0  1 1172796  67888   2124  60260 22924 22416 22924 22416 13006 10299  1 38 33 29  0  0
 0  1 1170588  65752   2124  59740 19092 14684 19092 14684 9053 8204  1 35 36 28  0  0
 1  0 1164052  58816   2124  59372 17296 9052 17296  9052 6456 7617  1 30 45 25  0  0
 3  0 1169772  65632   2124  58796 20476 24180 20476 24180 9670 9325  0 39 40 22  0  0
 1  0 1167044  63644   2124  57980 22636 17780 22636 17780 9014 10144  1 34 43 23  0  0
 3  0 1171664  74564   2296  52484 22484 24824 22712 24836 10174 10073  1 39 39 22  0  0
 3  0 1168116  67536   2272  54652 23388 17488 26364 17488 9139 10387  1 35 43 22  0  0
 1  0 1171044  71648   2252  53584 21796 22556 21796 22556 9391 9676  1 37 41 21  0  0
 1  0 1168800  68732   2240  52844 19684 15500 19684 15500 9014 8842  1 32 42 25  0  0
procs -----------memory---------- ---swap-- -----io---- -system-- -------cpu-------
 r  b   swpd   free   buff  cache   si   so    bi    bo   in   cs us sy id wa st gu
 1  0 1163312  60936   2232  51988 23716 15672 23740 15672 12521 10359  1 34 36 29  0  0
 1  0 1162652  62724   2224  51276 16772 14544 16772 14556 7521 7515  1 35 42 23  0  0
 1  0 1161788  65040   2212  50540 18392 15368 18392 15368 7412 8043  1 32 45 22  0  0
 1  0 1157260  60268   2200  49680 21636 14748 21636 14748 8057 9459  0 35 43 22  0  0
 1  0 1157476  62428   2188  49216 15960 14452 15960 14452 6704 7115  1 30 44 26  0  0
 1  0 1158072  64012   2176  48684 15472 14364 15472 14364 8494 6842  1 31 39 29  0  0
 1  0 1159560  65336   2172  48008 15144 15020 15144 15032 6596 6837  1 28 46 26  0  0
 0  1 1156976  68868   2160  38544 29024 23276 29024 23276 12588 12636  1 34 41 24  0  0
 1  0 1156368  66720   2160  38308 23956 20880 23956 20880 12088 10698  1 34 38 28  0  0
 3  0 1149452  60820   2160  38124 28592 18656 28592 18656 10170 12505  1 31 45 24  0  0
 1  0 1151508  62588   2160  38496 27196 26196 27872 26196 11033 11826  1 35 42 23  0  0
 3  0 1152468  63776   2160  38872 28132 26040 28836 26040 11556 12386  1 36 41 22  0  0
 1  0 1158108  71088   2168  38792 20368 23944 20368 23956 9249 9313  1 37 40 22  0  0
 1  0 1156588  71004   2168  38696 18368 15016 18368 15016 7128 8247  0 31 45 24  0  0
 1  0 1153624  65860   2168  38596 25136 19452 25136 19452 11188 11024  1 32 40 27  0  0
 0  1 1148232  61280   2168  38596 16452 9344 16452  9344 6094 7194  1 28 45 26  0  0
 1  0 1152240  63336   2168  38596 25756 26836 25756 26836 11018 11226  1 37 41 22  0  0
 1  0 1158152  69184   2168  38344 27820 30804 27820 30812 12289 12328  1 40 38 21  0  0
