procs -----------memory---------- ---swap-- -----io---- -system-- -------cpu-------
 r  b   swpd   free   buff  cache   si   so    bi    bo   in   cs us sy id wa st gu
 1  0      0 1054412   5152 161936    0    0   664    25  166    0  0  1 98  0  0  0
 1  0      0 1029716   9080 191868    0    0 33228     0 1484  579  4 42 50  4  0  0
 1  0      0 669332   9476 196840    0    0  5976     0 1182  154  1 50 49  1  0  0
 2  0      0 350920   9480 196840    0    0     4     0 1301   79  1 59 40  0  0  0
 2  0      0 159712   9480 196840    0    0     0     0 2137   66  1 99  0  0  0  0
 0  1 114536  64076   2900 115764  116 114000  5892 114096 4002  394  2 76 21  1  0  0
 2  0 539676  82836   2612 129348 38572 425036 67680 425212 15745 3820  2 73 10 15  0  0
 2  0 693780  67836   2612 130152 152164 154104 152944 154104 11735 9830  2 35 31 33  0  0
 1  1 895212  62276   2612 130148 214648 201428 214648 201524 13455 13565  2 48 34 16  0  0
 2  0 971052  71860   2136  85500 112656 75224 112896 75228 9230 7573  0 39 32 28  0  0
 1  0 1062936  68700   2136  78200 152712 151924 152716 151928 20872 9890  1 45 30 25  0  0
 0  1 1055152  71340   2136  79216 135876 125116 136896 125120 11520 9581  1 31 40 28  0  0
 0  1 1048572  72168   2556  84724 163952 20460 169912 20500 9453 11483  1 27 44 29  0  0
 1  0 1048572  63388   2544  77704 205532 59528 205760 59532 12131 13570  2 39 41 19  0  0
 0  1 1048572  66980   2544  90564 152360 160568 180580 160568 7594 10903  2 43 36 20  0  0
 0  1 1057992  86292   2380  74564 161480 88548 161512 88632 8452 11555  1 36 40 23  0  0
 0  1 1048572  74520   2316  70336 103684 96260 105148 96260 6465 8149  1 24 40 35  0  0
 2  0 1051028  85420   2264  68256 112092 42372 113896 42396 6192 8759  1 22 45 32  0  0
 2  0 1048840  67456   2200  66248 169076 60684 169304 60684 9130 11695  1 30 43 26  0  0
 0  1 1055564  80312   2180  60588 160668 103368 163076 103368 19694 11424  1 40 30 29  0  0
 1  0 1048572  75636   2172  45972 165528 53312 165648 53312 9437 12076  2 27 44 27  0  0
procs -----------memory---------- ---swap-- -----io---- -system-- -------cpu-------
 r  b   swpd   free   buff  cache   si   so    bi    bo   in   cs us sy id wa st gu
 1  0 1048572  69576   2172  59820 152932 106972 169420 106972 7635 10623  1 32 42 25  0  0
 1  0 1048572  98784   2172  61188 151856 53996 154636 54012 7605 11296  1 27 45 27  0  0
 1  0 1048572  68024   2328  60096 179084 58492 179236 58508 8032 12279  1 29 45 25  0  0
 1  0 1048572  77728   2256  40884 138192 70972 138196 70976 9424 9556  1 24 41 35  0  0
 1  0 1048572  76060   2256  40396 142308 83340 142312 83340 9420 9904  1 26 41 33  0  0
 1  0 1056420  95512   2228  36548 182504 87832 182504 87832 10091 12833  2 35 42 22  0  0
 0  1 1048572  76124   2264  40664 152180 58260 156696 58260 12527 11842  2 26 39 33  0  0
 1  0 1048572  65624   2272  40648 155292 58668 155292 58680 8168 11331  2 27 44 27  0  0
 0  1 1048572  82816   3848  84136 36240 40868 81392 40868 7729 11870  2 24 46 28  0  0
 1  0 1048572  79540   3848  84136 32452 11296 32452 11296 9367 15481  1 23 48 28  0  0
 1  0 1048572  68956   3848  84136 33052 7372 33052  7372 9164 15492  1 21 50 28  0  0
 1  0 1048572  71948   3836  83928 31392 26148 31392 26152 10678 15081  1 27 45 27  0  0
 1  0 1048572  63380   3824  83616 31740 21420 31740 21420 10913 15078  1 26 46 27  0  0
 1  0 1048572  92612   3832  83180 31860 35276 31860 35296 11731 15064  1 29 45 26  0  0
 1  0 1048572  74468   3832  83096 35148 2360 35148  2360 9467 15930  1 22 50 27  0  0
 1  0 1048572  67412   3832  82844 33992 13512 33992 13512 10267 15287  1 26 47 26  0  0
 1  0 1048572  76308   3836  89352 31868 29824 39012 29824 13406 14572  1 30 38 31  0  0
 1  0 1048572  82656   3836  88672 32524 28860 32524 28860 16053 14425  0 31 34 35  0  0
 0  1 1048572  76104   3836  88504 35444 10028 35444 10028 16956 15605  1 26 38 34  0  0
 2  0 1048572  66244   3844  88180 35660 9608 35660  9620 16998 15561  1 25 39 35  0  0
 0  1 1048572  75540   3844  87864 34336 23248 34336 23248 16653 15048  1 30 35 35  0  0
procs -----------memory---------- ---swap-- -----io---- -system-- -------cpu-------
 r  b   swpd   free   buff  cache   si   so    bi    bo   in   cs us sy id wa st gu
 0  1 1048572  71756   3844  87388 35356 18700 35380 18700 16897 15112  1 31 36 32  0  0
 0  1 1048572  78132   3844  87436 36760 16616 37080 16616 17357 15701  1 29 36 34  0  0
 1  0 1048572  75564   3844  87160 37772 12204 37772 12204 15615 16000  0 29 41 29  0  0
 1  0 1048572  62964   3844  86976 38920 14728 38920 14728 11009 16431  1 28 47 24  0  0
 1  0 1048572  74956   3852  87780 35824 44980 36964 44992 13607 14730  1 38 37 25  0  0
 1  0 1048572 115464   2276  85996 34620 48984 34624 48992 14419 14444  1 38 32 29  0  0
 0  1 1048572  72608   2276  85928 41244    0 41244     0 17929 16537  1 25 41 33  0  0
 1  0 1048572  63400   2272  89224 42424 16732 45892 16732 13612 16602  1 30 42 28  0  0
 1  0 1048572  66752   2272  88856 40768 24408 40768 24408 10739 15910  1 31 45 23  0  0
 1  0 1048572  71540   2268  88552 41692 24372 41692 24372 11722 16403  1 31 46 23  0  0
 1  0 1048572  80864   2284  88268 41940 20460 41948 20480 11824 16530  1 34 43 21  0  0
 1  0 1048572  66248   2284  54532 47064    0 47064     0 10129 17603  1 25 51 23  0  0
 2  0 1048572  68640   2260  50888 43412 12804 48170 12816 10920 16344  2 34 42 23  0  0
 1  1 1048572  82924   2260  83624 37888 26116 58182 26120 13722 13257  5 62 13 20  0  0
 1  0 1048572  88316   2164  80340 40252 27160 40264 27164 17947 15456  1 36 35 29  0  0
 1  1 1048576  74960   2300  82908 41344 26224 45988 26224 17107 15839  1 33 38 29  0  0
 1  0 1047168  91892   2220  97752 38788 40920 56668 40932 15048 14002  1 37 35 27  0  0
 1  0 1048572  65760   2220  96888 41072 9080 41072  9080 14759 15294  1 29 42 29  0  0
 1  0 1048572  74888   2220  94272 38752 38768 38752 38768 11591 14189  1 34 40 25  0  0
 1  0 1048572  80596   2220  92592 41128 17392 41128 17392 15231 14899  1 31 39 29  0  0
 1  0 1048572  77296   2212  91692 42516 17584 42732 17584 10610 15451  1 29 46 25  0  0
procs -----------memory---------- ---swap-- -----io---- -system-- -------cpu-------
 r  b   swpd   free   buff  cache   si   so    bi    bo   in   cs us sy id wa st gu
 0  1 1048572  77828   2220  90424 42648 18008 42672 18020 11363 15703  1 31 45 23  0  0
 1  0 1048572  60800   2220  90012 44260 11036 44260 11036 10589 16073  1 29 47 23  0  0
 1  0 1048572  73212   2216  67012 42628 19332 42628 19336 12188 14993  1 32 42 25  0  0
 1  0 1048572  69392   2216  66328 42956 20560 42960 20560 11178 15417  1 32 44 24  0  0
 1  0 1048572  63784   2216  65640 42788 17804 42788 17804 10747 15184  1 31 45 23  0  0
 0  1 1048572  77644   2216  64716 39144 40864 39144 40864 12020 14209  1 35 39 25  0  0
 1  0 1048572  70004   2236  84048 39852 32624 54964 32636 11013 13926  1 35 39 25  0  0
 1  0 1048572  66836   2184  74668 43624 19392 43624 19392 10383 15023  1 29 46 24  0  0
 1  1 1048572  66600   2184  71240 43044 22548 43044 22548 10021 14291  1 30 45 25  0  0
 1  0 1048572  66128   2480  68464 44196 19040 45144 19040 14384 14665  1 30 41 28  0  0
 0  1 1048572  71052   2480  65504 44256 17800 44256 17800 13755 15048  1 32 41 26  0  0
 1  0 1048572  84904   2452  51148 42508 19924 42508 19928 16848 14598  1 33 38 29  0  0
 0  1 1048572  64928   2396  49804 44708 15316 44712 15328 16856 14889  1 30 36 33  0  0
 0  1 1048572  79716   2276  47428 43304 33616 43304 33616 12153 14526  1 35 40 25  0  0
 1  0 1048572  75452   2204  47684 44476 21728 46192 21728 12659 14627  1 31 43 25  0  0
 1  0 1048572  64364   2144  46272 45656 18828 45656 18828 10837 14788  1 33 44 23  0  0
 1  0 1048572  72712   2144  51796 43036 26956 49996 26956 13846 14246  1 32 39 28  0  0
 3  0 1048576  59608   2152  50480 45124 24076 45124 24088 10723 14818  1 31 44 24  0  0
 1  0 1048572  73412   2136  42816 42476 30420 42476 30420 14565 13865  2 34 37 28  0  0
 1  0 1048572  76360   2136  42684 45624 23264 45624 23264 10775 14694  1 30 45 24  0  0
 1  0 1048572  69888   2136  42676 46444 15072 46444 15072 15656 14989  1 30 39 29  0  0
procs -----------memory---------- ---swap-- -----io---- -system-- -------cpu-------
 r  b   swpd   free   buff  cache   si   so    bi    bo   in   cs us sy id wa st gu
 0  1 1048572  72000   2136  42816 44976 18160 45236 18164 10895 14622  1 32 45 23  0  0
 0  1 1048572  65856   2136  42780 43696 28956 43696 28956 13689 14404  1 35 39 26  0  0
 1  1 1048572  63508   2144  41136 46948 21432 46948 21444 11367 15163  1 30 39 29  0  0
 3  0 1048576  63128   2288  60892 44176 32492 65616 32492 11372 14056  2 35 41 23  0  0
 0  1 1048572  68096   2288  60232 45832 18332 45832 18332 12962 14954  1 33 41 26  0  0
 4  0 1048572  64428   2200  75756 39556 23348 49179 23348 15484 12884  2 44 28 26  0  0
 0  1 1048568  94400   2292  84256 31940 46596 50254 46596 14383 11295  0 62 16 22  0  0
 1  0 1048572  75796   2244  82752 44764 18176 44764 18176 11398 14796  1 29 44 26  0  0
 1  0 1048572  67484   2228  81424 43440 23644 43684 23656 10357 14292  1 30 44 25  0  0
 1  0 1048572  68120   2228  80304 44388 17896 44388 17896 10737 14108  1 29 45 26  0  0
 1  0 1048572  63812   2228  78884 41388 20756 41388 20756 10082 13560  1 31 44 24  0  0
 4  0 1048576  63560   2228  77372 42308 20132 42308 20132 10473 13663  1 31 44 24  0  0
 2  0 1048588  66836   2228  76048 42360 24972 42360 24972 10620 13835  1 32 43 25  0  0
 0  1 1048572  76460   2208  63136 42272 23652 42576 23652 9912 13714  1 32 44 24  0  0
 1  0 1048572  80252   2192  60268 43664 22296 43664 22308 10467 14177  1 29 44 26  0  0
 1  0 1048572  81512   2168  57436 42820 23368 42820 23368 10797 13657  1 31 42 25  0  0
 1  1 1048572  76232   2152  54716 43628 15276 43628 15276 9827 13852  1 29 45 25  0  0
 1  0 1048572  69932   2140  53336 43132 15800 43132 15800 9715 13898  1 28 45 26  0  0
 1  0 1048572  76756   2140  51308 40556 35464 40556 35464 14527 13164  1 35 33 31  0  0
 1  0 1048572  74792   2112  44588 42064 24340 42068 24340 15067 12919  1 30 36 33  0  0
 1  0 1048572  63144   2120  44304 45796 17192 45796 17204 9581 13499  1 27 46 26  0  0
procs -----------memory---------- ---swap-- -----io---- -system-- -------cpu-------
 r  b   swpd   free   buff  cache   si   so    bi    bo   in   cs us sy id wa st gu
 0  1 1048572  63936   2120  45424 45408 21920 46888 21920 11114 13872  1 30 43 26  0  0
 2  0 1048576  66900   2120  45048 44852 22204 44852 22204 10686 13990  1 32 44 24  0  0
 1  0 1048572  68332   2132  44668 44008 23524 44020 23524 10301 13455  1 31 43 25  0  0
 1  0 1048572  66928   2128  42244 44984 21752 44984 21752 10142 13584  1 28 46 26  0  0
 1  0 1048572  66888   2128  41280 43536 25828 43536 25828 10137 13510  1 32 44 24  0  0
 0  1 1048572  65928   2136  40528 43772 21104 43772 21116 13349 13328  1 31 40 28  0  0
 1  0 1048572  82816   2136  39752 39264 22548 39264 22548 10205 12009  1 33 43 24  0  0
 1  1 1048576  65948   2136  39064 47428 15996 47428 15996 10274 14693  1 29 47 23  0  0
 1  0 1048572  65632   2136  38768 47448 24032 47448 24032 10660 14701  1 32 45 21  0  0
 1  0 1048572  77068   2132  33844 45740 36612 45740 36620 11275 14211  1 36 41 22  0  0
 1  0 1048572  74044   2120  33840 47472 20984 47476 20988 10759 14606  1 30 45 24  0  0
 1  0 1048572  80488   2128  52708 48736 32128 67612 32160 12201 14536  1 39 40 20  0  0
 1  0 1048572  79292   2192  62328 48816 29192 58664 29196 11728 15579  1 37 41 21  0  0
 0  1 1048572 123392   2332  42464 46016 46712 46168 46716 13179 14445  1 41 36 21  0  0
 1  0 1048572  67448   2332  42468 57588    0 57592     0 19446 17429  1 29 40 30  0  0
 1  0 1048572  66888   2316  41708 54920 23024 54920 23024 13591 16271  1 37 41 21  0  0
 1  0 1048572  74196   2324  40816 53904 28540 53904 28552 12265 16299  1 38 42 19  0  0
 1  0 1048572  67488   2336  40300 54652 21712 54664 21712 12018 16922  2 36 44 18  0  0
 1  0 1048572  75524   2268  34572 53212 34904 53212 34904 12471 16571  1 40 40 20  0  0
 1  0 1048572  71764   2268  34464 55892 31068 55892 31072 16213 16898  1 38 36 25  0  0
 3  1 1048572  59992   2268  34332 57316 24388 57320 24392 14939 17228  1 39 39 21  0  0
procs -----------memory---------- ---swap-- -----io---- -system-- -------cpu-------
 r  b   swpd   free   buff  cache   si   so    bi    bo   in   cs us sy id wa st gu
 1  1 1048572  66864   2276  35688 54872 30104 56552 30116 16380 16710  2 41 37 21  0  0
 1  0 1048572  66528   2408  35484 56864 34076 56996 34088 13426 17042  1 40 39 19  0  0
 1  0 1048572  69996   2316  40992 54740 40632 62220 40632 12975 16394  1 43 40 17  0  0
 1  0 1048572  84728   2316  40916 58840 27716 58844 27720 12897 17640  1 41 42 17  0  0
 1  0 1048572  77096   2316  40812 59872 22116 59876 22116 13724 18216  1 39 43 17  0  0
 1  0 1048572  72124   2312  40740 55448 32304 55448 32304 16271 17474  1 42 35 23  0  0
 1  0 1048572  74508   3016  39796 55824 36740 56656 36744 13172 16870  1 42 40 17  0  0
 3  0 1048576  77380   3024  39136 56240 30016 56244 30048 12684 17562  1 40 40 19  0  0
 1  0 1048572  73072   3024  38480 61032 22200 61036 22204 12847 18610  1 38 44 17  0  0
 1  0 1048572  75264   3024  37872 57616 31432 57620 31436 13798 17578  2 39 41 18  0  0
 1  0 1048572  75960   2876  35160 56684 39576 57204 39580 13078 17123  1 42 39 18  0  0
 1  0 1048572  63344   2724  36484 60384 29412 61876 29412 15168 17947  1 43 38 18  0  0
 1  0 1048572  78976   2664  36336 58516 24736 58516 24748 19886 17345  2 41 30 27  0  0
 1  0 1048572  77920   2576  66072 52580 46348 79248 46348 14036 16028  1 47 36 17  0  0
 1  0 1048572  92660   2192  49304 54544 31300 54544 31300 20160 16886  1 41 31 27  0  0
 1  0 1048572  73200   2192  49072 59716 22320 59716 22320 19235 18146  1 37 35 26  0  0
 1  0 1048572  62700   2192  48908 58700 22560 58700 22560 15068 18264  1 39 41 19  0  0
 1  0 1048572  69616   2192  48692 58596 26532 58596 26532 13044 18046  1 40 43 16  0  0
 1  0 1048572  78336   2196  44708 55240 40160 55240 40172 13134 16839  1 44 38 17  0  0
 1  0 1048572  64012   2196  44264 57984 33016 58660 33016 12795 17424  1 40 42 17  0  0
 2  0 1048572  77904   2308  46180 59192 29848 62752 29848 13408 17905  1 42 41 16  0  0
procs -----------memory---------- ---swap-- -----io---- -system-- -------cpu-------
 r  b   swpd   free   buff  cache   si   so    bi    bo   in   cs us sy id wa st gu
 1  0 1048572  75988   2316  46388 57108 31716 58684 31716 13612 17709  2 41 40 17  0  0
 1  0 1048572  66816   2316  45512 58172 31344 58172 31344 12854 17800  1 42 41 16  0  0
 1  0 1048572  80448   2228  55024 54684 42328 70908 42328 13411 16122  1 46 36 19  0  0
 1  0 1048572  77956   2236  67140 54508 25452 62562 25464 14129 16617  1 46 34 19  0  0
 1  0 1048572  70900   2236  67140 58456 24040 58456 24040 16360 18119  1 40 38 21  0  0
 1  0 1048572  70196   2236  67140 54508 34548 54508 34548 13059 16922  1 41 39 19  0  0
 0  1 1048572  89220   2156  63592 54040 39032 54040 39032 12961 16956  1 43 39 17  0  0
 1  1 1048580  80352   2156  60128 57636 25096 57636 25096 19673 17408  1 40 32 26  0  0
 1  0 1048572  69172   2156  57420 58020 22268 58020 22268 16411 17797  1 39 38 22  0  0
 1  0 1048572  70068   2164  55264 58340 25244 58340 25256 12886 17576  1 39 43 17  0  0
 3  0 1048576  62016   2164  52140 55092 32864 55360 32864 12698 16863  1 42 41 17  0  0
 2  0 1048584  81832   2136  44252 55492 37908 55492 37908 13054 16666  2 42 39 18  0  0
 2  0 1048576  62932   2136  43132 60180 23052 60180 23052 12177 18096  1 37 44 18  0  0
 1  0 1048572  75280   2124  41636 55292 29128 55292 29128 12734 16872  1 40 41 18  0  0
 1  0 1048572  66332   2108  40820 57972 22316 57972 22316 17195 17500  1 38 37 24  0  0
 1  0 1048572  73584   2112  53824 51892 47324 70460 47336 13108 15481  2 44 35 20  0  0
 1  0 1048572  82656   2112  53320 56696 31184 56696 31184 12906 17384  1 41 40 18  0  0
 1  0 1048572  69648   2112  52988 58788 19796 58788 19796 12069 17591  1 37 44 17  0  0
 1  0 1048572  66028   2112  52776 51476 19836 51476 19836 12155 15696  2 37 42 20  0  0
 1  0 1048572  63268   2108  36568 48068 23004 48476 23004 10602 14649  1 35 41 23  0  0
 1  0 1048572  77480   2108  36556 44036 32628 44036 32632 11783 13463  1 36 42 22  0  0
procs -----------memory---------- ---swap-- -----io---- -system-- -------cpu-------
 r  b   swpd   free   buff  cache   si   so    bi    bo   in   cs us sy id wa st gu
 0  1 1048572  64656   2116  37732 53208 21112 54364 21128 12423 15578  1 35 42 22  0  0
 1  0 1048572  81376   2116  37524 49348 30700 49348 30700 12054 15000  1 37 41 21  0  0
 1  1 1048572  69440   2116  37404 53948 18588 53948 18588 16291 16453  1 36 36 26  0  0
 1  1 1048572  60468   2116  37284 52440 28500 52440 28500 16430 16322  1 37 37 26  0  0
 1  0 1048572  77148   2116  33600 49696 37640 49696 37648 12206 15290  2 38 40 20  0  0
 0  1 1048572  71372   2124  33508 53560 25660 53564 25692 14340 16096  1 37 40 22  0  0
 1  0 1048572  74008   2128  40944 52672 27608 60144 27608 12276 16087  1 40 42 18  0  0
 2  0 1048572  61408   2128  40860 52244 28620 52244 28620 12170 16159  1 37 43 19  0  0
 1  1 1048572  79516   2124  43136 50764 36044 53628 36044 15438 15267  2 42 33 23  0  0
 1  0 1048572  69232   2120  43604 52436 23324 53764 23324 11898 16083  1 36 44 19  0  0
 1  0 1048572  67124   2128  43072 54636 19548 54636 19560 18147 17279  1 37 36 26  0  0
 1  0 1048572  64604   2128  42316 54056 22732 54056 22732 12381 16635  1 38 43 19  0  0
 3  0 1048580  64824   2128  37880 50068 32060 50068 32064 12169 15828  1 39 41 19  0  0
 1  0 1048572  90192   2128  37884 50640 41020 50644 41020 12083 15872  1 42 36 22  0  0
 1  0 1048572  71292   2124  37552 54336 20776 54336 20776 11680 16822  1 36 44 20  0  0
 1  0 1048572  84396   2124  36696 52492 30832 52492 30832 12966 16430  1 39 41 18  0  0
 1  0 1048572  74316   2132  36276 53716 20480 53716 20492 11409 16827  1 36 45 19  0  0
 1  1 1048572  86144   2132  33476 49708 43176 49708 43180 12427 15286  2 42 36 20  0  0
 1  0 1048572  66784   2132  44360 52620 23536 63552 23536 11713 16230  1 39 41 21  0  0
 1  0 1048572  83092   2144  52156 51624 29436 59400 29436 12364 15957  1 39 42 19  0  0
 1  0 1048572  74100   2144  51992 53436 19452 53436 19452 11807 16889  1 35 44 20  0  0
procs -----------memory---------- ---swap-- -----io---- -system-- -------cpu-------
 r  b   swpd   free   buff  cache   si   so    bi    bo   in   cs us sy id wa st gu
 2  0 1048572  75056   2152  52740 53124 28508 53960 28516 12200 16669  1 36 43 20  0  0
 1  0 1048572  71612   2152  35284 54544 23920 54544 23924 13038 16905  1 36 41 22  0  0
 3  0 1048572  72992   2152  35280 53048 29616 53048 29616 14637 16024  1 39 37 23  0  0
 1  0 1048572  81100   2576  35984 52784 24772 53928 24772 12302 16237  1 38 42 19  0  0
 3  0 1048572  74812   2500  35980 54792 26064 54792 26068 12239 16728  1 40 43 17  0  0
 1  0 1048572  72168   2268  33532 53532 29380 53536 29384 14847 16591  1 40 38 21  0  0
 1  0 1048572  70872   2208  33536 53380 34640 53384 34652 12551 16395  1 39 41 19  0  0
 2  0 1048572  66172   2208  35588 57044 24980 59080 24980 12932 17299  1 40 43 16  0  0
 2  0 1048576  59368   2272  35572 56528 22016 56664 22016 12676 17691  1 38 44 17  0  0
 1  0 1048572  71212   2272  35572 54772 32404 54772 32404 12903 17333  1 40 40 19  0  0
 1  0 1048572  89792   2272  42704 52152 46096 59268 46096 17568 16004  1 46 30 24  0  0
 2  0 1048576  73844   2280  42600 57256 23076 57256 23088 16937 17768  1 40 38 22  0  0
 1  0 1048572  63764   2280  42432 58976 20692 58976 20692 12966 18046  1 39 44 17  0  0
 1  0 1048572  63764   2280  42188 58648 24100 58648 24100 13102 18262  1 40 43 16  0  0
 1  0 1048572  64420   2264  43736 52988 41736 56092 41736 13282 16827  2 45 36 19  0  0
 1  0 1048572  70520   2264  42516 57064 32156 57064 32156 13306 17849  1 40 41 18  0  0
 1  0 1048572  81104   2264  41424 57840 29440 57840 29440 13768 17886  2 42 41 15  0  0
 3  0 1048588  77020   2416  43904 56816 26768 60408 26780 13124 18070  1 40 42 17  0  0
 0  1 1048572  72712   2368  39856 55752 33644 56228 33648 13101 17685  1 41 40 18  0  0
 1  0 1048572  68452   2248  39432 56460 31124 56464 31124 16874 17502  1 40 35 24  0  0
 1  0 1048572  70148   2248  56912 55348 31464 73228 31464 13315 17132  1 42 41 16  0  0
procs -----------memory---------- ---swap-- -----io---- -system-- -------cpu-------
 r  b   swpd   free   buff  cache   si   so    bi    bo   in   cs us sy id wa st gu
 4  1 1048572  62920   2248  72880 53804 35040 63905 35040 13423 16896  1 55 29 15  0  0
 1  0 1048572  73168   2164  78696 45040 36272 60047 36280 13452 13777  3 63 16 18  0  0
 1  0 1048572  69432   2172  76408 58752 28228 58756 28248 13022 18695  1 40 42 17  0  0
 1  0 1048572  66180   2172  74540 51460 22236 51460 22236 11472 16346  1 38 43 18  0  0
 0  1 1048572  83680   2172  71852 51424 28220 51424 28220 13045 16558  1 40 41 18  0  0
 1  1 1048572  78580   2172  70472 55796 27832 55796 27832 17315 17934  1 41 35 23  0  0
 2  0 1048596  66260   2108  56352 58732 26572 60192 26572 12972 18525  1 40 42 17  0  0
 1  0 1048572  72628   2120  53344 57300 33256 57304 33268 15161 17808  1 42 39 19  0  0
 2  0 1048580  80720   2100  49556 57968 31104 57968 31104 17964 18252  1 43 34 22  0  0
 1  0 1048572  72020   2100  46988 59888 23732 59888 23732 13086 18143  2 40 43 16  0  0
 1  0 1048572  67520   2100  43376 55952 40008 55952 40008 13832 17286  1 43 40 16  0  0
 1  0 1048572  68892   2096  42252 50672 35316 57540 35328 11872 15619  1 41 40 18  0  0
 1  0 1048572  75820   2096  41532 55660 24900 55664 24900 13753 17080  1 39 38 22  0  0
 1  0 1048572  62516   2104  41340 60708 19588 60708 19600 15282 18568  1 39 41 20  0  0
 1  0 1048572  75200   2104  41144 59876 31564 59876 31564 13764 18173  2 42 41 16  0  0
 1  0 1048572  77920   2100  39392 55488 37320 55488 37324 15622 16959  2 42 34 22  0  0
 1  0 1048572  84192   2100  39828 58852 36136 60348 36136 14028 17473  1 43 41 15  0  0
 3  0 1048572  65344   2100  39240 61860 21368 61860 21368 12673 18613  1 39 44 16  0  0
 2  0 1048576  77948   2100  38384 58112 30340 58112 30340 14607 18014  2 42 38 19  0  0
 2  0 1048596 130368   2108  34552 49068 61740 49068 61752 14128 15535  1 49 28 22  0  0
 1  0 1048572  79392   2108  34552 56596 7460 56596  7464 10760 17076  1 34 46 19  0  0
procs -----------memory---------- ---swap-- -----io---- -system-- -------cpu-------
 r  b   swpd   free   buff  cache   si   so    bi    bo   in   cs us sy id wa st gu
 1  0 1048572  64776   2108  35136 58840 20308 59452 20312 12120 17690  1 38 43 17  0  0
 1  0 1048572  66288   2108  35156 57200 25200 57200 25204 12696 17234  1 41 42 16  0  0
 1  0 1048572  70588   2112  53036 53336 39124 71224 39128 12909 16202  1 44 39 16  0  0
 1  0 1048572  69188   2108  37460 57264 25684 57268 25688 13250 17015  1 39 42 18  0  0
 1  0 1048572  65252   2116  37424 59292 24928 59296 24948 14101 17623  2 40 41 18  0  0
 1  0 1048568  74848   2252  40248 56588 30068 59748 30072 13167 17465  1 42 42 16  0  0
 1  0 1048572  77328   2252  40272 56156 29424 56684 29424 12918 17396  1 42 41 15  0  0
 2  0 1048576  70100   2108  37164 56620 31952 57080 31952 12803 17069  2 42 42 15  0  0
 3  0 1048572  69616   2100  59456 49460 41152 62491 41152 13134 15032  1 56 29 14  0  0
 1  0 1048572  78964   2540 102968 34940 35148 66555 35152 14386 10142  1 80  9 10  0  0
 1  0 1048572  66424   2548 102972 55656 30068 55660 30084 13608 17363  1 43 41 16  0  0
 1  0 1048572  79920   2524  97604 53340 38636 53344 38640 16134 16696  2 45 33 21  0  0
 1  0 1048572  66380   2140  93208 59880 23596 59884 23596 12683 18548  1 40 44 16  0  0
 1  0 1048572  70044   2140  89988 57452 26792 57452 26792 19063 17550  2 41 34 24  0  0
 1  0 1048572  80356   2140  86624 53800 33076 53800 33076 13915 16997  2 44 39 16  0  0
 0  1 1048572  72308   2148  84272 57708 24788 57708 24800 13133 18261  1 41 41 16  0  0
 1  0 1048572  62688   2148  70696 59224 21676 59224 21676 15840 18224  2 41 38 20  0  0
 0  1 1048572  83804   2148  64800 53220 41972 53220 41972 15858 16219  1 47 33 19  0  0
 1  0 1048572  82304   2164  79816 54168 40032 69520 40032 13424 16729  1 45 37 18  0  0
 0  1 1048572  71024   2164  75584 58864 26752 58864 26752 15217 17180  1 41 37 20  0  0
 2  1 1048572  74856   2164  71020 54932 34064 54932 34064 13887 16723  1 41 41 17  0  0
procs -----------memory---------- ---swap-- -----io---- -system-- -------cpu-------
 r  b   swpd   free   buff  cache   si   so    bi    bo   in   cs us sy id wa st gu
 0  3 1048568  99092   4844  62748 48920 39936 58832 39948 12356 14976  1 45 34 20  0  0
 1  0 1048572  89628   6304  65656 53736 21424 58828 21424 15859 15942  1 42 34 23  0  0
 0  1 1048572  86296   6312  65120 52440 20620 52448 20620 15279 15628  1 37 37 25  0  0
 1  0 1048572  71936   6312  65004 55456 19888 55456 19888 17317 16632  1 39 37 24  0  0
 0  1 1048572  82424   5688  63956 51884 37876 52524 37876 14458 15811  1 44 36 19  0  0
 2  0 1048576  65500   4748  61828 57312 27464 57672 27464 12087 16864  2 40 43 16  0  0
 1  0 1048572  69940   3816  74836 54960 31528 71016 31556 13650 16010  1 44 39 16  0  0
 1  0 1048572  81984   3608  73460 53480 32680 54668 32680 15876 16019  1 44 35 20  0  0
 0  1 1048572  71400   3540  71728 58944 21856 58944 21856 12112 17540  1 39 43 17  0  0
 1  0 1048572  70568   2176  48900 58376 23500 58376 23500 12212 17053  1 41 42 17  0  0
 0  1 1048572  72168   2176  47216 53884 38256 53884 38256 12419 16101  2 42 39 18  0  0
 0  1 1048572  79572   2176  46008 54912 28324 54912 28324 15153 15862  1 40 37 23  0  0
 1  0 1048572  66544   2184  44960 59860 19812 59860 19824 12188 17229  1 39 45 16  0  0
 0  1 1048572  81408   2184  43604 53220 35000 53220 35000 16661 15990  1 43 34 23  0  0
 1  1 1048572  70336   2284  37788 56168 28116 60008 28116 12972 16534  1 40 41 18  0  0
 1  0 1048524  69540   4992  80952 47132 46252 88256 46252 15572 14378  3 54 23 21  0  0
 1  0 1048572  68784   3048  63564 56644 19408 56776 19844 16475 17062  1 37 38 23  0  0
 1  0 1048572  81964   3020  63432 53920 28308 53920 28308 15543 16152  1 41 37 21  0  0
 0  1 1048572  77288   2704  63252 53300 34972 53300 34972 15499 16315  1 42 35 22  0  0
 1  0 1048572  81672   2332  62716 55016 33088 55016 33088 13651 16386  1 42 38 19  0  0
 0  1 1048572  73832   2332  62396 60524 23276 60524 23276 12323 17612  1 38 45 16  0  0
procs -----------memory---------- ---swap-- -----io---- -system-- -------cpu-------
 r  b   swpd   free   buff  cache   si   so    bi    bo   in   cs us sy id wa st gu
 1  1 1048572  62564   2340  61456 58712 20384 58740 20408 12422 17807  1 38 44 17  0  0
 2  0 1048572  73164   2344  61112 52196 29424 52872 29428 15477 16065  2 43 37 19  0  0
 1  1 1048572 120904   2356  59812 45488 63980 45504 64056 14330 14261  1 51 27 21  0  0
 1  1 1048572  81364   2352  59784 61216 12428 61484 12432 11728 18159  2 36 46 17  0  0
 1  1 1048576  72888   2352  58460 56652 28644 56656 28644 12449 16955  1 41 42 17  0  0
 1  0 1048572  78180   2352  57616 56556 24264 56556 24264 12578 17109  1 40 43 17  0  0
 1  0 1048572  71384   2360  59868 57144 29608 59980 29648 12724 16804  2 41 42 16  0  0
 1  0 1048572  66000   2344  56096 54700 34900 54700 34900 16313 16251  1 43 34 22  0  0
 1  1 1048572  58608   2344  53148 58536 24276 58536 24276 16040 16865  1 41 38 20  0  0
 0  1 1048572  80356   2356  49916 55184 30196 55196 30228 17603 16329  1 44 32 23  0  0
 1  1 1048572  67276   2356  62660 58188 24792 74244 24792 16257 17141  1 42 36 22  0  0
 1  0 1048572  70148   2232  37372 53792 27004 54980 27004 16555 16172  1 42 33 24  0  0
 2  0 1048572  83868   2240  37012 54620 40892 54620 40904 17024 15518  1 44 30 24  0  0
 2  0 1048572  63792   2240  36644 60856 20860 60856 20860 11849 17382  1 39 44 16  0  0
 3  0 1048592  74340   2240  37504 56284 29820 57480 29820 12869 16954  2 41 40 17  0  0
 1  0 1048572  69544   2240  37288 56880 26052 56880 26052 18650 16600  2 42 30 27  0  0
 1  1 1048584  70992   2220  34324 57800 37736 57800 37740 15020 16795  1 44 36 19  0  0
 0  1 1048572  77852   2220  34000 58256 29500 58260 29504 18401 17596  1 43 33 23  0  0
 2  1 1048572  75500   2220  33796 61224 25528 61228 25544 12727 17698  1 41 43 15  0  0
 1  0 1048572  66664   2216  33640 58956 24140 58960 24144 12956 17856  1 41 42 16  0  0
 0  1 1048572  67168   2208  32832 55696 36168 55700 36168 16903 16713  1 45 31 24  0  0
procs -----------memory---------- ---swap-- -----io---- -system-- -------cpu-------
 r  b   swpd   free   buff  cache   si   so    bi    bo   in   cs us sy id wa st gu
 0  1 1048572  81120   2200  34396 56996 35756 58592 35756 16517 16825  1 47 32 20  0  0
 3  0 1048576  70940   2200  34392 60268 24684 60268 24692 20751 17781  2 46 26 26  0  0
 0  1 1048568  73824   2496  37076 56456 24016 59468 24048 16618 17026  1 43 35 21  0  0
 3  0 1048572 121092   2492  36360 49016 59296 49548 59300 14179 15300  1 50 31 17  0  0
 0  1 1048572  71196   2492  36364 63680 10120 63684 10120 11660 19099  1 34 48 17  0  0
 0  1 1048572  83776   2256  36348 58672 34328 58672 34332 16666 17596  1 45 35 19  0  0
 0  1 1048572  71256   2200  48496 56800 22104 64890 22108 15941 17305  1 50 28 20  0  0
 2  0 1048572  66376   2208  48496 54996 33632 55000 33648 14790 16981  1 42 38 19  0  0
 1  0 1048572  64488   2104  46988 56908 31324 56912 31328 15970 17339  1 42 38 20  0  0
 1  0 1048572  84528   2104  43440 55616 35468 55620 35468 19193 16781  1 48 27 24  0  0
 1  0 1048572  73292   2104  41540 59404 21640 59404 21640 15694 18551  1 40 40 19  0  0
 1  0 1048572  65384   2104  40616 59520 20088 59520 20088 15584 18072  1 40 40 19  0  0
 1  0 1048572  93268   2116  50260 46380 60216 78804 60228 14239 14365  1 53 28 18  0  0
 0  1 1048572  71848   2128  50248 61432 18312 61444 18312 12401 18516  1 38 45 16  0  0
 1  0 1048572  68356   2128  50256 58548 23672 58548 23672 16548 17843  1 40 38 21  0  0
 1  0 1048572  74700   2128  50256 54940 26812 54940 26812 19413 17226  1 41 31 27  0  0
 1  0 1048572  74508   2128  50240 55160 36704 55160 36708 13863 16868  1 43 39 17  0  0
 1  0 1048572  65856   2128  50176 58964 31284 58964 31284 17514 17649  2 42 33 24  0  0
 1  1 1048576  73880   2540  50272 58236 30848 58700 30860 14838 17545  1 44 36 19  0  0
 3  0 1048572  73760   2544  57624 56228 27056 63760 27056 14435 17257  1 43 39 17  0  0
 3  0 1048652  79596   2516  67808 47064 38956 57215 38956 18521 14945  1 56 21 21  0  0
procs -----------memory---------- ---swap-- -----io---- -system-- -------cpu-------
 r  b   swpd   free   buff  cache   si   so    bi    bo   in   cs us sy id wa st gu
 1  0 1048572  67148   2516  95488 41880 40700 61158 40704 15982 11880  0 74 12 14  0  0
 1  0 1048572  68592   2468  94780 57116 25968 58152 25968 20118 17863  1 45 29 25  0  0
 0  1 1048572  85656   2392  92244 55560 34732 55564 34732 13661 17300  1 45 39 16  0  0
 1  0 1048572  77000   2380  90864 57428 26088 57444 26100 14458 18264  1 41 40 19  0  0
 0  0 1048572  74000   2356 105984 52876 38812 64604 38812 18045 16447  1 49 26 23  0  0
 1  0 1048572  68640   2320 104824 55848 30200 55848 30200 13002 17331  1 42 42 16  0  0
 3  0 1048572  73124   2144  78160 61900 17884 61900 17884 14572 18602  1 40 41 19  0  0
 4  0 1048576  66224   2140  74976 57376 26576 57376 26576 15095 17695  1 42 39 18  0  0
 3  0 1048576  75440   2140  74184 54872 32612 54872 32612 14923 16837  1 43 38 19  0  0
 3  0 1048572  72640   2148  67260 56236 32064 56236 32076 14699 17112  1 43 37 19  0  0
 1  0 1048572  65488   2148  62592 58956 32292 58956 32292 19532 17491  1 45 28 26  0  0
 0  1 1048572  80412   2284  61472 57212 32936 60828 32936 15165 17051  1 46 33 20  0  0
 3  0 1048576  67644   2284  58644 61212 24620 61736 24620 13068 17960  1 41 43 15  0  0
 1  0 1048572  78444   2200  54900 57600 27952 57600 27952 12987 17498  1 43 40 16  0  0
 3  0 1048588 117032   2176  37032 54348 50508 54348 50512 14162 16262  1 49 33 18  0  0
 2  1 1048572  92536   2188  53464 60692 25404 77392 25424 12573 17689  1 42 42 16  0  0
 1  0 1048572  72396   2188  54032 59536 20688 60728 20688 18016 18306  1 41 36 22  0  0
 1  0 1048572  65424   2188  54884 59964 24276 60840 24276 18514 17921  1 42 33 24  0  0
 3  0 1048580 108168   2172  37828 52476 55808 52476 55808 17324 15438  1 52 24 23  0  0
 2  0 1048576  79632   2268  37684 64488 15824 64584 15828 12316 18663  1 37 46 16  0  0
 1  0 1048572  67612   2264  37440 62392 21420 62396 21420 12564 18107  1 41 43 15  0  0
procs -----------memory---------- ---swap-- -----io---- -system-- -------cpu-------
 r  b   swpd   free   buff  cache   si   so    bi    bo   in   cs us sy id wa st gu
 1  0 1048572  82316   2276  38760 55548 29772 57240 29784 20672 17014  2 47 28 24  0  0
 2  0 1048572  61404   2276  38300 59728 24796 59728 24796 12785 17952  1 41 42 15  0  0
 2  0 1048576  77864   2232  35472 55216 42884 55216 42892 18110 16758  1 47 27 26  0  0
 1  0 1048572  64696   2224  35132 60652 22212 60656 22212 12258 17774  1 40 44 16  0  0
 1  0 1048572  71176   2224  34740 56952 31196 56952 31196 17923 16705  1 45 33 21  0  0
 3  0 1048576  66824   2220  34548 59288 27720 59288 27720 14169 17803  2 42 39 18  0  0
 2  0 1048572  83080   2204  34520 54740 47964 54740 47984 13334 16561  1 47 35 18  0  0
 1  0 1048572  83372   2192  34184 58364 28672 58364 28672 12958 17615  1 43 41 15  0  0
 3  0 1048572  61156   2192  34064 63548 17084 63548 17084 14587 18732  1 39 42 19  0  0
 2  0 1048572  78440   2192  33792 57456 30076 57456 30076 18113 17557  1 46 31 23  0  0
 0  1 1048572  80044   2140  32740 56620 36616 56624 36628 13002 17263  2 43 38 17  0  0
 1  0 1048572  63972   2140  32712 59732 26864 59736 26868 13486 17827  2 40 41 18  0  0
 1  0 1048572  77344   2148  32712 56748 30816 56752 30832 15428 17152  1 43 38 18  0  0
 1  0 1048572  72568   2148  32712 58320 26292 58324 26296 14543 17934  1 42 39 18  0  0
 2  0 1048576 110832   2132  32688 51288 52644 51292 52648 18808 15729  1 53 21 25  0  0
 1  0 1048572  71744   2132  32692 61888 13948 61892 13948 21094 18989  1 39 31 30  0  0
 1  1 1048572  69748   2132  49340 56132 34156 72824 34160 16869 16767  2 46 29 23  0  0
 2  0 1048576  77236   2140  50456 57160 28344 58352 28356 15138 17719  1 43 37 19  0  0
 1  0 1048572  72652   2140  50456 56048 30480 56048 30480 12686 17384  1 42 41 17  0  0
 1  0 1048572  73480   2136  35128 59052 30684 59052 30688 13022 17923  2 42 42 15  0  0
 1  0 1048572  76660   2408  39520 57048 31568 61776 31572 12801 17626  1 43 41 16  0  0
procs -----------memory---------- ---swap-- -----io---- -system-- -------cpu-------
 r  b   swpd   free   buff  cache   si   so    bi    bo   in   cs us sy id wa st gu
 1  0 1048572  76420   2416  40120 58668 26264 59224 26280 13141 18140  1 42 42 15  0  0
 1  1 1048572  63356   2420  47088 57256 26776 64256 26780 16597 17984  1 42 36 21  0  0
 1  0 1048572  77672   2420  44116 55360 41240 55364 41244 12858 17093  1 45 39 16  0  0
 1  0 1048572  66968   2420  43652 59412 25604 59416 25608 13619 17971  2 41 41 17  0  0
 1  0 1048572  75644   2420  42940 55512 34440 55516 34444 13588 17103  1 45 39 15  0  0
 2  0 1048576  71864   2420  42488 59524 26172 59528 26176 13068 18512  1 42 42 15  0  0
 1  0 1048572  78132   2160  40476 53740 38728 53744 38740 12980 16716  2 42 38 19  0  0
 1  0 1048572  64272   2156  39608 58604 20620 58604 20620 12329 18027  1 40 44 15  0  0
 1  0 1048572  70380   2156  38516 57548 27384 57548 27384 13198 17872  1 41 42 16  0  0
 1  0 1048572  63696   2160  37632 57916 21848 57920 21848 19514 17922  1 41 32 26  0  0
 1  0 1048572  65940   2160  36676 54756 35836 54756 35836 14758 17077  1 44 37 18  0  0
 1  0 1048572  70920   2164  33140 56512 35804 56512 35816 16809 17143  1 43 34 22  0  0
 1  0 1048572  65500   2164  37816 58684 27416 63368 27416 16336 17851  2 42 35 22  0  0
 2  1 1048572  76576   2164  37736 55116 29496 55116 29496 18952 17327  2 43 33 22  0  0
 3  0 1048576  84576   2296  37672 53384 36808 53520 36808 18786 16766  1 47 27 25  0  0
 1  0 1048572  62912   2384  37636 57296 23700 57748 23704 20177 17559  2 43 28 27  0  0
 1  0 1048572  80292   2380  37340 56752 33920 56756 33920 19540 17369  1 45 29 25  0  0
 1  0 1048572  79676   2388  54972 53596 29676 71476 29688 19808 16903  2 45 29 24  0  0
 3  1 1048580  68724   2388  73136 50832 33992 63148 33992 16026 16148  1 54 24 21  0  0
 1  0 1048572  75148   2216  78192 40212 34376 59224 34376 14148 12854  6 68  9 17  0  0
 1  0 1048572  73876   2212  77420 56916 26704 58128 26704 20622 18010  1 43 29 28  0  0
procs -----------memory---------- ---swap-- -----io---- -system-- -------cpu-------
 r  b   swpd   free   buff  cache   si   so    bi    bo   in   cs us sy id wa st gu
 3  0 1048572  88096   2352  74728 55668 31928 55832 31928 19910 17411  1 46 28 25  0  0
 2  1 1048572  78068   2352  79028 56632 23428 62084 23428 13710 17960  1 41 42 16  0  0
 1  0 1048572  63272   2360  77368 54400 31528 54400 31540 16605 17260  1 44 32 23  0  0
 1  1 1048572  71348   2272  62484 58244 27264 58244 27264 13870 17829  2 40 42 17  0  0
 1  0 1048572  87524   2244  58328 54244 35832 54244 35832 18264 17205  1 45 31 23  0  0
 1  0 1048572  76184   2244  55452 58992 19988 58992 19988 12459 18577  1 40 44 16  0  0
 1  0 1048572  79828   2244  53704 54644 30620 54644 30620 15851 17181  1 43 36 19  0  0
 2  0 1048584 104268   2240  48408 50916 53244 50920 53252 16093 15859  1 51 29 19  0  0
 3  0 1048580  76756   2292  50424 58408 16988 62576 17008 19469 17863  1 40 34 25  0  0
 1  0 1048572  72064   2292  47496 58312 23740 58836 23740 20449 17511  1 44 28 27  0  0
 3  0 1048572  74524   2292  44572 58856 27092 58856 27092 17366 17715  2 45 31 22  0  0
 2  0 1048572  67404   2292  55556 49516 31672 59203 31672 14160 15133  1 55 28 15  0  0
 1  0 1048572  74348   2224  67712 43236 36740 64074 36752 14199 13365  0 65 20 15  0  0
 2  0 1048572  68620   2224  66520 58412 27368 58416 27368 16921 17883  1 41 37 21  0  0
 1  0 1048572  76124   2232  65504 56672 28452 56672 28464 15302 17628  1 42 38 18  0  0
 1  0 1048572  69104   2232  62164 59284 21300 59284 21300 21336 18222  1 42 29 27  0  0
 1  2 1048572  77984   2228  58252 52640 40556 52640 40556 15835 16185  1 47 32 20  0  0
 0  1 1048572  64628   2228  55844 58824 26444 58824 26448 12642 17778  2 40 43 16  0  0
 1  0 1048572  75832   2224  52444 56060 33200 56228 33200 13449 16911  1 45 39 15  0  0
 3  0 1048572  70124   2224  49832 58884 22472 58884 22472 12750 17911  2 41 43 15  0  0
 0  1 1048572  77432   2232  46880 54676 36468 54676 36480 13440 16933  1 43 39 17  0  0
procs -----------memory---------- ---swap-- -----io---- -system-- -------cpu-------
 r  b   swpd   free   buff  cache   si   so    bi    bo   in   cs us sy id wa st gu
 1  0 1048572  70096   2236  59460 55344 37384 73256 37388 14356 16504  2 45 34 19  0  0
 1  0 1048572  90504   2236  58368 57160 32844 57160 32848 13828 17235  1 42 41 16  0  0
 0  1 1048572  78436   2236  57532 59624 18896 59628 18900 16338 18452  1 39 40 20  0  0
 3  0 1048572  80424   2236  58320 54380 30164 56032 30164 15822 16945  1 44 37 18  0  0
 0  1 1048572 118456   2120  36892 50384 46840 50384 46844 17110 15722  1 48 27 23  0  0
 1  0 1048572  69740   2128  43912 64264 11064 71264 11084 11959 19097  2 36 47 15  0  0
 0  1 1048572  75764   2128  43856 58552 30656 58556 30660 14441 17298  1 43 39 17  0  0
 0  1 1048572  82568   2392  43676 56444 30112 56712 30116 13361 17498  2 43 40 15  0  0
 0  1 1048572  73244   2372  46744 56276 28432 59268 28436 12517 17549  1 41 41 16  0  0
 1  0 1048572  75984   2284  43284 56796 34224 56872 34224 12787 17088  1 41 41 17  0  0
 3  0 1048572  78740   2272  42068 58052 30744 58052 30744 13600 17362  1 43 41 15  0  0
 0  1 1048572  78252   2280  40976 58964 27104 58964 27116 13200 18163  1 41 42 16  0  0
 1  0 1048572  76084   2280  40320 54832 22684 54832 22684 13062 16980  1 38 41 20  0  0
 0  1 1048572  64164   2268  35924 48480 28020 48480 28020 11219 14641  1 41 40 19  0  0
 1  1 1048572  83088   2200  35340 49608 36536 49608 36536 12290 15269  2 42 41 15  0  0
 0  1 1048572  74268   2200  34940 61356 23340 61356 23340 13298 18324  1 41 43 15  0  0
 0  1 1048572  67968   2200  34604 59528 23232 59528 23232 13010 18136  1 42 42 15  0  0
 0  1 1048572  73444   2216  36928 55308 36180 59520 36200 16372 17203  1 45 36 19  0  0
 3  0 1048572  75376   2216  37432 58304 33840 59340 33844 12917 17750  1 41 43 15  0  0
 1  0 1048572  78904   2216  37304 58248 32096 58252 32100 13599 17674  1 44 40 14  0  0
 0  1 1048572  69580   2216  37236 60608 20876 60612 20880 12799 18428  1 40 44 15  0  0
procs -----------memory---------- ---swap-- -----io---- -system-- -------cpu-------
 r  b   swpd   free   buff  cache   si   so    bi    bo   in   cs us sy id wa st gu
 0  1 1048572  77920   2216  37200 55556 36416 55588 36420 13478 17207  1 44 40 15  0  0
 0  0 1048572  87036   2216  36832 54300 39232 54300 39240 13311 17092  2 42 41 16  0  0
 1  0 1048572  69120   2224  54204 56268 28176 74152 28196 17310 17226  1 45 32 22  0  0
 1  0 1048572  71572   2224  53676 57780 25296 57780 25296 16668 18300  1 43 36 20  0  0
 3  0 1048572  69304   2224  53280 56420 32376 56420 32376 19437 17946  1 42 30 26  0  0
 0  1 1048572  83960   2216  36548 56472 31248 56472 31248 17453 17571  1 43 33 22  0  0
 0  1 1048572  79424   2220  36316 58292 31692 58296 31692 13138 17916  1 41 42 16  0  0
 0  1 1048572  73124   2228  36136 60884 22376 60884 22388 13355 18908  1 40 43 15  0  0
 1  1 1048572  73832   2228  35996 59072 20220 59072 20220 13945 18335  1 39 42 18  0  0
 0  1 1048572 111736   2204  56384 44036 67100 62760 67112 14062 14631  1 52 29 18  0  0
 1  0 1048572  76912   2268  56336 63108 15432 63176 15432 12775 19626  1 37 46 15  0  0
 0  1 1048572  82472   2268  56224 56580 31696 56580 31696 13940 17868  1 44 40 15  0  0
 1  0 1048572  68864   2952  56212 60384 19572 61128 19572 13134 18777  1 40 45 15  0  0
 1  0 1048572  64076   2960  56196 54960 37076 54960 37088 13293 17444  1 45 39 16  0  0
 0  1 1048572  73888   2832  52596 57512 33664 57512 33668 13155 17979  1 44 40 15  0  0
 0  1 1048572  67336   2728  50252 60256 24408 60260 24408 13632 18458  2 40 44 15  0  0
 1  0 1048572  76772   2620  49736 56848 29308 59228 29308 17495 17645  1 45 33 21  0  0
 1  0 1048572  66304   2568  47864 55856 25252 55856 25252 20236 17342  1 42 28 28  0  0
 1  0 1048572  89048   2224  34820 53024 43996 53024 44000 13853 16760  1 45 36 18  0  0
 0  1 1048572  63596   2232  41572 63092 21672 70024 21688 13153 18799  2 38 46 14  0  0
 0  1 1048572  69692   2232  41224 58496 29956 58500 29960 13761 17541  1 41 42 15  0  0
procs -----------memory---------- ---swap-- -----io---- -system-- -------cpu-------
 r  b   swpd   free   buff  cache   si   so    bi    bo   in   cs us sy id wa st gu
 1  1 1048572  72132   2232  40980 57536 27300 57564 27300 17132 17671  1 43 37 19  0  0
 1  0 1048572  83524   2228  39920 54804 45476 54804 45480 13442 16854  1 46 38 15  0  0
 1  0 1048572  75816   2228  39240 60032 24644 60036 24648 17819 18223  1 42 35 22  0  0
 1  1 1048572  75884   2236  56396 55796 33132 73680 33148 17594 16913  1 46 31 22  0  0
 1  1 1048572  65804   2236  55948 60980 19048 60984 19052 12970 19117  1 39 45 15  0  0
 0  1 1048572  76092   2332  42072 55184 36172 59500 36176 16633 17431  1 44 33 22  0  0
 1  1 1048572  71872   2332  42564 56712 36596 57240 36600 13231 17563  1 43 40 16  0  0
 1  0 1048572  62656   2332  55452 59480 24256 72492 24256 16578 17985  2 44 35 19  0  0
 1  0 1048572  75460   2340  55928 55752 29436 56700 29448 16661 17674  2 44 34 20  0  0
 0  1 1048572  75656   2304  63160 53996 40100 62082 40100 17357 17075  1 51 27 21  0  0
 1  0 1048572  83720   2256  60992 54696 36620 54696 36620 16469 16994  1 44 33 21  0  0
 3  0 1048576  69452   2256  59208 60920 19064 60920 19064 17062 18757  1 39 38 22  0  0
 1  0 1048572  80912   2256  57716 55396 33676 55396 33676 16274 17254  1 46 37 17  0  0
 1  0 1048572  78444   2256  58888 54868 30548 57056 30548 12477 17486  1 41 41 17  0  0
 1  0 1048572  73136   2244  55164 55364 34228 55364 34240 15238 17179  1 46 34 19  0  0
 0  1 1048572  64820   2244  53044 61188 21700 61188 21700 13374 18819  1 40 45 14  0  0
 0  1 1048572  67392   2244  50820 56440 27872 56440 27872 20588 17388  1 45 28 26  0  0
 1  0 1048572  73528   2244  49016 56732 26844 56732 26844 20429 17439  1 44 27 27  0  0
 0  1 1048572  65660   2216  40412 57104 29244 57104 29244 16362 17478  1 44 35 21  0  0
 1  0 1048572  65432   2216  39648 54280 38608 54280 38608 17716 16604  1 47 29 23  0  0
 1  0 1048572  74440   2228  38924 57364 27328 57368 27340 20307 17493  1 45 26 28  0  0
procs -----------memory---------- ---swap-- -----io---- -system-- -------cpu-------
 r  b   swpd   free   buff  cache   si   so    bi    bo   in   cs us sy id wa st gu
 1  0 1048572  77600   2204  38572 49412 19120 49436 19120 17988 14891  2 43 30 26  0  0
 1  0 1048572  81380   2204  38156 30300 21732 30300 21740 11487 9196  1 46 24 29  0  0
 1  0 1048572  68528   2204  38160 13608    0 13612     0 4132 4196  1 34 46 20  0  0
 1  0 1048572  74192   2204  38064 14068 14128 14068 14132 5854 4533  1 41 34 25  0  0
 0  1 1048572  64364   2204  38068 15848    0 15852     0 5713 4938  1 32 40 28  0  0
 1  0 1048572  77472   2204  34544 35280 28540 35280 28576 13110 10807  1 42 29 28  0  0
 1  0 1048572  65456   2204  34420 34032 15948 34036 15948 12470 10032  1 32 35 31  0  0
 1  0 1048572  71216   2204  34264 35692 16408 35692 16408 10636 11032  1 31 40 28  0  0
 1  0 1048572  75172   2204  34140 26060 12316 26060 12316 8179 8105  1 31 41 28  0  0
 1  0 1048572  75532   2204  34068 19368 9520 19368  9520 6380 5998  1 27 42 31  0  0
 1  0 1048572  68828   2208  50688 16032 9440 32728  9444 6773 5029  1 28 37 34  0  0
 1  0 1048572  66812   2216  52292 19620 10364 21248 10376 7984 6103  1 28 37 34  0  0
 0  1 1048572  83108   2216  52224 21892 23856 21892 23856 9515 7063  1 29 36 35  0  0
 2  0 1048572  71684   2216  36116 31004 3316 31004  3320 6416 9736  1 20 50 30  0  0
 1  0 1048572  75504   2480  40368 27972 22988 32636 22992 9863 9028  1 28 40 32  0  0
 0  1 1048572  66392   2480  40508 29448 10772 29628 10772 8969 9160  1 21 45 33  0  0
 0  1 1048572  79372   2488  40428 30928 22752 30928 22764 7958 9489  1 25 45 28  0  0
 0  1 1048572  70792   2488  40392 31580 9316 31580  9316 6879 9776  1 22 48 29  0  0
 1  1 1048572  79104   2488  40320 30456 15728 30456 15728 7952 9661  1 23 46 30  0  0
 0  1 1048572  66960   2488  40284 32488 9132 32488  9132 7253 10015  1 21 48 30  0  0
 1  0 1048572  81996   2488  40216 29704 22640 29704 22640 8536 9571  1 27 44 29  0  0
procs -----------memory---------- ---swap-- -----io---- -system-- -------cpu-------
 r  b   swpd   free   buff  cache   si   so    bi    bo   in   cs us sy id wa st gu
 0  2 1048572  73224   2496  40200 26636 14584 26660 14596 9443 8622  1 24 41 34  0  0
 1  0 1048572  65964   2488  37400 27696 11288 27696 11288 6465 8697  1 21 48 30  0  0
 0  1 1048572  76800   2260  37400 28432 23328 28432 23328 7609 9178  1 25 45 29  0  0
 1  0 1048572  65712   2224  37400 26380 10744 26380 10744 6303 8330  1 20 48 31  0  0
 0  1 1048572  63948   2224  37400 30804 10328 30804 10328 6960 9594  1 23 47 30  0  0
 0  1 1048572  82160   2224  37400 24328 19500 24328 19500 6965 7907  1 29 43 27  0  0
 0  1 1048572  67292   2232  37396 33308 9776 33308  9796 7666 10563  1 22 47 30  0  0
 2  1 1048572  73240   2232  37400 29748 17464 29752 17464 12040 9380  1 25 39 35  0  0
 1  0 1048572  71020   2232  37400 30200 20524 30200 20524 8777 9601  1 26 43 30  0  0
 1  0 1048572  71720   2388  37444 29744 18416 29960 18420 8863 9299  1 25 42 32  0  0
 0  1 1048572  72212   2388  37304 31204 18224 31208 18228 7448 9599  1 24 47 29  0  0
 2  0 1048572  86800   2388  36840 31508 20692 31512 20692 8017 9918  1 25 45 29  0  0
 1  0 1048572  76468   2396  36624 30832 11124 30832 11136 7127 9690  1 22 48 30  0  0
 1  0 1048572  65676   2396  36428 30936 9276 30948  9276 7086 9756  1 22 46 31  0  0
 0  1 1048572  79248   2400  42908 28252 19392 35164 19392 7950 9347  1 27 42 29  0  0
 1  0 1048572  73164   2400  42800 29624 10276 29624 10276 7022 9595  0 23 47 30  0  0
 0  1 1048572  62392   2408  59400 27816 24636 39712 24636 7973 9096  1 29 41 29  0  0
 1  0 1048572  76752   2372  57684 27936 23660 27936 23660 7557 9052  1 27 43 29  0  0
 0  1 1048572  62964   2368  57712 30628 12176 30632 12188 7049 9657  1 23 47 29  0  0
 0  1 1048572  68256   2344  57416 31436 21164 31436 21164 8199 10214  1 27 43 29  0  0
 0  1 1048572  83124   2320  56996 30568 20636 30568 20636 8252 10058  1 26 43 30  0  0
procs -----------memory---------- ---swap-- -----io---- -system-- -------cpu-------
 r  b   swpd   free   buff  cache   si   so    bi    bo   in   cs us sy id wa st gu
 1  0 1048572  79848   2308  56820 31684 10120 31708 10120 9025 10166  1 23 44 32  0  0
 0  1 1048572  70068   2296  56604 31476 10344 31476 10344 10651 10180  1 23 42 34  0  0
 0  0 1048568  64624   2400  59412 28024 10804 31148 10804 6882 9078  1 22 47 30  0  0
 1  0 1048572  74572   2384  59264 30292 29304 30420 29316 9568 9839  1 28 42 29  0  0
 0  1 1048572  64604   2332  57224 32816 12404 32816 12404 9905 10469  1 22 44 33  0  0
 1  1 1048572  68020   2332  54944 29760 23740 29760 23740 9042 9376  1 27 42 31  0  0
 2  0 1048572  75000   2268  71188 27796 21108 40104 21108 10719 9127  1 40 26 33  0  0
 1  0 1048572  75172   2264  91100 27276 20468 39820 20468 8936 8588  3 57 14 26  0  0
 1  0 1048572  89152   2264  89420 28488 16448 28488 16448 9123 9417  1 27 41 32  0  0
 1  0 1048572  81364   2272  88604 29876 12336 29876 12348 11921 9837  1 23 39 37  0  0
 1  0 1048572  75548   2272  87840 28700 14192 28700 14192 11380 9451  1 24 38 37  0  0
 1  0 1048572  67316   2268  87064 27620 16168 27620 16168 10925 8848  1 26 37 36  0  0
 0  1 1048572  64212   2188  75892 29944 9068 30840  9068 7476 9519  1 21 47 31  0  0
 1  1 1048572  63152   2188  88940 27036 26384 44916 26384 7811 8736  1 28 42 29  0  0
 0  1 1048572  77992   2188  85064 26972 19932 26972 19932 7159 8639  1 27 44 29  0  0
 1  1 1048572  68252   2196  83148 30156 10796 30156 10808 6883 9454  1 22 48 30  0  0
 1  0 1048572  83628   2196  79320 29332 19540 29332 19540 7645 9344  1 26 42 31  0  0
 1  0 1048572  72504   2196  78120 29304 7240 29304  7240 6796 9105  1 22 47 30  0  0
 0  1 1048572  78072   2196  75276 28096 14372 28096 14372 7329 9095  1 26 43 31  0  0
 0  1 1048572  75840   2196  73836 28548 12048 28548 12048 6875 9091  1 22 48 30  0  0
 0  1 1048572  67524   2196  73012 29028 14836 29028 14836 7264 9391  1 24 46 30  0  0
procs -----------memory---------- ---swap-- -----io---- -system-- -------cpu-------
 r  b   swpd   free   buff  cache   si   so    bi    bo   in   cs us sy id wa st gu
 0  1 1048572  81996   2144  46852 31212 14056 31248 14076 8865 9856  1 23 44 32  0  0
 0  1 1048572  71972   2144  45552 31516 12172 31516 12172 7014 9668  1 23 47 30  0  0
 2  0 1048608  67992   2144  44176 28740 17948 29124 17948 7084 8885  1 26 44 29  0  0
 0  1 1048572  77148   2144  42640 30668 18964 30668 18964 7513 9433  1 26 43 30  0  0
 1  1 1048572  67572   2144  41884 33780 14784 33780 14784 7753 10252  1 25 45 29  0  0
 1  0 1048572  75964   2144  40444 32244 19188 32244 19188 7943 9889  1 27 43 29  0  0
 0  1 1048572  63868   2156  39720 30384 8572 30384  8604 6647 9129  0 23 47 30  0  0
 0  1 1048572  81044   2156  38984 28456 21180 29132 21180 7691 9029  1 27 44 29  0  0
 0  1 1048572  68996   2156  38292 31112 15512 31112 15512 7131 9463  1 25 45 30  0  0
 2  0 1048572 107984   2156  35216 27240 41388 27240 41388 8793 8695  0 35 32 33  0  0
 0  1 1048572  95132   2156  35444 30348 8584 30576  8584 6678 9381  1 22 46 31  0  0
 0  1 1048572  80656   2156  37884 32488 12944 35348 12964 10363 9618  0 24 42 34  0  0
 0  1 1048572  71444   2164  41024 32536 9944 35676  9956 9556 9731  1 22 45 33  0  0
 0  1 1048572  63128   2164  40872 33248 10312 33248 10312 7264 10060  1 22 47 30  0  0
 3  1 1048576  75316   2164  70796 22380 27580 43363 27580 7820 7410  0 49 27 24  0  0
 2  1 1048584  82548   2564 100752 17284 33352 37282 33352 7202 6183  1 67  8 24  0  0
 1  0 1048572  80792   2344 100560 28624 16540 29224 16540 7569 9191  1 27 44 29  0  0
 1  0 1048572  75656   2200  99132 30568 11184 30568 11196 7031 9469  1 21 48 30  0  0
 0  1 1048572  68736   2200  98192 30580 10924 31184 10924 7100 9433  1 22 47 30  0  0
 1  0 1048572  62684   2200  96656 29756 12432 29756 12432 9043 9018  1 24 43 33  0  0
 0  1 1048572  73900   2196  94280 28560 18964 28560 18964 8034 9109  1 25 44 30  0  0
procs -----------memory---------- ---swap-- -----io---- -system-- -------cpu-------
 r  b   swpd   free   buff  cache   si   so    bi    bo   in   cs us sy id wa st gu
 0  1 1048572  72268   2196  92464 29996 11824 30020 11824 7255 9373  1 22 46 31  0  0
 0  1 1048572  62608   2196  91156 32072 8204 32072  8204 7200 9969  1 21 48 30  0  0
 1  0 1048572  78236   2204  89608 28768 19152 28768 19164 9078 9130  1 26 41 32  0  0
 0  1 1048572  72768   2196  88620 27024 15444 27024 15444 9261 8590  1 25 39 35  0  0
 1  0 1048572  67956   2196  87964 30124 15792 30124 15792 7417 9411  0 24 45 31  0  0
 0  1 1048572  63448   2196  75228 30220 9872 30220  9872 6726 9173  1 23 46 29  0  0
 0  1 1048572  78604   2196  71596 29452 27488 29452 27488 7848 9142  1 29 42 28  0  0
 0  1 1048572  68964   2196  69580 32060 13248 32060 13248 7194 9838  1 23 46 30  0  0
 0  1 1048572  90132   2204  65608 29548 23704 29548 23716 8385 9300  1 30 40 30  0  0
 0  1 1048572  73992   2204  64300 32044 7540 32044  7540 10866 9610  1 22 41 36  0  0
 3  1 1048572  67124   2204  62720 30728 12584 30944 12584 8656 9198  1 23 43 32  0  0
 0  2 1048592  82940   2204  60280 29388 20404 29388 20404 7585 9200  1 28 42 30  0  0
 0  1 1048572  65060   2204  57800 31896 15276 31896 15276 7423 9501  1 25 43 30  0  0
 0  1 1048572  79732   2204  59296 30328 27320 33972 27320 8212 9279  1 29 39 31  0  0
 1  1 1048572  78412   2168  43980 32588 7160 32588  7172 6715 9465  1 24 45 30  0  0
 0  1 1048572  71860   2168  43516 33024 16644 33024 16644 7454 9641  1 26 45 29  0  0
 0  1 1048572  67524   2168  42896 33176 13716 33176 13716 8004 9723  1 25 44 30  0  0
 1  1 1048584  73324   2144  42152 31408 14128 31408 14128 7353 9362  1 25 45 30  0  0
 0  1 1048572  84664   2148  58440 30536 26060 47232 26060 8343 9059  1 30 42 28  0  0
