procs -----------memory---------- ---swap-- -----io---- -system-- -------cpu-------
 r  b   swpd   free   buff  cache   si   so    bi    bo   in   cs us sy id wa st gu
 1  0      0 1148672   5336  85988 29678 16765 31262 16777 7530   42  1 22 65 12  0  0
 1  0 337716  81612   2688  63688   76 336948 46328 337236 11085 1384  7 58 29  7  0  0
 0  1 603320  73980   2152  64500 150992 264300 170132 264304 18349 12427  2 53 30 15  0  0
 0  1 737020  69816   2152  61980 133428 133676 133432 133676 6634 9006  1 26 42 31  0  0
 0  1 872468  83268   2152  61952 123036 135404 123036 135404 6963 8362  1 27 42 31  0  0
 0  1 998264  69404   2152  61952 142148 125800 142148 125800 9206 10164  1 31 41 28  0  0
 1  0 1048572  71132   2152  41520 125572 82096 129768 82100 8233 8513  1 25 40 34  0  0
 1  0 1048572  78440   2204  38200 217876 1916 218040  1928 17229 13577  2 34 36 29  0  0
 1  0 1048572  68108   2204  53756 119636 4232 135688  4232 11506 9588  1 23 40 36  0  0
 0  1 1048572  79436   2188  38604 100044 4276 101976  4280 9949 8506  1 19 42 38  0  0
 0  1 1048572  88180   2448  33992 90600 52304 91016 52308 12462 7055  1 25 37 37  0  0
 0  1 1048572  80332   2512  34340 115996 24092 116724 24096 7196 9149  0 20 47 33  0  0
 0  1 1048572  86632   2448  33924 141152 13872 141156 13872 12089 10354  1 22 40 37  0  0
 1  0 1048572  80124   2420  33820 134828 20104 134828 20116 11627 9733  1 20 41 37  0  0
 0  1 1048572  72512   2240  36168 136400 90320 140080 90320 11846 9885  1 29 39 31  0  0
 1  0 1052384  73080   2224  55272 170604 187500 189816 187500 11681 11843  1 38 34 28  0  0
 3  0 1050932  98624   2212  40052 240560 143068 240580 143068 12895 16158  2 42 37 19  0  0
 1  0 1048572  76792   2212  40048 129084 24388 129104 24388 7272 11071  1 23 48 29  0  0
 1  1 1055248 102936   2368  41472 136088 43500 137944 43500 7008 9908  1 24 46 29  0  0
 1  0 1048572  69548   2376  41392 145652 26392 145652 26404 12547 11010  1 23 40 36  0  0
 1  0 1048572  64892   2228  36080 142868 58476 142888 58480 8111 10584  1 26 45 29  0  0
procs -----------memory---------- ---swap-- -----io---- -system-- -------cpu-------
 r  b   swpd   free   buff  cache   si   so    bi    bo   in   cs us sy id wa st gu
 1  0 1048572  68632   2404  39464 140676 79684 148732 79684 12890 10270  1 31 37 31  0  0
 1  0 1049388  77584   2552  56148 149640 34748 166480 34748 12244 10907  2 23 41 35  0  0
 0  1 1048572  69568   2500  82932 41284 21944 69760 21944 12046 18396  2 29 46 23  0  0
 1  1 1048572  76568   2500  88896 40132 18564 44227 18564 11658 19216  1 32 46 22  0  0
 1  0 1048572  75336   2508  97464 38988 16688 45375 16700 16511 18769  1 37 37 26  0  0
 1  0 1048572  63060   2508  97464 40048 10312 40048 10312 17575 18999  1 30 41 28  0  0
 1  0 1048572  63516   2512 101876 39372 16900 43764 16900 18945 18340  1 35 35 30  0  0
 0  1 1048572  64596   2432  68156 35488  192 35488   192 14449 16423  1 26 44 29  0  0
 1  0 1048572  72436   2288  62472 34012 13404 34012 13404 17172 15567  1 29 36 33  0  0
 1  0 1048572  70300   2288  61796 36504 11256 36504 11256 18057 16287  1 29 36 34  0  0
 2  1 1048600  76272   2288  51284 31432 18408 31432 18420 13942 14204  1 30 39 31  0  0
 0  1 1048572  80440   2288  51284 31444 18500 31444 18500 13985 14092  1 30 38 30  0  0
 0  1 1048572  66464   2288  51284 37228 7136 37228  7136 14262 16512  1 25 44 30  0  0
 1  0 1048572  63188   2288  51284 33604 7804 33604  7804 16291 14735  0 28 38 34  0  0
 1  0 1048572  77964   2288  52484 35404 15640 36604 15640 16809 15511  1 30 38 32  0  0
 1  0 1048572  66616   2288  52484 37492 12940 37492 12940 12107 16240  1 28 46 25  0  0
 0  1 1048572  87244   2704  52544 35788 24040 36256 24052 17801 15724  1 33 36 31  0  0
 3  0 1048576  79112   2704  55476 39268 14012 42200 14012 10927 16718  1 28 48 23  0  0
 1  0 1048572  65880   2704  55476 38880 8312 38880  8312 10562 16882  1 29 48 23  0  0
 1  0 1048572  66196   2628  53652 37632 24964 37632 24964 12555 16174  1 31 42 26  0  0
 1  0 1048572  74188   2544  51592 37136 36376 37736 36376 11341 15662  1 32 44 23  0  0
procs -----------memory---------- ---swap-- -----io---- -system-- -------cpu-------
 r  b   swpd   free   buff  cache   si   so    bi    bo   in   cs us sy id wa st gu
 2  0 1048572  86656   2468  48712 39276 20360 39300 20372 14579 16295  1 32 41 27  0  0
 1  0 1048572  63188   2452  65920 39928 14288 53116 14288 10837 16484  1 29 47 23  0  0
 2  0 1048572 103764   2220  56136 38468 30240 38468 30240 11456 16182  1 32 42 25  0  0
 1  0 1048572  64452   2220  56136 37900    0 37900     0 9015 15619  1 26 51 23  0  0
 1  0 1048572  79976   2220  55680 37092 14824 37108 14824 10893 15400  1 31 44 24  0  0
 1  0 1048572  79328   2220  55400 36896 12192 36896 12192 11343 15656  1 30 45 24  0  0
 1  0 1044240  80304   2224  72832 38400 14980 56284 14980 10668 15187  1 32 45 22  0  0
 1  0 1048572  75800   2232  56188 36660 15736 36660 15748 10655 15653  1 31 45 23  0  0
 0  1 1048572  64404   2232  55260 38168 10464 38168 10464 13891 15862  1 27 43 29  0  0
 1  0 1048572  81792   2232  54784 33828 35748 36008 35756 11290 14269  1 35 41 24  0  0
 1  1 1048572  77676   2232  53548 38648 23232 39344 23232 10724 15836  1 30 45 23  0  0
 0  1 1048572  74172   2232  52284 39188 14864 39556 14864 15057 15749  1 31 39 30  0  0
 0  1 1048572  68948   2232  50700 40472 17420 40472 17420 18202 16236  1 33 33 33  0  0
 1  0 1048572 132732   2220  37568 36868 40552 36868 40572 14411 14895  1 38 36 25  0  0
 1  0 1048572  87340   2220  37568 45720    0 45720     8 10414 18400  1 26 52 22  0  0
 1  0 1048572  69700   2220  37232 44660 8748 44660  8748 11269 17937  1 30 49 21  0  0
 1  0 1048572  64660   2220  36884 45708 12620 45708 12620 11860 18406  1 32 46 21  0  0
 1  0 1048572  68272   2220  36668 35668 20752 35668 20756 10382 14551  1 31 46 22  0  0
 1  0 1048572  81412   2220  35716 35036 28052 35040 28052 10333 13907  2 34 43 22  0  0
 3  0 1048580  63904   2228  35860 39120 10720 39576 10732 9928 15388  1 30 48 21  0  0
 0  1 1048572  72268   2228  35376 38248 22452 38248 22452 17115 14804  1 34 33 33  0  0
procs -----------memory---------- ---swap-- -----io---- -system-- -------cpu-------
 r  b   swpd   free   buff  cache   si   so    bi    bo   in   cs us sy id wa st gu
 1  0 1048572  80612   2228  34724 39528 20380 39552 20380 11300 15749  1 33 44 22  0  0
 1  0 1048572  76732   2228  34492 40092 18720 40092 18720 15963 15913  1 33 37 29  0  0
 1  1 1048572  80208   2228  32656 39280 21460 39280 21460 10473 15586  1 32 44 23  0  0
 1  0 1048572  74700   2232  32532 38856 22060 38860 22060 14290 15356  1 34 39 26  0  0
 1  0 1048572  66132   2240  32428 44192 7680 44192  7692 10900 17211  1 30 49 20  0  0
 1  0 1048572  64368   2240  32356 44572 15052 44572 15052 11938 17748  1 34 46 19  0  0
 1  0 1048572  79872   2240  32240 39772 32956 39772 32956 13725 15987  1 37 39 23  0  0
 1  0 1048572  79840   2240  31896 44664 22712 44664 22716 15641 17384  1 35 39 25  0  0
 1  0 1048572  62880   2380  31932 42824 18088 42968 18088 11305 16948  1 34 46 19  0  0
 0  1 1048572  65324   2380  57748 44792 23664 70608 23664 15255 17165  1 38 37 23  0  0
 1  0 1048572  65876   2388  57748 42016 22512 42016 22524 12058 16929  1 35 44 21  0  0
 1  0 1048572  77044   2244  41064 43060 23948 43060 23948 11763 16984  1 36 43 20  0  0
 1  0 1048572  72616   2244  44156 47464 21600 50952 21600 12200 18241  1 36 44 19  0  0
 1  0 1048572  78664   2368  43596 47428 20088 47572 20088 12625 18596  1 36 45 18  0  0
 1  0 1048572  72616   2320  43316 49148 18720 49148 18720 12676 19054  1 35 46 18  0  0
 1  1 1048572  97608   2264  39448 44808 42124 46492 42128 13691 17486  1 42 39 18  0  0
 1  0 1048572  77236   2288  39436 50724 14236 50744 14248 12325 19600  1 32 46 20  0  0
 1  0 1048572  64384   2288  39316 49880 16960 49880 16964 12293 19019  1 35 46 18  0  0
 0  1 1048572  64340   2416  42572 48764 21816 52144 21820 12823 18492  1 38 43 17  0  0
 1  0 1048572  66692   2416  42572 47568 28728 47572 28732 13125 18286  1 38 44 18  0  0
 1  0 1048572  73628   2356  41300 47804 28864 47808 28864 15051 18197  1 38 40 21  0  0
procs -----------memory---------- ---swap-- -----io---- -system-- -------cpu-------
 r  b   swpd   free   buff  cache   si   so    bi    bo   in   cs us sy id wa st gu
 1  1 1048572  61864   2364  40360 50816 15968 50840 15980 12489 19147  1 36 46 18  0  0
 3  2 1048576  72584   2236  79332 38004 36168 63711 36168 14944 14316  1 76  4 20  0  0
 1  0 1048572  80828   2172  73124 46428 33972 46428 33972 13043 17816  2 38 40 20  0  0
 1  0 1048572  75176   2172  71148 48892 22224 48892 22224 12311 18560  1 34 45 20  0  0
 1  0 1048572  74768   2172  69356 48548 16704 48548 16704 12525 18335  1 36 45 18  0  0
 0  1 1048572  86836   2172  66628 47332 20356 47332 20356 13001 18523  1 36 44 19  0  0
 2  0 1048572  71372   2180  64764 48720 20776 48720 20788 12634 18420  1 35 45 18  0  0
 1  0 1048572  99460   2164  51832 45392 34196 45404 34196 17250 17266  2 38 35 25  0  0
 1  0 1048572  67624   2164  50124 49816 10756 49816 10756 20832 18660  1 35 38 27  0  0
 1  0 1048572  74972   2168  55360 47772 22808 56468 22808 19308 17669  1 38 32 28  0  0
 0  1 1048572  69536   2168  52892 44784 19248 44784 19248 15526 16692  1 36 37 26  0  0
 1  0 1048572  72908   2176  45076 45248 31652 63136 31660 17536 15716  1 41 31 27  0  0
 1  0 1048572  66332   2184  43844 44348 22596 44352 22628 14958 16266  1 34 39 26  0  0
 1  0 1048572  87180   2852  43332 44512 26796 45244 26796 17785 16366  1 40 32 27  0  0
 1  0 1048572  83992   2844  43252 44440 16680 44440 16680 18684 16143  1 36 34 30  0  0
 1  0 1048572  82904   2844  43252 46028 19584 46028 19584 19284 16809  1 38 31 30  0  0
 1  0 1048572  68116   2812  40184 47316 14928 47316 14928 16202 17302  1 35 37 27  0  0
 1  0 1048572  77916   2716  40196 44640 34236 45720 34248 14925 16424  1 39 37 24  0  0
 1  0 1048572  74228   2660  39344 47696 15252 47696 15252 12328 17020  1 33 45 21  0  0
 3  0 1048576  58520   2584  40324 49012 21460 50932 21460 20083 17580  1 37 31 30  0  0
 1  0 1048572  64340   2536  39680 48040 27340 48040 27340 15420 17506  1 39 38 22  0  0
procs -----------memory---------- ---swap-- -----io---- -system-- -------cpu-------
 r  b   swpd   free   buff  cache   si   so    bi    bo   in   cs us sy id wa st gu
 1  0 1048572  68960   2164  36292 47520 26420 48640 26420 19603 16957  1 38 31 30  0  0
 0  1 1048572  80316   2164  36316 48144 23664 48144 23664 19980 17008  1 36 33 30  0  0
 1  0 1048572  74608   2172  36284 46600 16064 46600 16076 17675 16850  1 37 36 26  0  0
 0  1 1048572  69272   2172  36192 42752 12844 42752 12844 16967 15556  1 34 37 28  0  0
 1  0 1048572  76836   2164  36084 38888 30708 40092 30708 12444 13964  2 37 37 24  0  0
 0  1 1048572  68524   2164  35592 43408 19780 43408 19780 14313 15506  1 34 39 26  0  0
 1  0 1048572  72760   2296  38012 44740 20256 47728 20256 14811 15962  1 37 37 25  0  0
 1  0 1048572  75104   2296  37400 39240 17716 39240 17716 11867 14197  1 35 42 22  0  0
 0  1 1048572  78812   2228  37192 42872 19116 42872 19128 14581 15439  1 35 39 25  0  0
 1  0 1048568  86192   2148  82160 28484 52528 61682 52528 11932 10178  0 75  9 15  0  0
 1  0 1048572  68036   2148  81396 44256 10408 44256 10408 13412 15955  1 31 43 25  0  0
 1  0 1048572  74608   2148  79832 37800 17712 37800 17712 13558 13333  1 35 36 27  0  0
 1  0 1048572  84212   2148  78040 40224 18260 40224 18260 12050 14803  0 34 42 23  0  0
 1  1 1048584  86780   2148  76496 38084 18972 38084 18972 9924 14179  1 35 43 21  0  0
 2  1 1048572  83424   2156  67388 43104 20928 43104 20940 12779 15708  1 35 40 23  0  0
 0  1 1048572  67684   2160  84076 36400 24176 54328 24176 13502 12478  1 36 37 27  0  0
 1  1 1048572  84452   2160  83104 30316 19748 30356 19748 9301 10933  1 34 41 24  0  0
 1  1 1048572  72808   2160  82708 33964 10772 33964 10772 12616 12092  1 29 38 32  0  0
 1  0 1048572  80924   2160  81968 34800 17864 34800 17864 12307 12371  1 31 39 29  0  0
 0  1 1048572  67812   2160  82068 35108 8936 35492  8936 11512 12698  1 28 43 28  0  0
 3  0 1048576  73708   2168  81476 26760 21900 26760 21912 12449 9738  1 32 33 34  0  0
procs -----------memory---------- ---swap-- -----io---- -system-- -------cpu-------
 r  b   swpd   free   buff  cache   si   so    bi    bo   in   cs us sy id wa st gu
 1  0 1048572 128292   2096  61116 27568 40176 28648 40176 9568 10425  1 35 39 26  0  0
 1  0 1048572  96036   2116  61108 32416    0 32436     8 6866 11261  1 23 51 25  0  0
 0  1 1048572  75624   2116  60840 30772 8920 30772  8920 10200 10637  1 24 44 32  0  0
 1  1 1048572  75204   2116  58304 32508 12660 32508 12660 8187 11477  1 28 43 29  0  0
 0  1 1048572  85188   2124  57104 30436 14012 30436 14048 12197 10803  1 28 39 33  0  0
 1  0 1048572  79320   2128  55844 30104 8012 30108  8012 9477 10790  2 25 43 30  0  0
 0  1 1048572  69192   2128  54528 32956 9844 32956  9844 10757 11628  1 26 43 30  0  0
 0  1 1048572  77520   2128  52484 31892 23960 31892 23960 9146 11669  0 31 43 26  0  0
 1  0 1048572  78748   2128  33600 37036 10136 37036 10136 8442 12966  1 25 47 27  0  0
 0  1 1048572  80344   2128  36876 29280 21944 32796 21944 8232 10234  1 31 44 25  0  0
 1  0 1048572  66308   2136  36796 35156 11016 35156 11028 8359 12032  1 26 47 27  0  0
 0  1 1048572  74372   2136  37368 36260 16896 36936 16896 9298 12551  1 30 45 25  0  0
 0  1 1048572  74144   2136  38260 36416 14748 37440 14748 9087 12718  1 31 45 24  0  0
 2  0 1048572  80204   2136  38656 31164 22532 31524 22532 9858 11370  1 29 45 25  0  0
 1  1 1048572 126708   2132  37520 33496 47844 33496 47844 13340 12017  1 38 36 26  0  0
 1  0 1048568  86400   2268  40936 33204    0 36748     0 10867 11128  1 25 43 31  0  0
 0  1 1048572  72876   2432  40936 33884 4924 34040  4936 11786 11290  1 27 41 31  0  0
 2  1 1048576  77492   2432  43564 35368 15740 37996 15740 12594 12250  1 31 39 29  0  0
 1  0 1048572  76148   2432  43564 38572 15276 38572 15276 9603 13259  1 32 45 23  0  0
 0  1 1048572  76148   2432  43564 42948 21916 42948 21916 10989 14903  1 33 44 22  0  0
 2  0 1048576  79880   2420  43296 44572 28168 44572 28172 11701 15378  2 35 43 20  0  0
procs -----------memory---------- ---swap-- -----io---- -system-- -------cpu-------
 r  b   swpd   free   buff  cache   si   so    bi    bo   in   cs us sy id wa st gu
 2  0 1048572  75608   2272  44904 45348 20384 47300 20396 10963 15724  1 34 44 21  0  0
 1  0 1048572  80720   2272  44796 36776 19416 36776 19416 11253 12752  1 34 41 24  0  0
 1  0 1048572  66864   2272  44712 43796 10756 43796 10756 9965 15095  1 31 47 21  0  0
 0  1 1048572  70724   2272  44592 37012 18508 37012 18508 11385 12925  1 37 40 23  0  0
 1  0 1048572  63712   2272  44556 35704 18340 35704 18340 11583 12548  1 35 41 24  0  0
 2  0 1048584  68016   2256  42368 39504 29996 39504 30000 10994 13597  1 37 40 24  0  0
 1  0 1048572  86196   2280  80776 40572 37760 75952 37780 11567 13887  1 40 39 21  0  0
 1  0 1048572  87640   2280  80004 45396 18468 45400 18468 14672 16123  1 33 41 26  0  0
 3  0 1048576  64804   2280  79680 43112 15800 43112 15800 14695 15332  1 31 40 28  0  0
 1  0 1048572  74064   2280  58776 40808 13576 40812 13576 9678 14277  1 30 46 23  0  0
 0  1 1048572  67668   2952  59132 41992 22140 43448 22140 12682 14435  1 33 41 25  0  0
 1  0 1048572  69108   2952  58396 46864 19872 46864 19872 15916 16049  1 34 37 29  0  0
 1  0 1048572  74844   2960  57704 45172 21392 45172 21404 17455 15798  1 33 35 31  0  0
 2  0 1048572  73824   2960  89536 36036 31544 56740 31544 17429 12921  1 59 17 24  0  0
 1  0 1048572  74716   2900  88240 41916 26168 47715 26172 17040 14666  1 44 28 28  0  0
 0  1 1048572  74272   2896  85148 44176 25556 44180 25560 15422 15497  1 33 38 29  0  0
 0  1 1048572  72496   2896  85200 46292 22076 49244 22076 14806 15846  1 35 38 27  0  0
 1  0 1048572  65972   2896  82064 46152 17472 46152 17472 18423 15893  1 35 34 30  0  0
 1  0 1048572  74324   2904  79260 46124 22576 46124 22588 13361 15724  0 35 42 23  0  0
 1  0 1048572  65008   2904  77432 46836 24268 46836 24268 16852 15911  1 36 35 28  0  0
 0  1 1048572  95460   2812  54156 46892 31760 46892 31764 19323 16066  1 39 31 29  0  0
procs -----------memory---------- ---swap-- -----io---- -system-- -------cpu-------
 r  b   swpd   free   buff  cache   si   so    bi    bo   in   cs us sy id wa st gu
 2  0 1048576  80944   2812  53240 43880 9060 43988  9060 16846 14687  1 33 34 32  0  0
 0  1 1048572  67448   2812  51872 44084 12732 44400 12732 17172 14619  1 35 33 31  0  0
 1  0 1048572  74132   2812  49944 41472 19108 41472 19108 16326 14103  1 38 32 29  0  0
 3  0 1048580  63876   2824  51572 33572 13152 36020 13164 8404 11492  1 37 41 21  0  0
 1  0 1048572  70752   2824  39308 41556 26072 41556 26072 11682 13793  1 36 40 22  0  0
 1  0 1048572  72992   2824  51760 46436 32536 59512 32536 13783 15181  1 41 36 22  0  0
 0  1 1048572  67660   2824  51172 49664 19540 49664 19540 15328 16520  1 36 39 24  0  0
 1  0 1048572  79756   2824  50512 48944 26420 48944 26420 12672 16440  1 40 41 18  0  0
 1  0 1048572  73604   2824  50136 44604 19084 44604 19084 10785 15222  1 35 45 20  0  0
 0  1 1048572  84240   2168  48516 44892 34064 44900 34084 11772 15086  1 40 40 20  0  0
 1  0 1048572  80956   2160  48536 49260 18196 49412 18196 11780 16555  1 34 46 19  0  0
 0  1 1048572  74404   2160  48236 49536 17836 49536 17836 11492 16794  1 35 45 19  0  0
 0  1 1048572  76168   2164  65772 44176 27860 62060 27860 12019 15050  1 38 42 19  0  0
 3  0 1048572 108716   2160  50040 45372 36532 46224 36532 16858 15603  1 40 33 26  0  0
 0  1 1048572  81620   2168  50032 39516 10064 39516 10096 12421 13481  1 32 42 25  0  0
 0  1 1048572  75252   2164  49612 43624 14560 43624 14560 9722 14701  1 32 46 21  0  0
 0  1 1048572  81740   2164  49004 39464 18244 39576 18244 12252 13355  1 35 39 25  0  0
 1  0 1048572  76964   2164  48140 46492 16752 46492 16752 14721 15492  1 34 39 26  0  0
 1  1 1048572  66600   2164  47544 48604 18788 48604 18788 16722 16616  1 35 36 28  0  0
 0  0 1048572 106464   2160  39748 43212 47716 43212 47716 14407 14948  2 41 33 24  0  0
 1  0 1048572  82348   2164  39588 51876 9652 51876  9664 10897 17112  1 31 48 20  0  0
procs -----------memory---------- ---swap-- -----io---- -system-- -------cpu-------
 r  b   swpd   free   buff  cache   si   so    bi    bo   in   cs us sy id wa st gu
 1  0 1048572  78580   2164  39252 46444 18264 46468 18264 17973 15269  1 37 32 31  0  0
 1  0 1048572  74244   2164  38664 46628 19204 46628 19204 16942 15607  1 36 35 28  0  0
 1  1 1048572  73840   2304  38276 41804 21488 41944 21488 15277 13905  1 34 37 29  0  0
 0  1 1048572 110128   2224  33448 40296 45724 40296 45748 13348 13766  1 39 34 27  0  0
 1  0 1048572  70232   2224  33456 50108 2148 50112  2152 12852 16386  1 28 44 26  0  0
 0  1 1048572  73708   2232  33312 46276 21060 46276 21072 15830 15533  1 34 36 28  0  0
 1  0 1048572  63656   2232  33136 47156 14292 47156 14292 15163 15961  1 33 38 28  0  0
 1  0 1048572  84036   2372  33048 42600 27036 42740 27036 14619 14599  1 36 38 25  0  0
 1  0 1048572  69020   2232  32996 45308 19144 45308 19144 14178 15160  1 35 39 25  0  0
 3  0 1048572  80156   2232  32944 45424 27376 45424 27380 15867 15281  1 37 36 25  0  0
 2  0 1048572  71664   2232  34548 46380 17392 48088 17396 14026 15466  1 35 39 25  0  0
 3  0 1048572  76804   2240  34432 39756 15960 39760 15972 12633 13449  1 34 40 25  0  0
 0  1 1048572  76548   2524  37612 38208 25124 41764 25124 10415 13290  1 38 40 21  0  0
 1  0 1048572 102380   2484  37820 40188 42744 42168 42748 11793 14195  1 39 38 21  0  0
 1  0 1048572  86608   2484  37680 45416 8620 45420  8620 9638 14956  1 31 47 21  0  0
 1  0 1048572  65572   2476  37520 43288 7984 43288  7984 12990 14472  1 30 42 26  0  0
 1  0 1048572  83072   2260  37520 39884 19688 39884 19700 10528 13805  1 36 42 22  0  0
 1  0 1048572  64656   2260  37520 40612 10228 40612 10228 12268 13579  1 31 42 26  0  0
 1  0 1048572  68692   2256  53208 37108 37096 68776 37096 13056 12610  1 39 37 23  0  0
 1  0 1048572  74656   2256  52812 39392 21256 39392 21256 11431 13415  1 34 42 23  0  0
 1  0 1048572  72392   2256  52444 39172 19364 39172 19364 9787 13581  1 34 44 21  0  0
procs -----------memory---------- ---swap-- -----io---- -system-- -------cpu-------
 r  b   swpd   free   buff  cache   si   so    bi    bo   in   cs us sy id wa st gu
 1  0 1048572  73772   2268  57560 40400 14972 45860 14984 10454 13926  1 34 43 23  0  0
 1  0 1048572  80828   2268  57332 36992 19608 36992 19608 9813 13117  1 35 43 21  0  0
 2  0 1048576  64700   2268  57188 39596 16748 39596 16748 9761 14089  1 31 45 24  0  0
 1  0 1048572  77564   2168  54760 40892 31480 40892 31488 10906 14158  1 35 38 27  0  0
 1  1 1048572  71424   2168  55192 42232 19000 42840 19000 10976 14651  1 31 45 23  0  0
 0  1 1048572  60064   2168  54936 42640 14784 42640 14784 10031 14746  1 33 44 22  0  0
 1  0 1048572  72912   2184  54512 42212 17284 42220 17308 16374 14724  1 34 36 30  0  0
 1  0 1048572  73564   2868  54504 41604 24684 42348 24684 11043 14586  1 33 44 21  0  0
 0  1 1048572  85728   2868  54504 39256 31580 39256 31580 11356 13846  1 38 40 21  0  0
 1  0 1048572 105492   2868  38036 41628 25676 41628 25692 12195 14246  1 35 41 24  0  0
 1  0 1048572  79616   2844  37912 45696 6324 45700  6324 16776 15532  1 28 39 32  0  0
 2  0 1048572  66704   2748  77784 32572 22432 58546 22432 11551 11552  0 67 13 20  0  0
 1  0 1048572  74452   2832  77148 42876 28760 43024 28772 11350 14189  1 38 39 22  0  0
 1  0 1048572  76472   2288  92428 36012 35728 55332 35728 11056 12837  1 36 39 25  0  0
 1  0 1048572  76860   2288  89076 46336 19068 46336 19068 11890 16066  1 33 43 23  0  0
 1  0 1048572  79896   2288  87640 45284 20392 45284 20392 11180 15540  1 32 45 22  0  0
 1  0 1048572  80932   2280  86268 46928 19512 46928 19512 11458 16258  1 34 44 21  0  0
 1  0 1048572  83704   2280  84924 45620 22048 45620 22048 11857 16171  1 34 44 22  0  0
 1  0 1048572  71088   2288  83632 46300 20152 46300 20164 11572 16193  1 34 44 21  0  0
 1  0 1048572  97652   2288  77328 42856 44080 43972 44080 13004 14815  1 38 38 24  0  0
 1  0 1048572  67664   2280  76076 48292 13448 48292 13452 11010 16440  1 31 47 21  0  0
procs -----------memory---------- ---swap-- -----io---- -system-- -------cpu-------
 r  b   swpd   free   buff  cache   si   so    bi    bo   in   cs us sy id wa st gu
 1  0 1048572  69164   2412  75016 47088 19536 48688 19536 12662 15612  1 35 41 23  0  0
 1  0 1048572  75496   2412  71644 46900 24520 46900 24520 13003 15778  1 38 41 21  0  0
 1  0 1048572  73512   2336  69512 47524 26380 47524 26380 12304 15899  1 36 44 20  0  0
 1  0 1048572  85272   2328  59864 44272 28976 44272 28996 11366 14881  1 36 42 21  0  0
 1  0 1048572  69928   2320  58876 40208 10864 40212 10868 8763 13094  2 28 48 23  0  0
 1  0 1048572  72868   2304  58120 31532 16928 31536 16928 8972 10147  1 33 43 24  0  0
 1  0 1048572 108336   2308  73956 27768 23568 45652 23568 10200 9252  1 33 31 35  0  0
 0  1 1048572  78600   2308  73956 30304    0 30304     0 11837 10084  1 25 41 34  0  0
 1  0 1048572  64524   2308  73788 25248 7140 25248  7140 8955 8458  1 26 42 31  0  0
 2  1 1048572 116572   2180  47660 24912 30452 24912 30464 10056 8692  1 33 34 32  0  0
 1  0 1048572  87056   2188  49024 26904    0 28292     0 5716 8878  1 20 50 29  0  0
 2  1 1048572  74680   2344  48708 27780 5728 27936  5728 6099 9041  1 23 48 28  0  0
 0  1 1048572  68696   2332  47312 29744 18768 29752 18768 11764 9648  1 28 36 36  0  0
 1  0 1048572  80592   2320  46504 30572 11568 30572 11568 11498 10031  1 25 39 35  0  0
 0  1 1048572  73788   2316  44996 31932 10244 31932 10244 12391 10601  1 25 37 37  0  0
 0  1 1048572  83720   2324  44368 32592 11976 32592 11988 8300 10997  1 25 45 29  0  0
 1  0 1048572  76016   2324  43936 30656 10284 30656 10284 12541 10387  1 24 39 36  0  0
 1  0 1048572  68520   2324  43496 29700 15556 29700 15556 11935 10083  1 26 37 36  0  0
 0  1 1048572  75524   2248  33748 31824 18780 31820 18784 12381 10484  1 27 36 37  0  0
 1  1 1048572  64752   2244  33700 33692 19240 33700 19244 13433 11105  1 25 39 36  0  0
 0  1 1048572  75492   2244  33516 29900 17788 29904 17792 11806 9870  1 26 37 37  0  0
procs -----------memory---------- ---swap-- -----io---- -system-- -------cpu-------
 r  b   swpd   free   buff  cache   si   so    bi    bo   in   cs us sy id wa st gu
 0  1 1048572  75744   2252  33404 22920 9624 22948  9644 9151 7525  1 26 38 35  0  0
 1  0 1048572  86404   2256  33272 16648 7912 16652  7920 6916 5646  1 25 25 50  0  0
 1  0 1048572  62672   2256  33328 24428    0 24432     0 5269 8137  1 21 50 29  0  0
 1  0 1048572  67012   2256  33092 29492 18984 29492 18988 12700 10100  1 24 39 37  0  0
 0  1 1048572  65384   2260  40116 16432 9208 23528  9212 6696 5437  1 25 42 32  0  0
 1  0 1048572  78628   2260  40032 20008 24412 20012 24416 8723 6977  1 33 18 48  0  0
 2  0 1048580  89152   2256  38764 28036 20800 28040 20824 9846 9200  1 26 40 34  0  0
 1  0 1048572  84076   2256  38556 33148 7444 33148  7444 7622 10949  1 22 48 29  0  0
 1  0 1048572  71224   2252  38388 35780 9624 35780  9624 7847 11707  0 22 47 30  0  0
 1  0 1048572  63820   2392  42976 26316 8068 31176  8068 9861 9033  1 25 40 35  0  0
 0  1 1048572  65808   2392  42728 31168 14160 31168 14160 9859 10652  1 25 43 31  0  0
 1  1 1048572  67224   2400  48628 32436 12620 36439 12632 11951 11182  1 28 39 33  0  0
 0  1 1048572  72224   2736 100928 21512 50216 58551 50216 12324 8632  0 74  6 19  0  0
 0  1 1048572  76820   2736  99748 29024 15812 29024 15812 9275 10384  1 23 43 33  0  0
 1  0 1048572  63776   2736  99140 28840 6752 28840  6752 8475 10148  0 24 45 32  0  0
 0  1 1048572  76660   2736  97152 27220 22364 27220 22364 8124 9995  1 27 41 31  0  0
 1  0 1048572  75160   2736  96124 30828 9820 30828  9820 7604 10678  1 22 48 30  0  0
 1  0 1048572  84560   2744  95200 29804 16528 30708 16540 8265 10524  1 26 44 29  0  0
 1  0 1048572  75236   2744  94360 29088 11052 29088 11052 7253 10178  1 24 45 30  0  0
 1  0 1048572  68700   2744  93660 30660 13416 30660 13416 8019 10829  0 25 45 29  0  0
 1  0 1048572  73164   2744  82520 28584 16436 28584 16436 7850 10052  0 26 44 30  0  0
procs -----------memory---------- ---swap-- -----io---- -system-- -------cpu-------
 r  b   swpd   free   buff  cache   si   so    bi    bo   in   cs us sy id wa st gu
 0  1 1048572  63896   2744  81228 29744 8108 29768  8108 8836 9947  1 20 45 34  0  0
 1  0 1048572  73220   2744  77524 30184 24848 30184 24848 8365 10421  1 27 42 31  0  0
 0  1 1048572  65328   2752  76708 28040 7344 28360  7356 10084 9452  1 22 42 35  0  0
 1  1 1048572  85340   2752  72816 29472 18696 29472 18696 8427 10071  1 27 43 30  0  0
 3  0 1048572  64888   3652  74828 34440 9744 39204  9772 11087 11579  1 22 44 34  0  0
 1  0 1048572  88196   3652  72188 32596 19156 32596 19156 8319 11233  0 25 46 29  0  0
 0  1 1048572  79596   3652  70720 29180 15412 29180 15412 7686 10150  0 25 44 30  0  0
 0  1 1048572  70192   3652  69260 29360 14720 29360 14720 7631 9814  1 23 46 31  0  0
 1  1 1048572  64756   3224  81800 29676 24520 47576 24520 8324 10106  1 29 22 48  0  0
 0  1 1048572  66756   3176  78924 31180 16944 31180 16944 9964 10504  1 25 35 40  0  0
 1  0 1048572  64276   3108  77756 29132 10080 29616 10092 7532 9661  1 24 45 30  0  0
 1  0 1048572  81808   3052  75124 28200 18552 28200 18552 7768 9616  1 27 44 29  0  0
 1  0 1048572  66940   3024  73940 32060 10204 32060 10204 7630 10756  1 24 46 30  0  0
 1  0 1048572  71972   2992  72396 32136 12860 32136 12860 10874 10814  1 24 41 34  0  0
 1  0 1048572  70292   2968  71160 29748 16480 29748 16480 7905 10191  1 26 45 29  0  0
 1  0 1048572  68028   2540  43348 32512 1152 32512  1152 6591 10352  1 19 50 30  0  0
 1  0 1048572  68592   2548  41980 35888 22768 35888 22808 11659 11647  1 26 41 32  0  0
 0  1 1048572  86076   2548  40720 32968 20728 32972 20728 8137 10891  1 27 44 29  0  0
 0  1 1048572  62616   2556  43332 33524 7080 36480  7080 11054 10850  2 22 41 36  0  0
 0  1 1048572  70120   2556  42688 31576 15392 31576 15392 12513 10377  0 24 39 37  0  0
 1  0 1048572  79280   2556  42092 30580 15928 30580 15928 9225 9961  1 26 43 31  0  0
procs -----------memory---------- ---swap-- -----io---- -system-- -------cpu-------
 r  b   swpd   free   buff  cache   si   so    bi    bo   in   cs us sy id wa st gu
 2  0 1048572  70712   2556  41840 33396 10324 33420 10324 7655 10882  1 23 47 30  0  0
 1  1 1048572  73116   2564  41572 32016 19812 32016 19824 12071 10640  1 25 38 36  0  0
 1  1 1048584  71764   2300  36724 33060 16788 33060 16788 13463 10812  1 22 40 37  0  0
 1  0 1048572  69200   2300  36460 31728 19292 31728 19300 7431 10234  1 24 47 29  0  0
 1  0 1048572  71380   2300  36188 30812 19144 30816 19144 11378 9940  1 27 37 36  0  0
 1  0 1048572  65160   2300  36032 33136 8612 33136  8612 9284 10603  1 23 44 32  0  0
 1  0 1048572  77840   2296  35848 33328 18168 33328 18168 9489 11046  1 26 43 31  0  0
 1  0 1048572  66372   2304  37720 30288 8924 32204  8948 9220 9887  1 24 43 32  0  0
 1  0 1048572  78520   2300  37412 30100 25800 30100 25800 10714 10086  1 28 37 34  0  0
 2  0 1048576  74948   2296  37080 37808 20668 37808 20684 9265 12170  1 26 44 29  0  0
 0  1 1048572  76460   2296  37060 36520 14152 37060 14152 8387 11849  1 25 42 32  0  0
 1  0 1048572  67688   2296  36920 31848 9920 31848  9920 7476 10470  1 21 47 31  0  0
 2  0 1048576  85400   2296  36340 30832 15956 30832 15956 11350 10006  1 27 40 33  0  0
 1  0 1048572  78596   2304  36088 32264 9888 32264  9900 7672 10808  1 24 46 29  0  0
 1  0 1048572  68264   2304  35808 32540 8452 32540  8452 7607 10912  0 23 48 29  0  0
 1  0 1048572  63740   2304  35540 30676 19024 30676 19024 7975 10491  1 26 44 30  0  0
 1  0 1048572  76404   2284  33432 28680 23868 28680 23872 10351 9779  1 29 37 34  0  0
 1  0 1048572  68844   2284  33404 29232 11124 29236 11128 7021 9628  1 24 47 29  0  0
 1  0 1048572  78884   2284  33404 33504 20648 33508 20652 12251 11223  1 26 39 34  0  0
 1  0 1048572  68804   2292  33336 30272 8648 30276  8664 7198 10150  1 22 48 29  0  0
 0  1 1048572  70228   2292  33204 32036 11196 32040 11200 8884 10691  1 25 44 30  0  0
procs -----------memory---------- ---swap-- -----io---- -system-- -------cpu-------
 r  b   swpd   free   buff  cache   si   so    bi    bo   in   cs us sy id wa st gu
 1  0 1048572  83800   2292  32960 31772 18588 31800 18588 8562 10809  1 27 43 30  0  0
 0  1 1048572  65760   2292  32908 35632 11332 35632 11332 14023 11949  1 22 40 37  0  0
 1  1 1048572 118656   2292  32700 24808 45228 24808 45232 12050 8832  1 36 24 40  0  0
 1  0 1048572  90432   2300  32704 32988  680 32992   692 6845 11120  1 20 50 30  0  0
 1  0 1048572  96232   2300  50236 30252 21096 47808 21096 8487 10150  0 29 43 28  0  0
 1  0 1048572  78592   2300  51424 33856 8208 35044  8208 7545 11612  1 22 47 30  0  0
 1  0 1048572  73828   2300  54524 30704 7948 33800  7948 7470 10521  1 24 46 30  0  0
 1  0 1048572  66184   2300  54524 28064 9796 28064  9796 6896 9657  1 22 47 30  0  0
 1  0 1048572  79144   2308  54524 26360 27076 26360 27088 8109 9486  1 30 39 31  0  0
 1  1 1048572 109496   2304  44608 29468 29888 33563 29892 9222 10295  1 35 33 32  0  0
 1  0 1048572  75936   2304  50608 30956    0 34887     0 8429 10602  1 24 42 33  0  0
 0  1 1048572  71636   2216  50316 30396 10752 30396 10756 7189 10109  1 22 48 29  0  0
 1  0 1048572  85476   2216  49076 33068 18856 33072 18856 8668 11210  1 27 44 29  0  0
 1  0 1048572  65540   2216  48432 35548 8152 35548  8152 13599 11938  1 22 39 38  0  0
 1  0 1048572  79556   2224  47408 31472 14180 31472 14192 12814 10652  1 25 38 36  0  0
 0  1 1048572  71500   2224  46864 29524 11520 29524 11520 11971 10319  1 24 38 38  0  0
 2  0 1048572  62272   2224  46548 30932 16388 30932 16388 9427 10724  1 25 42 33  0  0
 1  0 1048572  74564   2220  40376 26792 18492 26792 18492 7912 9059  1 27 42 31  0  0
 0  1 1048572  78004   2236  62660 28416 30480 47128 30480 12283 9870  1 33 35 32  0  0
 0  1 1048572  71572   2236  62212 32156 8812 32156  8812 12828 11116  1 24 38 37  0  0
 1  1 1048572  72256   2244  61368 30520 15552 30520 15564 12899 10529  1 27 37 36  0  0
procs -----------memory---------- ---swap-- -----io---- -system-- -------cpu-------
 r  b   swpd   free   buff  cache   si   so    bi    bo   in   cs us sy id wa st gu
 1  0 1048572  68596   2244  60972 32760 11352 32784 11352 9390 11159  1 24 44 31  0  0
 3  0 1048576  77336   2932  61340 28872 16780 30280 16780 12107 10040  1 28 35 36  0  0
 1  0 1048572  63608   2936  60772 35444 16980 35448 16988 13420 12265  1 26 38 36  0  0
 1  0 1048572  67276   2860  56052 35872 19332 35876 19332 9059 12569  1 27 44 28  0  0
 0  1 1048572  80008   2732  55284 30424 21656 30424 21656 12419 10331  1 29 36 34  0  0
 0  1 1048572  69972   2684  55456 30924 9212 31348  9236 12065 10344  1 25 38 36  0  0
 1  1 1048572  63824   2624  55236 28900 10152 28900 10152 8705 9949  1 25 44 31  0  0
 1  0 1048572  76744   2508  56568 29612 17164 31288 17164 8177 10387  1 27 44 28  0  0
 0  1 1048572  69664   2460  56552 30656 10356 30656 10356 10927 10773  1 25 41 34  0  0
 0  1 1048572  74892   2396  56468 28932 17684 28932 17684 12709 10063  1 27 37 35  0  0
 1  0 1048572  66876   2256  55128 29504 16364 29504 16380 10496 10133  1 27 39 34  0  0
 1  1 1048572  66192   2264  53736 29984 13396 29988 13408 9547 10276  1 24 43 32  0  0
 1  0 1048572  73488   2264  51900 31984 20248 31984 20252 11724 10953  1 26 37 36  0  0
 1  0 1048572  66828   2264  50820 31984 10288 31988 10292 8994 10753  1 23 45 31  0  0
 1  0 1048572  62544   2264  48768 35964 16132 35968 16132 8835 12403  1 26 45 29  0  0
 1  0 1048572  75844   2396  51052 33252 18136 37552 18136 8860 11407  1 27 44 28  0  0
 0  2 1048572  68916   2404  50344 31212 11916 31212 11928 10010 10785  0 24 43 33  0  0
 0  1 1048572  71436   2392  38296 32436 15588 32436 15588 8164 10939  1 25 45 29  0  0
 1  0 1048572  69660   2304  38244 31192 22384 31192 22388 8362 10571  1 28 40 30  0  0
 1  0 1048572  64964   2304  38212 29404 8952 29408  8952 8391 9912  1 22 45 31  0  0
 1  0 1048572  76808   2304  38008 30044 18564 30044 18564 8163 10372  1 26 44 29  0  0
procs -----------memory---------- ---swap-- -----io---- -system-- -------cpu-------
 r  b   swpd   free   buff  cache   si   so    bi    bo   in   cs us sy id wa st gu
 1  0 1048572  66728   2312  37948 33552 8596 33576  8608 7714 11332  0 23 47 29  0  0
 1  0 1048572  74460   2316  55620 27724 17808 45608 17808 10019 9596  1 29 38 32  0  0
 1  0 1048572  67064   2316  55508 32512 11596 32512 11596 7630 11006  1 23 47 29  0  0
 1  0 1048572  75880   2308  38964 32152 17660 32152 17660 8273 10971  1 26 44 29  0  0
 1  0 1048572  77392   2304  38968 35472 23432 35472 23432 9112 11961  1 28 41 30  0  0
 1  0 1048572  62776   2304  38964 34380 11088 34380 11088 7933 11364  1 24 47 28  0  0
 2  0 1048572  79156   2312  38548 30268 19572 30268 19584 8202 10545  1 26 45 29  0  0
 2  0 1048572  71528   2312  38296 31932 8288 31932  8288 7452 10932  1 23 47 29  0  0
 1  0 1048572  80932   2312  37948 29696 15016 29696 15016 10447 10253  1 27 41 32  0  0
 1  0 1048572  72240   2312  37696 32780 9780 32780  9780 10480 11328  1 23 43 33  0  0
 3  0 1048584  65944   2312  37508 28436 17548 28436 17548 11484 9716  1 27 36 36  0  0
 0  1 1048572  77696   2312  32976 27516 18500 27516 18504 10589 9355  1 27 38 34  0  0
 1  1 1048576  66056   2320  32788 33544 12360 33548 12372 7972 11399  1 23 48 28  0  0
 0  1 1048572  78656   2320  32680 30316 16756 30316 16756 7901 10288  1 27 44 28  0  0
 1  0 1048572  64796   2324  32604 31228 8852 31232  8852 9641 10407  1 22 44 33  0  0
 0  1 1048572  62608   2324  32484 35312 14032 35312 14032 8945 11893  1 25 46 29  0  0
 0  1 1048572  80568   2324  32380 31920 21376 31920 21376 8786 11310  1 27 44 28  0  0
 1  0 1048572  65908   2320  32376 32728 13172 32728 13184 9287 11088  1 23 46 30  0  0
 1  0 1048572  74664   2280  32360 30080 22560 30080 22564 8147 10192  1 30 42 27  0  0
 1  0 1048572  87264   2280  32364 32240 18424 32244 18428 8533 10813  1 29 44 28  0  0
 0  1 1048572  77400   2280  32348 29184 9360 29188  9364 11474 10130  1 24 40 36  0  0
procs -----------memory---------- ---swap-- -----io---- -system-- -------cpu-------
 r  b   swpd   free   buff  cache   si   so    bi    bo   in   cs us sy id wa st gu
 1  0 1048572  68832   2280  32268 30632 8496 30664  8500 7422 10570  1 23 47 29  0  0
 0  1 1048572  78540   2280  32236 28556 14748 28556 14752 7878 10207  1 26 45 29  0  0
 0  1 1048572  67452   2288  32212 33532 9452 33536  9468 7951 11668  1 23 47 29  0  0
 0  1 1048572  66816   2352  36584 27904 19620 32700 19628 11302 9972  1 28 38 33  0  0
 0  1 1048572 104880   2276  34412 27192 36500 27196 36504 9100 9676  0 33 21 46  0  0
 1  0 1048572  65568   2420  34416 39484    0 39632     0 7846 13179  1 21 50 29  0  0
 1  0 1048572  77624   2420  34096 34324 19056 34324 19060 11056 11541  1 27 41 31  0  0
 1  0 1048572  83808   2428  73968 29228 30304 54272 30328 12481 10136  0 66  9 24  0  0
 0  1 1048572  77004   2432  73880 29628 9380 29632  9380 7362 10564  1 23 48 28  0  0
 0  1 1048572  68828   2432  73736 29560 15292 29560 15292 7793 10605  1 26 45 28  0  0
 0  1 1048572  66856   2288  71480 30772 15716 30772 15732 7295 10554  1 24 46 29  0  0
 0  1 1048572  77996   2268  71684 26740 25248 28548 25248 10653 9367  1 30 36 33  0  0
 1  0 1048572  68588   2272  70876 32140 10560 32140 10572 13085 11082  1 25 39 36  0  0
 0  1 1048572  83912   2404  69292 32224 19924 32356 19924 13197 11233  1 29 37 34  0  0
 0  1 1048572  70324   2404  75424 31936 8684 38856  8684 7706 11012  1 24 47 29  0  0
 3  0 1048572  78928   2404  73980 29124 15080 29124 15080 10606 10090  1 27 38 34  0  0
 0  1 1048572  73468   2404  77264 31288 15732 35376 15732 8355 11068  1 26 45 29  0  0
 1  0 1048572  67216   2404  76452 29716 15836 29716 15836 10884 10408  1 26 41 33  0  0
 1  0 1048572  82372   2232  67944 26092 45352 26092 45364 11549 9412  1 38 26 35  0  0
 1  0 1048572  71288   3000  85884 35264 4204 53972  4204 13743 12150  1 20 42 37  0  0
 1  0 1048572  66920   3000  85716 35068 8976 35068  8976 13682 12089  1 24 39 37  0  0
procs -----------memory---------- ---swap-- -----io---- -system-- -------cpu-------
 r  b   swpd   free   buff  cache   si   so    bi    bo   in   cs us sy id wa st gu
 1  0 1048572  71400   2948  86024 31316 17584 31908 17584 12124 10867  1 25 38 36  0  0
 1  0 1048572  62804   2948  85896 30988 10092 30988 10092 7946 10774  1 23 47 29  0  0
 1  0 1048572  77404   2948  86196 31332 25796 31880 25796 10230 11058  1 29 41 30  0  0
 0  1 1048572  71148   2956  86196 29604 10052 29604 10064 9258 10016  1 24 43 32  0  0
 1  0 1048572  96116   2784  84884 26920 30128 38684 30128 11298 9696  1 31 36 32  0  0
 1  0 1048572  64868   2784  84840 31892    0 31892     0 12072 10557  1 21 41 37  0  0
 1  0 1048572  87440   2692  81100 31028 21508 31028 21508 8477 10713  0 30 40 29  0  0
 0  1 1048572  80900   2656  79380 30648 10344 30648 10344 10400 10557  0 24 43 33  0  0
 0  1 1048572  73912   2628  77560 31256 8764 31256  8764 7349 10576  1 22 48 30  0  0
 1  0 1048572  82280   2580  74236 35004 19620 35004 19632 9203 12133  1 26 45 29  0  0
 1  0 1048572  64136   2572  73692 32396 4476 32396  4476 7191 11189  0 21 49 30  0  0
 0  1 1048572  80300   2176  55072 30904 17684 30904 17684 8126 10433  1 26 44 29  0  0
 0  1 1048572 122740   2260  55680 26940 45576 30824 45580 10200 9574  1 37 32 31  0  0
 0  1 1048572  87500   2264  55700 34632    0 34640     0 6928 11348  1 19 51 30  0  0
 2  2 1048572  74772   2192  62496 27444 13952 32272 13956 7465 9077  1 29 44 27  0  0
 1  0 1048572  77808   2172  86912 28652 23540 49566 23560 11646 10084  0 48 27 25  0  0
 0  1 1048572  67368   2172  85284 31224 10140 31228 10144 7309 10404  1 25 45 29  0  0
 2  0 1048572  74180   2172  83344 31628 14884 31632 14888 7956 10641  1 26 45 29  0  0
 0  1 1048572  73192   2172  81544 28880 14264 28884 14268 7415 9852  0 27 44 29  0  0
 0  1 1048572  74300   2168  66116 31224 11988 31228 11988 7546 10408  1 24 46 29  0  0
 0  1 1048572 118972   2160  56964 30596 42004 30596 42008 10635 10620  1 32 34 33  0  0
procs -----------memory---------- ---swap-- -----io---- -system-- -------cpu-------
 r  b   swpd   free   buff  cache   si   so    bi    bo   in   cs us sy id wa st gu
 1  0 1048572  69860   2168  57268 41808    0 42192    12 7890 13167  1 20 51 29  0  0
 0  1 1048572  78520   2168  56332 33456 12184 33456 12184 11082 10824  1 26 40 33  0  0
 0  0 1048572  70812   2320  54732 33292 10036 33444 10036 9851 10776  1 24 43 32  0  0
 2  0 1048572  81144   2320  54060 31136 16176 31136 16176 7935 10065  1 26 45 28  0  0
 0  1 1048572  67284   2320  53756 31120 6364 31120  6364 7095 10341  1 24 48 29  0  0
 1  1 1048572  69808   2328  53420 28540 19324 28540 19336 8389 9682  1 27 44 29  0  0
 0  1 1048572 100984   2304  46760 29988 30652 29992 30652 8321 9945  0 32 39 29  0  0
 1  0 1048572  63940   2304  46760 36152    0 36152     0 7641 11401  1 19 50 30  0  0
 0  1 1048572  83776   2308  45188 31972 20348 31976 20356 9188 10477  1 27 42 30  0  0
 0  1 1048572  69916   2308  44352 33232 11948 33236 11948 7749 10730  1 26 46 28  0  0
 1  0 1048572  79664   2308  42876 33476 15652 33476 15652 8991 10968  1 27 44 30  0  0
 1  0 1048572  72592   2316  42120 32064 9232 32064  9256 12406 10580  1 23 38 38  0  0
 0  1 1048572  65256   2316  41372 29440 12344 29440 12344 9016 9898  1 25 43 31  0  0
 0  2 1048572 116832   2224  33664 31940 45880 31940 45880 12771 11138  1 36 26 38  0  0
 0  1 1048572  94404   2224  33664 34500 9412 34500  9412 7616 11145  1 22 48 29  0  0
 3  0 1048572  80392   2224  33588 33376 9664 33376  9664 7230 10662  1 22 47 29  0  0
 0  1 1048572  72580   2224  33212 30188 8840 30188  8840 7066 9678  1 24 47 29  0  0
 1  0 1048572  64012   2232  32996 33500 8640 33500  8652 7551 10857  1 23 47 29  0  0
 1  0 1048572  67396   2240  58168 31424 22644 57184 22644 10842 10549  1 32 38 29  0  0
 1  1 1048572  74432   2240  57828 29668 21664 29668 21680 12847 10282  1 29 35 35  0  0
 1  0 1048572  67176   2240  42628 29788 7624 31084  7628 11453 9634  1 25 39 36  0  0
procs -----------memory---------- ---swap-- -----io---- -system-- -------cpu-------
 r  b   swpd   free   buff  cache   si   so    bi    bo   in   cs us sy id wa st gu
 0  1 1048572  80816   2300  46216 27128 25348 30852 25352 8582 8960  1 29 40 30  0  0
 1  0 1048572  66240   2300  46160 37324 8736 37324  8736 13938 12079  1 25 38 36  0  0
 0  1 1048572  84824   2308  46160 31676 18992 31676 19004 12456 10566  1 28 37 35  0  0
 1  0 1048572  74976   2308  46160 31960 8380 31960  8380 7890 10494  1 22 47 30  0  0
 1  0 1048572  62888   2308  46160 37332 8876 37332  8876 14754 12362  1 24 40 36  0  0
 1  0 1048572  69656   2308  46160 37684 23160 37684 23160 10016 12950  1 30 43 27  0  0
 0  1 1048572  70848   2304  43140 33028 20280 33028 20284 8335 11228  0 28 46 27  0  0
 1  0 1048572  73796   2304  42196 34544 23480 34548 23480 10039 11436  1 29 43 28  0  0
 1  1 1048572  69956   2312  41444 34876 14104 34876 14116 10532 11218  2 27 44 28  0  0
 1  0 1048572  78884   2308  40664 30168 14288 30168 14288 7676 9950  1 28 46 26  0  0
 1  0 1048572  77372   2308  40212 26784 8556 26784  8556 7802 8885  1 26 45 28  0  0
 3  0 1048572  84128   2308  39272 32368 18784 32368 18784 12218 10768  1 32 37 30  0  0
 0  1 1048572  69260   2308  38852 33356 13656 33356 13656 8021 11162  1 26 45 28  0  0
 1  0 1048572 122204   2232  32488 34016 43304 34016 43308 10019 11486  1 38 36 26  0  0
 1  0 1048572  86420   2240  32492 38388    0 38392    12 7550 12514  1 21 51 27  0  0
 3  0 1048572  63900   2240  32396 40160 10552 40164 10552 8827 12958  1 26 47 26  0  0
 0  1 1048572  80148   2920  33132 33552 16044 34944 16044 10556 11204  1 29 42 29  0  0
 0  1 1048572  66288   2920  33132 34280 8008 34280  8008 7781 11225  1 25 48 27  0  0
 0  1 1048572  81792   2920  33080 39120 24008 39120 24008 11997 13193  1 32 40 27  0  0
 1  0 1048572  85580   2836  32408 38668 32848 38668 32852 10650 13211  1 33 41 25  0  0
 1  0 1048572  66948   3040  33908 39248 11200 41064 11212 11598 12705  1 29 42 28  0  0
procs -----------memory---------- ---swap-- -----io---- -system-- -------cpu-------
 r  b   swpd   free   buff  cache   si   so    bi    bo   in   cs us sy id wa st gu
 0  1 1048572  81312   2788  33992 34736 20460 34848 20460 9042 11554  1 31 44 25  0  0
 0  1 1048572  66184   2576  41164 39328 11276 46448 11276 9120 12840  1 29 46 24  0  0
 1  0 1048572  72648   2456  41180 35884 19252 35884 19252 10595 12001  1 33 41 25  0  0
 1  0 1048572  68568   2392  41164 36328 13332 36328 13332 12509 12189  1 32 37 30  0  0
 2  0 1048580 108296   2172  40884 34228 44532 34232 44540 11582 11718  1 38 37 24  0  0
 0  1 1048572  90840   2180  40948 35000 15044 35004 15068 8337 11735  1 28 46 25  0  0
 1  0 1048572  72568   2180  40948 47104 6876 47104  6876 10006 15441  1 28 48 22  0  0
 1  0 1048572  77860   2180  40732 38204 17280 38204 17280 9610 12839  0 34 44 22  0  0
 1  0 1048572  76936   2180  40900 42148 15404 42540 15404 10047 14156  1 33 44 22  0  0
 1  1 1048576  75688   2312  55992 38952 34520 68944 34536 11478 13598  1 39 38 22  0  0
 1  0 1048572  72244   2320  59672 46712 26228 51324 26240 13465 15557  1 34 41 23  0  0
 0  1 1048572  79396   2320  69364 42764 21232 53656 21232 16377 14192  1 38 30 31  0  0
 1  1 1048572  62712   2320  80780 41456 13268 49542 13268 17276 13938  1 40 30 30  0  0
 0  0 1048572  70700   2184  80280 39848 20152 39848 20152 14425 13902  1 33 37 28  0  0
 2  1 1048572 105952   2108  71048 36868 39916 36868 39920 11113 12737  0 40 37 22  0  0
 0  1 1048572  82744   2116  71084 44220 15744 44220 15756 10192 15110  1 30 46 23  0  0
 0  1 1048572  85624   2116  69708 46960 24088 47696 24092 11464 15917  1 34 44 21  0  0
 0  1 1048572  81600   2116  68640 27980 8232 27980  8232 6826 9431  1 21 48 31  0  0
 1  1 1048572  68656   2116  80788 32232 12956 41451 12956 8133 11244  1 30 39 31  0  0
 1  0 1048572  84420   2108  97192 28860 26448 40715 26448 11117 10703  0 46 25 29  0  0
 0  1 1048572  77772   2108  96140 26908 16056 26908 16056 11167 9646  1 25 40 35  0  0
procs -----------memory---------- ---swap-- -----io---- -system-- -------cpu-------
 r  b   swpd   free   buff  cache   si   so    bi    bo   in   cs us sy id wa st gu
 0  1 1048572  67948   2116  96940 26504 8096 27852  8108 6639 9185  1 23 48 28  0  0
 0  1 1048572  80492   2112  95224 29780 26108 29780 26108 11498 10248  1 29 37 34  0  0
 1  0 1048572  73372   2112  94244 29980 12960 29980 12960 7927 10339  1 24 45 30  0  0
 0  1 1048572  70148   2112  93568 29164 10600 29164 10600 10658 10024  1 25 41 34  0  0
 2  1 1048576  84212   2112  92608 27948 19040 27948 19040 8916 9840  1 27 42 30  0  0
 1  0 1048572  84856   2112  66092 29200 2016 29200  2016 11559 10002  0 22 40 37  0  0
 0  1 1048572  86884   2120  65820 28072 10224 28072 10236 8117 9277  1 24 45 30  0  0
 1  0 1048572  82044   2120  64576 28540 10148 28540 10148 7248 9837  1 23 48 28  0  0
 1  0 1048572  62688   2120  63916 28272 3992 28272  3992 9456 9708  1 22 43 35  0  0
 1  0 1048572  66576   2120  61448 27532 22088 27532 22088 9414 9506  1 28 40 32  0  0
 3  0 1048572  72140   2120  56580 28508 19876 28508 19876 8341 9520  1 30 39 31  0  0
 1  0 1048572  73176   2120  54604 33296 17320 33296 17320 8180 10920  1 26 45 27  0  0
 1  0 1048572  87288   2128  52188 36292 19084 36292 19096 9390 12151  1 27 44 28  0  0
 1  0 1048572  78468   2128  51264 32952 10296 32952 10296 7776 10866  1 24 48 28  0  0
 1  0 1048572  87504   2128  49228 32092 17564 32092 17564 8187 10507  1 29 44 26  0  0
 0  1 1048572  77676   2128  48984 33528 9636 33528  9636 7902 11182  1 23 48 28  0  0
 0  1 1048572  69360   2128  48760 32300 10612 32300 10612 7891 10714  1 26 47 26  0  0
 0  2 1048572  67624   2128  48536 32532 9568 32532  9568 12244 11068  1 24 41 34  0  0
 1  0 1048572  70572   2132  49696 28012 18504 31920 18516 10117 9470  1 30 40 30  0  0
 1  0 1048572  75900   2132  48196 32772 22988 32772 22988 9256 10953  1 30 43 27  0  0
 0  1 1048572  67428   2132  47396 32388 13396 32388 13396 10024 10736  1 25 42 32  0  0
procs -----------memory---------- ---swap-- -----io---- -system-- -------cpu-------
 r  b   swpd   free   buff  cache   si   so    bi    bo   in   cs us sy id wa st gu
 1  0 1048572  92540   2132  45220 30556 29488 30580 29488 9279 10413  1 30 41 28  0  0
 1  0 1048572  69908   2132  44512 39612 9588 39612  9588 10096 12978  1 26 44 29  0  0
 0  1 1048572  82720   2132  43316 34756 19920 34756 19920 12059 11655  1 28 39 32  0  0
 1  0 1048572  62812   2140  42580 36424 17588 36424 17600 12182 12009  1 29 39 31  0  0
 1  0 1048572  63208   2140  41700 33908 18840 33908 18840 11194 11061  1 29 40 31  0  0
 1  0 1048572  71504   2140  37648 33328 19536 33328 19544 8515 10868  1 29 43 27  0  0
 0  1 1048572  72764   2144  53856 33508 13072 51464 13072 8084 11057  1 27 46 27  0  0
 0  1 1048572  85240   2144  53312 31044 9748 31044  9748 10990 10351  1 27 39 33  0  0
 1  0 1048572  68868   2144  53144 35544 4952 35544  4952 13843 11916  1 26 38 35  0  0
 0  1 1048572  73180   2164  56372 31164 24176 47260 24200 12541 10618  1 31 35 33  0  0
 1  0 1048572  75676   2164  56352 33948 19540 33948 19540 13493 11465  0 30 36 34  0  0
 0  1 1048572  74552   2164  57304 34628 18968 35680 18968 10881 11720  1 30 41 29  0  0
 1  1 1048572  73080   2168  57208 35756 13892 35760 13892 11290 12136  1 28 41 31  0  0
 1  1 1048572  64728   2328  57948 34564 13948 35464 13948 12632 11522  1 28 40 32  0  0
 0  1 1048572  69200   2328  57948 35668 18296 35668 18296 12674 12231  1 30 38 31  0  0
 1  1 1048580  76220   2336  57948 33732 15752 33732 15764 12233 11532  1 28 39 33  0  0
 0  0 1048572  74024   2336  57948 36412 22236 36412 22236 9517 12621  1 31 41 28  0  0
 1  0 1048572 109004   2444  47320 35864 35872 36884 35872 9870 12479  2 32 39 28  0  0
 1  0 1048572  68000   2444  47260 40588    0 40588     0 8538 13198  1 21 50 28  0  0
 0  1 1048572  77612   2308  47636 34112 24340 36184 24340 10174 11329  1 30 43 27  0  0
 1  0 1048572  70304   2268  46920 33152 10272 33152 10272 8029 11018  1 27 47 26  0  0
procs -----------memory---------- ---swap-- -----io---- -system-- -------cpu-------
 r  b   swpd   free   buff  cache   si   so    bi    bo   in   cs us sy id wa st gu
 0  1 1048572  81720   2264  45544 34328 16316 34476 16328 12743 11568  1 28 40 32  0  0
 0  0 1048572  69112   2264  45112 31940 9812 31940  9812 7537 10777  1 26 47 27  0  0
 0  1 1048572  79084   2264  44352 30156 28036 30156 28036 8762 10273  1 30 45 24  0  0
 1  0 1048572 118604   2116  37760 34616 31708 35520 31724 10211 11575  1 36 36 28  0  0
 0  1 1048572  81280   2268  37736 36292    0 36448     0 13386 11758  1 23 41 35  0  0
 1  0 1048572  70152   2268  37688 35820 9340 35820  9344 11343 11647  1 27 42 31  0  0
 0  1 1048572  70336   2540  41208 35852 15384 39976 15404 11717 12265  1 28 41 30  0  0
 1  0 1048572  84276   2540  40812 35644 19672 35648 19676 9319 12176  1 30 44 26  0  0
 0  1 1048572  71644   2540  41692 34056 15684 36688 15688 8259 11615  1 26 45 28  0  0
 1  0 1048572  78160   2252  41408 39564 27600 39568 27604 12821 13306  1 32 37 30  0  0
 1  0 1048572  71644   2244  41304 38496 19696 38500 19696 14945 12709  1 28 36 35  0  0
 1  0 1048572  82740   2244  40992 36272 17480 36272 17480 14964 12229  1 30 36 33  0  0
 0  1 1048572  71244   2252  40788 33848 11492 33848 11504 9068 11333  1 28 45 27  0  0
 1  0 1048572  71624   2252  40628 36780 11880 36780 11880 12072 12368  1 28 41 31  0  0
 0  1 1048572  67316   2252  40392 33024 13912 33024 13912 11441 11125  1 28 41 31  0  0
 2  0 1048572  86556   2252  37820 31664 28032 31664 28036 9527 10951  1 32 41 26  0  0
 2  0 1048572  67880   2252  74228 25052 27076 46208 27076 8706 9552  0 65 12 23  0  0
 0  1 1048572  77156   2236  74564 37108 18492 39208 18496 9586 11919  1 36 33 30  0  0
 1  0 1048572  80960   2244  72592 39416 15276 39420 15292 9648 13617  1 29 46 24  0  0
 1  0 1048572  68996   2244  71572 34864 8704 34868  8704 8297 12191  1 26 48 25  0  0
 0  1 1048572  70392   2248  87212 32672 30540 50556 30540 11466 11308  1 35 35 29  0  0
procs -----------memory---------- ---swap-- -----io---- -system-- -------cpu-------
 r  b   swpd   free   buff  cache   si   so    bi    bo   in   cs us sy id wa st gu
 1  0 1048572 100416   2212  58640 33368 21200 34832 21204 12102 11604  1 29 39 31  0  0
 0  1 1048572  76724   2212  57176 41120 11248 41120 11248 9231 13869  1 25 47 27  0  0
 1  1 1048572  79244   2220  54080 37380 18940 37380 18952 9368 12607  1 29 44 26  0  0
 2  0 1048572  81352   2220  52636 36692 11684 36692 11684 10491 12413  1 26 43 30  0  0
 0  1 1048572  71712   2220  51396 32812 9936 32812  9936 13444 11215  1 27 37 35  0  0
 1  0 1048572  82284   2224  48768 35504 16248 35508 16248 9716 12020  1 30 43 26  0  0
 0  1 1048572  74976   2224  47504 31468 11312 31468 11312 7863 10841  1 27 47 26  0  0
 1  0 1048572  77996   2224  33404 33232 16952 33232 16952 11653 11487  1 29 38 32  0  0
 1  0 1048572  75320   2232  32848 28504 11648 28504 11660 10098 9516  1 27 40 32  0  0
 0  1 1048572  77308   2232  32856 34868 24076 34868 24076 11628 11678  1 32 39 29  0  0
 3  0 1048572  64300   2232  32848 33172 16112 33172 16112 10671 11055  1 29 41 29  0  0
 0  0 1048572  73516   2232  32748 32352 15576 32352 15576 8526 10667  1 27 44 27  0  0
 1  0 1048572  75608   2232  32640 38704 15884 38704 15884 11039 12610  1 28 43 29  0  0
 0  1 1048572  79120   2232  32540 37088 24224 37088 24224 10020 12619  1 32 43 25  0  0
 1  1 1048572  78252   2116  33244 34652 22524 35712 22536 9178 11695  1 31 43 26  0  0
 1  0 1048572  88860   2412  36856 30732 21220 34628 21220 8690 10387  1 30 42 26  0  0
 6  0 1048576  65672   2612  67388 33696 12888 60040 12984 13010 11312  1 33 32 34  0  0
 4  0 1048572  68292   6604 122276 17824 21320 68523 21344 7622 6563  1 73  1 24  0  0
 1  0 1048572  74680   4880 151928 16196 37944 37597 38324 10869 7440  0 77  6 16  0  0
 0  1 1048572  87556   4736 150996 30972 11844 31008 11844 8281 11073  1 28 45 26  0  0
 0  1 1048572  86836   4620 150044 27340 12872 27340 12872 11709 9905  1 25 38 37  0  0
procs -----------memory---------- ---swap-- -----io---- -system-- -------cpu-------
 r  b   swpd   free   buff  cache   si   so    bi    bo   in   cs us sy id wa st gu
 1  0 1048572  74056   4608 149308 34380 10248 34404 10248 12668 12598  1 26 41 32  0  0
 2  0 1048576  68144   4608 148036 33000 13672 33000 13672 8579 12203  1 29 46 25  0  0
 1  0 1048572  80520   4616 146620 30272 14484 30272 14516 8310 11394  1 29 44 26  0  0
 1  0 1048572  73864   4616 145772 33372 12288 33372 12288 11546 12486  0 27 42 30  0  0
 0  1 1048572  72316   4616 145084 30388 12408 30388 12408 8678 11321  1 28 43 28  0  0
 1  1 1048572  74092   4616 144224 28924 21640 28924 21640 11748 10930  1 30 38 32  0  0
 0  1 1048288  74756   4616 143452 28136 22696 28172 22696 8912 10725  1 32 40 27  0  0
 0  1 1048572  70380   2812 118020 38236 1816 38236  1816 15321 13577  1 22 41 36  0  0
 1  0 1048572  69580   2768 100340 33960 8900 33960  8924 10596 11866  1 26 43 30  0  0
 1  0 1048572  79556   2768  95292 30024 22712 30024 22712 12084 10713  1 27 39 34  0  0
 1  0 1048572  64940   3572  92752 28208 14040 29072 14040 7362 9709  1 25 47 27  0  0
 1  0 1048572  84632   3572  87584 30808 22240 30808 22240 11119 11019  1 29 40 30  0  0
 1  0 1048572  74804   3572  85532 32972 11608 32972 11608 8010 11486  1 27 46 26  0  0
 1  1 1048576  73712   3572  82904 31396 12064 31396 12064 7710 10929  1 26 46 27  0  0
 0  1 1048572  78892   3152  80712 29192 24336 30120 24348 12292 10064  1 34 33 33  0  0
 0  1 1048572  65272   3152  79732 32392 14612 32392 14612 10712 10813  1 27 41 32  0  0
 1  0 1048572  89004   2980  67708 28136 39612 28136 39612 13283 9891  1 39 27 33  0  0
 1  0 1048572  94132   2968  67424 34804 3456 34804  3456 12084 11398  1 23 41 35  0  0
 1  0 1048572  78864   2924  65588 40036 8928 40036  8928 9398 13064  1 26 46 28  0  0
 1  0 1048572  77776   2848  81056 37832 19152 55716 19152 14779 12534  1 30 35 34  0  0
 1  0 1048572  73672   2808  80300 34800 11892 34800 11904 9697 11600  1 26 44 30  0  0
procs -----------memory---------- ---swap-- -----io---- -system-- -------cpu-------
 r  b   swpd   free   buff  cache   si   so    bi    bo   in   cs us sy id wa st gu
 1  0 1048572  88040   2168  58716 32916 11624 32944 11840 8993 11021  1 26 45 29  0  0
 1  0 1048572  74432   2164  57124 33912 13112 33912 13112 7988 11226  1 26 47 26  0  0
 3  1 1048572  81668   2312  55660 35092 22056 36392 22056 12608 11689  1 32 35 32  0  0
 1  0 1048572  70668   2312  54900 34364 12108 35172 12108 10641 11258  1 28 42 30  0  0
 3  0 1048576  80008   2312  52860 33600 19652 33600 19652 8493 11045  1 29 44 27  0  0
 0  1 1048572  72004   2320  50764 33984 10952 33984 10964 9515 11199  1 29 42 29  0  0
 2  0 1048572  80300   2320  48768 32364 16848 32364 16856 10111 10584  1 30 40 30  0  0
 1  0 1048572  68612   2320  47928 36080 12512 36084 12512 11540 11729  1 27 41 31  0  0
 0  1 1048572  65840   2320  46864 32852 17048 32852 17048 12314 10870  1 31 38 31  0  0
 0  2 1048572  77816   2144  37100 31160 20552 31160 20556 8799 10262  1 30 18 51  0  0
 2  0 1048576  72744   2292  36936 37108 28560 37260 28560 9681 12110  1 33 39 27  0  0
 1  0 1048572  80136   2296  36288 39192 12236 39192 12260 13326 12657  1 29 40 30  0  0
 1  0 1048572  64260   2292  36040 36584 7540 36584  7540 8064 11873  0 24 49 27  0  0
 1  0 1048572  72128   2292  35692 30164 12564 30164 12580 11587 9819  1 29 38 32  0  0
 1  0 1048572  67528   2292  35300 19464 4952 19468  4956 6558 6358  1 25 44 31  0  0
 6  0 1048572  65100   2296  42188 21320 19636 28456 19640 6537 7090  1 37 38 24  0  0
 0  1 1048572  81768   5260  79168 17816 37152 52876 37152 8689 6515  3 51 29 18  0  0
 1  0 1048572  95380   3752  69812 22772 9756 22772  9788 6101 7783  1 28 45 26  0  0
 1  0 1048572  71692   3752  69812 24112    0 24112     0 9310 7908  1 22 43 34  0  0
 1  0 1048572  69988   3752  62636 24504 6512 24504  6512 7649 8042  1 28 44 28  0  0
 1  0 1048572  71392   3752  61348 23524 12808 23524 12808 6711 7764  1 27 46 27  0  0
procs -----------memory---------- ---swap-- -----io---- -system-- -------cpu-------
 r  b   swpd   free   buff  cache   si   so    bi    bo   in   cs us sy id wa st gu
 0  1 1048572  82216   3752  61348 28860 11148 28884 11148 7522 9642  1 30 44 25  0  0
 0  1 1048572  78704   3752  61372 26792 9648 26792  9648 10788 9078  1 31 35 33  0  0
 1  0 1048572  78464   3760  61372 25468 14152 25468 14164 6629 8633  1 32 42 26  0  0
 1  0 1048572  83664   2580  60620 25596 19436 25596 19676 8051 8595  1 30 42 27  0  0
 1  0 1048572  67376   2468  60608 32596 12712 32600 12712 7900 10890  1 28 45 26  0  0
 1  0 1048572  65840   2456  60460 25684 12920 25684 12920 6469 8536  0 28 45 27  0  0
 0  1 1048572  69532   2444  60272 16992 12336 16992 12336 5009 5680  1 24 43 32  0  0
 1  0 1048572  70864   2436  60060 20000 11660 20000 11660 5417 6696  1 24 45 31  0  0
 1  0 1048572  74832   2432  59868 18988 10204 18988 10216 6382 6222  1 26 37 37  0  0
 0  1 1048572  75912   2428  59676 23032 8760 23032  8760 9406 7817  1 25 38 36  0  0
 1  0 1048572  72800   2428  59516 20604 6820 20608  6820 7221 6900  1 23 43 34  0  0
 1  0 1048572  71284   2428  60920 23848 10108 25356 10108 8214 8117  1 26 42 31  0  0
 1  0 1048572  70528   2428  60836 24724 9308 24724  9308 6554 8488  1 26 46 27  0  0
 1  1 1048580  76648   2428  60828 21024 17812 21024 17812 6625 7237  1 30 42 28  0  0
 1  0 1048572  66716   2436  60736 22760 9116 22760  9128 5922 7640  1 26 46 28  0  0
 2  0 1048572 106916   2300  60056 18308 39380 22530 39380 8966 6430  1 47 24 29  0  0
 1  0 1048572  80212   2300  66100 24968    0 28660     0 5374 8259  1 26 45 28  0  0
 1  0 1048572  75440   2292  65636 23172 5716 23176  5720 8366 7721  1 24 41 33  0  0
 1  0 1048572  78904   2288  64756 23036 9468 23040  9468 5999 7597  0 27 47 27  0  0
 0  1 1048572  71848   2288  63476 24100 9584 24100  9584 7536 7970  1 27 42 31  0  0
 1  0 1048572  81304   2296  62536 15956 5740 15956  5752 6937 5336  1 26 38 36  0  0
procs -----------memory---------- ---swap-- -----io---- -system-- -------cpu-------
 r  b   swpd   free   buff  cache   si   so    bi    bo   in   cs us sy id wa st gu
 1  0 1048572  85688   2296  61524 20076 9240 20100  9240 7446 6474  1 25 42 31  0  0
 1  0 1048572  65528   2296  61464 20036    0 20036     0 4513 6692  1 19 52 29  0  0
 1  0 1048572  68792   2292  60032 22104 8376 22104  8376 6208 7435  1 24 46 29  0  0
 1  0 1048572  63760   2292  58724 24108 15552 24108 15552 6896 8294  1 28 45 27  0  0
 1  0 1048572  72848   2268  44300 25468 13920 25468 13924 7554 8482  1 30 43 27  0  0
 0  1 1048572  89252   2280  61984 21804 28148 39772 28160 7960 7338  1 35 37 27  0  0
 1  0 1048572  87384   2280  61848 25656 11196 25656 11196 10278 8515  1 26 37 37  0  0
 1  2 1048576  67740   2616  63492 24732 3192 26704  3192 5574 8123  1 23 48 28  0  0
 1  0 1048572  65548   2616  64612 17620 7368 18900  7368 4837 5878  1 22 48 30  0  0
 0  1 1048572  64560   2616  64296 20764 10300 20764 10300 6209 6918  1 26 45 29  0  0
 2  0 1048572  68700   2624  64104 19604 6636 19604  6648 8172 6581  1 24 39 36  0  0
 0  1 1048572  74412   2624  63916 18764 9744 18764  9744 6188 6313  1 25 42 32  0  0
 1  0 1048572  71952   2624  63772 23696 10568 23696 10568 7840 8005  1 27 41 31  0  0
 1  0 1048572  75876   2624  63680 21660 14884 21748 14884 8676 7470  1 28 39 32  0  0
 1  0 1048572  79212   2600  46160 23868 8248 23868  8248 6051 7923  1 25 46 28  0  0
 1  0 1048572  77392   2572  45312 26840 12420 26840 12420 8310 8856  1 27 43 29  0  0
 0  1 1048572  71000   2560  44560 25872 12248 25872 12260 9188 8605  1 28 41 31  0  0
 1  0 1048572  66356   2544  43776 22688 13072 22688 13072 7292 7412  1 29 42 29  0  0
 0  1 1048572  64096   2528  43016 25732 11952 25732 11952 7868 8483  1 27 43 29  0  0
 1  1 1048572  67332   2512  42324 22376 8228 22376  8228 6095 7395  1 22 47 30  0  0
 1  0 1048568  67352   2500  43056 19392 9448 20732  9448 5511 6510  1 27 45 28  0  0
procs -----------memory---------- ---swap-- -----io---- -system-- -------cpu-------
 r  b   swpd   free   buff  cache   si   so    bi    bo   in   cs us sy id wa st gu
 2  0 1048572  65720   2500  42832 19704 5300 19856  5312 5670 6478  1 25 45 30  0  0
 1  0 1048572  73000   2484  43364 16760 8196 17756  8196 4829 5632  1 24 46 30  0  0
 1  0 1048572  74624   2472  43884 18200 10260 19112 10260 6624 6286  1 27 40 32  0  0
 1  0 1048572  76776   2456  43452 19708 10844 19708 10844 7672 6842  0 25 41 34  0  0
 2  0 1048572  72804   2444  43212 18044 8780 18044  8780 4753 6122  1 22 48 29  0  0
 2  1 1048580  88924   2156  36072 19424 16720 19424 16720 5574 6747  1 29 41 29  0  0
 1  0 1048572 110636   2164  38704 21828 28544 24460 28556 9749 7482  1 35 28 36  0  0
 1  0 1048572  89720   2172  38704 23804    0 23812     0 7720 7741  1 19 46 35  0  0
 1  0 1048572  63512   2172  38704 23856    0 23856     0 8281 7782  1 21 44 35  0  0
 1  0 1048572  63168   2172  38392 22728 10124 22744 10124 6384 7523  1 27 44 29  0  0
 0  1 1048572  74916   2176  38104 20200 12088 20204 12088 6243 6655  1 29 43 28  0  0
 3  1 1048576  79860   2176  37912 22148 9492 22148  9492 8954 7395  1 27 38 35  0  0
 1  0 1048572  83068   2184  37732 22852 9096 22852  9108 5895 7715  1 25 47 27  0  0
 3  0 1048576  70876   2184  37648 21816 4556 21816  4556 5057 7197  1 22 49 28  0  0
 2  0 1048576  64748   2184  37580 21340 8220 21340  8228 5510 7239  1 24 48 27  0  0
 1  0 1048572  61852   2184  37972 23264 16328 23784 16328 6666 7646  1 32 42 26  0  0
 1  0 1048572  75592   2172  37060 24832 23316 24832 23320 7769 8210  1 31 41 27  0  0
 1  0 1048572  75632   2172  36864 26344 9148 26348  9148 6529 8615  1 25 47 27  0  0
 1  0 1048572  71844   2180  36612 25988 10804 25988 10828 6436 8615  1 26 47 27  0  0
 1  0 1048572  69120   2180  36364 23904 8884 23904  8884 8317 7997  1 26 40 33  0  0
 1  0 1048572  70632   2180  36100 25464 9384 25464  9384 6162 8498  1 26 47 27  0  0
procs -----------memory---------- ---swap-- -----io---- -system-- -------cpu-------
 r  b   swpd   free   buff  cache   si   so    bi    bo   in   cs us sy id wa st gu
 1  0 1048572  67276   2180  35764 22252 8968 22276  8968 5960 7365  1 26 46 27  0  0
 2  0 1048572  65208   2180  35748 20240 4340 20240  4340 7655 6833  0 23 43 34  0  0
 1  0 1048572  65344   2180  35584 20952 7712 20952  7712 5460 7047  1 24 47 28  0  0
 1  0 1048572  62668   2188  35472 23948 13532 23948 13544 6711 8164  0 29 44 26  0  0
 0  1 1048572  64396   2184  33436 22836 18504 22836 18504 7825 7754  1 31 40 29  0  0
 1  0 1048572  79564   2184  33200 22952 20160 22952 20160 9258 7730  1 30 38 30  0  0
 1  0 1048572  75376   2184  33092 24452 12368 24452 12368 6379 8154  1 28 44 27  0  0
 1  0 1048572  65800   2184  33008 23880 7584 23880  7584 6210 7761  1 25 48 27  0  0
 1  1 1048572  79360   2184  35068 27228 13396 29400 13396 6892 9054  1 28 43 28  0  0
 1  0 1048572  76504   2196  36388 26700 9436 28080  9472 10101 8889  1 30 38 31  0  0
 1  0 1048572  72976   2196  36308 24416 8344 24420  8348 6276 8225  1 26 47 26  0  0
 0  1 1048572  71968   2196  36336 24288 8956 24292  8960 6379 8197  0 28 46 26  0  0
 1  0 1048572  68200   2196  36316 25288 12500 25292 12500 6818 8755  0 29 44 26  0  0
 4  0 1048564  82756   4416  83308 19084 48044 55457 48048 9476 7056  3 80  5 11  0  0
 1  0 1048572  73424   4416  86912 32308 9024 36895  9024 8720 10860  1 39 31 29  0  0
 1  0 1048572  69332   4424  86140 27052 11020 27052 11044 7094 9375  1 28 46 26  0  0
 3  0 1048576  60236   4428  92660 26716 9100 34048  9100 6971 9275  1 28 46 26  0  0
 1  0 1048556  73196   4428 101952 20868 15160 31420 15160 7024 7433  1 30 40 30  0  0
 1  0 1048572  71076   4428 101252 25148 10304 25148 10304 8814 8971  1 29 41 30  0  0
 2  0 1048572  62640   4428 100740 25788 10764 25788 10764 10143 8952  1 29 39 31  0  0
 2  0 1048572 128152   3848  71280 24492 37696 24492 37712 8771 8498  1 39 36 24  0  0
procs -----------memory---------- ---swap-- -----io---- -system-- -------cpu-------
 r  b   swpd   free   buff  cache   si   so    bi    bo   in   cs us sy id wa st gu
 0  1 1048564  83244   3868  88176 27968 4820 40052  4832 6520 9649  1 26 47 27  0  0
 4  0 1048576  78448   3752  88000 23672 7084 23672  7084 6118 8316  0 25 47 28  0  0
 0  1 1048572  84724   3320  87660 22784 12336 22784 12336 9634 7848  1 29 38 33  0  0
 1  0 1048572  83664   3036  87516 24072 12820 24076 12820 6773 8274  1 29 44 27  0  0
 0  1 1048572  80752   3540  87380 24372 9940 25228  9940 9241 8433  0 27 38 35  0  0
 1  0 1048572  82240   3256  87188 24244 10148 24244 10160 6777 8269  1 24 47 28  0  0
 1  0 1048572  78428   3028  86996 21476 6836 21476  6836 9136 7555  0 25 39 36  0  0
 1  0 1048572  76352   3028  86660 24980 10844 24980 10844 10486 8659  1 26 38 35  0  0
 1  0 1048572  78372   3028  86440 22412 10844 22412 10844 9635 8076  1 27 37 36  0  0
 1  0 1048572  63848   3028  86348 23896 4840 23896  4840 8066 8084  1 24 44 31  0  0
 1  0 1048572  64320   3028  86304 19664 15332 19664 15332 9015 6853  1 30 36 33  0  0
 2  0 1048580  68488   2964  82500 22212 14968 22212 14988 6599 7574  1 28 44 28  0  0
 1  0 1048572  82724   2896  81776 23008 22548 23012 22548 9638 7993  1 32 36 31  0  0
 1  0 1048572  79512   2860  81324 24840 14352 24840 14352 9918 8393  1 27 37 35  0  0
 0  1 1048572  64896   2860  81324 14852    0 14852     0 3539 4793  1 18 52 30  0  0
 0  1 1048572  63132   2824  80940 23920 12488 23920 12488 6443 8004  1 27 45 28  0  0
 1  0 1048572  83820   2752  79208 28332 20900 28332 20900 8351 9560  1 32 42 26  0  0
 1  0 1048568  80304   2736  79548 26136 11612 28020 11624 8040 8945  1 29 44 27  0  0
 1  0 1048572  79088   2640  77936 24548 10568 24624 10568 9798 8416  1 26 39 34  0  0
 1  0 1048572  80712   2612  76728 22664 11856 22664 11856 7112 7691  1 27 44 29  0  0
 1  0 1048568  75172   2584  77280 23560 15168 25768 15168 9635 8087  1 34 37 29  0  0
procs -----------memory---------- ---swap-- -----io---- -system-- -------cpu-------
 r  b   swpd   free   buff  cache   si   so    bi    bo   in   cs us sy id wa st gu
 0  1 1048572  74408   2160  61976 24788 5252 24812  5252 5972 8303  1 25 47 27  0  0
 0  1 1048572 120020   2160  56916 23092 32028 23092 32028 8607 7883  1 37 37 26  0  0
 1  0 1048572  88268   2168  56916 29720    0 29720    12 6031 9594  1 22 51 27  0  0
 2  0 1048572  63032   2324  56616 25480  596 25636   596 5351 8119  1 23 50 27  0  0
 1  0 1048572  62780   2304  55428 23216 8960 23216  8960 6178 7702  1 28 46 26  0  0
 0  1 1048572  64544   2304  54000 22712 9936 22712  9936 5959 7375  1 27 46 26  0  0
 1  0 1048572  74708   2304  52276 22780 11248 22788 11248 7222 7643  1 28 44 28  0  0
 1  0 1048572  86912   2304  50596 25092 12816 25092 12816 10328 8379  1 27 37 35  0  0
 0  1 1048572  82064   2312  49468 26840 13464 26840 13476 11020 8889  1 30 36 34  0  0
 1  0 1048572  64448   2312  48600 25340 8332 25340  8332 6266 8133  1 26 47 26  0  0
 1  0 1048572  69424   2132  37080 24288 9492 24288  9492 6137 7941  1 28 45 26  0  0
 1  1 1048576  70428   2268  36132 26664 17488 26820 17488 7309 8642  1 28 43 27  0  0
 0  1 1048572  81156   2240  35648 24408 16988 24408 16988 7033 8142  1 30 42 27  0  0
 0  1 1048572  82164   2212  35228 23440 11188 23440 11188 6012 7340  1 28 45 27  0  0
 1  0 1048572  76872   2192  34864 25960 10444 25960 10468 6403 8272  1 26 47 26  0  0
 1  0 1048572  76116   2168  34544 24048 9380 24052  9380 6088 7641  1 28 46 26  0  0
 0  1 1048572  67296   2148  34220 26048 8204 26048  8204 6472 8395  1 26 46 26  0  0
 1  0 1048572  72460   2148  33916 20776 8680 20776  8680 8057 6931  1 28 39 33  0  0
 0  1 1048572  69572   2148  33624 23524 9596 23524  9596 7726 7735  1 25 42 32  0  0
 1  0 1048572  67344   2148  33316 20844 14028 20844 14028 7648 7052  1 26 41 31  0  0
 1  0 1048572  63872   2156  32672 24416 10080 24416 10104 9706 7921  1 27 38 35  0  0
procs -----------memory---------- ---swap-- -----io---- -system-- -------cpu-------
 r  b   swpd   free   buff  cache   si   so    bi    bo   in   cs us sy id wa st gu
 1  0 1048572  82356   2152  32488 24212 21788 24236 21788 9982 7991  1 35 32 33  0  0
 1  0 1048572  67204   2156  32416 28648 12080 28652 12080 9349 9170  1 25 42 32  0  0
 1  0 1048572  70476   2156  32360 23036 7472 23036  7472 9010 7459  1 27 37 35  0  0
 0  1 1048572  73308   2156  32288 24788 8500 24788  8500 9966 8271  1 26 37 36  0  0
 1  0 1048572  72804   2156  32240 21024 7892 21024  7892 8456 6921  1 26 38 35  0  0
 0  1 1048572  69036   2312  36516 24296 7864 28752  7876 8312 8183  1 30 38 30  0  0
 0  1 1048572  71512   2312  37008 19832 8336 20356  8336 5309 6771  1 26 47 26  0  0
 1  0 1048572  68924   2312  36972 21224 12652 21224 12652 7696 7201  2 29 40 30  0  0
 1  0 662176 665096   2220  46940 22140 25696 46020 25716 9192 6757  1 40 31 28  0  0
