procs -----------memory---------- ---swap-- -----io---- -system-- -------cpu-------
 r  b   swpd   free   buff  cache   si   so    bi    bo   in   cs us sy id wa st gu
 1  0      0 1159600   6104  88128 19169 10675 20466 10693 4842   28  1 15 77  8  0  0
 0  2  99760  85012   2228  53604   64 99352 43188 99352 3989 1238  7 35 28 31  0  0
 2  0 504948  71156   2252  77624 51388 404904 73956 404944 13460 4715  2 68 15 16  0  0
 1  0 625172  64256   2184  61868 133180 119036 133400 119036 18193 11010  1 43 27 29  0  0
 1  0 777696  83024   2184  53140 153840 152508 153856 152508 17104 9897  2 45 25 28  0  0
 2  0 940032  67188   2180  49824 185296 163380 185296 163380 13263 11712  1 44 30 25  0  0
 1  0 1048572  74108   2172  46792 170048 110504 170048 110504 12292 12211  1 42 39 18  0  0
 0  0 1048572  66988   2144  44488 195720 125824 196952 125824 9003 13020  2 42 40 17  0  0
 1  0 1049224  80624   2152  58828 168496 195640 185188 195664 8816 11538  1 47 35 17  0  0
 2  0 1049228  93608   2200  37744 163420 74052 163788 74052 10009 10905  1 35 38 26  0  0
 2  0 1048572  93780   2200  40580 152320 29636 155868 29636 7959 11414  1 27 47 26  0  0
 0  1 1048572  74880   2200  40336 93784 1608 93784  1608 5445 8242  1 17 49 34  0  0
 0  1 1048572  73620   2200  40008 105336 15776 105336 15776 5206 7376  1 17 48 35  0  0
 1  0 1048572  72952   2192  36884 115580 39936 115804 40188 7414 7846  1 23 43 33  0  0
 1  1 1048572  69152   2200  37220 96964 86408 97508 86428 6852 6971  1 22 42 35  0  0
 0  1 1048572 109068   2196  35660 96688 99748 96908 99748 7533 7733  1 28 40 32  0  0
 0  1 1048572  95812   2192  37124 128576 30940 130756 30952 6326 9247  1 22 47 30  0  0
 0  1 1048572  70124   2196  56920 171248 40028 191652 40028 8013 11796  2 30 46 22  0  0
 1  0 1048572  75084   2196  56796 107836 23160 107932 23160 8166 8327  1 20 44 36  0  0
 0  1 1048572  83968   2184  40372 102708 43696 102932 43716 9318 8691  1 24 41 35  0  0
 1  0 1048572  86816   2184  46200 134556 101972 140656 101972 8424 9816  1 33 38 27  0  0
procs -----------memory---------- ---swap-- -----io---- -system-- -------cpu-------
 r  b   swpd   free   buff  cache   si   so    bi    bo   in   cs us sy id wa st gu
 0  1 1060260 106160   2184  43076 115272 76572 116088 76576 8021 8001  1 26 39 34  0  0
 0  1 1048572  73124   2324  42764 116504 25324 117036 25324 7349 8287  1 21 45 34  0  0
 0  1 1048572  87336   2324  41632 138692 49588 138692 49588 7484 10198  2 25 46 27  0  0
 1  0 1048572  69632   2324  41088 141320 39900 141320 39900 7039 10508  1 24 47 28  0  0
 1  0 1062928  86892   2652  73500 148236 96784 183284 96796 8900 10425  2 30 41 27  0  0
 0  1 1048572  92372   2704  82852 32672 42212 43536 42212 9540 14627  1 29 45 24  0  0
 0  1 1048572  89712   2796  85252 34164 23236 36924 23236 9780 16139  0 30 47 23  0  0
 0  1 1048572  83412   2676  85052 35364 10820 35364 10820 10113 16713  1 27 48 24  0  0
 1  0 1048572  85052   2584  84960 24392 8824 24392  8824 9544 11200  1 23 44 32  0  0
 0  1 1048572  78848   2584  84824 29084 9436 29084  9436 13876 13531  1 23 41 35  0  0
 0  1 1048572  64532   2592  96680 27656 23124 35742 23136 9457 13057  1 37 36 27  0  0
 0  1 1048572  71148   2176  62648 30920  172 36456   172 8197 13820  1 20 51 29  0  0
 1  0 1048572 117628   2172  59912 25824 42256 26016 42256 13880 12123  1 37 34 29  0  0
 0  1 1048572  82284   2172  59912 30880    0 30880     0 14987 13763  1 21 42 37  0  0
 1  0 1048572  84616   2172  59312 27860 11212 27860 11212 13772 12184  1 22 40 37  0  0
 1  0 1048572  79776   2172  58640 29540 12340 29540 12340 14587 12965  1 26 38 35  0  0
 1  0 1048572  68716   2180  58036 30724 10708 30724 10720 12481 13282  1 26 43 31  0  0
 1  0 1048572  63928   2180  57844 33244 10940 33244 10940 9378 14394  1 24 49 26  0  0
 0  1 1048572  72244   2180  57204 32684 13652 32684 13652 9356 14031  1 26 47 27  0  0
 0  1 1048572  81116   2180  56108 31220 17820 31220 17820 13197 13215  1 28 39 33  0  0
 1  0 1048572  89572   2180  55012 32312 20180 32312 20180 9450 13815  1 28 46 26  0  0
procs -----------memory---------- ---swap-- -----io---- -system-- -------cpu-------
 r  b   swpd   free   buff  cache   si   so    bi    bo   in   cs us sy id wa st gu
 1  1 1048572  66428   2184  54620 34744  660 34768   668 8535 14422  1 23 49 26  0  0
 1  0 1048572  83744   2492  41436 32688 26652 33104 26656 10373 13824  1 30 44 26  0  0
 0  1 1048572  77708   2464  41156 34344 17404 34344 17404 9432 14209  1 27 45 27  0  0
 0  1 1048572  67836   2440  40844 34748 12816 34748 12816 9235 14210  1 26 48 25  0  0
 0  1 1048572  68568   2408  40184 33084 15392 33084 15392 13183 13306  1 28 41 30  0  0
 0  1 1048572  68032   2160  35416 31104 21716 33192 21716 10018 12390  1 29 44 26  0  0
 0  1 1048572  71544   2156  35396 34552 22560 34552 22560 13470 13474  1 28 39 32  0  0
 1  1 1048576  69516   2164  35368 35864 14428 35864 14440 9365 13996  1 27 48 25  0  0
 0  1 1048572  75888   2164  35324 35916 15448 35916 15448 11281 14051  1 27 46 27  0  0
 1  0 1048572  64864   2164  35300 36544 7084 36544  7084 11696 14242  1 27 46 27  0  0
 1  0 1048572  73368   2168  35264 36572 11712 36576 11720 9646 14399  1 28 48 23  0  0
 2  0 1048572  75012   2168  35080 34344 22872 34344 22872 15032 13742  1 32 38 29  0  0
 0  1 1048572  70156   2168  34836 37068 23916 37068 23916 10730 14356  1 29 46 24  0  0
 0  1 1045328  77084   2176  52456 36480 34200 54408 34232 10934 13239  1 33 30 36  0  0
 1  1 1048572  74956   2176  52180 35992 20000 35992 20000 14426 13747  1 31 39 30  0  0
 1  0 1048572  80048   2268  55260 35560 17016 38780 17016 12250 13538  2 32 41 26  0  0
 1  0 1048572  80300   2268  55260 37868 17324 37868 17324 10205 14686  1 31 44 24  0  0
 0  1 1048572  67704   2268  40124 40576 14284 40576 14284 13808 15222  1 32 39 28  0  0
 1  0 1048572  65900   2268  39956 39352 22352 39352 22352 10934 14739  1 31 45 23  0  0
 1  0 1048572  65396   2276  39484 41628 15796 41628 15808 10348 15772  1 31 46 22  0  0
 1  0 1048572  64136   2276  39052 40220 13776 40220 13776 10429 15520  1 31 46 22  0  0
procs -----------memory---------- ---swap-- -----io---- -system-- -------cpu-------
 r  b   swpd   free   buff  cache   si   so    bi    bo   in   cs us sy id wa st gu
 1  0 1048572  63856   2276  39868 40960 18552 42124 18552 13448 15270  1 34 41 25  0  0
 1  0 1048572  70884   2192  35876 39984 27624 39984 27624 10815 15261  1 36 41 23  0  0
 3  0 1048572  75960   2192  76048 26612 41984 53408 41984 11002 12156  1 69 15 15  0  0
 0  1 1048572  73872   2192  85000 39400 27516 45868 27516 14612 14451  1 52 19 29  0  0
 2  0 1048572  67788   2200  85824 40268 20064 41400 20076 17103 14861  1 34 34 30  0  0
 2  1 1048572  72208   2200  85552 37932 18552 37932 18552 16614 14279  1 36 32 31  0  0
 1  0 1048572  66812   2200  85300 36344 19696 36344 19696 14687 13652  1 32 37 31  0  0
 1  0 1048572  65072   2148  81924 37900 22120 37900 22120 10035 14379  1 31 44 24  0  0
 1  0 1048572  68536   2148  79544 40772 21948 40772 21948 10472 15278  1 34 43 22  0  0
 1  0 1048572  68764   2148  77128 42680 19324 42680 19324 11163 16089  1 34 44 21  0  0
 1  0 1048572  67168   2156  74880 44020 17724 44020 17736 11247 16539  1 34 46 20  0  0
 1  0 1048572  75576   2152  72780 40604 22656 40604 22656 14030 15095  1 36 37 26  0  0
 1  0 1048572  73032   2152  71036 40684 28092 40684 28092 14931 15071  1 39 33 27  0  0
 1  0 1048572  68444   2148  59880 45668 20380 45668 20380 11478 16646  1 35 44 21  0  0
 1  0 1048572  79532   2148  59664 42788 33952 42788 33952 11948 15591  1 40 38 22  0  0
 0  1 1048572  79660   2148  59516 42720 21572 42720 21572 14467 15038  1 35 36 28  0  0
 1  0 1048572  81572   2156  59348 44492 22388 44492 22400 14218 15539  1 37 38 24  0  0
 0  1 1048572  70508   2156  62684 41492 24952 44952 24952 17124 14544  1 39 31 30  0  0
 0  1 1048572  63412   2152  60332 45172 22704 45172 22704 17402 15003  2 38 31 30  0  0
 0  1 1048572  72048   2164  56708 45252 25928 45264 25928 17836 15274  1 39 30 30  0  0
 1  0 1048572  89640   2168  70840 41328 30892 59712 30896 16973 14294  1 42 28 30  0  0
procs -----------memory---------- ---swap-- -----io---- -system-- -------cpu-------
 r  b   swpd   free   buff  cache   si   so    bi    bo   in   cs us sy id wa st gu
 3  0 1048576  73752   2176  70772 45820 12856 47076 12868 18177 15892  1 36 33 31  0  0
 1  0 1048572  66836   2180  69568 43076 21232 43080 21240 17022 14714  1 40 30 29  0  0
 1  0 1048572 118820   2180  39144 37464 42192 37468 42192 14476 13129  1 43 28 28  0  0
 0  1 1048572  64148   2684  43968 49728    0 55052     0 12718 16836  1 28 46 25  0  0
 1  0 1048572  82436   2684  43952 42996 29588 42996 29588 17137 14539  1 41 29 29  0  0
 0  1 1048572  72944   2700  43952 44824 19836 44832 19856 13346 15112  1 36 41 22  0  0
 1  0 1048572  75192   2700  43952 44852 22176 44852 22176 13894 15214  1 38 39 23  0  0
 0  1 1048572  74900   2700  43952 42476 26840 42476 26840 11781 14302  1 41 37 21  0  0
 0  1 1048572  73280   2276  41376 46144 28292 46844 28292 14357 15444  1 39 36 24  0  0
 1  0 1048572  73152   2196  40848 46648 23928 46648 23928 10873 15549  1 35 42 22  0  0
 3  0 1048576  70628   2196  40380 46852 24460 46856 24460 16977 15167  1 41 29 28  0  0
 2  0 1048572  74612   2204  40176 46496 17916 46496 17928 13354 15467  1 38 37 24  0  0
 0  1 1048572  68564   2204  39936 42676 30344 42676 30344 11110 14450  1 37 40 22  0  0
 1  0 1048572  71328   2204  40072 45924 26140 48552 26140 14045 15126  1 38 37 24  0  0
 3  0 1048576  66580   2204  39360 46680 20500 46680 20500 16401 15300  2 36 34 28  0  0
 0  1 1048572  66996   2208  45996 44700 23440 51728 23440 14744 14894  1 40 33 26  0  0
 0  1 1048572  79596   2208  45444 45344 22052 45344 22052 11490 15487  1 35 44 19  0  0
 0  1 1048572  66028   2216  45224 47024 23228 47024 23240 12033 15591  1 38 41 21  0  0
 0  1 1048572  69160   2212  41788 45792 30404 45804 30416 11039 15282  1 41 37 21  0  0
 1  0 1048572  80100   2548  41000 44692 32656 45140 32660 11318 14927  1 41 37 20  0  0
 1  0 1048572  78808   2500  40460 48600 18032 48604 18036 11061 15892  1 35 45 20  0  0
procs -----------memory---------- ---swap-- -----io---- -system-- -------cpu-------
 r  b   swpd   free   buff  cache   si   so    bi    bo   in   cs us sy id wa st gu
 0  1 1048572  63688   2460  41724 47192 15284 48884 15288 10761 15466  2 34 46 19  0  0
 1  1 1048572  62656   2424  41288 41992 25884 41992 25888 10698 14217  1 38 42 19  0  0
 1  1 1048572  75308   2284  38292 41412 37432 42056 37444 10977 13755  1 40 36 23  0  0
 1  0 1048572  64496   2284  38252 48060 14892 48060 14892 14267 15317  2 34 39 26  0  0
 0  1 1048572  73744   2296  57952 42332 33412 57260 33412 11304 13612  1 42 37 21  0  0
 0  1 1048572  64924   2292  75712 44792 29572 62672 29572 11611 14288  1 40 41 17  0  0
 0  1 1048572  73960   2292  75744 42984 30212 42984 30212 15066 14285  1 40 31 27  0  0
 0  1 1048572  62876   2300  60040 49132 13000 49132 13020 10490 15886  2 33 46 20  0  0
 1  0 1048572  70312   2296  59368 43176 33180 43180 33180 15226 13936  1 39 35 26  0  0
 1  0 1048572  74032   2296  59064 44936 21140 44936 21140 16913 14267  1 38 31 30  0  0
 0  2 1048572  64396   2296  58652 46800 22148 46800 22148 16007 15049  1 38 34 28  0  0
 1  0 1048572  63372   2296  58380 46620 18560 46620 18560 10903 15496  2 34 42 22  0  0
 0  1 1048572  83080   2308  56432 40468 38132 44184 38132 11674 13753  1 41 36 22  0  0
 1  0 1048572  66068   2316  56348 48220 20796 48220 20808 10813 15663  1 34 44 21  0  0
 1  0 1048572  67680   2316  56004 44168 22148 44168 22148 16683 14028  1 37 32 30  0  0
 1  0 1048572  74852   2316  95060 28264 40208 52149 40208 13975 9698  0 79  4 17  0  0
 0  1 1048572  76644   2316  94668 42544 21892 42544 21892 16074 13902  1 38 34 28  0  0
 0  1 1048572  74628   2316  94320 41652 29628 41652 29628 10757 13641  1 38 39 22  0  0
 1  1 1048600  78120   2228  89916 42476 24864 42476 24864 14590 13406  1 37 35 27  0  0
 1  1 1048572  64420   2236  87100 45812 16156 45812 16168 9872 14492  1 36 44 20  0  0
 1  0 1048572  71832   2236  83724 43676 23848 43676 23848 14078 13706  2 37 36 25  0  0
procs -----------memory---------- ---swap-- -----io---- -system-- -------cpu-------
 r  b   swpd   free   buff  cache   si   so    bi    bo   in   cs us sy id wa st gu
 0  1 1048572  70404   2236  80996 44620 21036 45240 21036 11721 14092  1 38 39 22  0  0
 0  1 1048572  70820   2236  78088 46836 20992 46852 20992 10800 14699  1 39 41 20  0  0
 1  0 1048572  76480   2232  75008 45096 31716 45096 31716 12918 14350  1 41 34 24  0  0
 1  1 1048588  72176   2188  56012 43816 12148 43816 12148 15703 13489  1 34 34 31  0  0
 0  1 1048572  78560   2192  53304 40092 30240 40092 30252 10129 12526  0 39 37 23  0  0
 1  0 1048572  77144   2192  50464 46220 22288 46220 22288 10514 14359  1 35 42 22  0  0
 0  1 1048572  71600   2336  47640 48240 22924 48384 22924 10659 14727  1 34 42 23  0  0
 0  1 1048572  78316   2336  45868 46604 22056 46604 22056 10797 14335  1 37 42 21  0  0
 1  0 1048572  68508   2336  43648 44400 28980 44400 28980 10619 13573  1 38 40 22  0  0
 1  0 1048572  62712   2260  32624 48576 20616 48580 20624 10301 14660  1 33 44 22  0  0
 1  0 1048572  81976   2268  32612 47816 32232 47820 32264 11392 14268  2 38 40 20  0  0
 0  1 1048572  77188   2280  32600 47984 19740 48000 19744 10519 14225  1 35 44 20  0  0
 0  1 1048572  71616   2280  34996 47516 17996 49952 18000 15623 14207  1 35 34 29  0  0
 1  0 1048572  76344   2284  52876 42392 36296 60280 36300 13744 12535  1 43 31 25  0  0
 1  0 1048572  63460   2272  37672 46540 12060 46544 12064 16282 14054  1 34 33 32  0  0
 1  0 1048572  81756   2208  37636 44172 34260 44176 34272 13416 13478  1 41 33 25  0  0
 1  0 1048572  80224   2208  37636 44812 20812 44812 20812 16337 13453  1 36 34 30  0  0
 1  0 1048572  81688   2208  37636 43380 19876 43380 19876 15607 12993  1 38 31 30  0  0
 1  0 1048572  65468   2208  37636 40656 9120 40656  9120 12915 12380  1 32 39 28  0  0
 1  0 1048572  67628   2208  37572 44044 33088 44044 33088 15306 13243  1 39 31 29  0  0
 1  0 1048572  90752   2216  34792 44052 38272 44052 38292 15965 13348  1 44 28 27  0  0
procs -----------memory---------- ---swap-- -----io---- -system-- -------cpu-------
 r  b   swpd   free   buff  cache   si   so    bi    bo   in   cs us sy id wa st gu
 0  1 1048572  85644   2316  37008 49284 20604 51888 20604 17633 14771  2 39 31 28  0  0
 1  0 1048572  75624   2316  36688 49276 15792 49276 15792 14913 14936  1 35 39 25  0  0
 1  0 1048572  72556   2316  36244 46840 18636 46840 18636 14786 14278  1 35 38 26  0  0
 1  0 1048572  76692   2316  35864 45000 30996 45000 30996 15079 13739  1 41 32 26  0  0
 1  0 1048572 114252   2204  35328 38096 45788 38096 45788 14304 11513  1 47 22 30  0  0
 1  0 1048572  74672   2212  35336 48008 3264 48008  3276 16569 14401  1 31 38 30  0  0
 1  0 1048572  73984   2212  35336 49560 23740 49560 23740 17979 14991  1 39 31 29  0  0
 3  0 1048572  57872   2212  35336 50820 19396 50820 19396 11693 15679  1 39 42 19  0  0
 0  1 1048572  68252   2212  35336 49724 23080 49724 23080 13663 15316  2 40 37 22  0  0
 1  0 1048572  73972   2204  35120 47788 38120 47788 38120 11846 14972  1 39 41 19  0  0
 1  0 1048572  93096   2208  42244 44176 37444 51716 37444 14489 13494  2 43 31 24  0  0
 2  0 1048576  66308   2216  42076 52476 13172 52476 13184 10463 15871  1 32 48 20  0  0
 1  0 1048572  63532   2216  41820 50376 25380 50376 25380 11804 15812  1 39 42 18  0  0
 1  0 1048572  73288   2216  41588 49052 23240 49052 23240 14679 15250  1 40 36 23  0  0
 2  0 1048576  74688   2212  40140 48684 41332 48684 41332 11995 15330  1 44 37 18  0  0
 0  1 1048572  72888   2488  39908 49392 25372 49668 25372 12133 15101  1 38 40 21  0  0
 1  0 1048572  66020   3040  39636 54868 17924 55480 17924 19166 16578  1 40 29 29  0  0
 0  1 1048572  75260   2956  39276 49284 24944 49284 24956 18140 15088  1 42 29 28  0  0
 1  1 1048572  75608   2908  39112 38348 18976 38348 18976 14398 11910  1 39 33 27  0  0
 1  0 1048572  90988   2736  55664 38668 47096 67204 47096 10585 11880  2 48 27 24  0  0
 0  1 1048572  62648   2708  57012 47560 11092 49240 11092 16833 14288  2 34 35 30  0  0
procs -----------memory---------- ---swap-- -----io---- -system-- -------cpu-------
 r  b   swpd   free   buff  cache   si   so    bi    bo   in   cs us sy id wa st gu
 1  0 1048572  69428   2644  56372 44152 24156 44176 24156 16125 13351  1 41 31 27  0  0
 1  0 1048572  70588   2592  55892 44156 20324 44156 20324 12277 13489  2 39 38 21  0  0
 1  0 1048572  79600   2552  55432 36284 19968 36284 19980 13052 11397  1 40 33 26  0  0
 1  0 1048572  73116   2512  55092 44228 25424 44228 25424 13072 14120  1 39 35 25  0  0
 1  0 1048572  74436   2284  52120 46456 29144 46456 29144 15661 14181  2 42 29 27  0  0
 1  0 1048572  79100   2228  51992 45844 27000 45844 27000 14469 14044  1 38 35 26  0  0
 0  1 1048572  76424   2228  51784 48416 20116 48416 20116 14539 14697  2 40 34 24  0  0
 1  1 1048572  64224   2228  51620 49232 17036 49232 17036 17953 15541  1 38 32 30  0  0
 0  1 1048572  77988   2236  51384 45760 30584 45760 30596 15459 14256  1 43 31 25  0  0
 0  1 1048572  73976   2340  54968 46008 30208 49796 30216 16650 14121  1 44 27 28  0  0
 1  0 1048572  63748   2340  54956 46460 30176 46460 30176 16503 13998  1 43 27 29  0  0
 1  0 1048572  69808   2340  71320 45492 31292 61832 31292 14721 13758  1 49 26 25  0  0
 2  0 1048572  80148   2340  61112 47992 20204 51810 20204 15409 14998  1 42 34 24  0  0
 1  0 1048572  63640   2340  66960 49212 17652 53480 17652 14042 15172  1 43 33 23  0  0
 1  0 1048572  77356   2156  63820 46412 38408 46412 38440 11239 14058  1 44 37 18  0  0
 2  1 1048588  75616   2156  60392 49568 30892 49568 30892 14654 14924  1 40 36 23  0  0
 0  1 1048572  70840   2156  60120 49808 18608 50660 18608 13535 15419  1 37 40 22  0  0
 0  1 1048572  70040   2156  58448 49388 20688 49388 20688 14644 15006  1 38 37 25  0  0
 1  0 1048572  74528   2156  57004 48456 21516 48456 21516 16477 14857  2 39 31 28  0  0
 2  0 1048576  76308   2156  56104 49504 24572 50008 24572 14809 15427  1 41 34 24  0  0
 1  1 1048572  70180   2160  47260 51320 18288 51320 18308 18381 15985  1 41 29 30  0  0
procs -----------memory---------- ---swap-- -----io---- -system-- -------cpu-------
 r  b   swpd   free   buff  cache   si   so    bi    bo   in   cs us sy id wa st gu
 0  1 1048572  78124   2160  47472 47028 35144 47984 35144 13532 14629  1 44 32 23  0  0
 0  1 1048572  80136   2156  46236 46796 31308 46796 31308 16764 14276  1 44 27 29  0  0
 1  1 1048580  66028   2156  45368 50684 20936 50684 20936 15837 15178  1 38 35 26  0  0
 0  1 1048572  73112   2156  43908 45984 30180 45984 30180 16651 14142  1 44 27 28  0  0
 1  0 1048572  84996   2156  42780 47256 38784 47256 38784 16918 14102  1 43 28 28  0  0
 0  1 1048572  76716   2168  53048 47488 29068 64184 29088 16208 14071  1 42 29 28  0  0
 3  0 1048572  68704   2168  54136 45776 17460 46968 17460 15692 13510  1 38 31 31  0  0
 1  0 1048572  81348   2168  53624 48100 19480 48100 19480 10457 14668  2 35 44 20  0  0
 1  0 1048572  79284   2168  53336 42164 11328 42164 11328 10635 13189  1 34 43 22  0  0
 2  0 1048572  64148   2168  53140 40408 18344 40408 18344 14203 12675  2 34 35 30  0  0
 1  0 1048572  82796   2160  36468 34216 20320 34688 20320 12247 10370  1 37 34 29  0  0
 0  1 1048572  68944   2168  36412 27548 13124 27548 13136 9533 8417  1 32 39 28  0  0
 0  1 1048572  64660   2168  36372 28656 10960 28656 10960 6628 8909  1 31 46 21  0  0
 1  0 1048572  77796   2180  36288 39684 26120 39696 26120 10522 12294  1 34 41 25  0  0
 0  1 1048572  72224   2184  43176 40256 25096 47160 25096 13466 12249  1 35 34 30  0  0
 0  1 1048572  84732   2184  43072 43432 25828 43432 25828 13438 13611  1 35 38 26  0  0
 1  0 1048572  74400   2184  43016 44132 25116 44132 25116 10328 13738  1 35 43 21  0  0
 1  0 1048572  67828   2188  39844 47340 19584 47340 19596 12595 14243  1 35 39 25  0  0
 2  0 1048572  83704   2208  44008 40820 45300 45364 45300 12142 12984  1 40 34 25  0  0
 0  0 1048572  79420   2208  44008 48172 17836 48172 17836 10286 14573  1 33 44 21  0  0
 0  1 1048572  76396   2208  44008 46516 19800 46516 19800 10305 14384  1 34 43 22  0  0
procs -----------memory---------- ---swap-- -----io---- -system-- -------cpu-------
 r  b   swpd   free   buff  cache   si   so    bi    bo   in   cs us sy id wa st gu
 0  1 1048572  83900   2208  44008 45540 19924 45564 19924 15843 14173  1 38 34 27  0  0
 2  0 1048572  68524   2208  44028 45328 26696 45328 26704 10596 13884  1 35 43 20  0  0
 2  1 1048580  64124   2216  42376 51104 29020 51108 29052 11428 15396  1 39 40 20  0  0
 1  0 1048572  62864   2212  41468 51072 20024 51076 20024 10975 15434  1 36 44 20  0  0
 2  0 1048572  80124   2212  41484 47840 30228 48916 30228 12407 14632  1 41 40 18  0  0
 1  0 1048572  79648   2212  41004 49268 22624 49268 22624 13966 15106  1 40 37 22  0  0
 1  1 1048572  66104   2212  37228 50236 25560 50236 25564 11100 15339  1 39 42 18  0  0
 0  1 1048572  77968   2220  36940 36260 28328 36264 28344 11736 10949  1 37 37 25  0  0
 0  1 1048572  77356   2220  36568 35644 18264 35648 18264 12596 10575  1 35 35 28  0  0
 1  0 1048572  74592   2224  48672 46088 28880 57132 28880 13255 13901  1 38 38 23  0  0
 0  1 1048572  65792   2224  48296 49944 19904 49944 19904 12823 15095  1 37 41 22  0  0
 2  1 1048572  78548   2224  47900 46932 28140 46932 28140 16003 14349  1 40 32 27  0  0
 1  0 1048572  70108   2200  47372 46680 29764 47356 29776 15842 14194  1 38 35 27  0  0
 1  0 1048572  80236   2496  47012 47404 31012 47988 31012 14929 14052  2 39 35 24  0  0
 3  0 1048572  66768   2496  64084 46976 23280 64628 23280 15438 14280  1 40 34 26  0  0
 0  1 1048572  77348   2496  63528 49016 23336 49016 23336 14683 15101  2 37 38 24  0  0
 1  1 1048572  80012   2496  63016 48304 30624 48304 30624 11379 15093  1 39 42 18  0  0
 0  1 1048572  79528   2496  50920 48568 26656 53784 26656 17184 14710  1 41 30 28  0  0
 0  1 1048572  67860   2504  50624 49668 22452 49668 22464 12837 14936  1 36 41 22  0  0
 1  0 1048572  74364   2504  56948 47884 28840 54260 28840 16397 14619  1 42 31 27  0  0
 0  1 1048572  77284   2504  56832 50324 24700 50324 24700 14193 15212  1 40 36 23  0  0
procs -----------memory---------- ---swap-- -----io---- -system-- -------cpu-------
 r  b   swpd   free   buff  cache   si   so    bi    bo   in   cs us sy id wa st gu
 1  1 1048572  62920   2504  56788 39896 11752 39920 11752 8593 12272  1 32 45 22  0  0
 1  0 1048572  62284   2504  56772 40792 26288 40792 26288 9740 12596  1 34 40 26  0  0
 0  1 1048572  62888   2504  51992 43224 23604 43224 23608 9836 13168  1 31 43 25  0  0
 1  0 1048572  75516   2512  50460 41384 31172 41388 31184 14341 12431  2 35 34 29  0  0
 1  0 1048572  71660   2512  49344 43396 22124 43396 22124 15340 12843  1 37 32 31  0  0
 1  0 1048572  75808   2512  48380 41960 21304 41960 21304 12115 12777  1 33 40 26  0  0
 0  1 1048572  77428   2512  50356 39624 20928 42584 20928 9587 12329  1 31 42 26  0  0
 1  0 1048572  78864   2512  49340 40000 28864 40000 28864 13734 12325  1 36 34 29  0  0
 0  1 1048572 115760   2348  42204 38948 39820 38948 39840 10223 12046  1 38 37 24  0  0
 0  1 1048572  63396   2348  42244 49656    0 49660     0 8870 14848  1 27 51 21  0  0
 1  1 1048572  76756   2408  81492 26804 36364 52302 36364 11832 8536  1 74  9 17  0  0
 1  0 1048572  67180   2404  81748 49208 17384 49680 17384 10749 14247  1 41 33 26  0  0
 1  1 1048572  76292   2404  81224 43748 28484 43748 28484 13397 13666  1 38 37 24  0  0
 1  0 1048572  73928   2336  73388 43204 28448 43204 28448 13139 13261  2 36 39 24  0  0
 0  1 1048572  79744   2336  68732 43492 25160 43492 25172 12428 13441  1 36 39 24  0  0
 0  1 1048572  83616   2316  64328 41924 23040 41924 23040 9769 12911  1 35 42 23  0  0
 2  0 1048572  73444   2300  61932 44096 15732 44484 15732 9697 13620  1 31 45 23  0  0
 3  0 1048572  74884   2300  60544 44776 20080 44776 20080 11670 13645  1 35 42 22  0  0
 2  1 1048572  80556   2300  58916 46808 27920 46808 27920 12815 14219  1 40 37 22  0  0
 0  1 1048572  60580   2300  64128 48752 23868 55484 23868 12358 14622  1 38 41 21  0  0
 2  0 1048580  80628   2296  50552 48852 32976 48852 32988 16129 14305  1 41 30 28  0  0
procs -----------memory---------- ---swap-- -----io---- -system-- -------cpu-------
 r  b   swpd   free   buff  cache   si   so    bi    bo   in   cs us sy id wa st gu
 1  0 1048572  75992   2296  48736 50468 27804 51640 27804 14194 14614  1 41 34 23  0  0
 1  0 1048572  69316   2308  46168 51204 21440 51212 21448 16201 14935  1 38 35 27  0  0
 3  0 1048572  69168   2312  60932 50936 29516 67636 29516 14193 15097  1 42 35 22  0  0
 2  1 1048572  92872   2252  43360 47476 38732 48664 38736 16466 13804  1 48 24 27  0  0
 1  0 1048572  90532   2252  43364 48084 28352 48088 28352 16496 14074  2 42 28 29  0  0
 1  0 1048572  83020   2248  42032 54500 21284 54500 21316 18739 15866  2 41 31 27  0  0
 4  0 1048580  72200   2248  41420 52888 17204 52888 17204 16749 15266  1 37 34 28  0  0
 0  1 1048572  81844   2248  41608 50984 26792 52180 26792 18051 14917  1 41 30 28  0  0
 1  0 1048572  71140   2248  40792 51296 26592 51296 26592 11279 15302  1 40 40 20  0  0
 1  0 1048572  82820   2192  33436 49808 34980 49808 34980 16645 14447  1 45 28 26  0  0
 1  0 1048572  68424   2192  33288 56460 21472 56460 21472 15616 15723  1 39 37 23  0  0
 0  1 1048572  73464   2200  33100 54012 31308 54012 31320 16604 15684  1 41 34 23  0  0
 0  1 1048572  64340   2200  33000 55896 16592 55896 16592 17700 15915  1 38 35 26  0  0
 2  0 1048572  70272   2200  32880 52480 38732 52480 38732 12533 15452  1 43 38 17  0  0
 1  0 1048572  71316   2188  32404 53848 35704 53848 35704 13942 15455  1 42 36 20  0  0
 0  1 1048572  63736   2600  37340 57412 22872 62768 22896 12976 16370  1 42 40 17  0  0
 1  0 1048572  79624   2600  37760 54088 28768 54552 28772 16357 15581  2 44 35 20  0  0
 0  1 1048572  78424   4732 103448 36960 60964 103896 61060 13567 11346  2 62 15 21  0  0
 1  1 1048572  75824   4464 150668 26504 35600 54938 35600 11107 8911  1 82  7 10  0  0
 1  0 1048572  73604   4904 153648 48148 22776 49222 22776 12004 15774  1 41 37 21  0  0
 0  1 1048572  71604   4904 153648 50560 24100 50560 24100 11931 16279  1 39 42 18  0  0
procs -----------memory---------- ---swap-- -----io---- -system-- -------cpu-------
 r  b   swpd   free   buff  cache   si   so    bi    bo   in   cs us sy id wa st gu
 1  0 1048572  68620   4904 153648 48556 25184 48580 25184 15070 15875  1 41 36 22  0  0
 0  1 1048572  66544   4912 153672 46088 34400 46088 34424 12043 15210  1 42 37 20  0  0
 0  1 1048572  67944   4820 147392 49068 26760 49068 26760 13124 15595  1 39 39 21  0  0
 1  0 1048572  68092   4816 138088 49072 28512 49072 28512 11764 15518  2 39 40 19  0  0
 1  0 1048572  69940   4816 129500 51732 27200 51732 27200 12133 15922  1 40 42 18  0  0
 1  0 1048572  72152   4420 122212 51348 24292 51348 24292 11803 15834  1 39 42 18  0  0
 0  1 1048572  70472   4260 119008 50220 23676 52832 23676 11745 15935  1 40 41 18  0  0
 1  0 1048572  76372   2300  99048 51764 23532 51764 23552 14233 15860  1 39 39 22  0  0
 0  1 1048572  69572   2284  95044 49276 30884 49276 30884 14701 14714  1 41 35 23  0  0
 1  0 1048572  71524   2216  79788 48864 26712 48864 26712 14712 14032  1 39 34 26  0  0
 0  1 1048572  67680   2612  75396 49512 27628 49968 27628 12167 13898  1 37 41 21  0  0
 1  0 1048572  75980   2616  86688 48332 34936 66216 34936 15314 13457  1 45 31 23  0  0
 1  0 1048572  83368   2600  82588 53508 27628 53508 27648 18216 15202  1 43 28 28  0  0
 1  0 1048572  67928   2576  64116 56356 20460 56356 20460 16423 16061  1 37 37 25  0  0
 1  0 1048572  67568   2564  47904 54756 24568 55340 24988 13341 15562  1 39 37 23  0  0
 1  0 1048572  86936   2492  46308 53376 35284 53380 35284 14647 15153  1 45 33 21  0  0
 1  0 1048572  76572   2444  45432 54776 22080 54776 22080 17977 15230  2 43 30 25  0  0
 2  0 1048580  65980   2384  44596 56668 21908 56668 21908 17380 16063  1 42 33 24  0  0
 1  0 1048572  74684   2352  44056 52384 29568 52384 29588 18170 15102  1 45 27 28  0  0
 1  0 1048572 103672   2208  39352 47412 47312 47416 47324 16988 13570  1 49 24 26  0  0
 1  0 1048572  74640   2204  38940 59780 17012 59784 17016 19531 16766  2 39 30 29  0  0
procs -----------memory---------- ---swap-- -----io---- -system-- -------cpu-------
 r  b   swpd   free   buff  cache   si   so    bi    bo   in   cs us sy id wa st gu
 3  0 1048580  64812   2204  38324 56716 23164 56744 23164 18289 15608  1 43 28 28  0  0
 1  0 1048572  82480   2204  37820 52952 32060 52952 32060 16054 15336  1 46 33 21  0  0
 1  1 1048572  96116   2404  58808 46104 50980 83588 51196 16195 13524  2 55 20 23  0  0
 1  0 1048568  65180   2540  60884 59224 14628 62384 14628 11754 16894  1 37 41 21  0  0
 1  0 1048572  78632   2380  59960 54908 33836 54908 33836 12088 15479  1 44 39 16  0  0
 0  1 1048572  74100   2380  59960 54956 20500 54956 20500 16711 15716  1 42 32 26  0  0
 1  0 1048572  63180   2380  59936 55748 20532 55748 20532 17118 16322  1 42 32 25  0  0
 1  0 1048572  78196   2368  59428 50424 40712 50424 40712 13889 14819  1 46 33 20  0  0
 1  0 1048572  76876   2232  58260 53972 36000 53972 36024 13674 15139  1 44 37 18  0  0
 0  1 1048572  64636   2232  57648 58880 21108 58880 21108 15392 16542  1 42 36 21  0  0
 1  0 1048572  82444   2232  56556 54724 33208 54724 33208 13276 16027  1 42 38 18  0  0
 0  1 1048572  77872   2232  56020 53704 29528 53704 29528 18059 15679  1 44 30 24  0  0
 3  0 1048572  74704   2172  48544 36668 16260 36668 16260 9431 10538  1 29 42 29  0  0
 1  0 1048572  86900   2172  48592 39000 36136 39008 36136 15027 11578  1 37 30 32  0  0
 0  1 1048572  87188   2180  47480 42256 18532 42256 18544 12321 11788  1 30 40 29  0  0
 0  1 1048572  67156   2296  46640 45304 10232 45444 10232 8804 12704  1 28 47 24  0  0
 1  0 1048572  70920   2264  44980 42484 20480 42484 20480 12163 12311  1 32 40 27  0  0
 1  0 1048572  80384   2244  43296 43700 20116 43700 20116 11581 12627  1 32 41 26  0  0
 1  1 1048572  75180   2228  42412 43752 22232 43752 22232 9825 12668  1 34 43 22  0  0
 1  0 1048572  79452   2120  52096 39040 34996 70236 34996 10026 11299  1 37 39 23  0  0
 1  0 1048572  65636   2128  52032 43020 16508 43020 16520 15168 12412  1 30 37 32  0  0
procs -----------memory---------- ---swap-- -----io---- -system-- -------cpu-------
 r  b   swpd   free   buff  cache   si   so    bi    bo   in   cs us sy id wa st gu
 0  1 1048572  72016   2128  52000 43372 27724 43396 27724 9735 12364  1 34 42 23  0  0
 1  0 1048572  78736   2128  52024 43304 22480 43304 22480 12707 12450  1 33 38 28  0  0
 0  1 1048572  83608   2272  52020 43716 22076 43860 22076 9913 12583  1 32 44 23  0  0
 1  0 1048572  82752   2272  52024 40648 29360 40648 29360 9996 11951  1 34 42 23  0  0
 0  1 1048572  69336   2276  51852 43316 20844 43332 21064 9431 12592  1 30 45 25  0  0
 1  0 1048572  64172   2260  51620 43236 27272 43236 27312 13044 12641  1 33 38 28  0  0
 2  0 1048572  67688   2236  51456 44000 20016 44000 20048 9424 12917  1 32 44 24  0  0
 1  0 1048572  77352   2212  51272 44588 21628 44588 21628 10783 12715  1 32 41 26  0  0
 0  1 1048572  79084   2188  51112 44240 20348 44240 20348 11364 12958  0 33 42 25  0  0
 1  0 1048572  81244   2164  51020 43804 28452 43804 28452 13045 12796  2 35 36 27  0  0
 1  0 1048572  62672   2148  50308 46192 18156 46192 18160 9897 13553  1 32 45 22  0  0
 1  0 1048572  74088   2156  50308 43812 35960 43812 35980 13353 12741  1 38 34 27  0  0
 1  0 1048572  70940   2216  54532 43812 22772 48180 22772 11528 12978  1 37 39 24  0  0
 1  0 1048572  72116   2216  54532 47788 21968 47788 21972 10411 13969  1 35 43 22  0  0
 1  0 1048572  71004   2216  54532 48564 21232 48564 21232 13449 14528  1 37 39 24  0  0
 1  0 1048572  64944   2216  54532 47092 31360 47092 31360 12746 13953  1 37 38 24  0  0
 1  0 1048572  73192   2216  66524 42716 36652 50802 36652 13790 12677  1 48 29 22  0  0
 1  1 1048572  64164   2224  66524 51224 23224 51224 23236 14147 15108  1 38 36 25  0  0
 2  0 1048572  61940   2180  47952 53948 15276 53948 15276 10815 15350  2 34 45 19  0  0
 2  0 1048592  97392   2180  45896 50440 31612 50440 31612 12544 14803  1 39 39 21  0  0
 0  1 1048572  70900   2180  45112 48760 13860 48760 13860 13657 14077  1 34 38 27  0  0
procs -----------memory---------- ---swap-- -----io---- -system-- -------cpu-------
 r  b   swpd   free   buff  cache   si   so    bi    bo   in   cs us sy id wa st gu
 0  1 1048572  70632   2116  38732 50916 31936 50948 31940 16147 14664  1 43 31 26  0  0
 1  0 1048572  76228   2120  37324 51724 31388 51728 31396 13934 14644  1 39 38 22  0  0
 1  0 1048572  73884   2128  36348 52828 26560 52832 26604 16079 15158  1 41 33 26  0  0
 0  1 1048572  66840   2128  35716 55328 20516 55332 20516 14877 15671  1 41 37 22  0  0
 1  0 1048572  73392   2128  34764 52892 31960 52892 31960 12153 15684  1 41 40 18  0  0
 1  0 1048572  68352   2128  34184 54228 20764 54228 20764 11577 16012  1 38 42 19  0  0
 3  1 1048604  74024   5960  72732 43428 55424 83276 55428 13122 12572  3 57 25 14  0  0
 1  1 1048572  69716   9784 143332 26672 54960 106664 55124 11763 9128  6 70  4 20  0  0
 0  1 1048572  63984   9356 158744 43200 29620 58972 30084 16591 15459  5 45 24 26  0  0
 2  0 1048572  67452   9376 158812 40328 39948 40352 40232 12180 18497  9 47 27 17  0  0
 2  0 1047700  78900   7364 168676 30816 36096 54051 36960 10600 12829 10 69  4 17  0  0
 1  0 1048572  77316   4840 164808 43156 13000 61201 13000 9966 14115  1 56 26 18  0  0
 2  0 1048572  70632   4588 162500 46036 21244 46036 21244 11165 14525  1 42 37 22  0  0
 1  0 1048572  76148   4388 160004 48932 24732 48932 24732 11778 15706  1 37 42 20  0  0
 1  0 1048572  82536   4340 158720 48492 24996 48976 24996 11827 15356  1 39 40 19  0  0
 2  0 1048572  76612   4276 157664 49340 21160 49340 21160 12892 15595  1 38 40 22  0  0
 1  0 1048572  75884   4148 134260 46952 25100 47392 25128 12179 14832  1 38 41 21  0  0
 1  0 1048572  71892   3744 124864 48928 26176 48928 26176 11711 15349  1 38 41 21  0  0
 1  0 1048572  75420   3336 118336 46668 30312 46668 30312 11724 14515  1 39 40 21  0  0
 1  0 1048572  81972   2912 111504 48700 30280 48700 30280 11909 14991  1 40 39 21  0  0
 1  0 1048572  78696   2568 104980 48856 29968 48856 29968 11376 14508  1 38 39 22  0  0
procs -----------memory---------- ---swap-- -----io---- -system-- -------cpu-------
 r  b   swpd   free   buff  cache   si   so    bi    bo   in   cs us sy id wa st gu
 2  1 1048572  74720   2536 103488 49268 31048 53984 31056 15779 14162  1 41 30 28  0  0
 0  1 1048572  73628   2500  98732 42576 21312 42576 21316 13863 12206  1 34 34 31  0  0
 1  0 1048572  62916   2500  94172 47444 25724 47444 25724 10350 13490  1 35 42 24  0  0
 1  1 1048572 107808   2376  69448 43920 44700 43920 44700 16316 12031  1 45 26 28  0  0
 1  0 1048572  71456   2452  69464 51608 8768 51688  8768 9403 14167  1 31 46 23  0  0
 0  1 1048572  73544   2416  67588 49424 24604 49424 24604 12434 13594  1 36 40 23  0  0
 1  0 1048572  82228   2424  63608 49060 24152 49060 24164 12305 13506  1 38 39 23  0  0
 1  0 1048572  76832   2624  59480 48252 26244 48520 26244 10991 13785  1 37 38 25  0  0
 1  0 1048572  65304   2328  43452 53216 14628 53216 14628 10250 14495  1 34 45 20  0  0
 1  0 1048572  85212   2256  39120 47884 37744 47884 37744 11452 12996  1 41 38 21  0  0
 1  0 1048572  79608   2256  38908 51660 24236 52324 24236 10811 14333  1 36 41 22  0  0
 1  0 1048572  64200   2316  38116 53616 23444 53768 23444 11020 14531  1 38 41 21  0  0
 1  0 1048572  70008   2400  58564 47480 34948 63668 35432 12129 13473  1 44 35 21  0  0
 0  1 1048580  76420   2404  58152 50300 34592 50308 34728 12597 14157  1 41 36 22  0  0
 1  0 1048572  70076   2352  57032 51124 27012 51128 27012 14894 13940  1 37 36 26  0  0
 0  1 1048572  75028   2356  56128 52636 34168 52640 34168 13325 14434  1 39 39 22  0  0
 1  0 1048572  67008   2356  55720 56936 22092 56936 22092 12106 15572  1 38 41 20  0  0
 0  1 1048572  63268   2356  55436 55248 21488 55248 21516 18029 15257  1 38 34 28  0  0
 0  1 1048572  78148   2356  55172 52520 36212 52520 36212 12408 14360  1 46 36 18  0  0
 3  0 1048572  68612   2244  53848 55448 31988 55448 31988 13148 14944  2 41 38 19  0  0
 2  0 1048580  67488   2248  68564 54244 35928 70940 35928 13727 14870  1 42 35 21  0  0
procs -----------memory---------- ---swap-- -----io---- -system-- -------cpu-------
 r  b   swpd   free   buff  cache   si   so    bi    bo   in   cs us sy id wa st gu
 1  0 1048572  94376   2248  67204 51336 33952 52548 33952 12051 14712  1 43 39 17  0  0
 1  0 1048572  86648   2252  66108 56772 23032 57120 23056 11399 15962  1 39 42 18  0  0
 1  0 1048572  75260   2396  64936 53264 31016 53528 31056 14428 14835  1 43 35 20  0  0
 2  0 1048580  59784   2264  37648 62336 19012 62340 19016 11413 16637  1 39 44 16  0  0
 1  0 1048572  79452   2268  37504 52516 40312 52524 40312 12008 14751  1 45 37 17  0  0
 1  0 1048572  76968   2268  37416 58608 22804 58608 22804 16293 15989  1 41 35 23  0  0
 1  0 1048572  86292   2268  37380 54344 32168 54344 32172 12691 15238  1 44 39 16  0  0
 2  2 1048572  64920   2276  68364 43292 28056 62058 28068 13915 13633  1 67 17 14  0  0
 3  0 1048580  74212   2120  76184 48544 40928 59058 40932 15762 13461  2 62 17 19  0  0
 2  0 1048580  58540   2260  77992 56064 26636 60388 26640 15380 15616  1 43 33 23  0  0
 1  0 1048572  80764   2176  80856 49888 37500 55328 37504 13638 14099  1 46 34 19  0  0
 1  0 1048572  67280   2172  79560 58068 21508 58072 21512 11691 16199  1 39 43 16  0  0
 3  0 1048576  72416   2180  77488 51936 33388 51940 33404 13012 15089  1 43 39 18  0  0
 1  0 1048572 119528   2160  66980 45596 47204 45600 47208 12307 13148  1 48 31 20  0  0
 0  1 1048572  82436   2328  65532 60820 12412 60992 12412 11930 16849  1 36 46 18  0  0
 1  0 1048572  74972   2412  63048 56628 23448 56712 23448 15036 15701  2 40 38 20  0  0
 1  0 1048572  70492   2412  61020 57572 23768 57572 23768 11994 16034  1 41 42 16  0  0
 1  0 1048572  76300   2420  60540 52208 41616 52208 41628 13135 15204  0 47 36 16  0  0
 1  0 1048572 110996   2248  57184 47132 53576 47132 53576 12290 13412  1 50 30 19  0  0
 1  0 1048572  69304   2248  55496 66048 12216 66048 12220 12774 17982  2 37 44 17  0  0
 0  1 1048572  63000   2216  52572 59124 23700 59128 23700 16000 15836  1 43 35 22  0  0
procs -----------memory---------- ---swap-- -----io---- -system-- -------cpu-------
 r  b   swpd   free   buff  cache   si   so    bi    bo   in   cs us sy id wa st gu
 1  0 1048572  76352   2168  48808 53564 34408 54120 34408 12782 14756  1 46 36 17  0  0
 0  1 1048572  74660   2164  46544 57820 24484 57820 24484 14434 15955  1 43 37 19  0  0
 0  1 1048572  73432   2096  36408 53228 29368 53228 29388 15189 14842  2 42 34 22  0  0
 1  0 1048572  72376   2100  34800 54596 36616 54604 36616 12609 14865  1 43 38 18  0  0
 1  0 1048572  80440   2920  33952 58648 23372 59528 23372 12134 16169  1 41 42 16  0  0
 1  0 1048572  71052   2920  33424 58400 20756 58400 20756 15341 16042  2 40 38 21  0  0
 1  1 1048572  76288   2916  33368 53828 40716 53828 40716 12882 15152  1 48 36 16  0  0
 1  0 1048572  73716   2804  45580 52040 36336 78836 36340 12273 14155  1 45 38 16  0  0
 1  0 1048572  67268   2792  49428 58304 27412 62488 27424 12683 15989  1 42 41 16  0  0
 1  0 1048572  81648   2684  49336 55028 33808 55028 33808 15976 15462  1 45 32 21  0  0
 1  0 1048572  82756   2616  49672 58096 26312 58488 26312 12737 16531  1 42 41 15  0  0
 0  1 1048572  74232   2168  37124 58684 25556 58684 25560 16774 16358  1 44 32 23  0  0
 1  0 1048572  75600   2168  36036 55908 36448 55912 36452 13178 15358  1 44 38 16  0  0
 1  0 1048572  69828   2176  35344 57632 26456 57636 26472 12759 16059  1 41 40 17  0  0
 2  0 1048580  67392   2176  34804 60484 25232 60488 25236 12448 16818  1 42 43 15  0  0
 1  0 1048572  76076   2176  34360 56212 28316 56216 28316 14963 16151  1 44 36 19  0  0
 1  0 1048572  63164   2108  33096 56512 36008 56512 36012 12337 16308  1 43 38 18  0  0
 1  0 1048572  70412   2108  32940 54972 34856 54976 34856 12908 15366  1 44 37 18  0  0
 1  0 1048572  76364   2260  37296 55972 31684 60512 31696 12814 15805  1 44 39 16  0  0
 1  0 1048572  64576   2260  37128 59532 20376 59532 20376 13074 16678  1 40 43 16  0  0
 1  1 1048572  72808   2260  43828 49760 38420 54021 38420 15923 14529  1 50 28 21  0  0
procs -----------memory---------- ---swap-- -----io---- -system-- -------cpu-------
 r  b   swpd   free   buff  cache   si   so    bi    bo   in   cs us sy id wa st gu
 1  0 1048568  65952   2148  78436 37324 37476 61393 37476 15579 10954  1 78  7 14  0  0
 0  1 1048572  76008   2244  76388 56872 31576 56968 31576 16176 16413  1 43 36 20  0  0
 0  1 1048572  85980   2248  74340 54548 29208 54552 29208 13166 16148  1 44 37 19  0  0
 1  0 1048572  80668   2256  72908 55224 23512 55224 23524 15864 16485  1 45 34 20  0  0
 2  0 1048572  65704   2412  68956 55464 27188 55620 27188 14813 16586  2 43 35 20  0  0
 1  0 1048572  81548   2224  61184 52372 38564 52372 38564 13027 15330  2 45 37 17  0  0
 1  0 1048572  80200   2192  56924 55692 29304 55692 29304 11771 16358  0 43 40 17  0  0
 1  0 1048572  71452   2164  54932 53852 19060 53936 19060 13224 15644  1 36 41 22  0  0
 2  0 1048572  72452   2164  53728 56280 26652 56280 26652 17255 16430  1 42 34 23  0  0
 1  0 1048572  70164   2172  53068 54564 34752 54564 34764 13163 16195  1 44 37 18  0  0
 1  1 1048580  89588   2144  49832 52152 44828 55668 44828 13164 15386  1 47 35 16  0  0
 0  1 1048572  81512   2144  47648 56620 25244 56620 25244 16069 16251  1 42 36 22  0  0
 1  0 1048572  79636   2152  63200 55788 32076 73676 32076 12575 15903  2 44 40 14  0  0
 2  0 1048572  70948   2108  61712 60140 23188 60140 23188 12158 17663  1 40 43 16  0  0
 0  1 1048572  67724   2108  39280 58056 27860 58064 27868 12103 16703  1 42 41 17  0  0
 1  0 1048572  81816   2120  46300 55468 39276 63044 39316 13268 15713  1 46 37 17  0  0
 1  0 1048572  64408   2120  46156 61624 22756 61628 22760 12191 17120  1 42 42 15  0  0
 0  0 1048572  78880   2120  46056 55164 32112 55168 32112 12860 16158  1 44 40 15  0  0
 0  1 1048572  65028   2120  45952 58096 24832 58096 24832 12516 16914  1 42 43 15  0  0
 0  2 1048572  70768   2104  41688 57008 37380 57008 37384 13883 16208  1 44 35 20  0  0
 1  0 1048572  72964   2112  41168 54620 33408 55324 33424 14424 15796  1 43 38 19  0  0
procs -----------memory---------- ---swap-- -----io---- -system-- -------cpu-------
 r  b   swpd   free   buff  cache   si   so    bi    bo   in   cs us sy id wa st gu
 1  0 1048572  73688   2112  40524 58216 30692 58780 30692 16947 16488  2 44 34 21  0  0
 2  0 1048580  78428   2256  39476 56312 27216 56456 27216 15065 16104  1 44 36 19  0  0
 0  0 1048572  68492   2256  38556 54004 34092 54004 34092 13987 15554  1 45 36 18  0  0
 1  0 1048572  92632   2252  32944 52928 37640 52928 37644 17837 15466  1 47 28 24  0  0
 1  0 1048572  73540   2400  32836 60456 17688 60600 17700 18564 17085  1 41 34 24  0  0
 0  1 1048572  76864   2400  32724 57820 27452 57820 27452 13857 16500  1 42 41 16  0  0
 0  1 1048572  62688   2548  36848 58816 20352 63284 20352 12162 16957  2 41 43 14  0  0
 1  0 1048572  74284   2384  36752 51112 43916 51268 43920 15160 15146  1 48 31 20  0  0
 1  0 1048572  77032   2308  35964 54692 39228 54696 39228 13261 15845  1 43 39 17  0  0
 1  0 1048572  69904   2288  35980 59684 21004 60120 21016 12416 17383  1 40 43 17  0  0
 0  1 1048572  79028   2268  35520 54644 28060 54644 28060 15143 16174  1 43 36 20  0  0
 0  1 1048572  64472   2268  35320 37948 11336 37948 11336 10435 11184  1 27 42 30  0  0
 1  0 1048572  76952   2240  33072 39376 31744 39376 31748 11468 11852  1 37 36 26  0  0
 0  1 1048572  71308   2240  33020 41640 25384 41644 25388 9907 12187  1 30 44 26  0  0
 1  0 1048572  70312   2240  34552 41688 22856 43224 22860 11503 12179  1 32 40 27  0  0
 1  0 1048572  72524   2248  34556 42304 19516 42308 19532 10467 12487  1 33 42 25  0  0
 2  1 1048572  66984   2260  51308 41496 21144 58204 21148 9920 12443  1 32 44 24  0  0
 2  0 1048592  62700   2260  52436 41540 25456 42732 25456 9889 12879  1 34 42 23  0  0
 0  1 1048572  87040   2192  37244 40156 27396 40156 27396 11150 12044  1 34 38 27  0  0
 1  1 1048636  66124   2188  37212 42400 16088 42400 16088 8851 12933  1 28 47 25  0  0
 1  0 1048572  79984   2196  37084 38008 27980 38008 27992 9228 11512  1 35 40 25  0  0
procs -----------memory---------- ---swap-- -----io---- -system-- -------cpu-------
 r  b   swpd   free   buff  cache   si   so    bi    bo   in   cs us sy id wa st gu
 0  1 1048572  74788   2196  37536 37084 13412 37732 13412 8431 11032  1 28 44 28  0  0
 1  0 1048572  68500   3012  37544 34644 14736 35520 14736 10603 10661  1 28 40 31  0  0
 1  0 1048572  69460   3008  37276 39520 20176 39520 20176 9523 12045  1 30 45 25  0  0
 0  1 1048572  81160   2968  37248 38388 25916 38388 25916 12351 11917  1 32 39 28  0  0
 1  0 1048572  70916   2904  33696 38800 24696 38800 24704 11552 11927  1 33 39 28  0  0
 1  0 1048572  72304   2832  34828 41252 24204 42452 24244 9176 12467  1 32 43 24  0  0
 1  0 1048572  82608   2756  34540 39768 22252 39772 22252 9109 12007  1 31 44 24  0  0
 2  0 1048596  62784   2696  58232 42216 21884 61200 21884 9813 12704  1 35 41 23  0  0
 2  0 1048572  67216   2636  58764 42208 23488 43028 23488 16439 13042  1 34 33 32  0  0
 1  0 1048572  77248   2568  58404 40620 33900 40620 33900 10962 12676  1 36 40 23  0  0
 1  0 1048572  71448   2176  56128 44852 23044 44852 23064 9730 13768  1 32 45 22  0  0
 0  1 1048572  68712   2168  53936 45336 23704 45340 23704 9970 13400  2 34 44 21  0  0
 0  1 1048572  73984   2168  51832 45128 22192 45128 22192 15581 13429  1 35 35 28  0  0
 1  0 1048572  69740   2168  49880 46184 20744 46184 20744 13872 14040  1 34 40 25  0  0
 1  0 1048572  77788   2168  47944 47788 21136 47788 21136 12609 14548  1 36 39 24  0  0
 1  0 1048572  72956   2308  48860 44696 28992 47440 28992 14290 13805  1 39 35 26  0  0
 0  1 1048572  79628   2304  37316 48472 28308 48472 28328 15951 14175  1 38 34 27  0  0
 1  0 1048572  83888   2304  53220 44508 35580 61172 35580 14630 13206  1 43 32 24  0  0
 3  0 1048576  77632   2304  65724 46108 27272 54870 27272 13264 13996  1 46 34 20  0  0
 1  0 1048572  78716   2304  65280 49028 24332 49028 24332 18161 15011  1 39 32 28  0  0
 1  0 1048572  68980   2232  65156 50444 27660 50444 27660 11093 15367  1 38 43 18  0  0
procs -----------memory---------- ---swap-- -----io---- -system-- -------cpu-------
 r  b   swpd   free   buff  cache   si   so    bi    bo   in   cs us sy id wa st gu
 2  0 1048572  73132   2164  62056 48500 34044 48524 34044 15969 14810  1 41 32 26  0  0
 1  0 1048572  72268   2172  58960 50220 27028 51104 27040 12164 14930  1 40 40 20  0  0
 1  0 1048572  75180   2172  56092 53316 24956 53316 24956 11890 16107  2 38 43 19  0  0
 1  0 1048572  81096   2172  54044 53060 24328 53060 24328 12902 15693  1 39 42 18  0  0
 0  1 1048572  75864   2172  51752 52728 24372 52728 24372 15998 15866  1 40 35 25  0  0
 2  0 1048580  71468   2096  61888 49692 37388 67572 37392 13237 14736  1 44 37 18  0  0
 1  0 1048572  75796   2096  60788 52796 30768 52800 30772 13720 15654  1 40 39 20  0  0
 1  0 1048572  76552   2104  59224 52088 35476 52092 35492 12519 15395  1 44 38 17  0  0
 1  0 1048572  75556   2104  58180 54460 21836 54464 21840 11828 16219  1 39 43 16  0  0
 1  0 1048572  65820   2104  57272 54692 27488 54696 27492 12233 16337  1 41 42 16  0  0
 1  0 1048572  73256   2104  37720 54760 27144 54764 27148 12619 15513  2 41 40 17  0  0
 1  0 1048572  76984   2104  37204 53820 31312 53824 31312 16336 15807  1 42 34 23  0  0
 1  0 1048572  84404   2112  36780 45676 24344 45676 24356 13777 13643  1 41 34 24  0  0
 1  0 1048572  71976   2112  36456 53276 20712 53276 20712 15625 15665  1 39 38 23  0  0
 1  1 1048572  79044   2112  36160 46624 21144 46624 21144 10542 14042  1 38 42 19  0  0
 1  0 1048572  85440   2112  32336 41600 32104 41600 32108 10218 12542  1 39 38 21  0  0
 1  0 1048572  66456   2112  32332 50152 24180 50156 24184 10575 14699  1 38 42 19  0  0
 1  0 1048572  81548   2112  34040 46328 35176 48040 35180 11746 13586  1 43 37 18  0  0
 1  0 1048572  81888   2120  34040 51196 20188 51200 20204 10723 15099  1 38 43 18  0  0
 1  0 1048572  81892   2396  33944 50672 23236 50952 23240 11474 14877  1 39 42 18  0  0
 1  0 1048572  62392   2396  33820 49708 26884 49712 26888 11039 14822  1 39 42 18  0  0
procs -----------memory---------- ---swap-- -----io---- -system-- -------cpu-------
 r  b   swpd   free   buff  cache   si   so    bi    bo   in   cs us sy id wa st gu
 0  1 1048572  79640   2396  34300 48700 32668 49396 32668 12232 14280  2 39 40 19  0  0
 1  0 1048572  76028   2396  34084 46064 21684 46064 21684 15726 13570  1 36 36 27  0  0
 0  1 1048572  65932   2408  33920 47736 17448 47740 17472 16422 14004  2 35 34 29  0  0
 2  1 1048572  70996   2544  36876 47564 21880 50748 21880 14396 14418  1 39 36 24  0  0
 3  0 1048584  70376   2544  36876 48300 30120 48300 30120 15195 14707  1 38 37 24  0  0
 1  0 1048572 101488   2092  35664 42896 47444 42896 47448 14889 13268  1 44 28 26  0  0
 1  0 1048572  69884   2092  35620 55228 10724 55232 10728 16270 16320  1 34 40 24  0  0
 1  0 1048572  76552   2092  35624 51044 29360 51048 29364 15059 15096  1 41 37 22  0  0
 0  1 1048572  75748   2164  35620 51312 23756 51484 23796 18182 15360  1 39 32 28  0  0
 0  0 1048572  70960   2304  35624 50624 29464 50768 29464 15981 15311  1 39 36 24  0  0
 1  0 1048572  73636   2272  35316 50292 34576 50292 34580 13401 15315  1 42 36 22  0  0
 1  0 1048572  74052   2232  52776 49792 31444 67676 31448 15037 14825  1 39 37 22  0  0
 1  0 1048572  62928   2224  53996 54816 19956 56352 19956 13724 16487  1 37 42 20  0  0
 3  0 1048576  76764   2224  53608 51120 27420 51120 27432 16033 15555  1 42 38 19  0  0
 2  0 1048584  84884   2212  36484 51064 30900 51064 30904 11880 15791  2 40 41 17  0  0
 1  0 1048572  76372   2212  36508 53780 31128 53784 31128 11797 16250  1 40 41 19  0  0
 1  0 1048572  80824   2144  36492 53920 31036 53920 31040 13037 16265  2 41 40 17  0  0
 1  0 1048572  62780   2120  36488 56016 21092 56020 21092 11923 16811  1 37 44 17  0  0
 0  1 1048572  65096   2112  36356 53280 24204 53284 24204 17343 16156  1 43 33 23  0  0
 1  0 1048572  65776   2944  36524 50084 32572 51156 32584 12431 15145  1 41 39 19  0  0
 1  0 1048572  79540   2920  33832 42952 40936 42952 40940 10857 13234  1 43 31 25  0  0
procs -----------memory---------- ---swap-- -----io---- -system-- -------cpu-------
 r  b   swpd   free   buff  cache   si   so    bi    bo   in   cs us sy id wa st gu
 1  0 1048572  76768   2824  33932 54304 21400 54576 21404 11628 16191  1 38 44 17  0  0
 1  0 1048572  85812   2684  40744 50508 31308 57484 31312 12428 14990  1 43 40 17  0  0
 1  0 1048572  84912   2740  41300 51228 21264 52012 21268 14938 15799  1 38 38 23  0  0
 1  0 1048572  65448   2688  41220 50000 25928 50004 25932 10739 15302  1 38 43 18  0  0
 0  1 1048572  77176   2248  40164 47952 37640 48336 37656 11809 14322  1 41 39 19  0  0
 1  0 1048572  81288   2140  40576 52288 23220 52684 23220 12325 15599  1 39 42 19  0  0
 1  0 1048572  65788   2112  40452 53448 20916 53448 20916 11465 15981  1 38 43 18  0  0
 1  0 1048572  66288   2112  40424 52288 20448 52288 20448 15755 16243  1 39 37 23  0  0
 3  0 1048608  80516   2112  40152 47556 41828 47556 41828 14050 14525  1 44 35 20  0  0
 1  0 1048572  76560   2116  39528 50756 28648 50756 28660 11380 15330  1 39 43 17  0  0
 1  0 1048572  74560   2116  38660 52244 25812 52244 25812 15321 15478  1 39 37 23  0  0
 1  0 1048572  66100   2116  37968 54556 21004 54556 21004 11570 16103  1 39 43 18  0  0
 1  0 1048572  68692   2256  41260 51212 27756 55456 27756 12002 15335  2 41 41 16  0  0
 1  0 1048572  73500   2256  37740 49196 34592 49196 34592 14426 14664  1 42 35 22  0  0
 1  0 1048572  75152   2256  37356 44992 27828 44992 27832 14218 13661  1 39 36 24  0  0
 3  0 1048572  79656   2124  43660 47656 28380 52262 28392 13298 13963  1 44 36 20  0  0
 0  1 1048572  72396   2124  77036 40424 31016 60834 31016 10619 11254  5 67 14 13  0  0
 2  0 1048584  71352   2124  94900 45408 46640 63288 46640 13648 14404  2 47 34 18  0  0
 1  0 1048572 102412   2120  72392 48508 32308 48508 32312 11464 15488  1 42 38 21  0  0
 1  0 1048572  67608   2096  71248 56552 11924 56556 11924 10884 17267  1 34 47 17  0  0
 1  1 1048572  59532   2104  70116 50504 20144 51256 20164 17921 15399  1 37 33 29  0  0
procs -----------memory---------- ---swap-- -----io---- -system-- -------cpu-------
 r  b   swpd   free   buff  cache   si   so    bi    bo   in   cs us sy id wa st gu
 1  0 1048572  84748   2104  67080 49680 34288 49712 34292 14630 15168  1 43 36 20  0  0
 2  0 1048576  71976   2104  65908 52936 19088 53196 19092 15726 15804  1 37 39 23  0  0
 1  0 1048572  70596   2104  63892 49400 28248 49404 28248 14990 14994  1 40 35 24  0  0
 1  0 1048572 103096   2104  47936 45068 46312 45068 46312 12142 13901  1 45 33 22  0  0
 1  0 1048572  73864   2104  46760 55488 12196 55488 12196 10544 16304  1 34 46 19  0  0
 1  0 1048572  69852   2112  43652 50244 23320 50244 23332 11674 14814  1 37 42 20  0  0
 0  1 1048572  78496   2112  40052 50816 30572 50816 30572 12716 15016  1 40 40 19  0  0
 2  0 1048584  75120   2112  38420 49260 33244 49260 33244 12782 14649  2 41 37 20  0  0
 2  0 1048592 114708   2108  32904 45640 49432 45644 49440 14515 13324  1 47 27 26  0  0
 1  0 1048572  64812   2108  32908 59888 5532 59892  5532 10533 17287  1 32 49 19  0  0
 3  0 1048576  68328   2256  32712 54972 22424 55120 22428 11442 15673  2 38 42 18  0  0
 0  1 1048572  75932   2264  32624 51384 25596 51388 25636 14474 14767  1 42 34 23  0  0
 0  1 1048572  68628   2264  32524 51384 22164 51388 22168 15309 14956  1 38 36 25  0  0
 1  0 1048572  78232   2240  32340 49620 39768 49624 39768 12183 14534  1 42 37 20  0  0
 1  1 1048572  90836   2208  33256 49840 37124 50988 37124 12077 14394  1 41 39 19  0  0
 1  1 1048576  83780   2184  33136 54452 21036 54452 21036 11413 15607  1 36 44 19  0  0
 0  1 1048572  78740   2160  33160 50736 22876 50736 22888 11575 14678  1 37 43 19  0  0
 1  0 1048572  72248   2136  33104 51300 22140 51300 22140 11036 15095  1 36 44 19  0  0
 1  1 1048572 106472   2260  32220 46560 50784 46708 50788 12325 13879  1 46 27 26  0  0
 1  0 1048572  76484   2260  32248 55344 20372 55348 20372 11253 16096  1 36 44 19  0  0
 2  0 1048576  63128   2260  32164 55104 18684 55104 18684 11461 16019  1 37 44 18  0  0
procs -----------memory---------- ---swap-- -----io---- -system-- -------cpu-------
 r  b   swpd   free   buff  cache   si   so    bi    bo   in   cs us sy id wa st gu
 2  0 1048572  91732   2428  36856 50364 29400 55240 29412 15003 15176  1 41 35 23  0  0
 1  0 1048572  80896   2428  36888 53468 26064 53468 26064 11602 16198  1 40 42 18  0  0
 2  0 1048572  65408   2244  66328 44380 41020 84969 41024 11269 13448  1 50 32 18  0  0
 3  0 1048572  69080   2628 121152 35780 46164 72775 46164 12880 11115  1 82  2 15  0  0
 1  0 1048572  73108   2596 121108 51108 25752 51389 25752 12739 15782  1 39 40 19  0  0
 1  0 1048572  80976   2568 121108 48280 35336 48280 35336 12201 15709  1 43 39 18  0  0
 1  0 1048572  69856   2560 118160 51892 27884 51892 27896 14193 16539  1 41 37 21  0  0
 0  1 1048572  82612   2560 110880 51352 32124 51352 32128 12610 15829  1 38 42 19  0  0
 1  0 1048572  75460   2560 105012 51412 27300 51412 27300 14056 15830  1 38 40 22  0  0
 2  0 1048572  81572   2324 101508 54040 24972 54188 24972 17890 16485  1 40 32 27  0  0
 1  0 1048572  66972   2324  99052 53716 19352 53716 19352 13624 16337  1 36 41 22  0  0
 1  0 1048572  66644   2324  96416 52656 25064 52656 25064 11979 15789  1 39 42 18  0  0
 0  1 1048572  66248   2344 111452 45788 48960 58976 48972 14381 14151  1 46 30 23  0  0
 1  0 1048572  68068   2344 109572 49352 33372 49352 33372 12092 15185  1 39 40 20  0  0
 6  0 1048584  87468   2340  84188 49156 29160 49156 29160 14710 14923  1 40 33 26  0  0
 0  1 1048572  75372   2320  79956 54576 19348 54576 19348 11482 15896  1 36 44 19  0  0
 1  0 1048572  70228   3000  75196 52964 23012 54296 23012 14249 15255  1 37 39 23  0  0
 1  0 1048572  70596   2972  69112 51636 32832 51636 32832 13780 14883  1 39 38 22  0  0
 2  0 1048608  85896   2860  35992 56536 23900 56536 23920 12490 15441  2 38 41 20  0  0
 1  0 1048572  68552   2860  35996 57548 22720 57552 22720 11391 15889  1 37 42 21  0  0
 1  0 1048572  77292   2680  35264 54532 30740 54952 30740 13744 14835  1 41 38 20  0  0
procs -----------memory---------- ---swap-- -----io---- -system-- -------cpu-------
 r  b   swpd   free   buff  cache   si   so    bi    bo   in   cs us sy id wa st gu
 1  0 1048572  78668   2548  35360 56816 25188 57336 25188 12062 15859  1 40 42 18  0  0
 1  0 1048572  66068   2448  39844 54536 24872 59184 24872 11850 15668  1 39 41 19  0  0
 1  1 1048576  91484   2128  37880 51684 42664 51684 42668 12821 15229  1 45 35 20  0  0
 1  0 1048572  71828   2136  37888 57420 26000 57424 26012 11690 16183  1 39 39 21  0  0
 0  1 1048572  75524   2288  37568 53772 38136 53924 38144 12462 15299  1 42 37 20  0  0
 1  0 1048572  64376   2288  37520 58048 21224 58052 21224 12369 16265  1 37 44 18  0  0
 2  0 1048572  75560   2288  37356 52536 35476 52536 35476 15254 14851  1 44 33 23  0  0
 0  2 1048572  77972   2276  36932 54028 39092 54028 39096 15286 15006  1 43 33 23  0  0
 0  1 1048572  82828   2396  54388 48300 30588 61820 30632 14376 13540  1 40 34 24  0  0
 2  0 1048572  69692   2420  57732 38800 10864 42564 10864 10579 11198  2 26 39 33  0  0
 1  0 1048572  75904   2400  75036 39080 20340 56756 20340 12947 11563  1 30 38 31  0  0
